command: echo smoke -> accepted (Return release=188 frames)
history: count=1 recalls=0 -> 1 scan=83
command: xinit -> accepted (Return release=201 frames)
command: xclock & -> accepted (Return release=208 frames)
command: xwave -> accepted (Return release=229 frames)
page profile 0 stage=1 calls=20 unique=20 cycles=254506
page profile 0 stage=2 calls=20 unique=17 cycles=256651
clock profile 0: paints=1
cache move 0: x=3 y=1 release=59 paste=122 pixels=OK
page profile 1 stage=1 calls=20 unique=20 cycles=254454
page profile 1 stage=2 calls=23 unique=17 cycles=289601
clock profile 1: paints=1
cache move 1: x=40 y=24 release=62 paste=116 pixels=OK
page profile 2 stage=1 calls=21 unique=21 cycles=268005
page profile 2 stage=2 calls=22 unique=18 cycles=279626
clock profile 2: paints=1
cache move 2: x=77 y=47 release=63 paste=127 pixels=OK
page profile 3 stage=1 calls=22 unique=22 cycles=279727
page profile 3 stage=2 calls=25 unique=18 cycles=319662
clock profile 3: paints=1
cache move 3: x=114 y=70 release=64 paste=124 pixels=OK
page profile 4 stage=1 calls=22 unique=22 cycles=277686
page profile 4 stage=2 calls=21 unique=18 cycles=262570
clock profile 4: paints=1
cache move 4: x=151 y=93 release=62 paste=131 pixels=OK
page profile 5 stage=1 calls=30 unique=30 cycles=379503
page profile 5 stage=2 calls=25 unique=18 cycles=314782
clock profile 5: paints=1
cache move 5: x=35 y=19 release=80 paste=125 pixels=OK
page profile 6 stage=1 calls=22 unique=22 cycles=280204
page profile 6 stage=2 calls=22 unique=18 cycles=279336
clock profile 6: paints=1
cache move 6: x=72 y=42 release=62 paste=118 pixels=OK
page profile 7 stage=1 calls=22 unique=22 cycles=279701
page profile 7 stage=2 calls=25 unique=18 cycles=317625
clock profile 7: paints=1
cache move 7: x=109 y=65 release=64 paste=131 pixels=OK
page profile 8 stage=1 calls=20 unique=20 cycles=255025
page profile 8 stage=2 calls=42 unique=21 cycles=534573
clock profile 8: paints=2
cache move 8: x=146 y=88 release=62 paste=214 pixels=OK
page profile 9 stage=1 calls=29 unique=29 cycles=369912
page profile 9 stage=2 calls=25 unique=18 cycles=313914
clock profile 9: paints=1
cache move 9: x=30 y=14 release=80 paste=128 pixels=OK
page profile 10 stage=1 calls=22 unique=22 cycles=281093
page profile 10 stage=2 calls=21 unique=18 cycles=268727
clock profile 10: paints=1
cache move 10: x=67 y=37 release=65 paste=124 pixels=OK
page profile 11 stage=1 calls=22 unique=22 cycles=280210
page profile 11 stage=2 calls=24 unique=18 cycles=301025
clock profile 11: paints=1
cache move 11: x=104 y=60 release=64 paste=119 pixels=OK
page profile 12 stage=1 calls=21 unique=21 cycles=267172
page profile 12 stage=2 calls=20 unique=17 cycles=251513
clock profile 12: paints=1
cache move 12: x=141 y=83 release=64 paste=126 pixels=OK
page profile 13 stage=1 calls=29 unique=29 cycles=369886
page profile 13 stage=2 calls=25 unique=18 cycles=321931
clock profile 13: paints=1
cache move 13: x=25 y=9 release=81 paste=120 pixels=OK
page profile 14 stage=1 calls=20 unique=20 cycles=254955
page profile 14 stage=2 calls=22 unique=16 cycles=278580
clock profile 14: paints=1
cache move 14: x=62 y=32 release=62 paste=128 pixels=OK
page profile 15 stage=1 calls=20 unique=20 cycles=254957
page profile 15 stage=2 calls=24 unique=18 cycles=303503
clock profile 15: paints=1
cache move 15: x=99 y=55 release=63 paste=127 pixels=OK
cancel profile: frames=156
command: echo console alive -> accepted (Return release=190 frames)
command: xwave & -> accepted (Return release=331 frames)
command: date 121000 -> accepted (Return release=165 frames)
clock repair 0: x=109 y=40 frames=119 pages=0 callbacks=1 pixels=OK
command: date 121100 -> accepted (Return release=166 frames)
clock repair 1: x=109 y=65 frames=126 pages=2 callbacks=1 pixels=OK
command: date 121200 -> accepted (Return release=167 frames)
clock repair 2: x=144 y=88 frames=193 pages=23 callbacks=1 pixels=OK
profiler entry redispatches: 1
shutdown profile: raster=160 target=200
command: xinit -q -> accepted (Return release=206 frames)
command: xinit -> accepted (Return release=202 frames)
command: xwave & -> accepted (Return release=250 frames)
command: echo graphics restarted -> accepted (Return release=192 frames)
cache latency: release=81 paste=214 PAL frames; NMI drains=6314
PASS: live cached moves, full pixels, fallback, cancellation and restart
