Modules list:
-------------
native_graphics_entry.o:
    STARTUP           Offs=000000  Size=000003  Align=00001  Fill=0000
xdraw.o:
    CODE              Offs=000000  Size=000408  Align=00001  Fill=0000
    RODATA            Offs=000000  Size=000006  Align=00001  Fill=0000
    BSS               Offs=000000  Size=000162  Align=00001  Fill=0000
graphics_request.o:
    CODE              Offs=000408  Size=000042  Align=00001  Fill=0000
    RODATA            Offs=000006  Size=000006  Align=00001  Fill=0000
/usr/share/cc65/lib/none.lib(addysp.o):
    CODE              Offs=00044A  Size=00000E  Align=00001  Fill=0000
/usr/share/cc65/lib/none.lib(aslax3.o):
    CODE              Offs=000458  Size=00000E  Align=00001  Fill=0000
/usr/share/cc65/lib/none.lib(aslax4.o):
    CODE              Offs=000466  Size=000011  Align=00001  Fill=0000
/usr/share/cc65/lib/none.lib(decax1.o):
    CODE              Offs=000477  Size=000007  Align=00001  Fill=0000
/usr/share/cc65/lib/none.lib(decax2.o):
    CODE              Offs=00047E  Size=000007  Align=00001  Fill=0000
/usr/share/cc65/lib/none.lib(decaxy.o):
    CODE              Offs=000485  Size=000009  Align=00001  Fill=0000
/usr/share/cc65/lib/none.lib(decsp1.o):
    CODE              Offs=00048E  Size=000009  Align=00001  Fill=0000
/usr/share/cc65/lib/none.lib(decsp3.o):
    CODE              Offs=000497  Size=00000D  Align=00001  Fill=0000
/usr/share/cc65/lib/none.lib(incax7.o):
    CODE              Offs=0004A4  Size=000005  Align=00001  Fill=0000
/usr/share/cc65/lib/none.lib(incaxy.o):
    CODE              Offs=0004A9  Size=00000B  Align=00001  Fill=0000
/usr/share/cc65/lib/none.lib(incsp1.o):
    CODE              Offs=0004B4  Size=000007  Align=00001  Fill=0000
/usr/share/cc65/lib/none.lib(incsp2.o):
    CODE              Offs=0004BB  Size=000016  Align=00001  Fill=0000
/usr/share/cc65/lib/none.lib(incsp3.o):
    CODE              Offs=0004D1  Size=000005  Align=00001  Fill=0000
/usr/share/cc65/lib/none.lib(incsp5.o):
    CODE              Offs=0004D6  Size=000005  Align=00001  Fill=0000
/usr/share/cc65/lib/none.lib(mulax6.o):
    CODE              Offs=0004DB  Size=000016  Align=00001  Fill=0000
/usr/share/cc65/lib/none.lib(popptr1.o):
    CODE              Offs=0004F1  Size=00000E  Align=00001  Fill=0000
/usr/share/cc65/lib/none.lib(pusha.o):
    CODE              Offs=0004FF  Size=000016  Align=00001  Fill=0000
/usr/share/cc65/lib/none.lib(pushax.o):
    CODE              Offs=000515  Size=00001A  Align=00001  Fill=0000
/usr/share/cc65/lib/none.lib(shrax4.o):
    CODE              Offs=00052F  Size=000011  Align=00001  Fill=0000
/usr/share/cc65/lib/none.lib(staspidx.o):
    CODE              Offs=000540  Size=000016  Align=00001  Fill=0000
/usr/share/cc65/lib/none.lib(udiv.o):
    CODE              Offs=000556  Size=00004F  Align=00001  Fill=0000
/usr/share/cc65/lib/none.lib(umod.o):
    CODE              Offs=0005A5  Size=000011  Align=00001  Fill=0000
/usr/share/cc65/lib/none.lib(zeropage.o):
    ZEROPAGE          Offs=000000  Size=00001A  Align=00001  Fill=0000


Segment list:
-------------
Name                   Start     End    Size  Align
----------------------------------------------------
ZEROPAGE              000002  00001B  00001A  00001
STARTUP               003500  003502  000003  00001
CODE                  003503  003AB8  0005B6  00001
RODATA                003AB9  003AC4  00000C  00001
BSS                   003AC5  003C26  000162  00001


Exports list by name:
---------------------
_gfx_request              00390B RLA    _gfx_sleep                003917 RLA    
_udeks_graphical_main     003796 RLA    _udeks_program_entry      003500 RLA    
_udeks_xdraw_cells        003AC5 RLA    addysp                    00394E RLA    
aslax3                    00395B RLA    decax1                    00397A RLA    
decax2                    003981 RLA    decaxy                    003988 RLA    
decsp1                    003991 RLA    decsp3                    00399A RLA    
incax7                    0039A7 RLA    incaxy                    0039AE RLA    
incsp1                    0039B7 RLA    incsp2                    0039C6 RLA    
incsp3                    0039D4 RLA    incsp5                    0039D9 RLA    
mulax6                    0039DE RLA    popptr1                   0039F4 RLA    
ptr1                      00000A RLZ    ptr4                      000010 RLZ    
pusha                     003A06 RLA    pusha0                    003A1A RLA    
pushax                    003A1C RLA    shlax4                    003969 RLA    
shrax4                    003A32 RLA    sp                        000002 RLZ    
sreg                      000004 RLZ    staspidx                  003A43 RLA    
tmp1                      000012 RLZ    tosudiva0                 003A59 RLA    
tosumoda0                 003AA8 RLA    udiv16                    003A6A RLA    



Exports list by value:
----------------------
sp                        000002 RLZ    sreg                      000004 RLZ    
ptr1                      00000A RLZ    ptr4                      000010 RLZ    
tmp1                      000012 RLZ    _udeks_program_entry      003500 RLA    
_udeks_graphical_main     003796 RLA    _gfx_request              00390B RLA    
_gfx_sleep                003917 RLA    addysp                    00394E RLA    
aslax3                    00395B RLA    shlax4                    003969 RLA    
decax1                    00397A RLA    decax2                    003981 RLA    
decaxy                    003988 RLA    decsp1                    003991 RLA    
decsp3                    00399A RLA    incax7                    0039A7 RLA    
incaxy                    0039AE RLA    incsp1                    0039B7 RLA    
incsp2                    0039C6 RLA    incsp3                    0039D4 RLA    
incsp5                    0039D9 RLA    mulax6                    0039DE RLA    
popptr1                   0039F4 RLA    pusha                     003A06 RLA    
pusha0                    003A1A RLA    pushax                    003A1C RLA    
shrax4                    003A32 RLA    staspidx                  003A43 RLA    
tosudiva0                 003A59 RLA    udiv16                    003A6A RLA    
tosumoda0                 003AA8 RLA    _udeks_xdraw_cells        003AC5 RLA    



Imports list:
-------------
_gfx_request (graphics_request.o):
    xdraw.o                   build/user/xdraw.s(13)
_gfx_sleep (graphics_request.o):
    xdraw.o                   build/user/xdraw.s(14)
_udeks_graphical_main (xdraw.o):
    native_graphics_entry.o   user/lib/native_graphics_entry.s(3)
_udeks_program_entry (native_graphics_entry.o):
    [linker generated]       
_udeks_xdraw_cells (xdraw.o):
    [linker generated]       
addysp (addysp.o):
    incsp5.o                  runtime/incsp5.s(8)
    incsp3.o                  runtime/incsp3.s(8)
aslax3 (aslax3.o):
    xdraw.o                   build/user/xdraw.s(580)
    xdraw.o                   build/user/xdraw.s(580)
decax1 (decax1.o):
    xdraw.o                   build/user/xdraw.s(580)
decax2 (decax2.o):
    xdraw.o                   build/user/xdraw.s(580)
decaxy (decaxy.o):
    xdraw.o                   build/user/xdraw.s(580)
decsp1 (decsp1.o):
    xdraw.o                   build/user/xdraw.s(580)
    xdraw.o                   build/user/xdraw.s(580)
decsp3 (decsp3.o):
    xdraw.o                   build/user/xdraw.s(580)
incax7 (incax7.o):
    xdraw.o                   build/user/xdraw.s(580)
incaxy (incaxy.o):
    incax7.o                  runtime/incax7.s(8)
    xdraw.o                   build/user/xdraw.s(580)
incsp1 (incsp1.o):
    xdraw.o                   build/user/xdraw.s(580)
    xdraw.o                   build/user/xdraw.s(580)
incsp2 (incsp2.o):
    popptr1.o                 runtime/popptr1.s(8)
    staspidx.o                runtime/staspidx.s(8)
incsp3 (incsp3.o):
    xdraw.o                   build/user/xdraw.s(580)
incsp5 (incsp5.o):
    xdraw.o                   build/user/xdraw.s(580)
mulax6 (mulax6.o):
    xdraw.o                   build/user/xdraw.s(580)
popptr1 (popptr1.o):
    umod.o                    runtime/umod.s(8)
    udiv.o                    runtime/udiv.s(9)
ptr1 (zeropage.o):
    popptr1.o                 runtime/popptr1.s(9)
    udiv.o                    runtime/udiv.s(10)
    staspidx.o                runtime/staspidx.s(9)
    mulax6.o                  runtime/mulax6.s(9)
    xdraw.o                   build/user/xdraw.s(11)
ptr4 (zeropage.o):
    umod.o                    runtime/umod.s(9)
    udiv.o                    runtime/udiv.s(10)
pusha (pusha.o):
    xdraw.o                   build/user/xdraw.s(580)
    xdraw.o                   build/user/xdraw.s(580)
pusha0 (pushax.o):
    xdraw.o                   build/user/xdraw.s(580)
pushax (pushax.o):
    xdraw.o                   build/user/xdraw.s(580)
shlax4 (aslax4.o):
    xdraw.o                   build/user/xdraw.s(580)
shrax4 (shrax4.o):
    xdraw.o                   build/user/xdraw.s(580)
sp (zeropage.o):
    popptr1.o                 runtime/popptr1.s(9)
    incsp2.o                  runtime/incsp2.s(8)
    addysp.o                  runtime/addysp.s(8)
    staspidx.o                runtime/staspidx.s(9)
    pushax.o                  runtime/pushax.s(8)
    pusha.o                   runtime/pusha.s(8)
    incsp1.o                  runtime/incsp1.s(8)
    decsp3.o                  runtime/decsp3.s(8)
    decsp1.o                  runtime/decsp1.s(8)
    xdraw.o                   build/user/xdraw.s(10)
sreg (zeropage.o):
    umod.o                    runtime/umod.s(9)
    udiv.o                    runtime/udiv.s(10)
staspidx (staspidx.o):
    xdraw.o                   build/user/xdraw.s(580)
tmp1 (zeropage.o):
    staspidx.o                runtime/staspidx.s(9)
    shrax4.o                  runtime/shrax4.s(8)
    incaxy.o                  runtime/incaxy.s(8)
    decaxy.o                  runtime/decaxy.s(8)
    aslax4.o                  runtime/aslax4.s(8)
    aslax3.o                  runtime/aslax3.s(8)
tosudiva0 (udiv.o):
    xdraw.o                   build/user/xdraw.s(580)
tosumoda0 (umod.o):
    xdraw.o                   build/user/xdraw.s(580)
udiv16 (udiv.o):
    umod.o                    runtime/umod.s(8)

