PC=FF74 drive=EAB7 jam=0 speed=1 CIA2=07/3F bus=110 via=02/1A request=00/00/00 exit=0
PC=E3BA drive=D5C5 jam=0 speed=0 CIA2=0F/3F bus=010 via=00/1A request=00/00/00 exit=0
PC=E4B1 drive=E9C3 jam=0 speed=0 CIA2=47/3F bus=101 via=0D/1A request=00/00/00 exit=0
PC=E3B1 drive=F4D4 jam=0 speed=0 CIA2=0F/3F bus=010 via=00/1A request=00/00/00 exit=0
PC=E49D drive=FEF6 jam=0 speed=0 CIA2=47/3F bus=110 via=07/1A request=00/00/00 exit=0
PC=E4A8 drive=E9BA jam=0 speed=0 CIA2=47/3F bus=100 via=0E/1A request=00/00/00 exit=0
PC=E450 drive=E928 jam=0 speed=0 CIA2=67/3F bus=110 via=05/1A request=00/00/00 exit=0
PC=B920 drive=EC2B jam=0 speed=0 CIA2=07/3F bus=111 via=00/1A request=01/06/00 exit=0
command: xclock & -> accepted (Return release=1381 frames)
command: xwave & -> accepted (Return release=1310 frames)
resize progress: 100 frames, projected 245 bytes, done 0, drag 0, focused 2
resize progress: 200 frames, projected 490 bytes, done 0, drag 0, focused 2
resize progress: 300 frames, projected 744 bytes, done 0, drag 0, focused 2
resize progress: 400 frames, projected 981 bytes, done 0, drag 0, focused 2
resize progress: 500 frames, projected 1128 bytes, done 1, drag 0, focused 2
resize progress: 600 frames, projected 1128 bytes, done 1, drag 0, focused 2
resize progress: 700 frames, projected 1128 bytes, done 1, drag 0, focused 2
resize published without further input after 755 PAL frames
command: xcalc & -> accepted (Return release=2267 frames)
calculator 1.25+2.75= => 400 (expected 400)
command: xdraw & -> accepted (Return release=102 frames)
resize progress: 100 frames, projected 9 bytes, done 0, drag 0, focused 2
resize progress: 200 frames, projected 9 bytes, done 0, drag 0, focused 2
resize progress: 300 frames, projected 115 bytes, done 0, drag 0, focused 2
resize progress: 400 frames, projected 253 bytes, done 0, drag 0, focused 2
resize progress: 500 frames, projected 384 bytes, done 0, drag 0, focused 2
resize progress: 600 frames, projected 523 bytes, done 0, drag 0, focused 2
resize progress: 700 frames, projected 662 bytes, done 0, drag 0, focused 2
resize progress: 800 frames, projected 793 bytes, done 0, drag 0, focused 2
resize progress: 900 frames, projected 932 bytes, done 0, drag 0, focused 2
resize progress: 1000 frames, projected 1071 bytes, done 0, drag 0, focused 2
resize progress: 1100 frames, projected 1128 bytes, done 1, drag 0, focused 2
resize progress: 1200 frames, projected 1128 bytes, done 1, drag 0, focused 2
resize progress: 1300 frames, projected 1128 bytes, done 1, drag 0, focused 2
resize published without further input after 1399 PAL frames
command: cowsay four native -> accepted (Return release=103 frames)
command: xclock & -> accepted (Return release=102 frames)
command: xclock -q -> accepted (Return release=104 frames)
command: xclock & -> accepted (Return release=103 frames)
command: xwave -q -> accepted (Return release=283 frames)
command: xwave & -> accepted (Return release=103 frames)
command: xcalc -q -> accepted (Return release=105 frames)
command: xcalc & -> accepted (Return release=1644 frames)
command: xdraw -q -> accepted (Return release=124 frames)
command: xdraw & -> accepted (Return release=103 frames)
command: xdraw -q -> accepted (Return release=103 frames)
command: xdraw -> accepted (Return release=103 frames)
command: xdraw & -> accepted (Return release=103 frames)
command: xinit -q -> accepted (Return release=537 frames)
command: echo input survived -> accepted (Return release=149 frames)
PASS four native: mouse drag/resize, held outline, worker reuse, arithmetic, drawing, console, capacity, reload, Ctrl+C, guards, canvas
