command: echo smoke -> accepted (Return release=188 frames)
history: count=1 recalls=0 -> 1 scan=83
command: xinit -> accepted (Return release=201 frames)
command: xclock & -> accepted (Return release=208 frames)
command: xwave -> accepted (Return release=229 frames)
page profile 0 stage=1 calls=20 unique=20 cycles=254983
page profile 0 stage=2 calls=20 unique=17 cycles=258892
clock profile 0: paints=1
cache move 0: x=3 y=1 release=60 paste=124 pixels=OK
page profile 1 stage=1 calls=20 unique=20 cycles=254447
page profile 1 stage=2 calls=23 unique=17 cycles=289950
clock profile 1: paints=1
cache move 1: x=40 y=24 release=62 paste=117 pixels=OK
page profile 2 stage=1 calls=21 unique=21 cycles=267745
page profile 2 stage=2 calls=22 unique=18 cycles=275484
clock profile 2: paints=1
cache move 2: x=77 y=47 release=63 paste=125 pixels=OK
page profile 3 stage=1 calls=22 unique=22 cycles=280059
page profile 3 stage=2 calls=25 unique=18 cycles=320809
clock profile 3: paints=1
cache move 3: x=114 y=70 release=65 paste=125 pixels=OK
page profile 4 stage=1 calls=22 unique=22 cycles=277648
page profile 4 stage=2 calls=21 unique=18 cycles=259145
clock profile 4: paints=1
cache move 4: x=151 y=93 release=62 paste=130 pixels=OK
page profile 5 stage=1 calls=30 unique=30 cycles=380400
page profile 5 stage=2 calls=25 unique=18 cycles=317527
clock profile 5: paints=1
cache move 5: x=35 y=19 release=81 paste=130 pixels=OK
page profile 6 stage=1 calls=22 unique=22 cycles=280769
page profile 6 stage=2 calls=22 unique=18 cycles=279053
clock profile 6: paints=1
cache move 6: x=72 y=42 release=64 paste=117 pixels=OK
page profile 7 stage=1 calls=22 unique=22 cycles=280795
page profile 7 stage=2 calls=25 unique=18 cycles=316534
clock profile 7: paints=1
cache move 7: x=109 y=65 release=64 paste=130 pixels=OK
page profile 8 stage=1 calls=20 unique=20 cycles=255333
page profile 8 stage=2 calls=42 unique=21 cycles=532711
clock profile 8: paints=2
cache move 8: x=146 y=88 release=63 paste=215 pixels=OK
page profile 9 stage=1 calls=29 unique=29 cycles=369912
page profile 9 stage=2 calls=25 unique=18 cycles=313536
clock profile 9: paints=1
cache move 9: x=30 y=14 release=81 paste=132 pixels=OK
page profile 10 stage=1 calls=22 unique=22 cycles=280230
page profile 10 stage=2 calls=21 unique=18 cycles=267988
clock profile 10: paints=1
cache move 10: x=67 y=37 release=64 paste=123 pixels=OK
page profile 11 stage=1 calls=22 unique=22 cycles=280248
page profile 11 stage=2 calls=24 unique=18 cycles=302399
clock profile 11: paints=1
cache move 11: x=104 y=60 release=63 paste=117 pixels=OK
page profile 12 stage=1 calls=21 unique=21 cycles=267204
page profile 12 stage=2 calls=20 unique=17 cycles=249081
clock profile 12: paints=1
cache move 12: x=141 y=83 release=64 paste=121 pixels=OK
page profile 13 stage=1 calls=29 unique=29 cycles=369472
page profile 13 stage=2 calls=25 unique=18 cycles=321806
clock profile 13: paints=1
cache move 13: x=25 y=9 release=81 paste=121 pixels=OK
page profile 14 stage=1 calls=20 unique=20 cycles=254631
page profile 14 stage=2 calls=22 unique=16 cycles=277387
clock profile 14: paints=1
cache move 14: x=62 y=32 release=62 paste=128 pixels=OK
page profile 15 stage=1 calls=20 unique=20 cycles=255001
page profile 15 stage=2 calls=24 unique=18 cycles=305576
clock profile 15: paints=1
cache move 15: x=99 y=55 release=64 paste=128 pixels=OK
cancel profile: frames=155
command: echo console alive -> accepted (Return release=190 frames)
command: xwave & -> accepted (Return release=332 frames)
command: date 121000 -> accepted (Return release=165 frames)
clock repair 0: x=109 y=40 frames=119 pages=0 callbacks=1 pixels=OK
command: date 121100 -> accepted (Return release=166 frames)
clock repair 1: x=109 y=65 frames=127 pages=2 callbacks=1 pixels=OK
command: date 121200 -> accepted (Return release=256 frames)
clock repair 2: x=144 y=88 frames=194 pages=23 callbacks=1 pixels=OK
profiler entry redispatches: 0
shutdown profile: raster=0 target=226
command: xinit -q -> accepted (Return release=204 frames)
command: xinit -> accepted (Return release=202 frames)
command: xwave & -> accepted (Return release=196 frames)
command: echo graphics restarted -> accepted (Return release=192 frames)
cache latency: release=81 paste=215 PAL frames; NMI drains=6328
PASS: live cached moves, full pixels, fallback, cancellation and restart
