ca65 V2.18 - Fedora 2.19-15.fc44
Main file   : /var/home/salvogendut/Dev/UDEKS/build/window-manager-budget/flow.s
Current file: /var/home/salvogendut/Dev/UDEKS/build/window-manager-budget/flow.s

000000r 1               ;
000000r 1               ; File generated by cc65 v 2.18 - Fedora 2.19-15.fc44
000000r 1               ;
000000r 1               	.fopt		compiler,"cc65 v 2.18 - Fedora 2.19-15.fc44"
000000r 1               	.setcpu		"6502"
000000r 1               	.smart		on
000000r 1               	.autoimport	on
000000r 1               	.case		on
000000r 1               	.debuginfo	off
000000r 1               	.importzp	sp, sreg, regsave, regbank
000000r 1               	.importzp	tmp1, tmp2, tmp3, tmp4, ptr1, ptr2, ptr3, ptr4
000000r 1               	.macpack	longbranch
000000r 2               .macro  jeq     Target
000000r 2                       .if     .match(Target, 0)
000000r 2                       bne     *+5
000000r 2                       jmp     Target
000000r 2                       .elseif .def(Target) .and .const((*-2)-(Target)) .and ((*+2)-(Target) <= 127)
000000r 2                               beq     Target
000000r 2                       .else
000000r 2                               bne     *+5
000000r 2                               jmp     Target
000000r 2                       .endif
000000r 2               .endmacro
000000r 2               .macro  jne     Target
000000r 2                       .if     .match(Target, 0)
000000r 2                               beq     *+5
000000r 2                               jmp     Target
000000r 2                       .elseif .def(Target) .and .const((*-2)-(Target)) .and ((*+2)-(Target) <= 127)
000000r 2                               bne     Target
000000r 2                       .else
000000r 2                               beq     *+5
000000r 2                               jmp     Target
000000r 2                       .endif
000000r 2               .endmacro
000000r 2               .macro  jmi     Target
000000r 2                       .if     .match(Target, 0)
000000r 2                               bpl     *+5
000000r 2                               jmp     Target
000000r 2                       .elseif .def(Target) .and .const((*-2)-(Target)) .and ((*+2)-(Target) <= 127)
000000r 2                               bmi     Target
000000r 2                       .else
000000r 2                               bpl     *+5
000000r 2                               jmp     Target
000000r 2                       .endif
000000r 2               .endmacro
000000r 2               .macro  jpl     Target
000000r 2                       .if     .match(Target, 0)
000000r 2                               bmi     *+5
000000r 2                               jmp     Target
000000r 2                       .elseif .def(Target) .and .const((*-2)-(Target)) .and ((*+2)-(Target) <= 127)
000000r 2                               bpl     Target
000000r 2                       .else
000000r 2                               bmi     *+5
000000r 2                               jmp     Target
000000r 2                       .endif
000000r 2               .endmacro
000000r 2               .macro  jcs     Target
000000r 2                       .if     .match(Target, 0)
000000r 2                               bcc     *+5
000000r 2                               jmp     Target
000000r 2                       .elseif .def(Target) .and .const((*-2)-(Target)) .and ((*+2)-(Target) <= 127)
000000r 2                               bcs     Target
000000r 2                       .else
000000r 2                               bcc     *+5
000000r 2                               jmp     Target
000000r 2                       .endif
000000r 2               .endmacro
000000r 2               .macro  jcc     Target
000000r 2                       .if     .match(Target, 0)
000000r 2                               bcs     *+5
000000r 2                               jmp     Target
000000r 2                       .elseif .def(Target) .and .const((*-2)-(Target)) .and ((*+2)-(Target) <= 127)
000000r 2                               bcc     Target
000000r 2                       .else
000000r 2                               bcs     *+5
000000r 2                               jmp     Target
000000r 2                       .endif
000000r 2               .endmacro
000000r 2               .macro  jvs     Target
000000r 2                       .if     .match(Target, 0)
000000r 2                               bvc     *+5
000000r 2                               jmp     Target
000000r 2                       .elseif .def(Target) .and .const((*-2)-(Target)) .and ((*+2)-(Target) <= 127)
000000r 2                               bvs     Target
000000r 2                       .else
000000r 2                               bvc     *+5
000000r 2                               jmp     Target
000000r 2                       .endif
000000r 2               .endmacro
000000r 2               .macro  jvc     Target
000000r 2                       .if     .match(Target, 0)
000000r 2                               bvs     *+5
000000r 2                               jmp     Target
000000r 2                       .elseif .def(Target) .and .const((*-2)-(Target)) .and ((*+2)-(Target) <= 127)
000000r 2                               bvc     Target
000000r 2                       .else
000000r 2                               bvs     *+5
000000r 2                               jmp     Target
000000r 2                       .endif
000000r 2               .endmacro
000000r 2               
000000r 1               	.export		_udeks_cache_flow_init
000000r 1               	.export		_udeks_cache_flow_invalidate
000000r 1               	.export		_udeks_cache_flow_capture
000000r 1               	.export		_udeks_cache_flow_paste
000000r 1               	.export		_udeks_cache_flow_step
000000r 1               	.import		_private_cache_policy_call
000000r 1               
000000r 1               ; ---------------------------------------------------------------
000000r 1               ; unsigned char __near__ udeks_cache_flow_init (__near__ struct udeks_cache_flow *)
000000r 1               ; ---------------------------------------------------------------
000000r 1               
000000r 1               .segment	"CODE"
000000r 1               
000000r 1               .proc	_udeks_cache_flow_init: near
000000r 1               
000000r 1               .segment	"CODE"
000000r 1               
000000r 1  20 rr rr     	jsr     pushax
000003r 1  A0 01        	ldy     #$01
000005r 1  B1 rr        	lda     (sp),y
000007r 1  85 rr        	sta     ptr1+1
000009r 1  88           	dey
00000Ar 1  B1 rr        	lda     (sp),y
00000Cr 1  85 rr        	sta     ptr1
00000Er 1  A9 01        	lda     #$01
000010r 1  91 rr        	sta     (ptr1),y
000012r 1  C8           	iny
000013r 1  A9 00        	lda     #$00
000015r 1  91 rr        	sta     (ptr1),y
000017r 1  B1 rr        	lda     (sp),y
000019r 1  85 rr        	sta     ptr1+1
00001Br 1  88           	dey
00001Cr 1  B1 rr        	lda     (sp),y
00001Er 1  85 rr        	sta     ptr1
000020r 1  98           	tya
000021r 1  A0 02        	ldy     #$02
000023r 1  91 rr        	sta     (ptr1),y
000025r 1  88           	dey
000026r 1  B1 rr        	lda     (sp),y
000028r 1  85 rr        	sta     ptr1+1
00002Ar 1  88           	dey
00002Br 1  B1 rr        	lda     (sp),y
00002Dr 1  85 rr        	sta     ptr1
00002Fr 1  98           	tya
000030r 1  A0 03        	ldy     #$03
000032r 1  91 rr        	sta     (ptr1),y
000034r 1  20 rr rr     	jsr     pushw0sp
000037r 1  A9 00        	lda     #$00
000039r 1  20 rr rr     	jsr     _command
00003Cr 1  C9 80        	cmp     #$80
00003Er 1  D0 06        	bne     L0023
000040r 1  A2 00        	ldx     #$00
000042r 1  8A           	txa
000043r 1  4C rr rr     	jmp     incsp2
000046r 1  A9 01        L0023:	lda     #$01
000048r 1  A2 00        	ldx     #$00
00004Ar 1  4C rr rr     	jmp     incsp2
00004Dr 1               
00004Dr 1               .endproc
00004Dr 1               
00004Dr 1               ; ---------------------------------------------------------------
00004Dr 1               ; void __near__ udeks_cache_flow_invalidate (__near__ struct udeks_cache_flow *)
00004Dr 1               ; ---------------------------------------------------------------
00004Dr 1               
00004Dr 1               .segment	"CODE"
00004Dr 1               
00004Dr 1               .proc	_udeks_cache_flow_invalidate: near
00004Dr 1               
00004Dr 1               .segment	"CODE"
00004Dr 1               
00004Dr 1  20 rr rr     	jsr     pushax
000050r 1  20 rr rr     	jsr     decsp2
000053r 1  A0 03        	ldy     #$03
000055r 1  B1 rr        	lda     (sp),y
000057r 1  85 rr        	sta     ptr1+1
000059r 1  88           	dey
00005Ar 1  B1 rr        	lda     (sp),y
00005Cr 1  85 rr        	sta     ptr1
00005Er 1  A9 00        	lda     #$00
000060r 1  91 rr        	sta     (ptr1),y
000062r 1  A0 05        	ldy     #$05
000064r 1  20 rr rr     	jsr     pushwysp
000067r 1  A9 01        	lda     #$01
000069r 1  20 rr rr     	jsr     _command
00006Cr 1  A0 03        	ldy     #$03
00006Er 1  B1 rr        	lda     (sp),y
000070r 1  85 rr        	sta     ptr1+1
000072r 1  88           	dey
000073r 1  B1 rr        	lda     (sp),y
000075r 1  85 rr        	sta     ptr1
000077r 1  88           	dey
000078r 1  B1 rr        	lda     (ptr1),y
00007Ar 1  AA           	tax
00007Br 1  88           	dey
00007Cr 1  B1 rr        	lda     (ptr1),y
00007Er 1  18           	clc
00007Fr 1  69 01        	adc     #$01
000081r 1  90 01        	bcc     L0094
000083r 1  E8           	inx
000084r 1  20 rr rr     L0094:	jsr     stax0sp
000087r 1  E0 00        	cpx     #$00
000089r 1  D0 0D        	bne     L0030
00008Br 1  C9 00        	cmp     #$00
00008Dr 1  D0 09        	bne     L0030
00008Fr 1  A8           	tay
000090r 1  A9 01        	lda     #$01
000092r 1  91 rr        	sta     (sp),y
000094r 1  8A           	txa
000095r 1  C8           	iny
000096r 1  91 rr        	sta     (sp),y
000098r 1  A0 03        L0030:	ldy     #$03
00009Ar 1  B1 rr        	lda     (sp),y
00009Cr 1  85 rr        	sta     ptr1+1
00009Er 1  88           	dey
00009Fr 1  B1 rr        	lda     (sp),y
0000A1r 1  85 rr        	sta     ptr1
0000A3r 1  88           	dey
0000A4r 1  B1 rr        	lda     (sp),y
0000A6r 1  AA           	tax
0000A7r 1  88           	dey
0000A8r 1  B1 rr        	lda     (sp),y
0000AAr 1  91 rr        	sta     (ptr1),y
0000ACr 1  C8           	iny
0000ADr 1  8A           	txa
0000AEr 1  91 rr        	sta     (ptr1),y
0000B0r 1  A0 03        	ldy     #$03
0000B2r 1  B1 rr        	lda     (sp),y
0000B4r 1  85 rr        	sta     ptr1+1
0000B6r 1  88           	dey
0000B7r 1  B1 rr        	lda     (sp),y
0000B9r 1  85 rr        	sta     ptr1
0000BBr 1  A9 00        	lda     #$00
0000BDr 1  C8           	iny
0000BEr 1  91 rr        	sta     (ptr1),y
0000C0r 1  4C rr rr     	jmp     incsp4
0000C3r 1               
0000C3r 1               .endproc
0000C3r 1               
0000C3r 1               ; ---------------------------------------------------------------
0000C3r 1               ; unsigned char __near__ udeks_cache_flow_capture (__near__ struct udeks_cache_flow *, unsigned char, __near__ const struct udeks_cache_geometry *, unsigned char)
0000C3r 1               ; ---------------------------------------------------------------
0000C3r 1               
0000C3r 1               .segment	"CODE"
0000C3r 1               
0000C3r 1               .proc	_udeks_cache_flow_capture: near
0000C3r 1               
0000C3r 1               .segment	"CODE"
0000C3r 1               
0000C3r 1  20 rr rr     	jsr     pusha
0000C6r 1  20 rr rr     	jsr     decsp2
0000C9r 1  A0 05        	ldy     #$05
0000CBr 1  B1 rr        	lda     (sp),y
0000CDr 1  F0 2D        	beq     L0095
0000CFr 1  C9 05        	cmp     #$05
0000D1r 1  B0 29        	bcs     L0095
0000D3r 1  A0 07        	ldy     #$07
0000D5r 1  B1 rr        	lda     (sp),y
0000D7r 1  85 rr        	sta     ptr1+1
0000D9r 1  88           	dey
0000DAr 1  B1 rr        	lda     (sp),y
0000DCr 1  85 rr        	sta     ptr1
0000DEr 1  A0 01        	ldy     #$01
0000E0r 1  B1 rr        	lda     (ptr1),y
0000E2r 1  AA           	tax
0000E3r 1  88           	dey
0000E4r 1  B1 rr        	lda     (ptr1),y
0000E6r 1  E0 00        	cpx     #$00
0000E8r 1  D0 04        	bne     L009C
0000EAr 1  C9 00        	cmp     #$00
0000ECr 1  F0 10        	beq     L009D
0000EEr 1  A0 02        L009C:	ldy     #$02
0000F0r 1  B1 rr        	lda     (sp),y
0000F2r 1  F0 08        	beq     L0095
0000F4r 1  C8           	iny
0000F5r 1  B1 rr        	lda     (sp),y
0000F7r 1  C8           	iny
0000F8r 1  11 rr        	ora     (sp),y
0000FAr 1  D0 07        	bne     L003A
0000FCr 1  A2 00        L0095:	ldx     #$00
0000FEr 1  A9 01        L009D:	lda     #$01
000100r 1  4C rr rr     	jmp     incsp8
000103r 1  A0 07        L003A:	ldy     #$07
000105r 1  B1 rr        	lda     (sp),y
000107r 1  85 rr        	sta     ptr1+1
000109r 1  88           	dey
00010Ar 1  B1 rr        	lda     (sp),y
00010Cr 1  85 rr        	sta     ptr1
00010Er 1  A0 03        	ldy     #$03
000110r 1  A2 00        	ldx     #$00
000112r 1  B1 rr        	lda     (ptr1),y
000114r 1  C9 01        	cmp     #$01
000116r 1  F0 13        	beq     L0098
000118r 1  A0 07        	ldy     #$07
00011Ar 1  B1 rr        	lda     (sp),y
00011Cr 1  85 rr        	sta     ptr1+1
00011Er 1  88           	dey
00011Fr 1  B1 rr        	lda     (sp),y
000121r 1  85 rr        	sta     ptr1
000123r 1  A0 03        	ldy     #$03
000125r 1  B1 rr        	lda     (ptr1),y
000127r 1  C9 03        	cmp     #$03
000129r 1  D0 05        	bne     L0040
00012Br 1  A9 02        L0098:	lda     #$02
00012Dr 1  4C rr rr     	jmp     incsp8
000130r 1  A0 07        L0040:	ldy     #$07
000132r 1  B1 rr        	lda     (sp),y
000134r 1  85 rr        	sta     ptr1+1
000136r 1  88           	dey
000137r 1  B1 rr        	lda     (sp),y
000139r 1  85 rr        	sta     ptr1
00013Br 1  A0 03        	ldy     #$03
00013Dr 1  B1 rr        	lda     (ptr1),y
00013Fr 1  F0 18        	beq     L0044
000141r 1  A0 07        	ldy     #$07
000143r 1  B1 rr        	lda     (sp),y
000145r 1  85 rr        	sta     ptr1+1
000147r 1  88           	dey
000148r 1  B1 rr        	lda     (sp),y
00014Ar 1  85 rr        	sta     ptr1
00014Cr 1  A0 03        	ldy     #$03
00014Er 1  B1 rr        	lda     (ptr1),y
000150r 1  C9 02        	cmp     #$02
000152r 1  F0 05        	beq     L0044
000154r 1  A9 01        	lda     #$01
000156r 1  4C rr rr     	jmp     incsp8
000159r 1  C8           L0044:	iny
00015Ar 1  B1 rr        	lda     (sp),y
00015Cr 1  AA           	tax
00015Dr 1  88           	dey
00015Er 1  B1 rr        	lda     (sp),y
000160r 1  20 rr rr     	jsr     _geometry_request
000163r 1  A0 02        	ldy     #$02
000165r 1  B1 rr        	lda     (sp),y
000167r 1  8D 95 F7     	sta     $F795
00016Ar 1  A0 07        	ldy     #$07
00016Cr 1  B1 rr        	lda     (sp),y
00016Er 1  85 rr        	sta     ptr1+1
000170r 1  88           	dey
000171r 1  B1 rr        	lda     (sp),y
000173r 1  85 rr        	sta     ptr1
000175r 1  A0 02        	ldy     #$02
000177r 1  B1 rr        	lda     (ptr1),y
000179r 1  A0 00        	ldy     #$00
00017Br 1  91 rr        	sta     (sp),y
00017Dr 1  A0 07        	ldy     #$07
00017Fr 1  B1 rr        	lda     (sp),y
000181r 1  85 rr        	sta     ptr1+1
000183r 1  88           	dey
000184r 1  B1 rr        	lda     (sp),y
000186r 1  85 rr        	sta     ptr1
000188r 1  88           	dey
000189r 1  B1 rr        	lda     (sp),y
00018Br 1  A0 02        	ldy     #$02
00018Dr 1  91 rr        	sta     (ptr1),y
00018Fr 1  A0 09        	ldy     #$09
000191r 1  20 rr rr     	jsr     pushwysp
000194r 1  A9 02        	lda     #$02
000196r 1  20 rr rr     	jsr     _command
000199r 1  A0 01        	ldy     #$01
00019Br 1  91 rr        	sta     (sp),y
00019Dr 1  C9 81        	cmp     #$81
00019Fr 1  F0 1A        	beq     L0056
0001A1r 1  A0 07        	ldy     #$07
0001A3r 1  B1 rr        	lda     (sp),y
0001A5r 1  85 rr        	sta     ptr1+1
0001A7r 1  88           	dey
0001A8r 1  B1 rr        	lda     (sp),y
0001AAr 1  85 rr        	sta     ptr1
0001ACr 1  A0 00        	ldy     #$00
0001AEr 1  B1 rr        	lda     (sp),y
0001B0r 1  A0 02        	ldy     #$02
0001B2r 1  91 rr        	sta     (ptr1),y
0001B4r 1  A2 00        	ldx     #$00
0001B6r 1  A9 01        	lda     #$01
0001B8r 1  4C rr rr     	jmp     incsp8
0001BBr 1  A0 07        L0056:	ldy     #$07
0001BDr 1  B1 rr        	lda     (sp),y
0001BFr 1  85 rr        	sta     ptr1+1
0001C1r 1  88           	dey
0001C2r 1  B1 rr        	lda     (sp),y
0001C4r 1  85 rr        	sta     ptr1
0001C6r 1  A9 01        	lda     #$01
0001C8r 1  A0 03        	ldy     #$03
0001CAr 1  91 rr        	sta     (ptr1),y
0001CCr 1  A2 00        	ldx     #$00
0001CEr 1  8A           	txa
0001CFr 1  4C rr rr     	jmp     incsp8
0001D2r 1               
0001D2r 1               .endproc
0001D2r 1               
0001D2r 1               ; ---------------------------------------------------------------
0001D2r 1               ; unsigned char __near__ udeks_cache_flow_paste (__near__ struct udeks_cache_flow *, unsigned char, __near__ const struct udeks_cache_geometry *)
0001D2r 1               ; ---------------------------------------------------------------
0001D2r 1               
0001D2r 1               .segment	"CODE"
0001D2r 1               
0001D2r 1               .proc	_udeks_cache_flow_paste: near
0001D2r 1               
0001D2r 1               .segment	"CODE"
0001D2r 1               
0001D2r 1  20 rr rr     	jsr     pushax
0001D5r 1  A0 02        	ldy     #$02
0001D7r 1  B1 rr        	lda     (sp),y
0001D9r 1  F0 52        	beq     L009E
0001DBr 1  C9 05        	cmp     #$05
0001DDr 1  B0 4E        	bcs     L009E
0001DFr 1  B1 rr        	lda     (sp),y
0001E1r 1  20 rr rr     	jsr     pusha0
0001E4r 1  A0 06        	ldy     #$06
0001E6r 1  B1 rr        	lda     (sp),y
0001E8r 1  85 rr        	sta     ptr1+1
0001EAr 1  88           	dey
0001EBr 1  B1 rr        	lda     (sp),y
0001EDr 1  85 rr        	sta     ptr1
0001EFr 1  A0 02        	ldy     #$02
0001F1r 1  B1 rr        	lda     (ptr1),y
0001F3r 1  20 rr rr     	jsr     tosicmp0
0001F6r 1  D0 35        	bne     L009E
0001F8r 1  A0 00        	ldy     #$00
0001FAr 1  B1 rr        	lda     (sp),y
0001FCr 1  C8           	iny
0001FDr 1  11 rr        	ora     (sp),y
0001FFr 1  F0 2C        	beq     L009E
000201r 1  A0 04        	ldy     #$04
000203r 1  B1 rr        	lda     (sp),y
000205r 1  85 rr        	sta     ptr1+1
000207r 1  88           	dey
000208r 1  B1 rr        	lda     (sp),y
00020Ar 1  85 rr        	sta     ptr1
00020Cr 1  A0 01        	ldy     #$01
00020Er 1  B1 rr        	lda     (ptr1),y
000210r 1  AA           	tax
000211r 1  88           	dey
000212r 1  B1 rr        	lda     (ptr1),y
000214r 1  E0 00        	cpx     #$00
000216r 1  D0 04        	bne     L009F
000218r 1  C9 00        	cmp     #$00
00021Ar 1  F0 13        	beq     L00A0
00021Cr 1  A0 04        L009F:	ldy     #$04
00021Er 1  B1 rr        	lda     (sp),y
000220r 1  85 rr        	sta     ptr1+1
000222r 1  88           	dey
000223r 1  B1 rr        	lda     (sp),y
000225r 1  85 rr        	sta     ptr1
000227r 1  B1 rr        	lda     (ptr1),y
000229r 1  C9 02        	cmp     #$02
00022Br 1  F0 07        	beq     L005F
00022Dr 1  A2 00        L009E:	ldx     #$00
00022Fr 1  A9 01        L00A0:	lda     #$01
000231r 1  4C rr rr     	jmp     incsp5
000234r 1  A0 01        L005F:	ldy     #$01
000236r 1  B1 rr        	lda     (sp),y
000238r 1  AA           	tax
000239r 1  88           	dey
00023Ar 1  B1 rr        	lda     (sp),y
00023Cr 1  20 rr rr     	jsr     _geometry_request
00023Fr 1  A0 06        	ldy     #$06
000241r 1  20 rr rr     	jsr     pushwysp
000244r 1  A9 03        	lda     #$03
000246r 1  20 rr rr     	jsr     _command
000249r 1  C9 83        	cmp     #$83
00024Br 1  F0 07        	beq     L0067
00024Dr 1  A2 00        	ldx     #$00
00024Fr 1  A9 01        	lda     #$01
000251r 1  4C rr rr     	jmp     incsp5
000254r 1  A0 04        L0067:	ldy     #$04
000256r 1  B1 rr        	lda     (sp),y
000258r 1  85 rr        	sta     ptr1+1
00025Ar 1  88           	dey
00025Br 1  B1 rr        	lda     (sp),y
00025Dr 1  85 rr        	sta     ptr1
00025Fr 1  98           	tya
000260r 1  91 rr        	sta     (ptr1),y
000262r 1  A2 00        	ldx     #$00
000264r 1  8A           	txa
000265r 1  4C rr rr     	jmp     incsp5
000268r 1               
000268r 1               .endproc
000268r 1               
000268r 1               ; ---------------------------------------------------------------
000268r 1               ; unsigned char __near__ udeks_cache_flow_step (__near__ struct udeks_cache_flow *, unsigned char, unsigned int)
000268r 1               ; ---------------------------------------------------------------
000268r 1               
000268r 1               .segment	"CODE"
000268r 1               
000268r 1               .proc	_udeks_cache_flow_step: near
000268r 1               
000268r 1               .segment	"RODATA"
000000r 1               
000000r 1               L0084:
000000r 1  00 00        	.word	$0000
000002r 1               L008B:
000002r 1  00 00        	.word	$0000
000004r 1               
000004r 1               .segment	"CODE"
000268r 1               
000268r 1  20 rr rr     	jsr     pushax
00026Br 1  20 rr rr     	jsr     decsp1
00026Er 1  A0 03        	ldy     #$03
000270r 1  B1 rr        	lda     (sp),y
000272r 1  F0 68        	beq     L00A7
000274r 1  B1 rr        	lda     (sp),y
000276r 1  20 rr rr     	jsr     pusha0
000279r 1  A0 07        	ldy     #$07
00027Br 1  B1 rr        	lda     (sp),y
00027Dr 1  85 rr        	sta     ptr1+1
00027Fr 1  88           	dey
000280r 1  B1 rr        	lda     (sp),y
000282r 1  85 rr        	sta     ptr1
000284r 1  A0 02        	ldy     #$02
000286r 1  B1 rr        	lda     (ptr1),y
000288r 1  20 rr rr     	jsr     tosicmp0
00028Br 1  D0 4F        	bne     L00A7
00028Dr 1  A0 01        	ldy     #$01
00028Fr 1  B1 rr        	lda     (sp),y
000291r 1  C8           	iny
000292r 1  11 rr        	ora     (sp),y
000294r 1  F0 46        	beq     L00A7
000296r 1  A0 04        	ldy     #$04
000298r 1  20 rr rr     	jsr     pushwysp
00029Br 1  A0 07        	ldy     #$07
00029Dr 1  B1 rr        	lda     (sp),y
00029Fr 1  85 rr        	sta     ptr1+1
0002A1r 1  88           	dey
0002A2r 1  B1 rr        	lda     (sp),y
0002A4r 1  85 rr        	sta     ptr1
0002A6r 1  A0 01        	ldy     #$01
0002A8r 1  B1 rr        	lda     (ptr1),y
0002AAr 1  AA           	tax
0002ABr 1  88           	dey
0002ACr 1  B1 rr        	lda     (ptr1),y
0002AEr 1  20 rr rr     	jsr     tosicmp
0002B1r 1  D0 29        	bne     L00A7
0002B3r 1  A0 05        	ldy     #$05
0002B5r 1  B1 rr        	lda     (sp),y
0002B7r 1  85 rr        	sta     ptr1+1
0002B9r 1  88           	dey
0002BAr 1  B1 rr        	lda     (sp),y
0002BCr 1  85 rr        	sta     ptr1
0002BEr 1  88           	dey
0002BFr 1  B1 rr        	lda     (ptr1),y
0002C1r 1  C9 01        	cmp     #$01
0002C3r 1  F0 1E        	beq     L0070
0002C5r 1  A0 05        	ldy     #$05
0002C7r 1  B1 rr        	lda     (sp),y
0002C9r 1  85 rr        	sta     ptr1+1
0002CBr 1  88           	dey
0002CCr 1  B1 rr        	lda     (sp),y
0002CEr 1  85 rr        	sta     ptr1
0002D0r 1  88           	dey
0002D1r 1  A2 00        	ldx     #$00
0002D3r 1  B1 rr        	lda     (ptr1),y
0002D5r 1  C9 03        	cmp     #$03
0002D7r 1  D0 78        	bne     L00AE
0002D9r 1  4C rr rr     	jmp     L0070
0002DCr 1  A9 01        L00A7:	lda     #$01
0002DEr 1  A2 00        	ldx     #$00
0002E0r 1  4C rr rr     	jmp     incsp6
0002E3r 1  A0 07        L0070:	ldy     #$07
0002E5r 1  20 rr rr     	jsr     pushwysp
0002E8r 1  A9 04        	lda     #$04
0002EAr 1  20 rr rr     	jsr     _command
0002EDr 1  A0 00        	ldy     #$00
0002EFr 1  91 rr        	sta     (sp),y
0002F1r 1  A0 05        	ldy     #$05
0002F3r 1  B1 rr        	lda     (sp),y
0002F5r 1  85 rr        	sta     ptr1+1
0002F7r 1  88           	dey
0002F8r 1  B1 rr        	lda     (sp),y
0002FAr 1  85 rr        	sta     ptr1
0002FCr 1  88           	dey
0002FDr 1  B1 rr        	lda     (ptr1),y
0002FFr 1  C9 01        	cmp     #$01
000301r 1  D0 17        	bne     L007C
000303r 1  A0 00        	ldy     #$00
000305r 1  B1 rr        	lda     (sp),y
000307r 1  C9 81        	cmp     #$81
000309r 1  D0 06        	bne     L00AB
00030Br 1  A2 00        	ldx     #$00
00030Dr 1  8A           	txa
00030Er 1  4C rr rr     	jmp     incsp6
000311r 1  B1 rr        L00AB:	lda     (sp),y
000313r 1  C9 82        	cmp     #$82
000315r 1  F0 17        	beq     L0089
000317r 1  4C rr rr     	jmp     L0083
00031Ar 1  A0 00        L007C:	ldy     #$00
00031Cr 1  B1 rr        	lda     (sp),y
00031Er 1  C9 C3        	cmp     #$C3
000320r 1  D0 06        	bne     L00AD
000322r 1  A2 00        	ldx     #$00
000324r 1  8A           	txa
000325r 1  4C rr rr     	jmp     incsp6
000328r 1  B1 rr        L00AD:	lda     (sp),y
00032Ar 1  C9 C2        	cmp     #$C2
00032Cr 1  D0 16        	bne     L0083
00032Er 1  A0 05        L0089:	ldy     #$05
000330r 1  B1 rr        	lda     (sp),y
000332r 1  85 rr        	sta     ptr1+1
000334r 1  88           	dey
000335r 1  B1 rr        	lda     (sp),y
000337r 1  85 rr        	sta     ptr1
000339r 1  A9 02        	lda     #$02
00033Br 1  88           	dey
00033Cr 1  91 rr        	sta     (ptr1),y
00033Er 1  A2 00        	ldx     #$00
000340r 1  8A           	txa
000341r 1  4C rr rr     	jmp     incsp6
000344r 1  A0 05        L0083:	ldy     #$05
000346r 1  B1 rr        	lda     (sp),y
000348r 1  AA           	tax
000349r 1  88           	dey
00034Ar 1  B1 rr        	lda     (sp),y
00034Cr 1  20 rr rr     	jsr     _udeks_cache_flow_invalidate
00034Fr 1  A2 00        	ldx     #$00
000351r 1  A9 01        L00AE:	lda     #$01
000353r 1  4C rr rr     	jmp     incsp6
000356r 1               
000356r 1               .endproc
000356r 1               
000356r 1               ; ---------------------------------------------------------------
000356r 1               ; unsigned char __near__ command (__near__ const struct udeks_cache_flow *, unsigned char)
000356r 1               ; ---------------------------------------------------------------
000356r 1               
000356r 1               .segment	"CODE"
000356r 1               
000356r 1               .proc	_command: near
000356r 1               
000356r 1               .segment	"CODE"
000356r 1               
000356r 1  20 rr rr     	jsr     pusha
000359r 1  A0 02        	ldy     #$02
00035Br 1  B1 rr        	lda     (sp),y
00035Dr 1  85 rr        	sta     ptr1+1
00035Fr 1  88           	dey
000360r 1  B1 rr        	lda     (sp),y
000362r 1  85 rr        	sta     ptr1
000364r 1  C8           	iny
000365r 1  B1 rr        	lda     (ptr1),y
000367r 1  8D 92 F7     	sta     $F792
00036Ar 1  B1 rr        	lda     (sp),y
00036Cr 1  85 rr        	sta     ptr1+1
00036Er 1  88           	dey
00036Fr 1  B1 rr        	lda     (sp),y
000371r 1  85 rr        	sta     ptr1
000373r 1  B1 rr        	lda     (ptr1),y
000375r 1  8D 94 F7     	sta     $F793+1
000378r 1  88           	dey
000379r 1  B1 rr        	lda     (ptr1),y
00037Br 1  8D 93 F7     	sta     $F793
00037Er 1  B1 rr        	lda     (sp),y
000380r 1  8D 90 F7     	sta     $F790
000383r 1  20 rr rr     	jsr     _private_cache_policy_call
000386r 1  4C rr rr     	jmp     incsp3
000389r 1               
000389r 1               .endproc
000389r 1               
000389r 1               ; ---------------------------------------------------------------
000389r 1               ; void __near__ geometry_request (__near__ const struct udeks_cache_geometry *)
000389r 1               ; ---------------------------------------------------------------
000389r 1               
000389r 1               .segment	"CODE"
000389r 1               
000389r 1               .proc	_geometry_request: near
000389r 1               
000389r 1               .segment	"CODE"
000389r 1               
000389r 1  20 rr rr     	jsr     pushax
00038Cr 1  A0 01        	ldy     #$01
00038Er 1  B1 rr        	lda     (sp),y
000390r 1  85 rr        	sta     ptr1+1
000392r 1  88           	dey
000393r 1  B1 rr        	lda     (sp),y
000395r 1  85 rr        	sta     ptr1
000397r 1  C8           	iny
000398r 1  B1 rr        	lda     (ptr1),y
00039Ar 1  8D A2 F7     	sta     $F7A1+1
00039Dr 1  88           	dey
00039Er 1  B1 rr        	lda     (ptr1),y
0003A0r 1  8D A1 F7     	sta     $F7A1
0003A3r 1  C8           	iny
0003A4r 1  B1 rr        	lda     (sp),y
0003A6r 1  85 rr        	sta     ptr1+1
0003A8r 1  88           	dey
0003A9r 1  B1 rr        	lda     (sp),y
0003ABr 1  85 rr        	sta     ptr1
0003ADr 1  A0 03        	ldy     #$03
0003AFr 1  B1 rr        	lda     (ptr1),y
0003B1r 1  8D A4 F7     	sta     $F7A3+1
0003B4r 1  88           	dey
0003B5r 1  B1 rr        	lda     (ptr1),y
0003B7r 1  8D A3 F7     	sta     $F7A3
0003BAr 1  88           	dey
0003BBr 1  B1 rr        	lda     (sp),y
0003BDr 1  85 rr        	sta     ptr1+1
0003BFr 1  88           	dey
0003C0r 1  B1 rr        	lda     (sp),y
0003C2r 1  85 rr        	sta     ptr1
0003C4r 1  A0 04        	ldy     #$04
0003C6r 1  B1 rr        	lda     (ptr1),y
0003C8r 1  8D A5 F7     	sta     $F7A5
0003CBr 1  A0 01        	ldy     #$01
0003CDr 1  B1 rr        	lda     (sp),y
0003CFr 1  85 rr        	sta     ptr1+1
0003D1r 1  88           	dey
0003D2r 1  B1 rr        	lda     (sp),y
0003D4r 1  85 rr        	sta     ptr1
0003D6r 1  A0 05        	ldy     #$05
0003D8r 1  B1 rr        	lda     (ptr1),y
0003DAr 1  8D A6 F7     	sta     $F7A6
0003DDr 1  4C rr rr     	jmp     incsp2
0003E0r 1               
0003E0r 1               .endproc
0003E0r 1               
0003E0r 1               
