PC=FF74 drive=EAB7 jam=0 speed=1 CIA2=07/3F bus=110 via=02/1A request=00/00/00 exit=0
PC=E36E drive=E6E3 jam=0 speed=0 CIA2=C7/3F bus=111 via=00/1A request=00/00/00 exit=0
PC=E49D drive=E9B3 jam=0 speed=0 CIA2=47/3F bus=111 via=04/1A request=00/00/00 exit=0
PC=E3B7 drive=F565 jam=0 speed=0 CIA2=0F/3F bus=010 via=00/1A request=00/00/00 exit=0
PC=E484 drive=EA66 jam=0 speed=0 CIA2=47/3F bus=101 via=08/1A request=00/00/00 exit=0
PC=E493 drive=E961 jam=0 speed=0 CIA2=47/3F bus=101 via=08/1A request=00/00/00 exit=0
PC=E571 drive=F839 jam=0 speed=0 CIA2=27/3F bus=100 via=0D/1A request=00/00/00 exit=0
PC=E4BE drive=E87E jam=0 speed=0 CIA2=9F/3F bus=000 via=97/1A request=01/11/00 exit=0
PASS native disk shell source=1 error=0 device=8, uname works
command ls /bin: PC=C25E drive=EC3B jam=0 speed=0 CIA2=07/3F bus=111 via=00/1A request=00/10/00 exit=0
Z80 WORKER : READY                                        [ OK ]
STORAGE SERVICES : DEFERRED                               [ -- ]
FILESYSTEM SERVICES : DEFERRED                            [ -- ]
                                                                
SYSTEM READY.                                                   
                                                                
WELCOME TO UDEKS.                                               
                                                                
UDEKS:~> uname -a                                               
UDEKS 0.1.0 c128 8502                                           
UDEKS:~> ls /bin                                                
cat                                                             
cowsay                                                          
date                                                            
ls                                                              
mount                                                           
umount                                                          
ush                                                             
xclock                                                          
xwave                                                           
UDEKS:~>                                                        
command mount 8 /mnt: PC=8F64 drive=EC00 jam=0 speed=0 CIA2=07/3F bus=111 via=00/1A request=00/10/00 exit=0
STORAGE SERVICES : DEFERRED                               [ -- ]
FILESYSTEM SERVICES : DEFERRED                            [ -- ]
                                                                
SYSTEM READY.                                                   
                                                                
WELCOME TO UDEKS.                                               
                                                                
UDEKS:~> uname -a                                               
UDEKS 0.1.0 c128 8502                                           
UDEKS:~> ls /bin                                                
cat                                                             
cowsay                                                          
date                                                            
ls                                                              
mount                                                           
umount                                                          
ush                                                             
xclock                                                          
xwave                                                           
UDEKS:~> mount 8 /mnt                                           
UDEKS:~>                                                        
command ls /mnt: PC=2118 drive=EC2D jam=0 speed=0 CIA2=07/3F bus=111 via=00/1A request=00/10/00 exit=0
date                                                            
ls                                                              
mount                                                           
umount                                                          
ush                                                             
xclock                                                          
xwave                                                           
UDEKS:~> mount 8 /mnt                                           
UDEKS:~> ls /mnt                                                
SCHEDOVR                                                        
HELLO                                                           
USH                                                             
RC                                                              
FREE                                                            
DF                                                              
DISKCOW                                                         
BADUDEX                                                         
SHORT                                                           
ENTRY                                                           
LIMIT                                                           
UDEKS:~>                                                        
command free: PC=2E87 drive=EC14 jam=0 speed=0 CIA2=07/3F bus=111 via=00/1A request=00/10/00 exit=0
xwave                                                           
UDEKS:~> mount 8 /mnt                                           
UDEKS:~> ls /mnt                                                
SCHEDOVR                                                        
HELLO                                                           
USH                                                             
RC                                                              
FREE                                                            
DF                                                              
DISKCOW                                                         
BADUDEX                                                         
SHORT                                                           
ENTRY                                                           
LIMIT                                                           
UDEKS:~> free                                                   
CPU RAM: 128 KiB; VDC RAM: 64 KiB (video only)                  
Native child image pool (bytes):                                
  total 2560  used 0  free 2560                                 
Fixed task slot; not total unused physical RAM.                 
General heap: not implemented; swap: none.                      
UDEKS:~>                                                        
command df: PC=2A9D drive=EC42 jam=0 speed=0 CIA2=07/3F bus=111 via=00/1A request=00/10/00 exit=0
HELLO                                                           
USH                                                             
RC                                                              
FREE                                                            
DF                                                              
DISKCOW                                                         
BADUDEX                                                         
SHORT                                                           
ENTRY                                                           
LIMIT                                                           
UDEKS:~> free                                                   
CPU RAM: 128 KiB; VDC RAM: 64 KiB (video only)                  
Native child image pool (bytes):                                
  total 2560  used 0  free 2560                                 
Fixed task slot; not total unused physical RAM.                 
General heap: not implemented; swap: none.                      
UDEKS:~> df                                                     
Filesystem  256B-blocks  Used  Available  Mounted on            
iec8        664         487   177        /mnt                   
Read-only mount; DOS data blocks (directory tracks excluded).   
UDEKS:~>                                                        
command df /bad: PC=2A28 drive=EC2B jam=0 speed=0 CIA2=07/3F bus=111 via=00/1A request=00/10/00 exit=1
RC                                                              
FREE                                                            
DF                                                              
DISKCOW                                                         
BADUDEX                                                         
SHORT                                                           
ENTRY                                                           
LIMIT                                                           
UDEKS:~> free                                                   
CPU RAM: 128 KiB; VDC RAM: 64 KiB (video only)                  
Native child image pool (bytes):                                
  total 2560  used 0  free 2560                                 
Fixed task slot; not total unused physical RAM.                 
General heap: not implemented; swap: none.                      
UDEKS:~> df                                                     
Filesystem  256B-blocks  Used  Available  Mounted on            
iec8        664         487   177        /mnt                   
Read-only mount; DOS data blocks (directory tracks excluded).   
UDEKS:~> df /bad                                                
usage: df [/mnt]                                                
UDEKS:~>                                                        
command /mnt/diskcow hello: PC=6249 drive=EC14 jam=0 speed=0 CIA2=07/3F bus=111 via=00/1A request=00/10/00 exit=0
CPU RAM: 128 KiB; VDC RAM: 64 KiB (video only)                  
Native child image pool (bytes):                                
  total 2560  used 0  free 2560                                 
Fixed task slot; not total unused physical RAM.                 
General heap: not implemented; swap: none.                      
UDEKS:~> df                                                     
Filesystem  256B-blocks  Used  Available  Mounted on            
iec8        664         487   177        /mnt                   
Read-only mount; DOS data blocks (directory tracks excluded).   
UDEKS:~> df /bad                                                
usage: df [/mnt]                                                
UDEKS:~> /mnt/diskcow hello                                     
 _______                                                        
< hello >                                                       
 -------                                                        
        \   ^__^                                                
         \  (oo)\_______                                        
            (__)\       )\/\                                    
                ||----w |                                       
                ||     ||                                       
UDEKS:~>                                                        
command /mnt/diskcow again: PC=2A9B drive=EC17 jam=0 speed=0 CIA2=07/3F bus=111 via=00/1A request=00/10/00 exit=0
UDEKS:~> df /bad                                                
usage: df [/mnt]                                                
UDEKS:~> /mnt/diskcow hello                                     
 _______                                                        
< hello >                                                       
 -------                                                        
        \   ^__^                                                
         \  (oo)\_______                                        
            (__)\       )\/\                                    
                ||----w |                                       
                ||     ||                                       
UDEKS:~> /mnt/diskcow again                                     
 _______                                                        
< again >                                                       
 -------                                                        
        \   ^__^                                                
         \  (oo)\_______                                        
            (__)\       )\/\                                    
                ||----w |                                       
                ||     ||                                       
UDEKS:~>                                                        
command /mnt/badudex: PC=2A28 drive=EC2D jam=0 speed=0 CIA2=07/3F bus=111 via=00/1A request=00/10/00 exit=0
UDEKS:~> /mnt/diskcow hello                                     
 _______                                                        
< hello >                                                       
 -------                                                        
        \   ^__^                                                
         \  (oo)\_______                                        
            (__)\       )\/\                                    
                ||----w |                                       
                ||     ||                                       
UDEKS:~> /mnt/diskcow again                                     
 _______                                                        
< again >                                                       
 -------                                                        
        \   ^__^                                                
         \  (oo)\_______                                        
            (__)\       )\/\                                    
                ||----w |                                       
                ||     ||                                       
UDEKS:~> /mnt/badudex                                           
/mnt/badudex: loader error                                      
UDEKS:~>                                                        
command /mnt/short: PC=2E33 drive=EC2B jam=0 speed=0 CIA2=07/3F bus=111 via=00/1A request=00/10/00 exit=0
< hello >                                                       
 -------                                                        
        \   ^__^                                                
         \  (oo)\_______                                        
            (__)\       )\/\                                    
                ||----w |                                       
                ||     ||                                       
UDEKS:~> /mnt/diskcow again                                     
 _______                                                        
< again >                                                       
 -------                                                        
        \   ^__^                                                
         \  (oo)\_______                                        
            (__)\       )\/\                                    
                ||----w |                                       
                ||     ||                                       
UDEKS:~> /mnt/badudex                                           
/mnt/badudex: loader error                                      
UDEKS:~> /mnt/short                                             
/mnt/short: loader error                                        
UDEKS:~>                                                        
command /mnt/nofile: PC=8F9D drive=EC2D jam=0 speed=0 CIA2=07/3F bus=111 via=00/1A request=00/10/00 exit=0
        \   ^__^                                                
         \  (oo)\_______                                        
            (__)\       )\/\                                    
                ||----w |                                       
                ||     ||                                       
UDEKS:~> /mnt/diskcow again                                     
 _______                                                        
< again >                                                       
 -------                                                        
        \   ^__^                                                
         \  (oo)\_______                                        
            (__)\       )\/\                                    
                ||----w |                                       
                ||     ||                                       
UDEKS:~> /mnt/badudex                                           
/mnt/badudex: loader error                                      
UDEKS:~> /mnt/short                                             
/mnt/short: loader error                                        
UDEKS:~> /mnt/nofile                                            
Unknown command: /mnt/nofile                                    
UDEKS:~>                                                        
command /mnt/entry: PC=9183 drive=EC2D jam=0 speed=0 CIA2=07/3F bus=111 via=00/1A request=00/10/00 exit=37
         \  (oo)\_______                                        
            (__)\       )\/\                                    
                ||----w |                                       
                ||     ||                                       
UDEKS:~> /mnt/diskcow again                                     
 _______                                                        
< again >                                                       
 -------                                                        
        \   ^__^                                                
         \  (oo)\_______                                        
            (__)\       )\/\                                    
                ||----w |                                       
                ||     ||                                       
UDEKS:~> /mnt/badudex                                           
/mnt/badudex: loader error                                      
UDEKS:~> /mnt/short                                             
/mnt/short: loader error                                        
UDEKS:~> /mnt/nofile                                            
Unknown command: /mnt/nofile                                    
UDEKS:~> /mnt/entry                                             
UDEKS:~>                                                        
command /mnt/limit: PC=1FF0 drive=EC07 jam=0 speed=0 CIA2=07/3F bus=111 via=00/1A request=00/10/00 exit=7
            (__)\       )\/\                                    
                ||----w |                                       
                ||     ||                                       
UDEKS:~> /mnt/diskcow again                                     
 _______                                                        
< again >                                                       
 -------                                                        
        \   ^__^                                                
         \  (oo)\_______                                        
            (__)\       )\/\                                    
                ||----w |                                       
                ||     ||                                       
UDEKS:~> /mnt/badudex                                           
/mnt/badudex: loader error                                      
UDEKS:~> /mnt/short                                             
/mnt/short: loader error                                        
UDEKS:~> /mnt/nofile                                            
Unknown command: /mnt/nofile                                    
UDEKS:~> /mnt/entry                                             
UDEKS:~> /mnt/limit                                             
UDEKS:~>                                                        
command /mnt/diskcow recovered: PC=2E27 drive=EC2B jam=0 speed=0 CIA2=07/3F bus=111 via=00/1A request=00/10/00 exit=0
            (__)\       )\/\                                    
                ||----w |                                       
                ||     ||                                       
UDEKS:~> /mnt/badudex                                           
/mnt/badudex: loader error                                      
UDEKS:~> /mnt/short                                             
/mnt/short: loader error                                        
UDEKS:~> /mnt/nofile                                            
Unknown command: /mnt/nofile                                    
UDEKS:~> /mnt/entry                                             
UDEKS:~> /mnt/limit                                             
UDEKS:~> /mnt/diskcow recovered                                 
 ___________                                                    
< recovered >                                                   
 -----------                                                    
        \   ^__^                                                
         \  (oo)\_______                                        
            (__)\       )\/\                                    
                ||----w |                                       
                ||     ||                                       
UDEKS:~>                                                        
command cowsay bootfs: PC=917B drive=EC17 jam=0 speed=0 CIA2=07/3F bus=111 via=00/1A request=00/10/00 exit=0
UDEKS:~> /mnt/entry                                             
UDEKS:~> /mnt/limit                                             
UDEKS:~> /mnt/diskcow recovered                                 
 ___________                                                    
< recovered >                                                   
 -----------                                                    
        \   ^__^                                                
         \  (oo)\_______                                        
            (__)\       )\/\                                    
                ||----w |                                       
                ||     ||                                       
UDEKS:~> cowsay bootfs                                          
 ________                                                       
< bootfs >                                                      
 --------                                                       
        \   ^__^                                                
         \  (oo)\_______                                        
            (__)\       )\/\                                    
                ||----w |                                       
                ||     ||                                       
UDEKS:~>                                                        
command cat /mnt/hello: PC=8FF7 drive=EC31 jam=0 speed=0 CIA2=07/3F bus=111 via=00/1A request=00/10/00 exit=0
UDEKS:~> /mnt/diskcow recovered                                 
 ___________                                                    
< recovered >                                                   
 -----------                                                    
        \   ^__^                                                
         \  (oo)\_______                                        
            (__)\       )\/\                                    
                ||----w |                                       
                ||     ||                                       
UDEKS:~> cowsay bootfs                                          
 ________                                                       
< bootfs >                                                      
 --------                                                       
        \   ^__^                                                
         \  (oo)\_______                                        
            (__)\       )\/\                                    
                ||----w |                                       
                ||     ||                                       
UDEKS:~> cat /mnt/hello                                         
HELLO UDEKS                                                     
UDEKS:~>                                                        
command umount /mnt: PC=C256 drive=EC2D jam=0 speed=0 CIA2=07/3F bus=111 via=00/1A request=00/10/00 exit=0
 ___________                                                    
< recovered >                                                   
 -----------                                                    
        \   ^__^                                                
         \  (oo)\_______                                        
            (__)\       )\/\                                    
                ||----w |                                       
                ||     ||                                       
UDEKS:~> cowsay bootfs                                          
 ________                                                       
< bootfs >                                                      
 --------                                                       
        \   ^__^                                                
         \  (oo)\_______                                        
            (__)\       )\/\                                    
                ||----w |                                       
                ||     ||                                       
UDEKS:~> cat /mnt/hello                                         
HELLO UDEKS                                                     
UDEKS:~> umount /mnt                                            
UDEKS:~>                                                        
command ls /bin: PC=1C38 drive=EC2D jam=0 speed=0 CIA2=07/3F bus=111 via=00/1A request=00/10/00 exit=0
< bootfs >                                                      
 --------                                                       
        \   ^__^                                                
         \  (oo)\_______                                        
            (__)\       )\/\                                    
                ||----w |                                       
                ||     ||                                       
UDEKS:~> cat /mnt/hello                                         
HELLO UDEKS                                                     
UDEKS:~> umount /mnt                                            
UDEKS:~> ls /bin                                                
cat                                                             
cowsay                                                          
date                                                            
ls                                                              
mount                                                           
umount                                                          
ush                                                             
xclock                                                          
xwave                                                           
UDEKS:~>                                                        
command mount 8 /mnt: PC=C242 drive=EC4F jam=0 speed=0 CIA2=07/3F bus=111 via=00/1A request=00/10/00 exit=1
        \   ^__^                                                
         \  (oo)\_______                                        
            (__)\       )\/\                                    
                ||----w |                                       
                ||     ||                                       
UDEKS:~> cat /mnt/hello                                         
HELLO UDEKS                                                     
UDEKS:~> umount /mnt                                            
UDEKS:~> ls /bin                                                
cat                                                             
cowsay                                                          
date                                                            
ls                                                              
mount                                                           
umount                                                          
ush                                                             
xclock                                                          
xwave                                                           
UDEKS:~> mount 8 /mnt                                           
mount: failed                                                   
UDEKS:~>                                                        
command ls /bin: PC=6863 drive=EC49 jam=0 speed=0 CIA2=07/3F bus=111 via=00/1A request=00/10/00 exit=0
cowsay                                                          
date                                                            
ls                                                              
mount                                                           
umount                                                          
ush                                                             
xclock                                                          
xwave                                                           
UDEKS:~> mount 8 /mnt                                           
mount: failed                                                   
UDEKS:~> ls /bin                                                
cat                                                             
cowsay                                                          
date                                                            
ls                                                              
mount                                                           
umount                                                          
ush                                                             
xclock                                                          
xwave                                                           
UDEKS:~>                                                        
command mount 8 /mnt: PC=9205 drive=EC2D jam=0 speed=0 CIA2=07/3F bus=111 via=00/1A request=00/10/00 exit=0
date                                                            
ls                                                              
mount                                                           
umount                                                          
ush                                                             
xclock                                                          
xwave                                                           
UDEKS:~> mount 8 /mnt                                           
mount: failed                                                   
UDEKS:~> ls /bin                                                
cat                                                             
cowsay                                                          
date                                                            
ls                                                              
mount                                                           
umount                                                          
ush                                                             
xclock                                                          
xwave                                                           
UDEKS:~> mount 8 /mnt                                           
UDEKS:~>                                                        
command cat /mnt/hello: PC=5EA4 drive=EC12 jam=0 speed=0 CIA2=07/3F bus=111 via=00/1A request=00/10/00 exit=0
mount                                                           
umount                                                          
ush                                                             
xclock                                                          
xwave                                                           
UDEKS:~> mount 8 /mnt                                           
mount: failed                                                   
UDEKS:~> ls /bin                                                
cat                                                             
cowsay                                                          
date                                                            
ls                                                              
mount                                                           
umount                                                          
ush                                                             
xclock                                                          
xwave                                                           
UDEKS:~> mount 8 /mnt                                           
UDEKS:~> cat /mnt/hello                                         
HELLO UDEKS                                                     
UDEKS:~>                                                        
command umount /mnt: PC=8F19 drive=EC12 jam=0 speed=0 CIA2=07/3F bus=111 via=00/1A request=00/10/00 exit=0
umount                                                          
ush                                                             
xclock                                                          
xwave                                                           
UDEKS:~> mount 8 /mnt                                           
mount: failed                                                   
UDEKS:~> ls /bin                                                
cat                                                             
cowsay                                                          
date                                                            
ls                                                              
mount                                                           
umount                                                          
ush                                                             
xclock                                                          
xwave                                                           
UDEKS:~> mount 8 /mnt                                           
UDEKS:~> cat /mnt/hello                                         
HELLO UDEKS                                                     
UDEKS:~> umount /mnt                                            
UDEKS:~>                                                        
PASS native 1986 raw-IEC disk execution/argv/entry/BSS/limit/rejection/recovery/bootfs
