 
*** VICE Version 3.10 ***
 
This is the condensed log, for the full log use --verbose or --debug.
 
Main: random seed was: 0x0
Main: command line was: x128 -default +sound -warp -seed 0 -remotemonitor -remotemonitoraddress ip4://127.0.0.1:57799 -console -drive8truedrive -drive8type 1541 -jamaction 5 -logfile /var/home/salvogendut/Dev/UDEKS/build/four-apps/native-final-d64/vice.log -8 /var/home/salvogendut/Dev/UDEKS/build/four-apps/native-final-d64/test.d64
Main: VICE system file directory: '/app/share/vice'.
Main: VICE system file search path: '/var/home/salvogendut/.var/app/net.sf.VICE/data/vice:/app/bin:/app/share/vice'.
Sysfile: Loading `/app/share/vice/C128/basiclo-318018-04.bin'.
Sysfile: Loading `/app/share/vice/C128/basichi-318019-04.bin'.
Sysfile: Loading `/app/share/vice/C128/kernal-318020-05.bin'.
C128MEM: Switching ROMs to 'international':
C128MEM: BASIC is '86'.
C128MEM: Editor is 'international r1' rev #1.
C128MEM: Kernal is 'international r1' rev #1.
Sysfile: Loading `/app/share/vice/C128/chargen-390059-01.bin'.
Sysfile: Loading `/app/share/vice/C128/kernal64-901227-03.bin'.
Sysfile: Loading `/app/share/vice/C128/basic64-901226-01.bin'.
evdev Joystick: Initializing Linux evdev joystick driver.
Joystick: Registered device "Sony PLAYSTATION(R)3 Controller" [054c:0268] (6 axes, 13 buttons, 0 hats)
Joystick: Warning - using minimal default mapping.
DriveROM: Error - 2000 ROM image not found. Hardware-level 2000 emulation is not available.
DriveROM: Error - 4000 ROM image not found. Hardware-level 4000 emulation is not available.
DriveROM: Error - CMDHD ROM image not found. Hardware-level CMDHD emulation is not available.
Sysfile: Loading `/app/share/vice/DRIVES/dos1541-325302-01+901229-05.bin'.
Sound: Available sound devices: pulse alsa dummy dump fs wav voc iff aiff soundmovie
Keymap: Loading keymap `/app/share/vice/C128/gtk3_sym.vkm'.
Main CPU: 
Main CPU: starting at ($FFFC).
Main CPU: RESET.
VSync: Sync reset
Unit 8: RESET.
VSync: Sync reset
VSync: Sync reset
VSync: Sync reset
VSync: Sync reset
VSync: Sync reset
VSync: Sync reset
VSync: Sync reset
VSync: Sync reset
VSync: Sync reset
VSync: Sync reset
VSync: Sync reset
VSync: Sync reset
VSync: Sync reset
VSync: Sync reset
VSync: Sync reset
VSync: Sync reset
VSync: Sync reset
VSync: Sync reset
VSync: Sync reset
VSync: Sync reset
VSync: Sync reset
VSync: Sync reset
VSync: Sync reset
VSync: Sync reset
VSync: Sync reset
VSync: Sync reset
VSync: Sync reset
VSync: Sync reset
VSync: Sync reset
VSync: Sync reset
VSync: Sync reset
VSync: Sync reset
VSync: Sync reset
VSync: Sync reset
VSync: Sync reset
VSync: Sync reset
VSync: Sync reset
VSync: Sync reset
VSync: Sync reset
VSync: Sync reset
VSync: Sync reset
VSync: Sync reset
VSync: Sync reset
VSync: Sync reset
VSync: Sync reset
VSync: Sync reset
VSync: Sync reset
VSync: Sync reset
VSync: Sync reset
VSync: Sync reset
VSync: Sync reset
VSync: Sync reset
VSync: Sync reset
VSync: Sync reset
VSync: Sync reset
VSync: Sync reset
VSync: Sync reset
VSync: Sync reset
VSync: Sync reset
VSync: Sync reset
VSync: Sync reset
VSync: Sync reset
VSync: Sync reset
VSync: Sync reset
VSync: Sync reset
VSync: Sync reset
VSync: Sync reset
VSync: Sync reset
VSync: Sync reset
VSync: Sync reset
VSync: Sync reset
VSync: Sync reset
VSync: Sync reset
VSync: Sync reset
VSync: Sync reset
VSync: Sync reset
VSync: Sync reset
VSync: Sync reset
VSync: Sync reset
VSync: Sync reset
VSync: Sync reset
VSync: Sync reset
VSync: Sync reset
VSync: Sync reset
VSync: Sync reset
VSync: Sync reset
VSync: Sync reset
VSync: Sync reset
VSync: Sync reset
VSync: Sync reset
VSync: Sync reset
VSync: Sync reset
VSync: Sync reset
VSync: Sync reset
VSync: Sync reset
VSync: Sync reset
VSync: Sync reset
VSync: Sync reset
VSync: Sync reset
VSync: Sync reset
VSync: Sync reset
VSync: Sync reset
VSync: Sync reset
VSync: Sync reset
VSync: Sync reset
VSync: Sync reset
VSync: Sync reset
VSync: Sync reset
VSync: Sync reset
VSync: Sync reset
VSync: Sync reset
VSync: Sync reset
VSync: Sync reset
VSync: Sync reset
VSync: Sync reset
VSync: Sync reset
VSync: Sync reset
VSync: Sync reset
VSync: Sync reset
VSync: Sync reset
VSync: Sync reset
VSync: Sync reset
VSync: Sync reset
VSync: Sync reset
VSync: Sync reset
VSync: Sync reset
VSync: Sync reset
VSync: Sync reset
VSync: Sync reset
VSync: Sync reset
VSync: Sync reset
VSync: Sync reset
VSync: Sync reset
VSync: Sync reset
VSync: Sync reset
VSync: Sync reset
VSync: Sync reset
VSync: Sync reset
VSync: Sync reset
VSync: Sync reset
VSync: Sync reset
VSync: Sync reset
VSync: Sync reset
VSync: Sync reset
VSync: Sync reset
VSync: Sync reset
VSync: Sync reset
VSync: Sync reset
VSync: Sync reset
VSync: Sync reset
VSync: Sync reset
VSync: Sync reset
VSync: Sync reset
VSync: Sync reset
VSync: Sync reset
VSync: Sync reset
VSync: Sync reset
VSync: Sync reset
VSync: Sync reset
VSync: Sync reset
VSync: Sync reset
VSync: Sync reset
VSync: Sync reset
VSync: Sync reset
VSync: Sync reset
VSync: Sync reset
VSync: Sync reset
VSync: Sync reset
VSync: Sync reset
VSync: Sync reset
VSync: Sync reset
VSync: Sync reset
VSync: Sync reset
VSync: Sync reset
VSync: Sync reset
VSync: Sync reset
VSync: Sync reset
VSync: Sync reset
VSync: Sync reset
VSync: Sync reset
VSync: Sync reset
VSync: Sync reset
VSync: Sync reset
VSync: Sync reset
VSync: Sync reset
VSync: Sync reset
VSync: Sync reset
VSync: Sync reset
VSync: Sync reset
VSync: Sync reset
VSync: Sync reset
VSync: Sync reset
VSync: Sync reset
VSync: Sync reset
VSync: Sync reset
VSync: Sync reset
VSync: Sync reset
VSync: Sync reset
VSync: Sync reset
VSync: Sync reset
VSync: Sync reset
VSync: Sync reset
VSync: Sync reset
VSync: Sync reset
VSync: Sync reset
VSync: Sync reset
VSync: Sync reset
VSync: Sync reset
VSync: Sync reset
VSync: Sync reset
VSync: Sync reset
VSync: Sync reset
VSync: Sync reset
VSync: Sync reset
VSync: Sync reset
VSync: Sync reset
VSync: Sync reset
VSync: Sync reset
VSync: Sync reset
VSync: Sync reset
VSync: Sync reset
VSync: Sync reset
VSync: Sync reset
VSync: Sync reset
VSync: Sync reset
VSync: Sync reset
VSync: Sync reset
VSync: Sync reset
VSync: Sync reset
VSync: Sync reset
VSync: Sync reset
VSync: Sync reset
VSync: Sync reset
VSync: Sync reset
VSync: Sync reset
VSync: Sync reset
VSync: Sync reset
VSync: Sync reset
VSync: Sync reset
VSync: Sync reset
VSync: Sync reset
VSync: Sync reset
VSync: Sync reset
VSync: Sync reset
VSync: Sync reset
VSync: Sync reset
VSync: Sync reset
VSync: Sync reset
VSync: Sync reset
VSync: Sync reset
VSync: Sync reset
VSync: Sync reset
VSync: Sync reset
VSync: Sync reset
VSync: Sync reset
VSync: Sync reset
VSync: Sync reset
VSync: Sync reset
VSync: Sync reset
VSync: Sync reset
VSync: Sync reset
VSync: Sync reset
VSync: Sync reset
VSync: Sync reset
VSync: Sync reset
VSync: Sync reset
VSync: Sync reset
VSync: Sync reset
VSync: Sync reset
VSync: Sync reset
VSync: Sync reset
VSync: Sync reset
VSync: Sync reset
VSync: Sync reset
VSync: Sync reset
VSync: Sync reset
VSync: Sync reset
VSync: Sync reset
VSync: Sync reset
VSync: Sync reset
VSync: Sync reset
VSync: Sync reset
VSync: Sync reset
VSync: Sync reset
VSync: Sync reset
VSync: Sync reset
VSync: Sync reset
VSync: Sync reset
VSync: Sync reset
VSync: Sync reset
VSync: Sync reset
VSync: Sync reset
VSync: Sync reset
VSync: Sync reset
VSync: Sync reset
VSync: Sync reset
VSync: Sync reset
VSync: Sync reset
VSync: Sync reset
VSync: Sync reset
VSync: Sync reset
VSync: Sync reset
VSync: Sync reset
VSync: Sync reset
VSync: Sync reset
VSync: Sync reset
VSync: Sync reset
VSync: Sync reset
VSync: Sync reset
VSync: Sync reset
VSync: Sync reset
VSync: Sync reset
VSync: Sync reset
VSync: Sync reset
VSync: Sync reset
VSync: Sync reset
VSync: Sync reset
VSync: Sync reset
VSync: Sync reset
VSync: Sync reset
VSync: Sync reset
VSync: Sync reset
VSync: Sync reset
VSync: Sync reset
VSync: Sync reset
VSync: Sync reset
VSync: Sync reset
VSync: Sync reset
VSync: Sync reset
VSync: Sync reset
VSync: Sync reset
VSync: Sync reset
VSync: Sync reset
VSync: Sync reset
VSync: Sync reset
VSync: Sync reset
VSync: Sync reset
VSync: Sync reset
VSync: Sync reset
VSync: Sync reset
VSync: Sync reset
VSync: Sync reset
VSync: Sync reset
VSync: Sync reset
VSync: Sync reset
VSync: Sync reset
VSync: Sync reset
VSync: Sync reset
VSync: Sync reset
VSync: Sync reset
VSync: Sync reset
VSync: Sync reset
VSync: Sync reset
VSync: Sync reset
VSync: Sync reset
VSync: Sync reset
VSync: Sync reset
VSync: Sync reset
VSync: Sync reset
VSync: Sync reset
VSync: Sync reset
VSync: Sync reset
VSync: Sync reset
VSync: Sync reset
VSync: Sync reset
VSync: Sync reset
VSync: Sync reset
VSync: Sync reset
VSync: Sync reset
VSync: Sync reset
VSync: Sync reset
VSync: Sync reset
VSync: Sync reset
VSync: Sync reset
VSync: Sync reset
VSync: Sync reset
VSync: Sync reset
VSync: Sync reset
VSync: Sync reset
VSync: Sync reset
VSync: Sync reset
VSync: Sync reset
VSync: Sync reset
VSync: Sync reset
VSync: Sync reset
VSync: Sync reset
VSync: Sync reset
VSync: Sync reset
VSync: Sync reset
VSync: Sync reset
VSync: Sync reset
VSync: Sync reset
VSync: Sync reset
VSync: Sync reset
VSync: Sync reset
VSync: Sync reset
VSync: Sync reset
VSync: Sync reset
VSync: Sync reset
VSync: Sync reset
VSync: Sync reset
VSync: Sync reset
VSync: Sync reset
VSync: Sync reset
VSync: Sync reset
VSync: Sync reset
VSync: Sync reset
VSync: Sync reset
VSync: Sync reset
VSync: Sync reset
VSync: Sync reset
VSync: Sync reset
VSync: Sync reset
VSync: Sync reset
VSync: Sync reset
VSync: Sync reset
VSync: Sync reset
VSync: Sync reset
VSync: Sync reset
VSync: Sync reset
VSync: Sync reset
VSync: Sync reset
VSync: Sync reset
VSync: Sync reset
VSync: Sync reset
VSync: Sync reset
VSync: Sync reset
VSync: Sync reset
VSync: Sync reset
VSync: Sync reset
VSync: Sync reset
VSync: Sync reset
VSync: Sync reset
VSync: Sync reset
VSync: Sync reset
VSync: Sync reset
VSync: Sync reset
VSync: Sync reset
VSync: Sync reset
VSync: Sync reset
VSync: Sync reset
VSync: Sync reset
VSync: Sync reset
VSync: Sync reset
VSync: Sync reset
VSync: Sync reset
VSync: Sync reset
VSync: Sync reset
VSync: Sync reset
VSync: Sync reset
VSync: Sync reset
VSync: Sync reset
VSync: Sync reset
VSync: Sync reset
VSync: Sync reset
VSync: Sync reset
VSync: Sync reset
VSync: Sync reset
VSync: Sync reset
VSync: Sync reset
VSync: Sync reset
VSync: Sync reset
VSync: Sync reset
VSync: Sync reset
VSync: Sync reset
VSync: Sync reset
VSync: Sync reset
VSync: Sync reset
VSync: Sync reset
VSync: Sync reset
VSync: Sync reset
VSync: Sync reset
VSync: Sync reset
VSync: Sync reset
VSync: Sync reset
VSync: Sync reset
VSync: Sync reset
VSync: Sync reset
VSync: Sync reset
VSync: Sync reset
VSync: Sync reset
VSync: Sync reset
VSync: Sync reset
VSync: Sync reset
VSync: Sync reset
VSync: Sync reset
VSync: Sync reset
VSync: Sync reset
VSync: Sync reset
VSync: Sync reset
VSync: Sync reset
VSync: Sync reset
VSync: Sync reset
VSync: Sync reset
VSync: Sync reset
VSync: Sync reset
VSync: Sync reset
VSync: Sync reset
VSync: Sync reset
VSync: Sync reset
VSync: Sync reset
VSync: Sync reset
VSync: Sync reset
VSync: Sync reset
VSync: Sync reset
VSync: Sync reset
VSync: Sync reset
VSync: Sync reset
VSync: Sync reset
VSync: Sync reset
VSync: Sync reset
VSync: Sync reset
VSync: Sync reset
VSync: Sync reset
VSync: Sync reset
VSync: Sync reset
VSync: Sync reset
VSync: Sync reset
VSync: Sync reset
VSync: Sync reset
VSync: Sync reset
VSync: Sync reset
VSync: Sync reset
VSync: Sync reset
VSync: Sync reset
VSync: Sync reset
VSync: Sync reset
VSync: Sync reset
VSync: Sync reset
VSync: Sync reset
VSync: Sync reset
VSync: Sync reset
VSync: Sync reset
VSync: Sync reset
VSync: Sync reset
VSync: Sync reset
VSync: Sync reset
VSync: Sync reset
VSync: Sync reset
VSync: Sync reset
VSync: Sync reset
VSync: Sync reset
VSync: Sync reset
VSync: Sync reset
VSync: Sync reset
VSync: Sync reset
VSync: Sync reset
VSync: Sync reset
VSync: Sync reset
VSync: Sync reset
VSync: Sync reset
VSync: Sync reset
VSync: Sync reset
VSync: Sync reset
VSync: Sync reset
VSync: Sync reset
VSync: Sync reset
VSync: Sync reset
VSync: Sync reset
VSync: Sync reset
VSync: Sync reset
VSync: Sync reset
VSync: Sync reset
VSync: Sync reset
VSync: Sync reset
VSync: Sync reset
VSync: Sync reset
VSync: Sync reset
VSync: Sync reset
VSync: Sync reset
VSync: Sync reset
VSync: Sync reset
VSync: Sync reset
VSync: Sync reset
VSync: Sync reset
VSync: Sync reset
VSync: Sync reset
VSync: Sync reset
VSync: Sync reset
VSync: Sync reset
VSync: Sync reset
VSync: Sync reset
VSync: Sync reset
VSync: Sync reset
VSync: Sync reset
VSync: Sync reset
VSync: Sync reset
VSync: Sync reset
VSync: Sync reset
VSync: Sync reset
VSync: Sync reset
VSync: Sync reset
VSync: Sync reset
VSync: Sync reset
VSync: Sync reset
VSync: Sync reset
VSync: Sync reset
VSync: Sync reset
VSync: Sync reset
VSync: Sync reset
VSync: Sync reset
VSync: Sync reset
VSync: Sync reset
VSync: Sync reset
VSync: Sync reset
VSync: Sync reset
VSync: Sync reset
VSync: Sync reset
VSync: Sync reset
VSync: Sync reset
VSync: Sync reset
VSync: Sync reset
VSync: Sync reset
VSync: Sync reset
VSync: Sync reset
VSync: Sync reset
VSync: Sync reset
VSync: Sync reset
VSync: Sync reset
VSync: Sync reset
VSync: Sync reset
VSync: Sync reset
VSync: Sync reset
VSync: Sync reset
VSync: Sync reset
VSync: Sync reset
VSync: Sync reset
VSync: Sync reset
VSync: Sync reset
VSync: Sync reset
VSync: Sync reset
VSync: Sync reset
VSync: Sync reset
VSync: Sync reset
VSync: Sync reset
VSync: Sync reset
VSync: Sync reset
VSync: Sync reset
VSync: Sync reset
VSync: Sync reset
VSync: Sync reset
VSync: Sync reset
VSync: Sync reset
VSync: Sync reset
VSync: Sync reset
VSync: Sync reset
VSync: Sync reset
VSync: Sync reset
VSync: Sync reset
VSync: Sync reset
VSync: Sync reset
VSync: Sync reset
VSync: Sync reset
VSync: Sync reset
VSync: Sync reset
VSync: Sync reset
VSync: Sync reset
VSync: Sync reset
VSync: Sync reset
VSync: Sync reset
VSync: Sync reset
VSync: Sync reset
VSync: Sync reset
VSync: Sync reset
VSync: Sync reset
VSync: Sync reset
VSync: Sync reset
VSync: Sync reset
VSync: Sync reset
VSync: Sync reset
VSync: Sync reset
VSync: Sync reset
VSync: Sync reset
VSync: Sync reset
VSync: Sync reset
VSync: Sync reset
VSync: Sync reset
VSync: Sync reset
VSync: Sync reset
VSync: Sync reset
VSync: Sync reset
VSync: Sync reset
VSync: Sync reset
VSync: Sync reset
VSync: Sync reset
VSync: Sync reset
VSync: Sync reset
VSync: Sync reset
VSync: Sync reset
VSync: Sync reset
VSync: Sync reset
VSync: Sync reset
VSync: Sync reset
VSync: Sync reset
VSync: Sync reset
VSync: Sync reset
VSync: Sync reset
VSync: Sync reset
VSync: Sync reset
VSync: Sync reset
VSync: Sync reset
VSync: Sync reset
VSync: Sync reset
VSync: Sync reset
VSync: Sync reset
VSync: Sync reset
VSync: Sync reset
VSync: Sync reset
VSync: Sync reset
VSync: Sync reset
VSync: Sync reset
VSync: Sync reset
VSync: Sync reset
VSync: Sync reset
VSync: Sync reset
VSync: Sync reset
VSync: Sync reset
VSync: Sync reset
VSync: Sync reset
VSync: Sync reset
VSync: Sync reset
VSync: Sync reset
VSync: Sync reset
VSync: Sync reset
VSync: Sync reset
VSync: Sync reset
VSync: Sync reset
VSync: Sync reset
VSync: Sync reset
VSync: Sync reset
VSync: Sync reset
VSync: Sync reset
VSync: Sync reset
VSync: Sync reset
VSync: Sync reset
VSync: Sync reset
VSync: Sync reset
VSync: Sync reset
VSync: Sync reset
VSync: Sync reset
VSync: Sync reset
VSync: Sync reset
VSync: Sync reset
VSync: Sync reset
VSync: Sync reset
VSync: Sync reset
VSync: Sync reset
VSync: Sync reset
VSync: Sync reset
VSync: Sync reset
VSync: Sync reset
VSync: Sync reset
VSync: Sync reset
VSync: Sync reset
VSync: Sync reset
VSync: Sync reset
VSync: Sync reset
VSync: Sync reset
VSync: Sync reset
VSync: Sync reset
VSync: Sync reset
VSync: Sync reset
VSync: Sync reset
VSync: Sync reset
VSync: Sync reset
VSync: Sync reset
VSync: Sync reset
VSync: Sync reset
VSync: Sync reset
VSync: Sync reset
VSync: Sync reset
VSync: Sync reset
VSync: Sync reset
VSync: Sync reset
VSync: Sync reset
VSync: Sync reset
VSync: Sync reset
VSync: Sync reset
VSync: Sync reset
VSync: Sync reset
VSync: Sync reset
VSync: Sync reset
VSync: Sync reset
VSync: Sync reset
VSync: Sync reset
VSync: Sync reset
VSync: Sync reset
VSync: Sync reset
VSync: Sync reset
VSync: Sync reset
VSync: Sync reset
VSync: Sync reset
VSync: Sync reset
VSync: Sync reset
VSync: Sync reset
VSync: Sync reset
VSync: Sync reset
VSync: Sync reset
VSync: Sync reset
VSync: Sync reset
VSync: Sync reset
VSync: Sync reset
VSync: Sync reset
VSync: Sync reset
VSync: Sync reset
VSync: Sync reset
VSync: Sync reset
VSync: Sync reset
VSync: Sync reset
VSync: Sync reset
VSync: Sync reset
VSync: Sync reset
VSync: Sync reset
VSync: Sync reset
VSync: Sync reset
VSync: Sync reset
VSync: Sync reset
VSync: Sync reset
VSync: Sync reset
VSync: Sync reset
VSync: Sync reset
VSync: Sync reset
VSync: Sync reset
VSync: Sync reset
VSync: Sync reset
VSync: Sync reset
VSync: Sync reset
VSync: Sync reset
VSync: Sync reset
VSync: Sync reset
VSync: Sync reset
VSync: Sync reset
VSync: Sync reset
VSync: Sync reset
VSync: Sync reset
VSync: Sync reset
VSync: Sync reset
VSync: Sync reset
VSync: Sync reset
VSync: Sync reset
VSync: Sync reset
VSync: Sync reset
VSync: Sync reset
VSync: Sync reset
VSync: Sync reset
VSync: Sync reset
VSync: Sync reset
VSync: Sync reset
VSync: Sync reset
VSync: Sync reset
VSync: Sync reset
VSync: Sync reset
VSync: Sync reset
VSync: Sync reset
VSync: Sync reset
VSync: Sync reset
VSync: Sync reset
VSync: Sync reset
VSync: Sync reset
VSync: Sync reset
VSync: Sync reset
VSync: Sync reset
VSync: Sync reset
VSync: Sync reset
VSync: Sync reset
VSync: Sync reset
VSync: Sync reset
VSync: Sync reset
VSync: Sync reset
VSync: Sync reset
VSync: Sync reset
VSync: Sync reset
VSync: Sync reset
VSync: Sync reset
VSync: Sync reset
VSync: Sync reset
VSync: Sync reset
VSync: Sync reset
VSync: Sync reset
VSync: Sync reset
VSync: Sync reset
VSync: Sync reset
VSync: Sync reset
VSync: Sync reset
VSync: Sync reset
VSync: Sync reset
VSync: Sync reset
VSync: Sync reset
VSync: Sync reset
VSync: Sync reset
VSync: Sync reset
VSync: Sync reset
VSync: Sync reset
VSync: Sync reset
VSync: Sync reset
VSync: Sync reset
VSync: Sync reset
VSync: Sync reset
VSync: Sync reset
VSync: Sync reset
VSync: Sync reset
VSync: Sync reset
VSync: Sync reset
VSync: Sync reset
VSync: Sync reset
VSync: Sync reset
VSync: Sync reset
VSync: Sync reset
VSync: Sync reset
VSync: Sync reset
VSync: Sync reset
VSync: Sync reset
VSync: Sync reset
VSync: Sync reset
VSync: Sync reset
VSync: Sync reset
VSync: Sync reset
VSync: Sync reset
VSync: Sync reset
VSync: Sync reset
VSync: Sync reset
VSync: Sync reset
VSync: Sync reset
VSync: Sync reset
VSync: Sync reset
VSync: Sync reset
VSync: Sync reset
VSync: Sync reset
VSync: Sync reset
VSync: Sync reset
VSync: Sync reset
VSync: Sync reset
VSync: Sync reset
VSync: Sync reset
VSync: Sync reset
VSync: Sync reset
VSync: Sync reset
VSync: Sync reset
VSync: Sync reset
VSync: Sync reset
VSync: Sync reset
VSync: Sync reset
VSync: Sync reset
VSync: Sync reset
VSync: Sync reset
VSync: Sync reset
VSync: Sync reset
VSync: Sync reset
VSync: Sync reset
VSync: Sync reset
VSync: Sync reset
VSync: Sync reset
VSync: Sync reset
VSync: Sync reset
VSync: Sync reset
VSync: Sync reset
VSync: Sync reset
VSync: Sync reset
VSync: Sync reset
VSync: Sync reset
VSync: Sync reset
VSync: Sync reset
VSync: Sync reset
VSync: Sync reset
VSync: Sync reset
VSync: Sync reset
VSync: Sync reset
VSync: Sync reset
VSync: Sync reset
VSync: Sync reset
VSync: Sync reset
VSync: Sync reset
VSync: Sync reset
VSync: Sync reset
VSync: Sync reset
VSync: Sync reset
VSync: Sync reset
VSync: Sync reset
VSync: Sync reset
VSync: Sync reset
VSync: Sync reset
VSync: Sync reset
VSync: Sync reset
VSync: Sync reset
VSync: Sync reset
VSync: Sync reset
VSync: Sync reset
VSync: Sync reset
VSync: Sync reset
VSync: Sync reset
VSync: Sync reset
VSync: Sync reset
VSync: Sync reset
VSync: Sync reset
VSync: Sync reset
VSync: Sync reset
VSync: Sync reset
VSync: Sync reset
VSync: Sync reset
VSync: Sync reset
VSync: Sync reset
VSync: Sync reset
VSync: Sync reset
VSync: Sync reset
VSync: Sync reset
VSync: Sync reset
VSync: Sync reset
VSync: Sync reset
VSync: Sync reset
VSync: Sync reset
VSync: Sync reset
VSync: Sync reset
VSync: Sync reset
VSync: Sync reset
VSync: Sync reset
VSync: Sync reset
VSync: Sync reset
VSync: Sync reset
VSync: Sync reset
VSync: Sync reset
VSync: Sync reset
VSync: Sync reset
VSync: Sync reset
VSync: Sync reset
VSync: Sync reset
VSync: Sync reset
VSync: Sync reset
VSync: Sync reset
VSync: Sync reset
VSync: Sync reset
VSync: Sync reset
VSync: Sync reset
VSync: Sync reset
VSync: Sync reset
VSync: Sync reset
VSync: Sync reset
VSync: Sync reset
VSync: Sync reset
VSync: Sync reset
VSync: Sync reset
VSync: Sync reset
VSync: Sync reset
VSync: Sync reset
VSync: Sync reset
VSync: Sync reset
VSync: Sync reset
VSync: Sync reset
VSync: Sync reset
VSync: Sync reset
VSync: Sync reset
VSync: Sync reset
VSync: Sync reset
VSync: Sync reset
VSync: Sync reset
VSync: Sync reset
VSync: Sync reset
VSync: Sync reset
VSync: Sync reset
VSync: Sync reset
VSync: Sync reset
VSync: Sync reset
VSync: Sync reset
VSync: Sync reset
VSync: Sync reset
VSync: Sync reset
VSync: Sync reset
VSync: Sync reset
VSync: Sync reset
VSync: Sync reset
VSync: Sync reset
VSync: Sync reset
VSync: Sync reset
VSync: Sync reset
VSync: Sync reset
VSync: Sync reset
VSync: Sync reset
VSync: Sync reset
VSync: Sync reset
VSync: Sync reset
VSync: Sync reset
VSync: Sync reset
VSync: Sync reset
VSync: Sync reset
VSync: Sync reset
VSync: Sync reset
VSync: Sync reset
VSync: Sync reset
VSync: Sync reset
VSync: Sync reset
VSync: Sync reset
VSync: Sync reset
VSync: Sync reset
VSync: Sync reset
VSync: Sync reset
VSync: Sync reset
VSync: Sync reset
VSync: Sync reset
VSync: Sync reset
VSync: Sync reset
VSync: Sync reset
VSync: Sync reset
VSync: Sync reset
VSync: Sync reset
VSync: Sync reset
VSync: Sync reset
VSync: Sync reset
VSync: Sync reset
VSync: Sync reset
VSync: Sync reset
VSync: Sync reset
VSync: Sync reset
VSync: Sync reset
VSync: Sync reset
VSync: Sync reset
VSync: Sync reset
VSync: Sync reset
VSync: Sync reset
VSync: Sync reset
VSync: Sync reset
VSync: Sync reset
VSync: Sync reset
VSync: Sync reset
VSync: Sync reset
VSync: Sync reset
VSync: Sync reset
VSync: Sync reset
VSync: Sync reset
VSync: Sync reset
VSync: Sync reset
VSync: Sync reset
VSync: Sync reset
VSync: Sync reset
VSync: Sync reset
VSync: Sync reset
VSync: Sync reset
VSync: Sync reset
VSync: Sync reset
VSync: Sync reset
VSync: Sync reset
VSync: Sync reset
VSync: Sync reset
VSync: Sync reset
VSync: Sync reset
VSync: Sync reset
VSync: Sync reset
VSync: Sync reset
VSync: Sync reset
VSync: Sync reset
VSync: Sync reset
VSync: Sync reset
VSync: Sync reset
VSync: Sync reset
VSync: Sync reset
VSync: Sync reset
VSync: Sync reset
VSync: Sync reset
VSync: Sync reset
VSync: Sync reset
VSync: Sync reset
VSync: Sync reset
VSync: Sync reset
VSync: Sync reset
VSync: Sync reset
VSync: Sync reset
VSync: Sync reset
VSync: Sync reset
VSync: Sync reset
VSync: Sync reset
VSync: Sync reset
VSync: Sync reset
VSync: Sync reset
VSync: Sync reset
VSync: Sync reset
VSync: Sync reset
VSync: Sync reset
VSync: Sync reset
VSync: Sync reset
VSync: Sync reset
VSync: Sync reset
VSync: Sync reset
VSync: Sync reset
VSync: Sync reset
VSync: Sync reset
VSync: Sync reset
VSync: Sync reset
VSync: Sync reset
VSync: Sync reset
VSync: Sync reset
VSync: Sync reset
VSync: Sync reset
VSync: Sync reset
VSync: Sync reset
VSync: Sync reset
VSync: Sync reset
VSync: Sync reset
VSync: Sync reset
VSync: Sync reset
VSync: Sync reset
VSync: Sync reset
VSync: Sync reset
VSync: Sync reset
VSync: Sync reset
VSync: Sync reset
VSync: Sync reset
VSync: Sync reset
VSync: Sync reset
VSync: Sync reset
VSync: Sync reset
VSync: Sync reset
VSync: Sync reset
VSync: Sync reset
VSync: Sync reset
VSync: Sync reset
VSync: Sync reset
VSync: Sync reset
VSync: Sync reset
VSync: Sync reset
VSync: Sync reset
VSync: Sync reset
VSync: Sync reset
VSync: Sync reset
VSync: Sync reset
VSync: Sync reset
VSync: Sync reset
VSync: Sync reset
VSync: Sync reset
VSync: Sync reset
VSync: Sync reset
VSync: Sync reset
VSync: Sync reset
VSync: Sync reset
VSync: Sync reset
VSync: Sync reset
VSync: Sync reset
VSync: Sync reset
VSync: Sync reset
VSync: Sync reset
VSync: Sync reset
VSync: Sync reset
VSync: Sync reset
VSync: Sync reset
VSync: Sync reset
VSync: Sync reset
VSync: Sync reset
VSync: Sync reset
VSync: Sync reset
VSync: Sync reset
VSync: Sync reset
VSync: Sync reset
VSync: Sync reset
VSync: Sync reset
VSync: Sync reset
VSync: Sync reset
VSync: Sync reset
VSync: Sync reset
VSync: Sync reset
VSync: Sync reset
VSync: Sync reset
VSync: Sync reset
VSync: Sync reset
VSync: Sync reset
VSync: Sync reset
VSync: Sync reset
VSync: Sync reset
VSync: Sync reset
VSync: Sync reset
VSync: Sync reset
VSync: Sync reset
VSync: Sync reset
VSync: Sync reset
VSync: Sync reset
VSync: Sync reset
VSync: Sync reset
VSync: Sync reset
VSync: Sync reset
VSync: Sync reset
VSync: Sync reset
VSync: Sync reset
VSync: Sync reset
VSync: Sync reset
VSync: Sync reset
VSync: Sync reset
VSync: Sync reset
VSync: Sync reset
VSync: Sync reset
VSync: Sync reset
VSync: Sync reset
VSync: Sync reset
VSync: Sync reset
VSync: Sync reset
VSync: Sync reset
VSync: Sync reset
VSync: Sync reset
VSync: Sync reset
VSync: Sync reset
VSync: Sync reset
VSync: Sync reset
VSync: Sync reset
VSync: Sync reset
VSync: Sync reset
VSync: Sync reset
VSync: Sync reset
VSync: Sync reset
VSync: Sync reset
VSync: Sync reset
VSync: Sync reset
VSync: Sync reset
VSync: Sync reset
VSync: Sync reset
VSync: Sync reset
VSync: Sync reset
VSync: Sync reset
VSync: Sync reset
VSync: Sync reset
VSync: Sync reset
VSync: Sync reset
VSync: Sync reset
VSync: Sync reset
VSync: Sync reset
VSync: Sync reset
VSync: Sync reset
VSync: Sync reset
VSync: Sync reset
VSync: Sync reset
VSync: Sync reset
VSync: Sync reset
VSync: Sync reset
VSync: Sync reset
VSync: Sync reset
VSync: Sync reset
VSync: Sync reset
VSync: Sync reset
VSync: Sync reset
VSync: Sync reset
VSync: Sync reset
VSync: Sync reset
VSync: Sync reset
VSync: Sync reset

Configure Flags:
--prefix=/app --enable-native-gtk3ui --enable-external-ffmpeg --disable-pdf-docs --without-oss

Resources with non default values:
LogFileName="/var/home/salvogendut/Dev/UDEKS/build/four-apps/native-final-d64/vice.log"
JAMAction=5
Sound=0
Drive8Type=1541
MonitorServerAddress="ip4://127.0.0.1:57799"
MonitorServer=1

reconstructed commandline options (might be incomplete):
-default -logfile "/var/home/salvogendut/Dev/UDEKS/build/four-apps/native-final-d64/vice.log" -jamaction "5" +sound -drive8type "1541" -remotemonitor -remotemonitoraddress "ip4://127.0.0.1:57799"

