PC=FF74 1581=AF5F jam=0 rawIEC=1 fdc=00 track=0 sector=0 request=00/00/00 exit=0
PC=E4AB 1581=AD37 jam=0 rawIEC=1 fdc=80 track=3 sector=10 request=00/00/00 exit=0
PC=E56F 1581=AD20 jam=0 rawIEC=1 fdc=00 track=6 sector=7 request=00/00/00 exit=0
PC=E3AE 1581=CD1A jam=0 rawIEC=1 fdc=81 track=0 sector=0 request=00/00/00 exit=0
PC=E4A8 1581=ADF4 jam=0 rawIEC=1 fdc=80 track=4 sector=9 request=00/00/00 exit=0
PC=E496 1581=AD2F jam=0 rawIEC=1 fdc=00 track=8 sector=6 request=00/00/00 exit=0
PC=E70E 1581=AD37 jam=0 rawIEC=1 fdc=00 track=10 sector=10 request=01/01/00 exit=0
PC=E4DF 1581=AE8C jam=0 rawIEC=1 fdc=00 track=11 sector=6 request=01/06/00 exit=0
command: xclock & -> accepted (Return release=1587 frames)
command: xwave & -> accepted (Return release=1651 frames)
resize progress: 100 frames, projected 948 bytes, done 0, drag 0, focused 2, time 2:17, compositions 12
resize progress: 200 frames, projected 1128 bytes, done 1, drag 0, focused 2, time 2:17, compositions 12
resize progress: 300 frames, projected 1128 bytes, done 1, drag 0, focused 2, time 2:17, compositions 12
resize progress: 400 frames, projected 1128 bytes, done 1, drag 0, focused 2, time 2:17, compositions 12
resize published without further input after 410 PAL frames (projection 118, maximum input-poll gap 7)
command: xcalc & -> accepted (Return release=47 frames)
calculator 1.25+2.75= => 400 (expected 400)
command: xdraw & -> accepted (Return release=742 frames)
resize progress: 100 frames, projected 490 bytes, done 0, drag 0, focused 2, time 5:41, compositions 34
resize progress: 200 frames, projected 981 bytes, done 0, drag 0, focused 2, time 5:43, compositions 34
resize progress: 300 frames, projected 1128 bytes, done 1, drag 0, focused 2, time 5:44, compositions 34
resize progress: 400 frames, projected 1128 bytes, done 1, drag 0, focused 2, time 5:44, compositions 34
resize progress: 500 frames, projected 1128 bytes, done 1, drag 0, focused 2, time 5:44, compositions 34
resize published without further input after 588 PAL frames (projection 230, maximum input-poll gap 7)
command: cowsay four native -> accepted (Return release=47 frames)
command: xclock & -> accepted (Return release=53 frames)
command: xclock -q -> accepted (Return release=204 frames)
command: xclock & -> accepted (Return release=881 frames)
command: xwave -q -> accepted (Return release=49 frames)
command: xwave & -> accepted (Return release=879 frames)
command: xcalc -q -> accepted (Return release=268 frames)
command: xcalc & -> accepted (Return release=1162 frames)
command: xdraw -q -> accepted (Return release=48 frames)
command: xdraw & -> accepted (Return release=48 frames)
command: xdraw -q -> accepted (Return release=48 frames)
command: xdraw -> accepted (Return release=1387 frames)
command: xdraw & -> accepted (Return release=48 frames)
command: xinit -q -> accepted (Return release=48 frames)
command: echo input survived -> accepted (Return release=91 frames)
PASS four native: mouse drag/resize, held outline, worker reuse, arithmetic, drawing, console, capacity, reload, Ctrl+C, guards, canvas
