PC=FF74 drive=EAB7 jam=0 speed=1 CIA2=07/3F bus=110 via=02/1A request=00/00/00 exit=0
PC=E3BC drive=D59C jam=0 speed=0 CIA2=0F/3F bus=010 via=00/1A request=00/00/00 exit=0
PC=E572 drive=E9C3 jam=0 speed=0 CIA2=27/3F bus=100 via=0D/1A request=00/00/00 exit=0
PC=E3B7 drive=F866 jam=0 speed=0 CIA2=0F/3F bus=010 via=00/1A request=00/00/00 exit=0
PC=E45F drive=E9AE jam=0 speed=0 CIA2=47/3F bus=111 via=05/1A request=00/00/00 exit=0
PC=E4B1 drive=E968 jam=0 speed=0 CIA2=47/3F bus=101 via=0D/1A request=00/00/00 exit=0
PC=F7DA drive=D40C jam=0 speed=0 CIA2=A7/3F bus=100 via=0C/1A request=00/00/00 exit=0
PC=9243 drive=F9D9 jam=0 speed=0 CIA2=07/3F bus=111 via=00/1A request=02/06/00 exit=0
command: save /denied 1 -> accepted (Return release=768 frames)
PASS save /denied 1: Read-only filesystem
command: df -> accepted (Return release=949 frames)
PASS df: Read-only mount
command: mount -o remount,rw 8 / -> accepted (Return release=676 frames)
PASS mount -o remount,rw 8 /: ready (read-write)
command: df -> accepted (Return release=947 frames)
PASS df: Read-write mount
command: save /binary 515 -> accepted (Return release=1632 frames)
PASS save /binary 515: save: created and verified
command: save /zero 0 -> accepted (Return release=1963 frames)
PASS save /zero 0: save: created and verified
command: save /binary 515 -> accepted (Return release=1029 frames)
PASS save /binary 515: File exists
command: save /nmitest 515 -> accepted (Return release=1756 frames)
PASS save /nmitest 515: save: created and verified
PASS RESTORE and CIA2 NMI drained, count=1027
command: xclock & -> accepted (Return release=1468 frames)
command: save /graphics 24 -> accepted (Return release=1577 frames)
PASS save /graphics 24: save: created and verified
command: xclock -q -> accepted (Return release=121 frames)
command: mount -o remount,ro 8 / -> accepted (Return release=779 frames)
PASS mount -o remount,ro 8 /: ready (read-only)
command: save /denied 1 -> accepted (Return release=826 frames)
PASS save /denied 1: Read-only filesystem
command: cat /hello -> accepted (Return release=1107 frames)
PASS cat /hello: HELLO UDEKS
PASS native 1986 public binary/empty write/readback, native input, RO defaults
