PC=FF74 1581=AF5F jam=0 rawIEC=1 fdc=00 track=0 sector=0 request=00/00/00 exit=0
PC=E49A 1581=AD37 jam=0 rawIEC=1 fdc=00 track=3 sector=5 request=00/00/00 exit=0
PC=E4A8 1581=AD37 jam=0 rawIEC=1 fdc=00 track=6 sector=2 request=00/00/00 exit=0
PC=E3B1 1581=CD17 jam=0 rawIEC=1 fdc=81 track=0 sector=0 request=00/00/00 exit=0
PC=E49D 1581=AD37 jam=0 rawIEC=1 fdc=80 track=4 sector=5 request=00/00/00 exit=0
PC=E49D 1581=AE20 jam=0 rawIEC=1 fdc=00 track=8 sector=3 request=00/00/00 exit=0
PC=E6EE 1581=AD0F jam=0 rawIEC=1 fdc=00 track=10 sector=9 request=01/01/00 exit=0
PC=1707 1581=B11B jam=0 rawIEC=1 fdc=00 track=11 sector=5 request=01/06/00 exit=0
command: mount -o rw 9 /mnt -> accepted (Return release=978 frames)
PASS mount -o rw 9 /mnt: ready (read-write)
command: save -c /mnt/keep 24 -> accepted (Return release=1325 frames)
PASS save -c /mnt/keep 24: save: verified
command: save -c /mnt/recover 24 -> accepted (Return release=1300 frames)
PASS save -c /mnt/recover 24: save: verified
command: save -c /mnt/owner4 24 -> accepted (Return release=1311 frames)
PASS save -c /mnt/owner4 24: save: verified
command: cat /hello -> accepted (Return release=1321 frames)
PASS cat /hello: HELLO UDEKS
command: umount /mnt -> accepted (Return release=802 frames)
PASS umount /mnt: 
PASS native 1986 1581 ejection/recovery checks
