sim65 build/bench/storage-namespace/check > build/bench/storage-namespace/check.log
cl65 -t sim6502 --standard c99 -Os --static-locals -I include -I user/include -c -o build/bench/storage-mutation-sdk/check.o bench/storage-mutation-sdk/check.c
cl65 -t sim6502 --standard c99 -Os --static-locals -I include -I user/include -c -o build/bench/storage-mutation-sdk/filesystem.o user/lib/filesystem.c
cl65 -t sim6502 --standard c99 -Os --static-locals -I include -I user/include -c -o build/bench/storage-mutation-sdk/file_mutation.o user/lib/file_mutation.c
ca65 --cpu 6502 -o build/bench/storage-mutation-sdk/file_mutation_request.o user/lib/file_mutation_request.s
sim65 build/bench/storage-mutation-sdk/backend > build/bench/storage-mutation-sdk/backend.log
cl65 -t sim6502 --standard c99 -Os -I include -c -o build/8502/rectangle-test.o bench/graphics-delta/rectangle.c
cl65 -t sim6502 --standard c99 -Os -I include -c -o build/8502/input-test.o bench/graphics-input/check.c
ca65 -o build/8502/rectangle-test-stack.o bench/graphics-delta/stack.s
ca65 -o build/8502/rectangle-test-asm.o src/services/display/vic_rectangle.s
cl65 -t sim6502 -o build/8502/rectangle-test build/8502/rectangle-test.o \
	build/8502/rectangle-test-stack.o build/8502/rectangle-test-asm.o
cl65 -t sim6502 -m build/bench/storage-mutation-sdk/check.map -o build/bench/storage-mutation-sdk/check build/bench/storage-mutation-sdk/check.o build/bench/storage-mutation-sdk/filesystem.o build/bench/storage-mutation-sdk/file_mutation.o build/bench/storage-mutation-sdk/fs_request.o build/bench/storage-mutation-sdk/file_mutation_request.o
ca65 -D UDEKS_INPUT_TEST -o build/8502/input-test-asm.o src/services/window/graphics_event.s
cl65 -t sim6502 -o build/8502/input-test build/8502/input-test.o build/8502/input-test-asm.o
sim65 build/8502/rectangle-test
sim65 build/bench/storage-mutation-sdk/check > build/bench/storage-mutation-sdk/check.log
cat build/bench/storage-mutation-sdk/check.log
sim65 build/8502/input-test
PASS 24 SDK scenarios: cc65 stack, CF30 records, versions, sequence wrap, errors, cleanup, guards
PASS 1028 production rectangle calls: arguments and cc65 stack
PASS 2048 real-6502 input cases, geometry, copy and request guards
python3 tools/graphics_app_layout.py --build build \
	--output build/four-apps/layout.json
python3 tools/placement_audit.py --verify
python3 tools/storage_mutation_layout.py --policy
placement audit OK
{
  "status": "four independent graphical executables; placement verified",
  "baseline_apps": {
    "xclock": {
      "file": 2772,
      "image": 2182,
      "bss": 369,
      "allocation": 2551,
      "fits": [
        3,
        4,
        5
      ]
    },
    "xwave": {
      "file": 2483,
      "image": 1891,
      "bss": 1857,
      "allocation": 3748,
      "fits": [
        3,
        5
      ]
    },
    "xcalc": {
      "file": 4599,
      "image": 3747,
      "bss": 412,
      "allocation": 4159,
      "fits": [
        3
      ]
    },
    "xdraw": {
      "file": 1781,
      "image": 1479,
      "bss": 354,
      "allocation": 1833,
      "fits": [
        3,
        4,
        5,
        6
      ]
    }
  },
  "proposed": [
    {
      "name": "app 3 image+BSS",
      "bank": 1,
      "start": 8960,
      "limit": 13312
    },
    {
      "name": "app 3 software stack/guards/exit",
      "bank": 1,
      "start": 13312,
      "limit": 13568
    },
    {
      "name": "app 3 zero page",
      "bank": 1,
      "start": 54528,
      "limit": 54784
    },
    {
      "name": "app 3 hardware stack",
      "bank": 1,
      "start": 54784,
      "limit": 55040
    },
    {
      "name": "app 4 image+BSS",
      "bank": 1,
      "start": 13568,
      "limit": 16128
    },
    {
      "name": "app 4 software stack/guards/exit",
      "bank": 1,
      "start": 16128,
      "limit": 16384
    },
    {
      "name": "app 4 zero page",
      "bank": 1,
      "start": 55040,
      "limit": 55296
    },
    {
      "name": "app 4 hardware stack",
      "bank": 1,
      "start": 55296,
      "limit": 55552
    },
    {
      "name": "app 5 image+BSS",
      "bank": 1,
      "start": 32768,
      "limit": 36608
    },
    {
      "name": "app 5 software stack/guards/exit",
      "bank": 1,
      "start": 36608,
      "limit": 36864
    },
    {
      "name": "app 5 zero page",
      "bank": 1,
      "start": 53248,
      "limit": 53504
    },
    {
      "name": "app 5 hardware stack",
      "bank": 1,
      "start": 57856,
      "limit": 58112
    },
    {
      "name": "app 6 image+BSS",
      "bank": 1,
      "start": 50688,
      "limit": 52992
    },
    {
      "name": "app 6 software stack/guards/exit",
      "bank": 1,
      "start": 52992,
      "limit": 53248
    },
    {
      "name": "app 6 zero page",
      "bank": 1,
      "start": 0,
      "limit": 256
    },
    {
      "name": "app 6 hardware stack",
      "bank": 1,
      "start": 256,
      "limit": 512
    }
  ],
  "existing": [
    {
      "name": "kernel pages",
      "bank": 0,
      "start": 0,
      "limit": 512
    },
    {
      "name": "transient console slot",
      "bank": 0,
      "start": 512,
      "limit": 3072
    },
    {
      "name": "banked graphics service",
      "bank": 0,
      "start": 3072,
      "limit": 4864
    },
    {
      "name": "retained drawing pool",
      "bank": 0,
      "start": 4864,
      "limit": 7168
    },
    {
      "name": "scheduler page",
      "bank": 0,
      "start": 7168,
      "limit": 8192
    },
    {
      "name": "resident and scheduler tail",
      "bank": 0,
      "start": 8192,
      "limit": 53248
    },
    {
      "name": "resident high state and C stack",
      "bank": 0,
      "start": 57344,
      "limit": 61440
    },
    {
      "name": "common RAM",
      "bank": 0,
      "start": 61440,
      "limit": 65536
    },
    {
      "name": "native child and disk staging/stack",
      "bank": 1,
      "start": 512,
      "limit": 4608
    },
    {
      "name": "storage module",
      "bank": 1,
      "start": 4608,
      "limit": 6272
    },
    {
      "name": "relocation module",
      "bank": 1,
      "start": 6272,
      "limit": 6656
    },
    {
      "name": "task lookup module",
      "bank": 1,
      "start": 6656,
      "limit": 7936
    },
    {
      "name": "banked access module",
      "bank": 1,
      "start": 7936,
      "limit": 8192
    },
    {
      "name": "display/cache/bitmap/sprite",
      "bank": 1,
      "start": 16384,
      "limit": 32768
    },
    {
      "name": "ush",
      "bank": 1,
      "start": 36864,
      "limit": 40960
    },
    {
      "name": "recovery bootfs",
      "bank": 1,
      "start": 40960,
      "limit": 45056
    },
    {
      "name": "filesystem policy",
      "bank": 1,
      "start": 45056,
      "limit": 50688
    },
    {
      "name": "banked image loader",
      "bank": 1,
      "start": 55552,
      "limit": 57344
    },
    {
      "name": "storage state/software stack",
      "bank": 1,
      "start": 57344,
      "limit": 57856
    },
    {
      "name": "IEC driver and ush stack",
      "bank": 1,
      "start": 58112,
      "limit": 61440
    },
    {
      "name": "guarded storage high",
      "bank": 1,
      "start": 61440,
      "limit": 65280
    },
    {
      "name": "TASK zero page",
      "bank": 1,
      "start": 53504,
      "limit": 53760
    },
    {
      "name": "TASK hardware stack",
      "bank": 1,
      "start": 53760,
      "limit": 54016
    },
    {
      "name": "TASK2 zero page",
      "bank": 1,
      "start": 54016,
      "limit": 54272
    },
    {
      "name": "TASK2 hardware stack",
      "bank": 1,
      "start": 54272,
      "limit": 54528
    },
    {
      "name": "Z80 CODE",
      "bank": 1,
      "start": 8192,
      "limit": 8855
    }
  ],
  "calculator_current_allocation_spare": 193,
  "fourth_app_capacity": 2560,
  "fourth_app_allocation_spare": 471,
  "private_stack_reservation_per_banked_app": 256,
  "private_usable_stack_bytes": 160,
  "shared_retained_capacity": 2304,
  "resident_bridge_headroom": 3,
  "graphics_delivery_and_retention_lifetimes": {
    "before_first_native_launch": [
      {
        "name": "base graphics delivery",
        "bank": 1,
        "start": 50688,
        "limit": 52480
      },
      {
        "name": "paths delivery/container",
        "bank": 1,
        "start": 52480,
        "limit": 53504
      },
      {
        "name": "retired bootstrap context",
        "bank": 1,
        "start": 58082,
        "limit": 58112
      }
    ],
    "after_both_modules_installed": [
      {
        "name": "app 3 image+BSS",
        "bank": 1,
        "start": 8960,
        "limit": 13312
      },
      {
        "name": "app 3 software stack/guards/exit",
        "bank": 1,
        "start": 13312,
        "limit": 13568
      },
      {
        "name": "app 3 zero page",
        "bank": 1,
        "start": 54528,
        "limit": 54784
      },
      {
        "name": "app 3 hardware stack",
        "bank": 1,
        "start": 54784,
        "limit": 55040
      },
      {
        "name": "app 4 image+BSS",
        "bank": 1,
        "start": 13568,
        "limit": 16128
      },
      {
        "name": "app 4 software stack/guards/exit",
        "bank": 1,
        "start": 16128,
        "limit": 16384
      },
      {
        "name": "app 4 zero page",
        "bank": 1,
        "start": 55040,
        "limit": 55296
      },
      {
        "name": "app 4 hardware stack",
        "bank": 1,
        "start": 55296,
        "limit": 55552
      },
      {
        "name": "app 5 image+BSS",
        "bank": 1,
        "start": 32768,
        "limit": 36608
      },
      {
        "name": "app 5 software stack/guards/exit",
        "bank": 1,
        "start": 36608,
        "limit": 36864
      },
      {
        "name": "app 5 zero page",
        "bank": 1,
        "start": 53248,
        "limit": 53504
      },
      {
        "name": "app 5 hardware stack",
        "bank": 1,
        "start": 57856,
        "limit": 58112
      },
      {
        "name": "app 6 image+BSS",
        "bank": 1,
        "start": 50688,
        "limit": 52992
      },
      {
        "name": "app 6 software stack/guards/exit",
        "bank": 1,
        "start": 52992,
        "limit": 53248
      },
      {
        "name": "app 6 zero page",
        "bank": 1,
        "start": 0,
        "limit": 256
      },
      {
        "name": "app 6 hardware stack",
        "bank": 1,
        "start": 256,
        "limit": 512
      }
    ],
    "joined_3_4_excludes_donor": [
      {
        "name": "app 3 image+BSS",
        "bank": 1,
        "start": 8960,
        "limit": 16128
      },
      {
        "name": "app 3 software stack/guards/exit",
        "bank": 1,
        "start": 16128,
        "limit": 16384
      },
      {
        "name": "app 3 zero page",
        "bank": 1,
        "start": 54528,
        "limit": 54784
      },
      {
        "name": "app 3 hardware stack",
        "bank": 1,
        "start": 54784,
        "limit": 55040
      },
      {
        "name": "app 5 image+BSS",
        "bank": 1,
        "start": 32768,
        "limit": 36608
      },
      {
        "name": "app 5 software stack/guards/exit",
        "bank": 1,
        "start": 36608,
        "limit": 36864
      },
      {
        "name": "app 5 zero page",
        "bank": 1,
        "start": 53248,
        "limit": 53504
      },
      {
        "name": "app 5 hardware stack",
        "bank": 1,
        "start": 57856,
        "limit": 58112
      },
      {
        "name": "app 6 image+BSS",
        "bank": 1,
        "start": 50688,
        "limit": 52992
      },
      {
        "name": "app 6 software stack/guards/exit",
        "bank": 1,
        "start": 52992,
        "limit": 53248
      },
      {
        "name": "app 6 zero page",
        "bank": 1,
        "start": 0,
        "limit": 256
      },
      {
        "name": "app 6 hardware stack",
        "bank": 1,
        "start": 256,
        "limit": 512
      },
      {
        "name": "parked donor zero page",
        "bank": 1,
        "start": 55040,
        "limit": 55296
      },
      {
        "name": "parked donor hardware stack",
        "bank": 1,
        "start": 55296,
        "limit": 55552
      }
    ]
  },
  "glyph_overlay": {
    "start": 38584,
    "bytes": 1008,
    "live_header": 16,
    "live_tile_maps": 88
  },
  "source_sha256": {
    "include/udeks/memory.h": "a56a603ae2e1e4219c15a0bbe35dc674489933bd1a707444ad7662ed8213e74f",
    "src/scheduler/task_context.s": "7240bf5fb75522a051ee37fa0b6d1f0555b967950b49b6ddfe4be6845e4cf871",
    "src/scheduler/task_yield_handler.s": "8bbd5d1916957d8e6617f09bcba1fd5bbc94e323b17299da40a6b3f4950e471c",
    "tools/graphics_app_layout.py": "ac03d02300a5b8302c79b9f46638de48619ff4fddf3ab2b535511e2f2ad62606",
    "src/services/app/banked_loader.s": "555896cba8a6c71984611230b03bf8cb26c44837dab507090fb10f223e6a74a7",
    "src/boot/stage1-gateway.s": "7c6c70240f5bc80b134bdcf9520b25b8a9e0705f8d202283f79b9b442b8c799e",
    "src/services/window/banked_graphics.c": "b8a857e3efadf1621344bd45603728d34114c796e0a0cb3adad9d070af0bf3ce",
    "src/services/window/banked_access.s": "92cba30ae4942ea33063f118fa302c669797f2718b69e2d9445e2a760727865b",
    "src/services/window/retained_paths.c": "e09492275a9144371851fbe1d2282e437acdce854db66e0bb21f3d7dd34ae6fa",
    "include/udeks/retained_paths.h": "9c0fae5ab43e1a3598f4e09658b826e6f82d013d7da81a3e22f61d45579e2d79",
    "user/bin/xcalc_native.c": "272bbbeea82f28254c6f7ca7456145d7736877e008e643ea368c3c10b89799f9",
    "user/bin/xdraw.c": "c81cfcf34b2b85d80543e3e7b7e69011ba95aa08796f49ee99c0441d9bfa0d08",
    "user/lib/graphics_request.s": "48c48a98ccace6ab8a9f6d048cb6dee829c628f61b8350ca86c979c7306ad067"
  },
  "input_sha256": {
    "8502/udeks-8502.map": "e540155001ccc7248ad4a7dcc0897cc5b840ecd5899a5664ee1fd48da3d3fe78",
    "8502/udeks-8502-panic-probe.map": "b5f45d857ad8be7b7dc5a302ad54da33d2fee64f37b516828dde80aa33657e77",
    "storage/module.map": "7db347ed7b1eeea687d119690c25f9c89cc97d411b692817c32a6f90f5c552d9",
    "z80/udeks-z80.map": "522aa699273bbcd3103e2cf42fe05f610d5743166fc6f22e6c9ba3e7cdb5b250",
    "z80/udeks-z80.bin": "2e755ea96ae87507fd7c21199db117f99dbcbf223e58afd29d1613668469516f",
    "z80/udeks-z80.ihx": "0425524e4393fedfb78dd60825b283ab03283e740f7defe3ca5d089acd89244e",
    "boot/task-lookup.bin": "1c3ca1c606c93e16a3caa76b5ea599c89f3fb26c761d75fc097b9030868e7123",
    "boot/banked-loader.bin": "47bc79abfb290f1e45d826b948a300bb2641178562a593571bf0bd97642b3c63",
    "boot/banked-loader.map": "44119ecd2eca09ec1e7c3dff1fad5f461014f7ee96910d22232ae86bf39e7b4a",
    "boot/banked-reloc.bin": "d6deac9b58ac0f4cd7431828c3641cb35c82b127eff96b26c3674b7c644edf70",
    "boot/banked-access.bin": "623185ceafd3f397bd4de25ef6bbfd1ff68c50402271418c619fbef98cb956fe",
    "8502/banked-graphics.bin": "0251a5d8af68fb9de2127920a5ecf195f339562b3e8e603201678e8df2723b92",
    "8502/retained-paths.bin": "dfe2bd4f878e4697b4f746dc6fd8eaed8c6ed5d5c51d72d4ce96ed1deccbb315",
    "assets/udeks-vdc-text.bin": "9495ff45ad086e50b8824fe7dc93480efb88cfdf40adb7cb369c52248f63420a",
    "boot/scheduler-overlay.prg": "fd051413ff58f749209682ae0e4af4f888ea901eea8a1cd00203db6f78c16069",
    "8502/banked-graphics-panic.bin": "0251a5d8af68fb9de2127920a5ecf195f339562b3e8e603201678e8df2723b92",
    "user/xclock.udx": "250ddf6a3c7d88fe0da008660973fc02e0f330b161daa057aeb400fbc947188c",
    "user/xwave.udx": "80e97883ff8b796501a4efae76f0bb0bcc3bbb8fc4bf513ab3a60a173e5c37f2",
    "user/xcalc.udx": "30e83b911cbe17c8f5d1062a96e53e6c1f1ddc8e0a64d897a2ffff663cd77b0c",
    "user/xdraw.udx": "49bd1da2105e6da906354ad5c42692ff97eea964e4115b35bb0399ae4e07502b"
  }
}
{
  "scope": "candidate policy link only; not installed or runtime-qualified",
  "link_passed": true,
  "production": {
    "CODE": 3,
    "STORAGECODE": 5,
    "BSS": 26,
    "IECCODE": 0,
    "STORAGEHIGH": 3,
    "code_total": 11
  },
  "with_backend": {
    "CODE": 3,
    "STORAGECODE": 5,
    "BSS": 26,
    "IECCODE": 0,
    "STORAGEHIGH": 3,
    "code_total": 11
  },
  "inputs": {
    "cfg/8502-storage.cfg": "915cd3f5fb857871ccfe0d22ab795f05f82ce6b6313ba038ae811e7c854a2898",
    "src/services/filesystem/mutation_6502.s": "cad12383b2fb6b59d375e6dfe7e1f8ec44487d2b87d22081142be3083f351e27",
    "src/services/filesystem/cbm_write.c": "aa5269127d0f5c1bb10c6a82ad50248681a6472e2e6bf2c626d5939bde432b70",
    "src/services/filesystem/iec_slow.s": "f0aced6f82bdee7e5759369f5adb813154ce6e3fbe57be58921030432b9f8810",
    "src/services/filesystem/namespace_6502.s": "0c090793dfc27e26808d2732a319dd262f8467431432195d2b4457912fe158fa",
    "src/services/filesystem/iec_service.c": "1c99f85758c37cb4fc78d12f1be4ecf9ccc5c595d1d23ab518d6748616f469f3",
    "include/udeks/file_mutation.h": "97fb27a0038802ce5396e2663c5b8aa391139737a90567dc1667e56b200dc06d"
  }
}
cat build/bench/storage-namespace/check.log
PASS 36532 namespace cases: real cc65 ABI, C oracle, guards and atomic rejection
rg -q '^FAIL resolve ' build/bench/storage-namespace/negative.log
cat build/bench/storage-mutation-sdk/backend.log
mutation backend: 35320 differential cases OK
sim65 build/bench/storage-mutation-sdk/status > build/bench/storage-mutation-sdk/status.log
cat build/bench/storage-mutation-sdk/status.log
writer status: 6193 differential cases OK; pending/completion/abort/exhaustion OK
