ca65 V2.18 - Fedora 2.19-15.fc44
Main file   : /var/home/salvogendut/Dev/UDEKS/build/window-manager-bounded-repaint/build/window-repaint-raster/receipt.s
Current file: /var/home/salvogendut/Dev/UDEKS/build/window-manager-bounded-repaint/build/window-repaint-raster/receipt.s

000000r 1               ;
000000r 1               ; File generated by cc65 v 2.18 - Fedora 2.19-15.fc44
000000r 1               ;
000000r 1               	.fopt		compiler,"cc65 v 2.18 - Fedora 2.19-15.fc44"
000000r 1               	.setcpu		"6502"
000000r 1               	.smart		on
000000r 1               	.autoimport	on
000000r 1               	.case		on
000000r 1               	.debuginfo	off
000000r 1               	.importzp	sp, sreg, regsave, regbank
000000r 1               	.importzp	tmp1, tmp2, tmp3, tmp4, ptr1, ptr2, ptr3, ptr4
000000r 1               	.macpack	longbranch
000000r 2               .macro  jeq     Target
000000r 2                       .if     .match(Target, 0)
000000r 2                       bne     *+5
000000r 2                       jmp     Target
000000r 2                       .elseif .def(Target) .and .const((*-2)-(Target)) .and ((*+2)-(Target) <= 127)
000000r 2                               beq     Target
000000r 2                       .else
000000r 2                               bne     *+5
000000r 2                               jmp     Target
000000r 2                       .endif
000000r 2               .endmacro
000000r 2               .macro  jne     Target
000000r 2                       .if     .match(Target, 0)
000000r 2                               beq     *+5
000000r 2                               jmp     Target
000000r 2                       .elseif .def(Target) .and .const((*-2)-(Target)) .and ((*+2)-(Target) <= 127)
000000r 2                               bne     Target
000000r 2                       .else
000000r 2                               beq     *+5
000000r 2                               jmp     Target
000000r 2                       .endif
000000r 2               .endmacro
000000r 2               .macro  jmi     Target
000000r 2                       .if     .match(Target, 0)
000000r 2                               bpl     *+5
000000r 2                               jmp     Target
000000r 2                       .elseif .def(Target) .and .const((*-2)-(Target)) .and ((*+2)-(Target) <= 127)
000000r 2                               bmi     Target
000000r 2                       .else
000000r 2                               bpl     *+5
000000r 2                               jmp     Target
000000r 2                       .endif
000000r 2               .endmacro
000000r 2               .macro  jpl     Target
000000r 2                       .if     .match(Target, 0)
000000r 2                               bmi     *+5
000000r 2                               jmp     Target
000000r 2                       .elseif .def(Target) .and .const((*-2)-(Target)) .and ((*+2)-(Target) <= 127)
000000r 2                               bpl     Target
000000r 2                       .else
000000r 2                               bmi     *+5
000000r 2                               jmp     Target
000000r 2                       .endif
000000r 2               .endmacro
000000r 2               .macro  jcs     Target
000000r 2                       .if     .match(Target, 0)
000000r 2                               bcc     *+5
000000r 2                               jmp     Target
000000r 2                       .elseif .def(Target) .and .const((*-2)-(Target)) .and ((*+2)-(Target) <= 127)
000000r 2                               bcs     Target
000000r 2                       .else
000000r 2                               bcc     *+5
000000r 2                               jmp     Target
000000r 2                       .endif
000000r 2               .endmacro
000000r 2               .macro  jcc     Target
000000r 2                       .if     .match(Target, 0)
000000r 2                               bcs     *+5
000000r 2                               jmp     Target
000000r 2                       .elseif .def(Target) .and .const((*-2)-(Target)) .and ((*+2)-(Target) <= 127)
000000r 2                               bcc     Target
000000r 2                       .else
000000r 2                               bcs     *+5
000000r 2                               jmp     Target
000000r 2                       .endif
000000r 2               .endmacro
000000r 2               .macro  jvs     Target
000000r 2                       .if     .match(Target, 0)
000000r 2                               bvc     *+5
000000r 2                               jmp     Target
000000r 2                       .elseif .def(Target) .and .const((*-2)-(Target)) .and ((*+2)-(Target) <= 127)
000000r 2                               bvs     Target
000000r 2                       .else
000000r 2                               bvc     *+5
000000r 2                               jmp     Target
000000r 2                       .endif
000000r 2               .endmacro
000000r 2               .macro  jvc     Target
000000r 2                       .if     .match(Target, 0)
000000r 2                               bvs     *+5
000000r 2                               jmp     Target
000000r 2                       .elseif .def(Target) .and .const((*-2)-(Target)) .and ((*+2)-(Target) <= 127)
000000r 2                               bvc     Target
000000r 2                       .else
000000r 2                               bvs     *+5
000000r 2                               jmp     Target
000000r 2                       .endif
000000r 2               .endmacro
000000r 2               
000000r 1               	.import		_private_repaint_policy_call
000000r 1               	.export		_repaint_receipt_validate
000000r 1               	.export		_repaint_receipt_ack
000000r 1               
000000r 1               ; ---------------------------------------------------------------
000000r 1               ; unsigned char __near__ receipt (__near__ const struct udeks_repaint_lane_ticket *, unsigned char, unsigned char)
000000r 1               ; ---------------------------------------------------------------
000000r 1               
000000r 1               .segment	"CODE"
000000r 1               
000000r 1               .proc	_receipt: near
000000r 1               
000000r 1               .segment	"CODE"
000000r 1               
000000r 1  20 rr rr     	jsr     pusha
000003r 1  A0 03        	ldy     #$03
000005r 1  B1 rr        	lda     (sp),y
000007r 1  88           	dey
000008r 1  11 rr        	ora     (sp),y
00000Ar 1  D0 05        	bne     L0003
00000Cr 1  AA           	tax
00000Dr 1  98           	tya
00000Er 1  4C rr rr     	jmp     incsp4
000011r 1  A2 F7        L0003:	ldx     #$F7
000013r 1  A9 8A        	lda     #$8A
000015r 1  20 rr rr     	jsr     pushax
000018r 1  A0 07        	ldy     #$07
00001Ar 1  20 rr rr     	jsr     pushwysp
00001Dr 1  A2 00        	ldx     #$00
00001Fr 1  A9 06        	lda     #$06
000021r 1  20 rr rr     	jsr     _memcpy
000024r 1  A0 01        	ldy     #$01
000026r 1  B1 rr        	lda     (sp),y
000028r 1  8D 82 F7     	sta     $F782
00002Br 1  88           	dey
00002Cr 1  B1 rr        	lda     (sp),y
00002Er 1  8D 80 F7     	sta     $F780
000031r 1  20 rr rr     	jsr     _private_repaint_policy_call
000034r 1  4C rr rr     	jmp     incsp4
000037r 1               
000037r 1               .endproc
000037r 1               
000037r 1               ; ---------------------------------------------------------------
000037r 1               ; unsigned char __near__ repaint_receipt_validate (__near__ const struct udeks_repaint_lane_ticket *)
000037r 1               ; ---------------------------------------------------------------
000037r 1               
000037r 1               .segment	"CODE"
000037r 1               
000037r 1               .proc	_repaint_receipt_validate: near
000037r 1               
000037r 1               .segment	"CODE"
000037r 1               
000037r 1  20 rr rr     	jsr     pushax
00003Ar 1  20 rr rr     	jsr     decsp3
00003Dr 1  A0 04        	ldy     #$04
00003Fr 1  B1 rr        	lda     (sp),y
000041r 1  AA           	tax
000042r 1  88           	dey
000043r 1  B1 rr        	lda     (sp),y
000045r 1  A0 01        	ldy     #$01
000047r 1  91 rr        	sta     (sp),y
000049r 1  C8           	iny
00004Ar 1  8A           	txa
00004Br 1  91 rr        	sta     (sp),y
00004Dr 1  A9 00        	lda     #$00
00004Fr 1  A8           	tay
000050r 1  91 rr        	sta     (sp),y
000052r 1  A9 05        	lda     #$05
000054r 1  20 rr rr     	jsr     _receipt
000057r 1  4C rr rr     	jmp     incsp2
00005Ar 1               
00005Ar 1               .endproc
00005Ar 1               
00005Ar 1               ; ---------------------------------------------------------------
00005Ar 1               ; unsigned char __near__ repaint_receipt_ack (__near__ const struct udeks_repaint_lane_ticket *, unsigned char)
00005Ar 1               ; ---------------------------------------------------------------
00005Ar 1               
00005Ar 1               .segment	"CODE"
00005Ar 1               
00005Ar 1               .proc	_repaint_receipt_ack: near
00005Ar 1               
00005Ar 1               .segment	"CODE"
00005Ar 1               
00005Ar 1  20 rr rr     	jsr     pusha
00005Dr 1  20 rr rr     	jsr     decsp3
000060r 1  A0 05        	ldy     #$05
000062r 1  B1 rr        	lda     (sp),y
000064r 1  AA           	tax
000065r 1  88           	dey
000066r 1  B1 rr        	lda     (sp),y
000068r 1  A0 01        	ldy     #$01
00006Ar 1  91 rr        	sta     (sp),y
00006Cr 1  C8           	iny
00006Dr 1  8A           	txa
00006Er 1  91 rr        	sta     (sp),y
000070r 1  C8           	iny
000071r 1  B1 rr        	lda     (sp),y
000073r 1  A0 00        	ldy     #$00
000075r 1  91 rr        	sta     (sp),y
000077r 1  A9 06        	lda     #$06
000079r 1  20 rr rr     	jsr     _receipt
00007Cr 1  4C rr rr     	jmp     incsp3
00007Fr 1               
00007Fr 1               .endproc
00007Fr 1               
00007Fr 1               
