command: echo smoke -> accepted (Return release=188 frames)
history: count=1 recalls=0 -> 1 scan=83
command: xinit -> accepted (Return release=158 frames)
command: xwave -> accepted (Return release=320 frames)
stress 0: x=3 y=1 row=0 column=16 PC=$5EE7
stress 1: x=40 y=24 row=0 column=20 PC=$5C94
stress 2: x=77 y=47 row=0 column=24 PC=$9126
stress 3: x=114 y=70 row=1 column=0 PC=$5DA8
stress 4: x=151 y=93 row=1 column=4 PC=$45E7
stress 5: x=35 y=19 row=1 column=8 PC=$45F7
stress 6: x=72 y=42 row=1 column=12 PC=$91C5
stress 7: x=109 y=65 row=1 column=16 PC=$88B9
stress 8: x=146 y=88 row=1 column=20 PC=$5DAA
stress 9: x=30 y=14 row=1 column=24 PC=$1327
stress 10: x=67 y=37 row=2 column=0 PC=$22D1
stress 11: x=104 y=60 row=2 column=4 PC=$5DE5
stress 12: x=141 y=83 row=2 column=8 PC=$9327
stress 13: x=25 y=9 row=2 column=12 PC=$9329
stress 14: x=62 y=32 row=2 column=16 PC=$9335
stress 15: x=99 y=55 row=2 column=20 PC=$8F1C
stress 16: x=136 y=78 row=21 column=0 PC=$9703
stress 17: x=20 y=4 row=21 column=0 PC=$CE6C
stress 18: x=57 y=27 row=21 column=0 PC=$95C5
stress 19: x=94 y=50 row=21 column=0 PC=$9019
stress 20: x=131 y=73 row=21 column=0 PC=$63C7
stress 21: x=15 y=96 row=21 column=0 PC=$5DA1
stress 22: x=52 y=22 row=21 column=0 PC=$5DAA
stress 23: x=89 y=45 row=21 column=0 PC=$C448
stress 24: x=126 y=68 row=21 column=0 PC=$2247
stress 25: x=10 y=91 row=21 column=0 PC=$5DA5
stress 26: x=47 y=17 row=21 column=0 PC=$5C9E
stress 27: x=84 y=40 row=21 column=0 PC=$5D76
stress 28: x=121 y=63 row=21 column=0 PC=$5DE5
stress 29: x=5 y=86 row=21 column=0 PC=$5D65
stress 30: x=42 y=12 row=21 column=0 PC=$91D1
stress 31: x=79 y=35 row=21 column=0 PC=$F832
command: echo console alive -> accepted (Return release=148 frames)
PASS: repeated native wave drags and console cancellation
