command: echo smoke -> accepted (Return release=188 frames)
history: count=1 recalls=0 -> 1 scan=83
command: xinit -> accepted (Return release=158 frames)
command: xclock & -> accepted (Return release=261 frames)
command: xwave -> accepted (Return release=367 frames)
stress 0: x=3 y=1 row=0 column=12 PC=$5D62
stress 1: x=40 y=24 row=0 column=16 PC=$9121
stress 2: x=77 y=47 row=0 column=20 PC=$5DDF
stress 3: x=114 y=70 row=0 column=24 PC=$91C5
stress 4: x=151 y=93 row=1 column=0 PC=$2126
stress 5: x=35 y=19 row=1 column=4 PC=$9123
stress 6: x=72 y=42 row=1 column=8 PC=$9335
stress 7: x=109 y=65 row=1 column=12 PC=$92EB
stress 8: x=146 y=88 row=1 column=16 PC=$9329
stress 9: x=30 y=14 row=1 column=20 PC=$90B3
stress 10: x=67 y=37 row=1 column=24 PC=$2A3D
stress 11: x=104 y=60 row=2 column=0 PC=$91F8
stress 12: x=141 y=83 row=2 column=4 PC=$03F0
stress 13: x=25 y=9 row=2 column=8 PC=$9335
stress 14: x=62 y=32 row=2 column=12 PC=$932E
stress 15: x=99 y=55 row=2 column=16 PC=$91A9
stress 16: x=136 y=78 row=21 column=0 PC=$5D39
stress 17: x=20 y=4 row=21 column=0 PC=$91A9
stress 18: x=57 y=27 row=21 column=0 PC=$5DDF
stress 19: x=94 y=50 row=21 column=0 PC=$2A17
stress 20: x=131 y=73 row=21 column=0 PC=$C23B
stress 21: x=15 y=96 row=21 column=0 PC=$1E42
stress 22: x=52 y=22 row=21 column=0 PC=$5D0B
stress 23: x=89 y=45 row=21 column=0 PC=$9276
stress 24: x=126 y=68 row=21 column=0 PC=$C262
stress 25: x=10 y=91 row=21 column=0 PC=$5DA8
stress 26: x=47 y=17 row=21 column=0 PC=$9219
stress 27: x=84 y=40 row=21 column=0 PC=$926C
stress 28: x=121 y=63 row=21 column=0 PC=$C235
stress 29: x=5 y=86 row=21 column=0 PC=$2A82
stress 30: x=42 y=12 row=21 column=0 PC=$C42A
stress 31: x=79 y=35 row=21 column=0 PC=$91AF
command: echo console alive -> accepted (Return release=148 frames)
PASS: repeated native wave drags and console cancellation
