PC=FF74 drive=EAB7 jam=0 speed=1 CIA2=07/3F bus=110 via=02/1A request=00/00/00 exit=0
PC=E3BC drive=D5A8 jam=0 speed=0 CIA2=0F/3F bus=010 via=00/1A request=00/00/00 exit=0
PC=E4B1 drive=E97D jam=0 speed=0 CIA2=47/3F bus=110 via=07/1A request=00/00/00 exit=0
PC=E3AE drive=F4D4 jam=0 speed=0 CIA2=0F/3F bus=010 via=00/1A request=00/00/00 exit=0
PC=E4B0 drive=E96C jam=0 speed=0 CIA2=47/3F bus=101 via=0D/1A request=00/00/00 exit=0
PC=E4AE drive=E95F jam=0 speed=0 CIA2=47/3F bus=101 via=0D/1A request=00/00/00 exit=0
PC=E496 drive=E961 jam=0 speed=0 CIA2=47/3F bus=101 via=08/1A request=00/00/00 exit=0
PC=9B80 drive=EC3C jam=0 speed=0 CIA2=07/3F bus=111 via=00/1A request=02/12/00 exit=0
PASS native disk shell source=1 error=0 device=8, help works
command mount 8 /mnt: PC=1FE9 drive=EC2D jam=0 speed=0 CIA2=07/3F bus=111 via=00/1A request=00/10/00 exit=0
BASE RAM : 128 KB                                         [ OK ]
VDC RAM : 64 KB                                           [ OK ]
INITIALIZING CONSOLE ...                                  [ OK ]
VIDEO : PAL / VDC 8568                                    [ OK ]
REU : NOT PRESENT                                         [ -- ]
GEORAM : NOT PRESENT                                      [ -- ]
8502 EXECUTIVE : 1 MHZ                                    [ OK ]
Z80 WORKER : READY                                        [ OK ]
STORAGE SERVICES : DEFERRED                               [ -- ]
FILESYSTEM SERVICES : DEFERRED                            [ -- ]
                                                                
SYSTEM READY.                                                   
                                                                
WELCOME TO UDEKS.                                               
                                                                
UDEKS:~> help                                                   
cd clear echo help pwd xinit xclock xwave                       
Disk: cat cowsay date df free ls lscpu lshw lsmod uname z80ctl  
Recovery: mount umount                                          
UDEKS:~> mount 8 /mnt                                           
UDEKS:~>                                                        
command ls /bin: PC=210E drive=EC3B jam=0 speed=0 CIA2=07/3F bus=111 via=00/1A request=00/10/00 exit=0
REU : NOT PRESENT                                         [ -- ]
GEORAM : NOT PRESENT                                      [ -- ]
8502 EXECUTIVE : 1 MHZ                                    [ OK ]
Z80 WORKER : READY                                        [ OK ]
STORAGE SERVICES : DEFERRED                               [ -- ]
FILESYSTEM SERVICES : DEFERRED                            [ -- ]
                                                                
SYSTEM READY.                                                   
                                                                
WELCOME TO UDEKS.                                               
                                                                
UDEKS:~> help                                                   
cd clear echo help pwd xinit xclock xwave                       
Disk: cat cowsay date df free ls lscpu lshw lsmod uname z80ctl  
Recovery: mount umount                                          
UDEKS:~> mount 8 /mnt                                           
UDEKS:~> ls /bin                                                
mount                                                           
umount                                                          
ush                                                             
UDEKS:~>                                                        
command ls /mnt: PC=2AC0 drive=EC12 jam=0 speed=0 CIA2=07/3F bus=111 via=00/1A request=00/10/00 exit=0
UDEKS:~> ls /mnt                                                
SCHEDOVR                                                        
HELLO                                                           
USH                                                             
RC                                                              
FREE                                                            
DF                                                              
XCLOCK                                                          
XWAVE                                                           
COWSAY                                                          
DATE                                                            
LS                                                              
CAT                                                             
UNAME                                                           
LSHW                                                            
LSMOD                                                           
LSCPU                                                           
Z80CTL                                                          
EMPTY                                                           
ONE                                                             
UDEKS:~>                                                        
command free: PC=5ED1 drive=EC17 jam=0 speed=0 CIA2=07/3F bus=111 via=00/1A request=00/10/00 exit=0
DF                                                              
XCLOCK                                                          
XWAVE                                                           
COWSAY                                                          
DATE                                                            
LS                                                              
CAT                                                             
UNAME                                                           
LSHW                                                            
LSMOD                                                           
LSCPU                                                           
Z80CTL                                                          
EMPTY                                                           
ONE                                                             
UDEKS:~> free                                                   
CPU RAM: 128 KiB; VDC RAM: 64 KiB (video only)                  
Native child image pool (bytes):                                
  total 2560  used 0  free 2560                                 
Fixed task slot; not total unused physical RAM.                 
General heap: not implemented; swap: none.                      
UDEKS:~>                                                        
command df: PC=29A4 drive=EC14 jam=0 speed=0 CIA2=07/3F bus=111 via=00/1A request=00/10/00 exit=0
DATE                                                            
LS                                                              
CAT                                                             
UNAME                                                           
LSHW                                                            
LSMOD                                                           
LSCPU                                                           
Z80CTL                                                          
EMPTY                                                           
ONE                                                             
UDEKS:~> free                                                   
CPU RAM: 128 KiB; VDC RAM: 64 KiB (video only)                  
Native child image pool (bytes):                                
  total 2560  used 0  free 2560                                 
Fixed task slot; not total unused physical RAM.                 
General heap: not implemented; swap: none.                      
UDEKS:~> df                                                     
Filesystem  256B-blocks  Used  Available  Mounted on            
iec8        664         553   111        /mnt                   
Read-only mount; DOS data blocks (directory tracks excluded).   
UDEKS:~>                                                        
command df /bad: PC=5E77 drive=EC14 jam=0 speed=0 CIA2=07/3F bus=111 via=00/1A request=00/10/00 exit=1
CAT                                                             
UNAME                                                           
LSHW                                                            
LSMOD                                                           
LSCPU                                                           
Z80CTL                                                          
EMPTY                                                           
ONE                                                             
UDEKS:~> free                                                   
CPU RAM: 128 KiB; VDC RAM: 64 KiB (video only)                  
Native child image pool (bytes):                                
  total 2560  used 0  free 2560                                 
Fixed task slot; not total unused physical RAM.                 
General heap: not implemented; swap: none.                      
UDEKS:~> df                                                     
Filesystem  256B-blocks  Used  Available  Mounted on            
iec8        664         553   111        /mnt                   
Read-only mount; DOS data blocks (directory tracks excluded).   
UDEKS:~> df /bad                                                
usage: df [/mnt]                                                
UDEKS:~>                                                        
command cat /mnt/hello: PC=2226 drive=EC42 jam=0 speed=0 CIA2=07/3F bus=111 via=00/1A request=00/10/00 exit=0
LSHW                                                            
LSMOD                                                           
LSCPU                                                           
Z80CTL                                                          
EMPTY                                                           
ONE                                                             
UDEKS:~> free                                                   
CPU RAM: 128 KiB; VDC RAM: 64 KiB (video only)                  
Native child image pool (bytes):                                
  total 2560  used 0  free 2560                                 
Fixed task slot; not total unused physical RAM.                 
General heap: not implemented; swap: none.                      
UDEKS:~> df                                                     
Filesystem  256B-blocks  Used  Available  Mounted on            
iec8        664         553   111        /mnt                   
Read-only mount; DOS data blocks (directory tracks excluded).   
UDEKS:~> df /bad                                                
usage: df [/mnt]                                                
UDEKS:~> cat /mnt/hello                                         
HELLO UDEKS                                                     
UDEKS:~>                                                        
command cat /mnt/empty: PC=5FAF drive=EC00 jam=0 speed=0 CIA2=07/3F bus=111 via=00/1A request=00/10/00 exit=0
LSMOD                                                           
LSCPU                                                           
Z80CTL                                                          
EMPTY                                                           
ONE                                                             
UDEKS:~> free                                                   
CPU RAM: 128 KiB; VDC RAM: 64 KiB (video only)                  
Native child image pool (bytes):                                
  total 2560  used 0  free 2560                                 
Fixed task slot; not total unused physical RAM.                 
General heap: not implemented; swap: none.                      
UDEKS:~> df                                                     
Filesystem  256B-blocks  Used  Available  Mounted on            
iec8        664         553   111        /mnt                   
Read-only mount; DOS data blocks (directory tracks excluded).   
UDEKS:~> df /bad                                                
usage: df [/mnt]                                                
UDEKS:~> cat /mnt/hello                                         
HELLO UDEKS                                                     
UDEKS:~> cat /mnt/empty                                         
UDEKS:~>                                                        
command cat /mnt/one: PC=8A5F drive=EC17 jam=0 speed=0 CIA2=07/3F bus=111 via=00/1A request=00/10/00 exit=0
Z80CTL                                                          
EMPTY                                                           
ONE                                                             
UDEKS:~> free                                                   
CPU RAM: 128 KiB; VDC RAM: 64 KiB (video only)                  
Native child image pool (bytes):                                
  total 2560  used 0  free 2560                                 
Fixed task slot; not total unused physical RAM.                 
General heap: not implemented; swap: none.                      
UDEKS:~> df                                                     
Filesystem  256B-blocks  Used  Available  Mounted on            
iec8        664         553   111        /mnt                   
Read-only mount; DOS data blocks (directory tracks excluded).   
UDEKS:~> df /bad                                                
usage: df [/mnt]                                                
UDEKS:~> cat /mnt/hello                                         
HELLO UDEKS                                                     
UDEKS:~> cat /mnt/empty                                         
UDEKS:~> cat /mnt/one                                           
X                                                               
UDEKS:~>                                                        
command cat /mnt/nofile: PC=2E4E drive=EC2B jam=0 speed=0 CIA2=07/3F bus=111 via=00/1A request=00/10/00 exit=1
ONE                                                             
UDEKS:~> free                                                   
CPU RAM: 128 KiB; VDC RAM: 64 KiB (video only)                  
Native child image pool (bytes):                                
  total 2560  used 0  free 2560                                 
Fixed task slot; not total unused physical RAM.                 
General heap: not implemented; swap: none.                      
UDEKS:~> df                                                     
Filesystem  256B-blocks  Used  Available  Mounted on            
iec8        664         553   111        /mnt                   
Read-only mount; DOS data blocks (directory tracks excluded).   
UDEKS:~> df /bad                                                
usage: df [/mnt]                                                
UDEKS:~> cat /mnt/hello                                         
HELLO UDEKS                                                     
UDEKS:~> cat /mnt/empty                                         
UDEKS:~> cat /mnt/one                                           
X                                                               
UDEKS:~> cat /mnt/nofile                                        
cat: No such file or directory                                  
UDEKS:~>                                                        
command: xinit -> accepted (Return release=215 frames)
command: xclock & -> accepted (Return release=599 frames)
command: xwave -> accepted (Return release=574 frames)
command: xwave & -> accepted (Return release=176 frames)
command: cowsay both alive -> accepted (Return release=1033 frames)
command: xclock -q -> accepted (Return release=244 frames)
command: xwave -q -> accepted (Return release=132 frames)
command: xclock & -> accepted (Return release=152 frames)
command: xwave & -> accepted (Return release=177 frames)
PASS disk graphics: load both, drag/resize clock, Ctrl+C wave, drag/focus, console, stop/restart
command cat /mnt/hello: PC=F75F drive=EC3C jam=0 speed=0 CIA2=06/3F bus=111 via=00/1A request=00/10/00 exit=0
xwave started in background                                     
UDEKS:~> cowsay both alive                                      
 ____________                                                   
< both alive >                                                  
 ------------                                                   
        \   ^__^                                                
         \  (oo)\_______                                        
            (__)\       )\/\                                    
                ||----w |                                       
                ||     ||                                       
UDEKS:~> xclock -q                                              
xclock stopped                                                  
UDEKS:~> xwave -q                                               
xwave stopped                                                   
UDEKS:~> xclock &                                               
xclock started in background                                    
UDEKS:~> xwave &                                                
xwave started in background                                     
UDEKS:~> cat /mnt/hello                                         
HELLO UDEKS                                                     
UDEKS:~>                                                        
command umount /mnt: PC=6140 drive=EC2B jam=0 speed=0 CIA2=06/3F bus=111 via=00/1A request=00/10/00 exit=0
UDEKS:~> cowsay both alive                                      
 ____________                                                   
< both alive >                                                  
 ------------                                                   
        \   ^__^                                                
         \  (oo)\_______                                        
            (__)\       )\/\                                    
                ||----w |                                       
                ||     ||                                       
UDEKS:~> xclock -q                                              
xclock stopped                                                  
UDEKS:~> xwave -q                                               
xwave stopped                                                   
UDEKS:~> xclock &                                               
xclock started in background                                    
UDEKS:~> xwave &                                                
xwave started in background                                     
UDEKS:~> cat /mnt/hello                                         
HELLO UDEKS                                                     
UDEKS:~> umount /mnt                                            
UDEKS:~>                                                        
command: echo recovery alive -> accepted (Return release=205 frames)
command mount 8 /mnt: PC=8AAB drive=EC2B jam=0 speed=0 CIA2=06/3F bus=111 via=00/1A request=00/10/00 exit=1
        \   ^__^                                                
         \  (oo)\_______                                        
            (__)\       )\/\                                    
                ||----w |                                       
                ||     ||                                       
UDEKS:~> xclock -q                                              
xclock stopped                                                  
UDEKS:~> xwave -q                                               
xwave stopped                                                   
UDEKS:~> xclock &                                               
xclock started in background                                    
UDEKS:~> xwave &                                                
xwave started in background                                     
UDEKS:~> cat /mnt/hello                                         
HELLO UDEKS                                                     
UDEKS:~> umount /mnt                                            
UDEKS:~> echo recovery alive                                    
recovery alive                                                  
UDEKS:~> mount 8 /mnt                                           
mount: failed                                                   
UDEKS:~>                                                        
command: echo recovery alive -> accepted (Return release=159 frames)
command mount 8 /mnt: PC=C765 drive=EC9B jam=0 speed=0 CIA2=06/3F bus=111 via=00/1A request=00/10/00 exit=0
                ||----w |                                       
                ||     ||                                       
UDEKS:~> xclock -q                                              
xclock stopped                                                  
UDEKS:~> xwave -q                                               
xwave stopped                                                   
UDEKS:~> xclock &                                               
xclock started in background                                    
UDEKS:~> xwave &                                                
xwave started in background                                     
UDEKS:~> cat /mnt/hello                                         
HELLO UDEKS                                                     
UDEKS:~> umount /mnt                                            
UDEKS:~> echo recovery alive                                    
recovery alive                                                  
UDEKS:~> mount 8 /mnt                                           
mount: failed                                                   
UDEKS:~> echo recovery alive                                    
recovery alive                                                  
UDEKS:~> mount 8 /mnt                                           
UDEKS:~>                                                        
command cat /mnt/hello: PC=4C32 drive=EC0C jam=0 speed=0 CIA2=06/3F bus=111 via=00/1A request=00/10/00 exit=0
UDEKS:~> xclock -q                                              
xclock stopped                                                  
UDEKS:~> xwave -q                                               
xwave stopped                                                   
UDEKS:~> xclock &                                               
xclock started in background                                    
UDEKS:~> xwave &                                                
xwave started in background                                     
UDEKS:~> cat /mnt/hello                                         
HELLO UDEKS                                                     
UDEKS:~> umount /mnt                                            
UDEKS:~> echo recovery alive                                    
recovery alive                                                  
UDEKS:~> mount 8 /mnt                                           
mount: failed                                                   
UDEKS:~> echo recovery alive                                    
recovery alive                                                  
UDEKS:~> mount 8 /mnt                                           
UDEKS:~> cat /mnt/hello                                         
HELLO UDEKS                                                     
UDEKS:~>                                                        
command umount /mnt: PC=5FB5 drive=EC2B jam=0 speed=0 CIA2=06/3F bus=111 via=00/1A request=00/10/00 exit=0
xclock stopped                                                  
UDEKS:~> xwave -q                                               
xwave stopped                                                   
UDEKS:~> xclock &                                               
xclock started in background                                    
UDEKS:~> xwave &                                                
xwave started in background                                     
UDEKS:~> cat /mnt/hello                                         
HELLO UDEKS                                                     
UDEKS:~> umount /mnt                                            
UDEKS:~> echo recovery alive                                    
recovery alive                                                  
UDEKS:~> mount 8 /mnt                                           
mount: failed                                                   
UDEKS:~> echo recovery alive                                    
recovery alive                                                  
UDEKS:~> mount 8 /mnt                                           
UDEKS:~> cat /mnt/hello                                         
HELLO UDEKS                                                     
UDEKS:~> umount /mnt                                            
UDEKS:~>                                                        
PASS native 1986 raw-IEC mount/list/tiny-file/error/media-recovery/unmount
