ca65 V2.18 - Fedora 2.19-15.fc44
Main file   : /var/home/salvogendut/Dev/UDEKS/build/window-manager-bounded-repaint/build/window-repaint-geometry/probe.s
Current file: /var/home/salvogendut/Dev/UDEKS/build/window-manager-bounded-repaint/build/window-repaint-geometry/probe.s

000000r 1               ;
000000r 1               ; File generated by cc65 v 2.18 - Fedora 2.19-15.fc44
000000r 1               ;
000000r 1               	.fopt		compiler,"cc65 v 2.18 - Fedora 2.19-15.fc44"
000000r 1               	.setcpu		"6502"
000000r 1               	.smart		on
000000r 1               	.autoimport	on
000000r 1               	.case		on
000000r 1               	.debuginfo	off
000000r 1               	.importzp	sp, sreg, regsave, regbank
000000r 1               	.importzp	tmp1, tmp2, tmp3, tmp4, ptr1, ptr2, ptr3, ptr4
000000r 1               	.macpack	longbranch
000000r 2               .macro  jeq     Target
000000r 2                       .if     .match(Target, 0)
000000r 2                       bne     *+5
000000r 2                       jmp     Target
000000r 2                       .elseif .def(Target) .and .const((*-2)-(Target)) .and ((*+2)-(Target) <= 127)
000000r 2                               beq     Target
000000r 2                       .else
000000r 2                               bne     *+5
000000r 2                               jmp     Target
000000r 2                       .endif
000000r 2               .endmacro
000000r 2               .macro  jne     Target
000000r 2                       .if     .match(Target, 0)
000000r 2                               beq     *+5
000000r 2                               jmp     Target
000000r 2                       .elseif .def(Target) .and .const((*-2)-(Target)) .and ((*+2)-(Target) <= 127)
000000r 2                               bne     Target
000000r 2                       .else
000000r 2                               beq     *+5
000000r 2                               jmp     Target
000000r 2                       .endif
000000r 2               .endmacro
000000r 2               .macro  jmi     Target
000000r 2                       .if     .match(Target, 0)
000000r 2                               bpl     *+5
000000r 2                               jmp     Target
000000r 2                       .elseif .def(Target) .and .const((*-2)-(Target)) .and ((*+2)-(Target) <= 127)
000000r 2                               bmi     Target
000000r 2                       .else
000000r 2                               bpl     *+5
000000r 2                               jmp     Target
000000r 2                       .endif
000000r 2               .endmacro
000000r 2               .macro  jpl     Target
000000r 2                       .if     .match(Target, 0)
000000r 2                               bmi     *+5
000000r 2                               jmp     Target
000000r 2                       .elseif .def(Target) .and .const((*-2)-(Target)) .and ((*+2)-(Target) <= 127)
000000r 2                               bpl     Target
000000r 2                       .else
000000r 2                               bmi     *+5
000000r 2                               jmp     Target
000000r 2                       .endif
000000r 2               .endmacro
000000r 2               .macro  jcs     Target
000000r 2                       .if     .match(Target, 0)
000000r 2                               bcc     *+5
000000r 2                               jmp     Target
000000r 2                       .elseif .def(Target) .and .const((*-2)-(Target)) .and ((*+2)-(Target) <= 127)
000000r 2                               bcs     Target
000000r 2                       .else
000000r 2                               bcc     *+5
000000r 2                               jmp     Target
000000r 2                       .endif
000000r 2               .endmacro
000000r 2               .macro  jcc     Target
000000r 2                       .if     .match(Target, 0)
000000r 2                               bcs     *+5
000000r 2                               jmp     Target
000000r 2                       .elseif .def(Target) .and .const((*-2)-(Target)) .and ((*+2)-(Target) <= 127)
000000r 2                               bcc     Target
000000r 2                       .else
000000r 2                               bcs     *+5
000000r 2                               jmp     Target
000000r 2                       .endif
000000r 2               .endmacro
000000r 2               .macro  jvs     Target
000000r 2                       .if     .match(Target, 0)
000000r 2                               bvc     *+5
000000r 2                               jmp     Target
000000r 2                       .elseif .def(Target) .and .const((*-2)-(Target)) .and ((*+2)-(Target) <= 127)
000000r 2                               bvs     Target
000000r 2                       .else
000000r 2                               bvc     *+5
000000r 2                               jmp     Target
000000r 2                       .endif
000000r 2               .endmacro
000000r 2               .macro  jvc     Target
000000r 2                       .if     .match(Target, 0)
000000r 2                               bvs     *+5
000000r 2                               jmp     Target
000000r 2                       .elseif .def(Target) .and .const((*-2)-(Target)) .and ((*+2)-(Target) <= 127)
000000r 2                               bvc     Target
000000r 2                       .else
000000r 2                               bvs     *+5
000000r 2                               jmp     Target
000000r 2                       .endif
000000r 2               .endmacro
000000r 2               
000000r 1               	.forceimport	__STARTUP__
000000r 1               	.export		_damage_left
000000r 1               	.export		_damage_right
000000r 1               	.export		_damage_top
000000r 1               	.export		_damage_bottom
000000r 1               	.import		_damage_set
000000r 1               	.import		_damage_add
000000r 1               	.export		_main
000000r 1               
000000r 1               .segment	"RODATA"
000000r 1               
000000r 1               _xs:
000000r 1  00 00        	.word	$0000
000002r 1  01 00        	.word	$0001
000004r 1  0F 00        	.word	$000F
000006r 1  10 00        	.word	$0010
000008r 1  FF 00        	.word	$00FF
00000Ar 1  00 01        	.word	$0100
00000Cr 1  2F 01        	.word	$012F
00000Er 1  3F 01        	.word	$013F
000010r 1  FF 7F        	.word	$7FFF
000012r 1  FF FF        	.word	$FFFF
000014r 1               _ws:
000014r 1  00 00        	.word	$0000
000016r 1  01 00        	.word	$0001
000018r 1  10 00        	.word	$0010
00001Ar 1  11 00        	.word	$0011
00001Cr 1  FF 00        	.word	$00FF
00001Er 1  00 01        	.word	$0100
000020r 1  3F 01        	.word	$013F
000022r 1  40 01        	.word	$0140
000024r 1  FF 7F        	.word	$7FFF
000026r 1  FF FF        	.word	$FFFF
000028r 1               _ys:
000028r 1  00           	.byte	$00
000029r 1  01           	.byte	$01
00002Ar 1  11           	.byte	$11
00002Br 1  12           	.byte	$12
00002Cr 1  7F           	.byte	$7F
00002Dr 1  B6           	.byte	$B6
00002Er 1  C7           	.byte	$C7
00002Fr 1  C8           	.byte	$C8
000030r 1  FE           	.byte	$FE
000031r 1  FF           	.byte	$FF
000032r 1               _hs:
000032r 1  00           	.byte	$00
000033r 1  01           	.byte	$01
000034r 1  11           	.byte	$11
000035r 1  12           	.byte	$12
000036r 1  30           	.byte	$30
000037r 1  68           	.byte	$68
000038r 1  C7           	.byte	$C7
000039r 1  C8           	.byte	$C8
00003Ar 1  FE           	.byte	$FE
00003Br 1  FF           	.byte	$FF
00003Cr 1               
00003Cr 1               .segment	"BSS"
000000r 1               
000000r 1               _damage_left:
000000r 1  00 00        	.res	2,$00
000002r 1               _damage_right:
000002r 1  00 00        	.res	2,$00
000004r 1               _damage_top:
000004r 1  00           	.res	1,$00
000005r 1               _damage_bottom:
000005r 1  00           	.res	1,$00
000006r 1               _failed:
000006r 1  00           	.res	1,$00
000007r 1               
000007r 1               ; ---------------------------------------------------------------
000007r 1               ; void __near__ fail (unsigned char)
000007r 1               ; ---------------------------------------------------------------
000007r 1               
000007r 1               .segment	"CODE"
000000r 1               
000000r 1               .proc	_fail: near
000000r 1               
000000r 1               .segment	"CODE"
000000r 1               
000000r 1  20 rr rr     	jsr     pusha
000003r 1  AD rr rr     	lda     _failed
000006r 1  D0 06        	bne     L002E
000008r 1  A8           	tay
000009r 1  B1 rr        	lda     (sp),y
00000Br 1  8D rr rr     	sta     _failed
00000Er 1  4C rr rr     L002E:	jmp     incsp1
000011r 1               
000011r 1               .endproc
000011r 1               
000011r 1               ; ---------------------------------------------------------------
000011r 1               ; void __near__ compare (unsigned int, unsigned char, unsigned int, unsigned char, unsigned char)
000011r 1               ; ---------------------------------------------------------------
000011r 1               
000011r 1               .segment	"CODE"
000011r 1               
000011r 1               .proc	_compare: near
000011r 1               
000011r 1               .segment	"CODE"
000011r 1               
000011r 1  20 rr rr     	jsr     pusha
000014r 1  A0 06        	ldy     #$06
000016r 1  B1 rr        	lda     (sp),y
000018r 1  AA           	tax
000019r 1  88           	dey
00001Ar 1  B1 rr        	lda     (sp),y
00001Cr 1  EC rr rr     	cpx     _damage_left+1
00001Fr 1  D0 29        	bne     L00E7
000021r 1  CD rr rr     	cmp     _damage_left
000024r 1  D0 24        	bne     L00E7
000026r 1  88           	dey
000027r 1  B1 rr        	lda     (sp),y
000029r 1  CD rr rr     	cmp     _damage_top
00002Cr 1  D0 1C        	bne     L00E7
00002Er 1  88           	dey
00002Fr 1  B1 rr        	lda     (sp),y
000031r 1  AA           	tax
000032r 1  88           	dey
000033r 1  B1 rr        	lda     (sp),y
000035r 1  EC rr rr     	cpx     _damage_right+1
000038r 1  D0 10        	bne     L00E7
00003Ar 1  CD rr rr     	cmp     _damage_right
00003Dr 1  D0 0B        	bne     L00E7
00003Fr 1  88           	dey
000040r 1  B1 rr        	lda     (sp),y
000042r 1  CD rr rr     	cmp     _damage_bottom
000045r 1  D0 03 4C rr  	jeq     incsp7
000049r 1  rr           
00004Ar 1  A0 00        L00E7:	ldy     #$00
00004Cr 1  B1 rr        	lda     (sp),y
00004Er 1  20 rr rr     	jsr     _fail
000051r 1  4C rr rr     	jmp     incsp7
000054r 1               
000054r 1               .endproc
000054r 1               
000054r 1               ; ---------------------------------------------------------------
000054r 1               ; int __near__ main (void)
000054r 1               ; ---------------------------------------------------------------
000054r 1               
000054r 1               .segment	"CODE"
000054r 1               
000054r 1               .proc	_main: near
000054r 1               
000054r 1               .segment	"CODE"
000054r 1               
000054r 1  A0 1B        	ldy     #$1B
000056r 1  20 rr rr     	jsr     subysp
000059r 1  A9 00        	lda     #$00
00005Br 1  A0 0A        	ldy     #$0A
00005Dr 1  91 rr        L00EE:	sta     (sp),y
00005Fr 1  C9 10        	cmp     #$10
000061r 1  B0 1C        	bcs     L00F5
000063r 1  B1 rr        	lda     (sp),y
000065r 1  18           	clc
000066r 1  69 C0        	adc     #$C0
000068r 1  85 rr        	sta     ptr1
00006Ar 1  A9 00        	lda     #$00
00006Cr 1  69 7F        	adc     #$7F
00006Er 1  85 rr        	sta     ptr1+1
000070r 1  A9 00        	lda     #$00
000072r 1  A8           	tay
000073r 1  91 rr        	sta     (ptr1),y
000075r 1  A0 0A        	ldy     #$0A
000077r 1  18           	clc
000078r 1  A9 01        	lda     #$01
00007Ar 1  71 rr        	adc     (sp),y
00007Cr 1  4C rr rr     	jmp     L00EE
00007Fr 1  A9 44        L00F5:	lda     #$44
000081r 1  8D C0 7F     	sta     $7FC0
000084r 1  A9 47        	lda     #$47
000086r 1  8D C1 7F     	sta     $7FC1
000089r 1  A9 45        	lda     #$45
00008Br 1  8D C2 7F     	sta     $7FC2
00008Er 1  A9 4F        	lda     #$4F
000090r 1  8D C3 7F     	sta     $7FC3
000093r 1  A9 01        	lda     #$01
000095r 1  8D C4 7F     	sta     $7FC4
000098r 1  A9 00        	lda     #$00
00009Ar 1  91 rr        L00F0:	sta     (sp),y
00009Cr 1  C9 0A        	cmp     #$0A
00009Er 1  90 03 4C rr  	jcs     L00F7
0000A2r 1  rr           
0000A3r 1  A9 00        	lda     #$00
0000A5r 1  88           	dey
0000A6r 1  91 rr        L00EF:	sta     (sp),y
0000A8r 1  C9 0A        	cmp     #$0A
0000AAr 1  90 03 4C rr  	jcs     L0061
0000AEr 1  rr           
0000AFr 1  A9 00        	lda     #$00
0000B1r 1  A0 0B        	ldy     #$0B
0000B3r 1  91 rr        	sta     (sp),y
0000B5r 1  A0 13        	ldy     #$13
0000B7r 1  91 rr        	sta     (sp),y
0000B9r 1  A9 01        	lda     #$01
0000BBr 1  88           	dey
0000BCr 1  91 rr        	sta     (sp),y
0000BEr 1  A0 1A        	ldy     #$1A
0000C0r 1  91 rr        	sta     (sp),y
0000C2r 1  A0 0A        	ldy     #$0A
0000C4r 1  A2 00        	ldx     #$00
0000C6r 1  B1 rr        	lda     (sp),y
0000C8r 1  0A           	asl     a
0000C9r 1  90 02        	bcc     L00F1
0000CBr 1  E8           	inx
0000CCr 1  18           	clc
0000CDr 1  69 rr        L00F1:	adc     #<(_xs)
0000CFr 1  85 rr        	sta     ptr1
0000D1r 1  8A           	txa
0000D2r 1  69 rr        	adc     #>(_xs)
0000D4r 1  85 rr        	sta     ptr1+1
0000D6r 1  A0 01        	ldy     #$01
0000D8r 1  B1 rr        	lda     (ptr1),y
0000DAr 1  AA           	tax
0000DBr 1  88           	dey
0000DCr 1  B1 rr        	lda     (ptr1),y
0000DEr 1  A0 14        	ldy     #$14
0000E0r 1  20 rr rr     	jsr     staxysp
0000E3r 1  A0 09        	ldy     #$09
0000E5r 1  B1 rr        	lda     (sp),y
0000E7r 1  A8           	tay
0000E8r 1  B9 rr rr     	lda     _ys,y
0000EBr 1  A0 16        	ldy     #$16
0000EDr 1  91 rr        	sta     (sp),y
0000EFr 1  A0 09        	ldy     #$09
0000F1r 1  A2 00        	ldx     #$00
0000F3r 1  B1 rr        	lda     (sp),y
0000F5r 1  0A           	asl     a
0000F6r 1  90 02        	bcc     L00F2
0000F8r 1  E8           	inx
0000F9r 1  18           	clc
0000FAr 1  69 rr        L00F2:	adc     #<(_ws)
0000FCr 1  85 rr        	sta     ptr1
0000FEr 1  8A           	txa
0000FFr 1  69 rr        	adc     #>(_ws)
000101r 1  85 rr        	sta     ptr1+1
000103r 1  A0 01        	ldy     #$01
000105r 1  B1 rr        	lda     (ptr1),y
000107r 1  AA           	tax
000108r 1  88           	dey
000109r 1  B1 rr        	lda     (ptr1),y
00010Br 1  A0 17        	ldy     #$17
00010Dr 1  20 rr rr     	jsr     staxysp
000110r 1  A0 0A        	ldy     #$0A
000112r 1  B1 rr        	lda     (sp),y
000114r 1  A8           	tay
000115r 1  B9 rr rr     	lda     _hs,y
000118r 1  A0 19        	ldy     #$19
00011Ar 1  91 rr        	sta     (sp),y
00011Cr 1  A0 09        	ldy     #$09
00011Er 1  A2 00        	ldx     #$00
000120r 1  B1 rr        	lda     (sp),y
000122r 1  0A           	asl     a
000123r 1  90 02        	bcc     L00F3
000125r 1  E8           	inx
000126r 1  18           	clc
000127r 1  69 rr        L00F3:	adc     #<(_xs)
000129r 1  85 rr        	sta     ptr1
00012Br 1  8A           	txa
00012Cr 1  69 rr        	adc     #>(_xs)
00012Er 1  85 rr        	sta     ptr1+1
000130r 1  A0 01        	ldy     #$01
000132r 1  B1 rr        	lda     (ptr1),y
000134r 1  AA           	tax
000135r 1  88           	dey
000136r 1  B1 rr        	lda     (ptr1),y
000138r 1  A0 0C        	ldy     #$0C
00013Ar 1  20 rr rr     	jsr     staxysp
00013Dr 1  A0 0A        	ldy     #$0A
00013Fr 1  B1 rr        	lda     (sp),y
000141r 1  A8           	tay
000142r 1  B9 rr rr     	lda     _ys,y
000145r 1  A0 0E        	ldy     #$0E
000147r 1  91 rr        	sta     (sp),y
000149r 1  A0 0A        	ldy     #$0A
00014Br 1  A2 00        	ldx     #$00
00014Dr 1  B1 rr        	lda     (sp),y
00014Fr 1  0A           	asl     a
000150r 1  90 02        	bcc     L00F4
000152r 1  E8           	inx
000153r 1  18           	clc
000154r 1  69 rr        L00F4:	adc     #<(_ws)
000156r 1  85 rr        	sta     ptr1
000158r 1  8A           	txa
000159r 1  69 rr        	adc     #>(_ws)
00015Br 1  85 rr        	sta     ptr1+1
00015Dr 1  A0 01        	ldy     #$01
00015Fr 1  B1 rr        	lda     (ptr1),y
000161r 1  AA           	tax
000162r 1  88           	dey
000163r 1  B1 rr        	lda     (ptr1),y
000165r 1  A0 0F        	ldy     #$0F
000167r 1  20 rr rr     	jsr     staxysp
00016Ar 1  A0 09        	ldy     #$09
00016Cr 1  B1 rr        	lda     (sp),y
00016Er 1  A8           	tay
00016Fr 1  B9 rr rr     	lda     _hs,y
000172r 1  A0 11        	ldy     #$11
000174r 1  91 rr        	sta     (sp),y
000176r 1  A5 rr        	lda     sp
000178r 1  A6 rr        	ldx     sp+1
00017Ar 1  18           	clc
00017Br 1  69 13        	adc     #$13
00017Dr 1  90 01        	bcc     L0093
00017Fr 1  E8           	inx
000180r 1  20 rr rr     L0093:	jsr     _damage_set
000183r 1  A0 15        	ldy     #$15
000185r 1  B1 rr        	lda     (sp),y
000187r 1  AA           	tax
000188r 1  88           	dey
000189r 1  B1 rr        	lda     (sp),y
00018Br 1  A0 07        	ldy     #$07
00018Dr 1  20 rr rr     	jsr     staxysp
000190r 1  A0 16        	ldy     #$16
000192r 1  B1 rr        	lda     (sp),y
000194r 1  A0 02        	ldy     #$02
000196r 1  91 rr        	sta     (sp),y
000198r 1  A0 14        	ldy     #$14
00019Ar 1  B1 rr        	lda     (sp),y
00019Cr 1  A0 17        	ldy     #$17
00019Er 1  18           	clc
00019Fr 1  71 rr        	adc     (sp),y
0001A1r 1  48           	pha
0001A2r 1  A0 15        	ldy     #$15
0001A4r 1  B1 rr        	lda     (sp),y
0001A6r 1  A0 18        	ldy     #$18
0001A8r 1  71 rr        	adc     (sp),y
0001AAr 1  AA           	tax
0001ABr 1  68           	pla
0001ACr 1  A0 05        	ldy     #$05
0001AEr 1  20 rr rr     	jsr     staxysp
0001B1r 1  A0 19        	ldy     #$19
0001B3r 1  B1 rr        	lda     (sp),y
0001B5r 1  18           	clc
0001B6r 1  A0 16        	ldy     #$16
0001B8r 1  71 rr        	adc     (sp),y
0001BAr 1  A0 01        	ldy     #$01
0001BCr 1  91 rr        	sta     (sp),y
0001BEr 1  20 rr rr     	jsr     decsp6
0001C1r 1  A0 0E        	ldy     #$0E
0001C3r 1  B1 rr        	lda     (sp),y
0001C5r 1  AA           	tax
0001C6r 1  88           	dey
0001C7r 1  B1 rr        	lda     (sp),y
0001C9r 1  A0 04        	ldy     #$04
0001CBr 1  91 rr        	sta     (sp),y
0001CDr 1  C8           	iny
0001CEr 1  8A           	txa
0001CFr 1  91 rr        	sta     (sp),y
0001D1r 1  A0 08        	ldy     #$08
0001D3r 1  B1 rr        	lda     (sp),y
0001D5r 1  A0 03        	ldy     #$03
0001D7r 1  91 rr        	sta     (sp),y
0001D9r 1  A0 0C        	ldy     #$0C
0001DBr 1  B1 rr        	lda     (sp),y
0001DDr 1  AA           	tax
0001DEr 1  88           	dey
0001DFr 1  B1 rr        	lda     (sp),y
0001E1r 1  A0 01        	ldy     #$01
0001E3r 1  91 rr        	sta     (sp),y
0001E5r 1  C8           	iny
0001E6r 1  8A           	txa
0001E7r 1  91 rr        	sta     (sp),y
0001E9r 1  A0 07        	ldy     #$07
0001EBr 1  B1 rr        	lda     (sp),y
0001EDr 1  A0 00        	ldy     #$00
0001EFr 1  91 rr        	sta     (sp),y
0001F1r 1  A9 01        	lda     #$01
0001F3r 1  20 rr rr     	jsr     _compare
0001F6r 1  A5 rr        	lda     sp
0001F8r 1  A6 rr        	ldx     sp+1
0001FAr 1  18           	clc
0001FBr 1  69 0B        	adc     #$0B
0001FDr 1  90 01        	bcc     L00A6
0001FFr 1  E8           	inx
000200r 1  20 rr rr     L00A6:	jsr     _damage_add
000203r 1  A0 0C        	ldy     #$0C
000205r 1  B1 rr        	lda     (sp),y
000207r 1  A0 0F        	ldy     #$0F
000209r 1  18           	clc
00020Ar 1  71 rr        	adc     (sp),y
00020Cr 1  48           	pha
00020Dr 1  A0 0D        	ldy     #$0D
00020Fr 1  B1 rr        	lda     (sp),y
000211r 1  A0 10        	ldy     #$10
000213r 1  71 rr        	adc     (sp),y
000215r 1  AA           	tax
000216r 1  68           	pla
000217r 1  A0 03        	ldy     #$03
000219r 1  20 rr rr     	jsr     staxysp
00021Cr 1  A0 11        	ldy     #$11
00021Er 1  B1 rr        	lda     (sp),y
000220r 1  18           	clc
000221r 1  A0 0E        	ldy     #$0E
000223r 1  71 rr        	adc     (sp),y
000225r 1  A0 00        	ldy     #$00
000227r 1  91 rr        	sta     (sp),y
000229r 1  A0 0D        	ldy     #$0D
00022Br 1  B1 rr        	lda     (sp),y
00022Dr 1  AA           	tax
00022Er 1  88           	dey
00022Fr 1  B1 rr        	lda     (sp),y
000231r 1  A0 07        	ldy     #$07
000233r 1  D1 rr        	cmp     (sp),y
000235r 1  8A           	txa
000236r 1  C8           	iny
000237r 1  F1 rr        	sbc     (sp),y
000239r 1  B0 0D        	bcs     L00AD
00023Br 1  A0 0D        	ldy     #$0D
00023Dr 1  B1 rr        	lda     (sp),y
00023Fr 1  AA           	tax
000240r 1  88           	dey
000241r 1  B1 rr        	lda     (sp),y
000243r 1  A0 07        	ldy     #$07
000245r 1  20 rr rr     	jsr     staxysp
000248r 1  A0 0E        L00AD:	ldy     #$0E
00024Ar 1  B1 rr        	lda     (sp),y
00024Cr 1  A0 02        	ldy     #$02
00024Er 1  D1 rr        	cmp     (sp),y
000250r 1  B0 08        	bcs     L00B1
000252r 1  A0 0E        	ldy     #$0E
000254r 1  B1 rr        	lda     (sp),y
000256r 1  A0 02        	ldy     #$02
000258r 1  91 rr        	sta     (sp),y
00025Ar 1  A0 04        L00B1:	ldy     #$04
00025Cr 1  B1 rr        	lda     (sp),y
00025Er 1  AA           	tax
00025Fr 1  88           	dey
000260r 1  B1 rr        	lda     (sp),y
000262r 1  38           	sec
000263r 1  A0 05        	ldy     #$05
000265r 1  F1 rr        	sbc     (sp),y
000267r 1  85 rr        	sta     tmp1
000269r 1  8A           	txa
00026Ar 1  C8           	iny
00026Br 1  F1 rr        	sbc     (sp),y
00026Dr 1  05 rr        	ora     tmp1
00026Fr 1  90 0F        	bcc     L00B5
000271r 1  F0 0D        	beq     L00B5
000273r 1  A0 04        	ldy     #$04
000275r 1  B1 rr        	lda     (sp),y
000277r 1  AA           	tax
000278r 1  88           	dey
000279r 1  B1 rr        	lda     (sp),y
00027Br 1  A0 05        	ldy     #$05
00027Dr 1  20 rr rr     	jsr     staxysp
000280r 1  A0 00        L00B5:	ldy     #$00
000282r 1  B1 rr        	lda     (sp),y
000284r 1  38           	sec
000285r 1  C8           	iny
000286r 1  F1 rr        	sbc     (sp),y
000288r 1  90 08        	bcc     L00B9
00028Ar 1  F0 06        	beq     L00B9
00028Cr 1  88           	dey
00028Dr 1  B1 rr        	lda     (sp),y
00028Fr 1  C8           	iny
000290r 1  91 rr        	sta     (sp),y
000292r 1  20 rr rr     L00B9:	jsr     decsp6
000295r 1  A0 0E        	ldy     #$0E
000297r 1  B1 rr        	lda     (sp),y
000299r 1  AA           	tax
00029Ar 1  88           	dey
00029Br 1  B1 rr        	lda     (sp),y
00029Dr 1  A0 04        	ldy     #$04
00029Fr 1  91 rr        	sta     (sp),y
0002A1r 1  C8           	iny
0002A2r 1  8A           	txa
0002A3r 1  91 rr        	sta     (sp),y
0002A5r 1  A0 08        	ldy     #$08
0002A7r 1  B1 rr        	lda     (sp),y
0002A9r 1  A0 03        	ldy     #$03
0002ABr 1  91 rr        	sta     (sp),y
0002ADr 1  A0 0C        	ldy     #$0C
0002AFr 1  B1 rr        	lda     (sp),y
0002B1r 1  AA           	tax
0002B2r 1  88           	dey
0002B3r 1  B1 rr        	lda     (sp),y
0002B5r 1  A0 01        	ldy     #$01
0002B7r 1  91 rr        	sta     (sp),y
0002B9r 1  C8           	iny
0002BAr 1  8A           	txa
0002BBr 1  91 rr        	sta     (sp),y
0002BDr 1  A0 07        	ldy     #$07
0002BFr 1  B1 rr        	lda     (sp),y
0002C1r 1  A0 00        	ldy     #$00
0002C3r 1  91 rr        	sta     (sp),y
0002C5r 1  A9 02        	lda     #$02
0002C7r 1  20 rr rr     	jsr     _compare
0002CAr 1  EE C7 7F     	inc     $7FC7
0002CDr 1  A0 09        	ldy     #$09
0002CFr 1  18           	clc
0002D0r 1  A9 01        	lda     #$01
0002D2r 1  71 rr        	adc     (sp),y
0002D4r 1  4C rr rr     	jmp     L00EF
0002D7r 1  C8           L0061:	iny
0002D8r 1  18           	clc
0002D9r 1  A9 01        	lda     #$01
0002DBr 1  71 rr        	adc     (sp),y
0002DDr 1  4C rr rr     	jmp     L00F0
0002E0r 1  AD rr rr     L00F7:	lda     _failed
0002E3r 1  8D C6 7F     	sta     $7FC6
0002E6r 1  A9 02        	lda     #$02
0002E8r 1  8D C5 7F     	sta     $7FC5
0002EBr 1  AD rr rr     	lda     _failed
0002EEr 1  A2 00        	ldx     #$00
0002F0r 1  A0 1B        	ldy     #$1B
0002F2r 1  4C rr rr     	jmp     addysp
0002F5r 1               
0002F5r 1               .endproc
0002F5r 1               
0002F5r 1               
