command: echo smoke -> accepted (Return release=147 frames)
history: count=1 recalls=0 -> 1 scan=83
command: xinit -> accepted (Return release=201 frames)
command: xclock & -> accepted (Return release=250 frames)
command: xwave -> accepted (Return release=228 frames)
page profile 0 stage=1 calls=20 unique=20 cycles=254480
page profile 0 stage=2 calls=20 unique=17 cycles=248677
clock profile 0: paints=1
cache move 0: x=3 y=1 release=59 paste=125 pixels=OK
page profile 1 stage=1 calls=20 unique=20 cycles=254981
page profile 1 stage=2 calls=23 unique=17 cycles=297949
clock profile 1: paints=1
cache move 1: x=40 y=24 release=61 paste=118 pixels=OK
page profile 2 stage=1 calls=21 unique=21 cycles=268101
page profile 2 stage=2 calls=22 unique=18 cycles=279089
clock profile 2: paints=1
cache move 2: x=77 y=47 release=63 paste=131 pixels=OK
page profile 3 stage=1 calls=22 unique=22 cycles=280254
page profile 3 stage=2 calls=25 unique=18 cycles=313802
clock profile 3: paints=1
cache move 3: x=114 y=70 release=64 paste=130 pixels=OK
page profile 4 stage=1 calls=22 unique=22 cycles=277666
page profile 4 stage=2 calls=21 unique=18 cycles=261732
clock profile 4: paints=1
cache move 4: x=151 y=93 release=62 paste=134 pixels=OK
page profile 5 stage=1 calls=30 unique=30 cycles=380400
page profile 5 stage=2 calls=25 unique=18 cycles=316718
clock profile 5: paints=1
cache move 5: x=35 y=19 release=81 paste=130 pixels=OK
page profile 6 stage=1 calls=22 unique=22 cycles=280228
page profile 6 stage=2 calls=22 unique=18 cycles=281478
clock profile 6: paints=1
cache move 6: x=72 y=42 release=63 paste=127 pixels=OK
page profile 7 stage=1 calls=22 unique=22 cycles=281145
page profile 7 stage=2 calls=27 unique=19 cycles=342606
clock profile 7: paints=2
cache move 7: x=109 y=65 release=64 paste=163 pixels=OK
page profile 8 stage=1 calls=20 unique=20 cycles=255051
page profile 8 stage=2 calls=19 unique=16 cycles=239466
clock profile 8: paints=1
cache move 8: x=146 y=88 release=62 paste=124 pixels=OK
page profile 9 stage=1 calls=29 unique=29 cycles=369912
page profile 9 stage=2 calls=25 unique=18 cycles=316637
clock profile 9: paints=1
cache move 9: x=30 y=14 release=81 paste=133 pixels=OK
page profile 10 stage=1 calls=22 unique=22 cycles=281145
page profile 10 stage=2 calls=21 unique=18 cycles=260727
clock profile 10: paints=1
cache move 10: x=67 y=37 release=65 paste=125 pixels=OK
page profile 11 stage=1 calls=22 unique=22 cycles=280572
page profile 11 stage=2 calls=24 unique=18 cycles=307343
clock profile 11: paints=1
cache move 11: x=104 y=60 release=64 paste=120 pixels=OK
page profile 12 stage=1 calls=21 unique=21 cycles=266874
page profile 12 stage=2 calls=20 unique=17 cycles=253970
clock profile 12: paints=1
cache move 12: x=141 y=83 release=63 paste=130 pixels=OK
page profile 13 stage=1 calls=29 unique=29 cycles=369562
page profile 13 stage=2 calls=25 unique=18 cycles=312822
clock profile 13: paints=1
cache move 13: x=25 y=9 release=79 paste=128 pixels=OK
page profile 14 stage=1 calls=20 unique=20 cycles=254680
page profile 14 stage=2 calls=22 unique=16 cycles=282155
clock profile 14: paints=1
cache move 14: x=62 y=32 release=62 paste=134 pixels=OK
page profile 15 stage=1 calls=20 unique=20 cycles=254486
page profile 15 stage=2 calls=24 unique=18 cycles=305365
clock profile 15: paints=1
cache move 15: x=99 y=55 release=63 paste=132 pixels=OK
cancel profile: frames=155
command: echo console alive -> accepted (Return release=190 frames)
command: xwave & -> accepted (Return release=270 frames)
command: date 121000 -> accepted (Return release=165 frames)
clock repair 0: x=109 y=40 frames=119 pages=0 callbacks=1 pixels=OK
command: date 121100 -> accepted (Return release=167 frames)
clock repair 1: x=109 y=65 frames=126 pages=2 callbacks=1 pixels=OK
command: date 121200 -> accepted (Return release=167 frames)
clock repair 2: x=144 y=88 frames=254 pages=33 callbacks=1 pixels=OK
profiler entry redispatches: 3
shutdown profile: raster=213 target=226
command: xinit -q -> accepted (Return release=204 frames)
command: xinit -> accepted (Return release=160 frames)
command: xwave & -> accepted (Return release=196 frames)
command: echo graphics restarted -> accepted (Return release=192 frames)
cache latency: release=81 paste=163 PAL frames; NMI drains=6909
PASS: live cached moves, full pixels, fallback, cancellation and restart
