ca65 V2.18 - Fedora 2.19-15.fc44
Main file   : /var/home/salvogendut/Dev/UDEKS/build/window-manager-bounded-repaint/build/window-repaint-callers/control.s
Current file: /var/home/salvogendut/Dev/UDEKS/build/window-manager-bounded-repaint/build/window-repaint-callers/control.s

000000r 1               ;
000000r 1               ; File generated by cc65 v 2.18 - Fedora 2.19-15.fc44
000000r 1               ;
000000r 1               	.fopt		compiler,"cc65 v 2.18 - Fedora 2.19-15.fc44"
000000r 1               	.setcpu		"6502"
000000r 1               	.smart		on
000000r 1               	.autoimport	on
000000r 1               	.case		on
000000r 1               	.debuginfo	off
000000r 1               	.importzp	sp, sreg, regsave, regbank
000000r 1               	.importzp	tmp1, tmp2, tmp3, tmp4, ptr1, ptr2, ptr3, ptr4
000000r 1               	.macpack	longbranch
000000r 2               .macro  jeq     Target
000000r 2                       .if     .match(Target, 0)
000000r 2                       bne     *+5
000000r 2                       jmp     Target
000000r 2                       .elseif .def(Target) .and .const((*-2)-(Target)) .and ((*+2)-(Target) <= 127)
000000r 2                               beq     Target
000000r 2                       .else
000000r 2                               bne     *+5
000000r 2                               jmp     Target
000000r 2                       .endif
000000r 2               .endmacro
000000r 2               .macro  jne     Target
000000r 2                       .if     .match(Target, 0)
000000r 2                               beq     *+5
000000r 2                               jmp     Target
000000r 2                       .elseif .def(Target) .and .const((*-2)-(Target)) .and ((*+2)-(Target) <= 127)
000000r 2                               bne     Target
000000r 2                       .else
000000r 2                               beq     *+5
000000r 2                               jmp     Target
000000r 2                       .endif
000000r 2               .endmacro
000000r 2               .macro  jmi     Target
000000r 2                       .if     .match(Target, 0)
000000r 2                               bpl     *+5
000000r 2                               jmp     Target
000000r 2                       .elseif .def(Target) .and .const((*-2)-(Target)) .and ((*+2)-(Target) <= 127)
000000r 2                               bmi     Target
000000r 2                       .else
000000r 2                               bpl     *+5
000000r 2                               jmp     Target
000000r 2                       .endif
000000r 2               .endmacro
000000r 2               .macro  jpl     Target
000000r 2                       .if     .match(Target, 0)
000000r 2                               bmi     *+5
000000r 2                               jmp     Target
000000r 2                       .elseif .def(Target) .and .const((*-2)-(Target)) .and ((*+2)-(Target) <= 127)
000000r 2                               bpl     Target
000000r 2                       .else
000000r 2                               bmi     *+5
000000r 2                               jmp     Target
000000r 2                       .endif
000000r 2               .endmacro
000000r 2               .macro  jcs     Target
000000r 2                       .if     .match(Target, 0)
000000r 2                               bcc     *+5
000000r 2                               jmp     Target
000000r 2                       .elseif .def(Target) .and .const((*-2)-(Target)) .and ((*+2)-(Target) <= 127)
000000r 2                               bcs     Target
000000r 2                       .else
000000r 2                               bcc     *+5
000000r 2                               jmp     Target
000000r 2                       .endif
000000r 2               .endmacro
000000r 2               .macro  jcc     Target
000000r 2                       .if     .match(Target, 0)
000000r 2                               bcs     *+5
000000r 2                               jmp     Target
000000r 2                       .elseif .def(Target) .and .const((*-2)-(Target)) .and ((*+2)-(Target) <= 127)
000000r 2                               bcc     Target
000000r 2                       .else
000000r 2                               bcs     *+5
000000r 2                               jmp     Target
000000r 2                       .endif
000000r 2               .endmacro
000000r 2               .macro  jvs     Target
000000r 2                       .if     .match(Target, 0)
000000r 2                               bvc     *+5
000000r 2                               jmp     Target
000000r 2                       .elseif .def(Target) .and .const((*-2)-(Target)) .and ((*+2)-(Target) <= 127)
000000r 2                               bvs     Target
000000r 2                       .else
000000r 2                               bvc     *+5
000000r 2                               jmp     Target
000000r 2                       .endif
000000r 2               .endmacro
000000r 2               .macro  jvc     Target
000000r 2                       .if     .match(Target, 0)
000000r 2                               bvs     *+5
000000r 2                               jmp     Target
000000r 2                       .elseif .def(Target) .and .const((*-2)-(Target)) .and ((*+2)-(Target) <= 127)
000000r 2                               bvc     Target
000000r 2                       .else
000000r 2                               bvs     *+5
000000r 2                               jmp     Target
000000r 2                       .endif
000000r 2               .endmacro
000000r 2               
000000r 1               	.import		_damage_left
000000r 1               	.import		_damage_right
000000r 1               	.import		_damage_top
000000r 1               	.import		_damage_bottom
000000r 1               	.import		_repaint_frontend_control
000000r 1               	.export		_repaint_control_damage
000000r 1               
000000r 1               ; ---------------------------------------------------------------
000000r 1               ; unsigned char __near__ repaint_control_damage (unsigned char, unsigned char)
000000r 1               ; ---------------------------------------------------------------
000000r 1               
000000r 1               .segment	"CODE"
000000r 1               
000000r 1               .proc	_repaint_control_damage: near
000000r 1               
000000r 1               .segment	"CODE"
000000r 1               
000000r 1  20 rr rr     	jsr     pusha
000003r 1  20 rr rr     	jsr     decsp6
000006r 1  AD rr rr     	lda     _damage_left
000009r 1  AE rr rr     	ldx     _damage_left+1
00000Cr 1  20 rr rr     	jsr     stax0sp
00000Fr 1  AD rr rr     	lda     _damage_right
000012r 1  AE rr rr     	ldx     _damage_right+1
000015r 1  A0 02        	ldy     #$02
000017r 1  20 rr rr     	jsr     staxysp
00001Ar 1  AD rr rr     	lda     _damage_top
00001Dr 1  A0 04        	ldy     #$04
00001Fr 1  91 rr        	sta     (sp),y
000021r 1  AD rr rr     	lda     _damage_bottom
000024r 1  C8           	iny
000025r 1  91 rr        	sta     (sp),y
000027r 1  20 rr rr     	jsr     decsp3
00002Ar 1  A0 0A        	ldy     #$0A
00002Cr 1  B1 rr        	lda     (sp),y
00002Er 1  A0 02        	ldy     #$02
000030r 1  91 rr        	sta     (sp),y
000032r 1  A5 rr        	lda     sp
000034r 1  A6 rr        	ldx     sp+1
000036r 1  18           	clc
000037r 1  69 03        	adc     #$03
000039r 1  90 01        	bcc     L000D
00003Br 1  E8           	inx
00003Cr 1  A0 00        L000D:	ldy     #$00
00003Er 1  91 rr        	sta     (sp),y
000040r 1  C8           	iny
000041r 1  8A           	txa
000042r 1  91 rr        	sta     (sp),y
000044r 1  A0 09        	ldy     #$09
000046r 1  B1 rr        	lda     (sp),y
000048r 1  20 rr rr     	jsr     _repaint_frontend_control
00004Br 1  4C rr rr     	jmp     incsp8
00004Er 1               
00004Er 1               .endproc
00004Er 1               
00004Er 1               
