command: echo smoke -> accepted (Return release=188 frames)
history: count=1 recalls=0 -> 1 scan=83
command: xinit -> accepted (Return release=158 frames)
command: xclock & -> accepted (Return release=261 frames)
command: xwave -> accepted (Return release=367 frames)
stress 0: x=3 y=1 row=0 column=12 PC=$5D62 release=346 frames
stress 1: x=40 y=24 row=0 column=16 PC=$9121 release=258 frames
stress 2: x=77 y=47 row=0 column=20 PC=$5DDF release=270 frames
stress 3: x=114 y=70 row=0 column=24 PC=$91C5 release=274 frames
stress 4: x=151 y=93 row=1 column=0 PC=$2126 release=265 frames
stress 5: x=35 y=19 row=1 column=4 PC=$9123 release=336 frames
stress 6: x=72 y=42 row=1 column=8 PC=$9335 release=273 frames
stress 7: x=109 y=65 row=1 column=12 PC=$92EB release=278 frames
stress 8: x=146 y=88 row=1 column=16 PC=$9329 release=276 frames
stress 9: x=30 y=14 row=1 column=20 PC=$90B3 release=345 frames
stress 10: x=67 y=37 row=1 column=24 PC=$2A3D release=284 frames
stress 11: x=104 y=60 row=2 column=0 PC=$91F8 release=279 frames
stress 12: x=141 y=83 row=2 column=4 PC=$03F0 release=284 frames
stress 13: x=25 y=9 row=2 column=8 PC=$9335 release=348 frames
stress 14: x=62 y=32 row=2 column=12 PC=$932E release=287 frames
stress 15: x=99 y=55 row=2 column=16 PC=$91A9 release=294 frames
stress 16: x=136 y=78 row=21 column=0 PC=$5D39 release=556 frames
stress 17: x=20 y=4 row=21 column=0 PC=$91A9 release=619 frames
stress 18: x=57 y=27 row=21 column=0 PC=$5DDF release=553 frames
stress 19: x=94 y=50 row=21 column=0 PC=$2A17 release=558 frames
stress 20: x=131 y=73 row=21 column=0 PC=$C23B release=560 frames
stress 21: x=15 y=96 row=21 column=0 PC=$1E42 release=575 frames
stress 22: x=52 y=22 row=21 column=0 PC=$5D0B release=590 frames
stress 23: x=89 y=45 row=21 column=0 PC=$9276 release=560 frames
stress 24: x=126 y=68 row=21 column=0 PC=$C262 release=559 frames
stress 25: x=10 y=91 row=21 column=0 PC=$5DA8 release=574 frames
stress 26: x=47 y=17 row=21 column=0 PC=$9219 release=587 frames
stress 27: x=84 y=40 row=21 column=0 PC=$926C release=560 frames
stress 28: x=121 y=63 row=21 column=0 PC=$C235 release=560 frames
stress 29: x=5 y=86 row=21 column=0 PC=$2A82 release=581 frames
stress 30: x=42 y=12 row=21 column=0 PC=$C42A release=590 frames
stress 31: x=79 y=35 row=21 column=0 PC=$91AF release=558 frames
latency: drag release max partial=348 cached=619; completed-wave cancellation=194 PAL frames
command: echo console alive -> accepted (Return release=148 frames)
PASS: repeated native wave drags and console cancellation
