command: echo smoke -> accepted (Return release=188 frames)
history: count=1 recalls=0 -> 1 scan=83
command: xinit -> accepted (Return release=200 frames)
command: xclock & -> accepted (Return release=248 frames)
command: xwave -> accepted (Return release=334 frames)
stress 0: x=3 y=1 row=0 column=12 PC=$2A9D release=285 frames
stress 1: x=40 y=24 row=0 column=16 PC=$5EFF release=216 frames
stress 2: x=77 y=47 row=0 column=20 PC=$5DCD release=227 frames
stress 3: x=114 y=70 row=0 column=24 PC=$5F07 release=231 frames
stress 4: x=151 y=93 row=1 column=0 PC=$5D8B release=224 frames
stress 5: x=35 y=19 row=1 column=4 PC=$91B4 release=278 frames
stress 6: x=72 y=42 row=1 column=8 PC=$91DC release=230 frames
stress 7: x=109 y=65 row=1 column=12 PC=$455E release=234 frames
stress 8: x=146 y=88 row=1 column=16 PC=$9296 release=231 frames
stress 9: x=30 y=14 row=1 column=20 PC=$6D0C release=286 frames
stress 10: x=67 y=37 row=1 column=24 PC=$5DA0 release=238 frames
stress 11: x=104 y=60 row=2 column=0 PC=$2A4D release=236 frames
stress 12: x=141 y=83 row=2 column=4 PC=$03CD release=240 frames
stress 13: x=25 y=9 row=2 column=8 PC=$5F2D release=290 frames
stress 14: x=62 y=32 row=2 column=12 PC=$5DDA release=242 frames
stress 15: x=99 y=55 row=2 column=16 PC=$91B1 release=248 frames
stress 16: x=136 y=78 row=21 column=0 PC=$5DDB release=493 frames
stress 17: x=20 y=4 row=21 column=0 PC=$8F77 release=541 frames
stress 18: x=57 y=27 row=21 column=0 PC=$5D25 release=490 frames
stress 19: x=94 y=50 row=21 column=0 PC=$4628 release=494 frames
stress 20: x=131 y=73 row=21 column=0 PC=$5DD6 release=496 frames
stress 21: x=15 y=96 row=21 column=0 PC=$5CD8 release=505 frames
stress 22: x=52 y=22 row=21 column=0 PC=$211B release=519 frames
stress 23: x=89 y=45 row=21 column=0 PC=$90D6 release=496 frames
stress 24: x=126 y=68 row=21 column=0 PC=$9189 release=495 frames
stress 25: x=10 y=91 row=21 column=0 PC=$C441 release=507 frames
stress 26: x=47 y=17 row=21 column=0 PC=$1FDC release=517 frames
stress 27: x=84 y=40 row=21 column=0 PC=$5DDA release=495 frames
stress 28: x=121 y=63 row=21 column=0 PC=$1FD2 release=494 frames
stress 29: x=5 y=86 row=21 column=0 PC=$8F20 release=512 frames
stress 30: x=42 y=12 row=21 column=0 PC=$C43A release=519 frames
stress 31: x=79 y=35 row=21 column=0 PC=$C262 release=494 frames
latency: drag release max partial=290 cached=541; completed-wave cancellation=216 PAL frames
command: echo console alive -> accepted (Return release=191 frames)
PASS: repeated native wave drags and console cancellation
