command: echo smoke -> accepted (Return release=188 frames)
history: count=1 recalls=0 -> 1 scan=83
command: xinit -> accepted (Return release=202 frames)
command: xclock & -> accepted (Return release=250 frames)
command: xwave -> accepted (Return release=228 frames)
cache move 0: x=3 y=1 release=60 paste=155 pixels=OK
cache move 1: x=40 y=24 release=61 paste=141 pixels=OK
cache move 2: x=77 y=47 release=62 paste=157 pixels=OK
cache move 3: x=114 y=70 release=65 paste=159 pixels=OK
cache move 4: x=151 y=93 release=61 paste=164 pixels=OK
cache move 5: x=35 y=19 release=80 paste=163 pixels=OK
cache move 6: x=72 y=42 release=64 paste=148 pixels=OK
cache move 7: x=109 y=65 release=63 paste=159 pixels=OK
cache move 8: x=146 y=88 release=62 paste=141 pixels=OK
cache move 9: x=30 y=14 release=81 paste=164 pixels=OK
cache move 10: x=67 y=37 release=64 paste=155 pixels=OK
cache move 11: x=104 y=60 release=64 paste=142 pixels=OK
cache move 12: x=141 y=83 release=63 paste=158 pixels=OK
cache move 13: x=25 y=9 release=80 paste=156 pixels=OK
cache move 14: x=62 y=32 release=63 paste=155 pixels=OK
cache move 15: x=99 y=55 release=62 paste=162 pixels=OK
command: echo console alive -> accepted (Return release=191 frames)
command: xwave & -> accepted (Return release=222 frames)
command: xinit -q -> accepted (Return release=206 frames)
command: xinit -> accepted (Return release=160 frames)
command: xwave & -> accepted (Return release=197 frames)
command: echo graphics restarted -> accepted (Return release=150 frames)
cache latency: release=81 paste=164 PAL frames; NMI drains=7479
PASS: live cached moves, full pixels, fallback, cancellation and restart
