ca65 V2.18 - Fedora 2.19-15.fc44
Main file   : /var/home/salvogendut/Dev/UDEKS/build/window-manager-bounded-repaint/build/window-repaint-scenes/dispatch.s
Current file: /var/home/salvogendut/Dev/UDEKS/build/window-manager-bounded-repaint/build/window-repaint-scenes/dispatch.s

000000r 1               ;
000000r 1               ; File generated by cc65 v 2.18 - Fedora 2.19-15.fc44
000000r 1               ;
000000r 1               	.fopt		compiler,"cc65 v 2.18 - Fedora 2.19-15.fc44"
000000r 1               	.setcpu		"6502"
000000r 1               	.smart		on
000000r 1               	.autoimport	on
000000r 1               	.case		on
000000r 1               	.debuginfo	off
000000r 1               	.importzp	sp, sreg, regsave, regbank
000000r 1               	.importzp	tmp1, tmp2, tmp3, tmp4, ptr1, ptr2, ptr3, ptr4
000000r 1               	.macpack	longbranch
000000r 2               .macro  jeq     Target
000000r 2                       .if     .match(Target, 0)
000000r 2                       bne     *+5
000000r 2                       jmp     Target
000000r 2                       .elseif .def(Target) .and .const((*-2)-(Target)) .and ((*+2)-(Target) <= 127)
000000r 2                               beq     Target
000000r 2                       .else
000000r 2                               bne     *+5
000000r 2                               jmp     Target
000000r 2                       .endif
000000r 2               .endmacro
000000r 2               .macro  jne     Target
000000r 2                       .if     .match(Target, 0)
000000r 2                               beq     *+5
000000r 2                               jmp     Target
000000r 2                       .elseif .def(Target) .and .const((*-2)-(Target)) .and ((*+2)-(Target) <= 127)
000000r 2                               bne     Target
000000r 2                       .else
000000r 2                               beq     *+5
000000r 2                               jmp     Target
000000r 2                       .endif
000000r 2               .endmacro
000000r 2               .macro  jmi     Target
000000r 2                       .if     .match(Target, 0)
000000r 2                               bpl     *+5
000000r 2                               jmp     Target
000000r 2                       .elseif .def(Target) .and .const((*-2)-(Target)) .and ((*+2)-(Target) <= 127)
000000r 2                               bmi     Target
000000r 2                       .else
000000r 2                               bpl     *+5
000000r 2                               jmp     Target
000000r 2                       .endif
000000r 2               .endmacro
000000r 2               .macro  jpl     Target
000000r 2                       .if     .match(Target, 0)
000000r 2                               bmi     *+5
000000r 2                               jmp     Target
000000r 2                       .elseif .def(Target) .and .const((*-2)-(Target)) .and ((*+2)-(Target) <= 127)
000000r 2                               bpl     Target
000000r 2                       .else
000000r 2                               bmi     *+5
000000r 2                               jmp     Target
000000r 2                       .endif
000000r 2               .endmacro
000000r 2               .macro  jcs     Target
000000r 2                       .if     .match(Target, 0)
000000r 2                               bcc     *+5
000000r 2                               jmp     Target
000000r 2                       .elseif .def(Target) .and .const((*-2)-(Target)) .and ((*+2)-(Target) <= 127)
000000r 2                               bcs     Target
000000r 2                       .else
000000r 2                               bcc     *+5
000000r 2                               jmp     Target
000000r 2                       .endif
000000r 2               .endmacro
000000r 2               .macro  jcc     Target
000000r 2                       .if     .match(Target, 0)
000000r 2                               bcs     *+5
000000r 2                               jmp     Target
000000r 2                       .elseif .def(Target) .and .const((*-2)-(Target)) .and ((*+2)-(Target) <= 127)
000000r 2                               bcc     Target
000000r 2                       .else
000000r 2                               bcs     *+5
000000r 2                               jmp     Target
000000r 2                       .endif
000000r 2               .endmacro
000000r 2               .macro  jvs     Target
000000r 2                       .if     .match(Target, 0)
000000r 2                               bvc     *+5
000000r 2                               jmp     Target
000000r 2                       .elseif .def(Target) .and .const((*-2)-(Target)) .and ((*+2)-(Target) <= 127)
000000r 2                               bvs     Target
000000r 2                       .else
000000r 2                               bvc     *+5
000000r 2                               jmp     Target
000000r 2                       .endif
000000r 2               .endmacro
000000r 2               .macro  jvc     Target
000000r 2                       .if     .match(Target, 0)
000000r 2                               bvs     *+5
000000r 2                               jmp     Target
000000r 2                       .elseif .def(Target) .and .const((*-2)-(Target)) .and ((*+2)-(Target) <= 127)
000000r 2                               bvc     Target
000000r 2                       .else
000000r 2                               bvs     *+5
000000r 2                               jmp     Target
000000r 2                       .endif
000000r 2               .endmacro
000000r 2               
000000r 1               	.import		_udeks_repaint_lane
000000r 1               	.import		_udeks_lane_init
000000r 1               	.import		_udeks_lane_request
000000r 1               	.import		_udeks_lane_changed
000000r 1               	.import		_udeks_lane_abort
000000r 1               	.import		_udeks_lane_peek
000000r 1               	.import		_udeks_lane_validate
000000r 1               	.import		_udeks_lane_ack
000000r 1               	.export		_repaint_dispatch
000000r 1               
000000r 1               ; ---------------------------------------------------------------
000000r 1               ; void __near__ repaint_dispatch (void)
000000r 1               ; ---------------------------------------------------------------
000000r 1               
000000r 1               .segment	"CODE"
000000r 1               
000000r 1               .proc	_repaint_dispatch: near
000000r 1               
000000r 1               .segment	"CODE"
000000r 1               
000000r 1  A9 02        	lda     #$02
000002r 1  20 rr rr     	jsr     pusha
000005r 1  AD 80 F7     	lda     $F780
000008r 1  F0 1B        	beq     L004E
00000Ar 1  C9 01        	cmp     #$01
00000Cr 1  F0 1F        	beq     L0053
00000Er 1  C9 02        	cmp     #$02
000010r 1  F0 25        	beq     L0059
000012r 1  C9 03        	cmp     #$03
000014r 1  F0 2B        	beq     L005F
000016r 1  C9 04        	cmp     #$04
000018r 1  F0 2D        	beq     L0063
00001Ar 1  C9 05        	cmp     #$05
00001Cr 1  F0 2F        	beq     L0067
00001Er 1  C9 06        	cmp     #$06
000020r 1  F0 35        	beq     L006D
000022r 1  4C rr rr     	jmp     L004C
000025r 1  20 rr rr     L004E:	jsr     _udeks_lane_init
000028r 1  A9 00        	lda     #$00
00002Ar 1  4C rr rr     	jmp     L007B
00002Dr 1  A2 F7        L0053:	ldx     #$F7
00002Fr 1  A9 84        	lda     #$84
000031r 1  20 rr rr     	jsr     _udeks_lane_request
000034r 1  4C rr rr     	jmp     L007B
000037r 1  A2 F7        L0059:	ldx     #$F7
000039r 1  A9 84        	lda     #$84
00003Br 1  20 rr rr     	jsr     _udeks_lane_changed
00003Er 1  4C rr rr     	jmp     L007B
000041r 1  20 rr rr     L005F:	jsr     _udeks_lane_abort
000044r 1  4C rr rr     	jmp     L007B
000047r 1  20 rr rr     L0063:	jsr     _peek_scenes
00004Ar 1  4C rr rr     	jmp     L007B
00004Dr 1  A2 F7        L0067:	ldx     #$F7
00004Fr 1  A9 8A        	lda     #$8A
000051r 1  20 rr rr     	jsr     _udeks_lane_validate
000054r 1  4C rr rr     	jmp     L007B
000057r 1  A2 F7        L006D:	ldx     #$F7
000059r 1  A9 8A        	lda     #$8A
00005Br 1  20 rr rr     	jsr     pushax
00005Er 1  AD 82 F7     	lda     $F782
000061r 1  20 rr rr     	jsr     _udeks_lane_ack
000064r 1  A0 00        L007B:	ldy     #$00
000066r 1  91 rr        	sta     (sp),y
000068r 1  A0 00        L004C:	ldy     #$00
00006Ar 1  B1 rr        	lda     (sp),y
00006Cr 1  8D 83 F7     	sta     $F783
00006Fr 1  A2 F7        	ldx     #$F7
000071r 1  A9 C0        	lda     #$C0
000073r 1  20 rr rr     	jsr     pushax
000076r 1  A9 rr        	lda     #<(_udeks_repaint_lane)
000078r 1  A2 rr        	ldx     #>(_udeks_repaint_lane)
00007Ar 1  20 rr rr     	jsr     pushax
00007Dr 1  A2 00        	ldx     #$00
00007Fr 1  A9 12        	lda     #$12
000081r 1  20 rr rr     	jsr     _memcpy
000084r 1  4C rr rr     	jmp     incsp1
000087r 1               
000087r 1               .endproc
000087r 1               
000087r 1               ; ---------------------------------------------------------------
000087r 1               ; unsigned char __near__ peek_scenes (void)
000087r 1               ; ---------------------------------------------------------------
000087r 1               
000087r 1               .segment	"CODE"
000087r 1               
000087r 1               .proc	_peek_scenes: near
000087r 1               
000087r 1               .segment	"CODE"
000087r 1               
000087r 1  A0 24        	ldy     #$24
000089r 1  20 rr rr     	jsr     subysp
00008Cr 1  A5 rr        	lda     regbank+4
00008Er 1  A6 rr        	ldx     regbank+5
000090r 1  20 rr rr     	jsr     pushax
000093r 1  A5 rr        	lda     regbank+2
000095r 1  A6 rr        	ldx     regbank+3
000097r 1  20 rr rr     	jsr     pushax
00009Ar 1  20 rr rr     	jsr     decsp1
00009Dr 1  A9 00        	lda     #$00
00009Fr 1  20 rr rr     	jsr     pusha
0000A2r 1  AD 81 F7     	lda     $F781
0000A5r 1  C9 84        	cmp     #$84
0000A7r 1  D0 14        	bne     L007F
0000A9r 1  AD B0 F7     	lda     $F7B0
0000ACr 1  D0 0F        	bne     L007F
0000AEr 1  AD B1 F7     	lda     $F7B1
0000B1r 1  D0 0A        	bne     L007F
0000B3r 1  AD B2 F7     	lda     $F7B2
0000B6r 1  D0 05        	bne     L007F
0000B8r 1  AD B3 F7     	lda     $F7B3
0000BBr 1  F0 07        	beq     L0006
0000BDr 1  A2 00        L007F:	ldx     #$00
0000BFr 1  A9 02        	lda     #$02
0000C1r 1  4C rr rr     	jmp     L0003
0000C4r 1  A2 F7        L0006:	ldx     #$F7
0000C6r 1  A9 90        	lda     #$90
0000C8r 1  85 rr        	sta     regbank+4
0000CAr 1  86 rr        	stx     regbank+4+1
0000CCr 1  A5 rr        	lda     sp
0000CEr 1  A6 rr        	ldx     sp+1
0000D0r 1  18           	clc
0000D1r 1  69 06        	adc     #$06
0000D3r 1  90 01        	bcc     L0018
0000D5r 1  E8           	inx
0000D6r 1  85 rr        L0018:	sta     regbank+2
0000D8r 1  86 rr        	stx     regbank+2+1
0000DAr 1  A9 00        	lda     #$00
0000DCr 1  A0 01        	ldy     #$01
0000DEr 1  91 rr        	sta     (sp),y
0000E0r 1  B1 rr        L0080:	lda     (sp),y
0000E2r 1  C9 04        	cmp     #$04
0000E4r 1  90 03 4C rr  	jcs     L001A
0000E8r 1  rr           
0000E9r 1  A0 07        	ldy     #$07
0000EBr 1  B1 rr        	lda     (regbank+4),y
0000EDr 1  D0 03 4C rr  	jeq     L001B
0000F1r 1  rr           
0000F2r 1  A0 00        	ldy     #$00
0000F4r 1  B1 rr        	lda     (regbank+4),y
0000F6r 1  29 01        	and     #$01
0000F8r 1  D0 03 4C rr  	jeq     L001B
0000FCr 1  rr           
0000FDr 1  A0 07        	ldy     #$07
0000FFr 1  B1 rr        	lda     (regbank+4),y
000101r 1  C9 05        	cmp     #$05
000103r 1  B0 68        	bcs     L0082
000105r 1  A0 05        	ldy     #$05
000107r 1  B1 rr        	lda     (regbank+4),y
000109r 1  AA           	tax
00010Ar 1  88           	dey
00010Br 1  B1 rr        	lda     (regbank+4),y
00010Dr 1  E0 00        	cpx     #$00
00010Fr 1  D0 02        	bne     L0029
000111r 1  C9 10        	cmp     #$10
000113r 1  90 58        L0029:	bcc     L0082
000115r 1  C8           	iny
000116r 1  B1 rr        	lda     (regbank+4),y
000118r 1  AA           	tax
000119r 1  88           	dey
00011Ar 1  B1 rr        	lda     (regbank+4),y
00011Cr 1  C9 41        	cmp     #$41
00011Er 1  8A           	txa
00011Fr 1  E9 01        	sbc     #$01
000121r 1  B0 4A        	bcs     L0082
000123r 1  A0 06        	ldy     #$06
000125r 1  B1 rr        	lda     (regbank+4),y
000127r 1  C9 12        	cmp     #$12
000129r 1  90 42        	bcc     L0082
00012Br 1  C9 C9        	cmp     #$C9
00012Dr 1  B0 3E        	bcs     L0082
00012Fr 1  A0 02        	ldy     #$02
000131r 1  B1 rr        	lda     (regbank+4),y
000133r 1  AA           	tax
000134r 1  88           	dey
000135r 1  B1 rr        	lda     (regbank+4),y
000137r 1  20 rr rr     	jsr     pushax
00013Ar 1  A2 01        	ldx     #$01
00013Cr 1  A9 40        	lda     #$40
00013Er 1  20 rr rr     	jsr     pushax
000141r 1  A0 05        	ldy     #$05
000143r 1  B1 rr        	lda     (regbank+4),y
000145r 1  AA           	tax
000146r 1  88           	dey
000147r 1  B1 rr        	lda     (regbank+4),y
000149r 1  20 rr rr     	jsr     tossubax
00014Cr 1  20 rr rr     	jsr     tosicmp
00014Fr 1  F0 02        	beq     L007D
000151r 1  B0 1A        	bcs     L0082
000153r 1  A0 03        L007D:	ldy     #$03
000155r 1  B1 rr        	lda     (regbank+4),y
000157r 1  20 rr rr     	jsr     pusha0
00015Ar 1  A9 C8        	lda     #$C8
00015Cr 1  20 rr rr     	jsr     pusha0
00015Fr 1  A0 06        	ldy     #$06
000161r 1  B1 rr        	lda     (regbank+4),y
000163r 1  20 rr rr     	jsr     tossuba0
000166r 1  20 rr rr     	jsr     tosicmp
000169r 1  F0 09        	beq     L0027
00016Br 1  90 07        	bcc     L0027
00016Dr 1  A2 00        L0082:	ldx     #$00
00016Fr 1  A9 02        	lda     #$02
000171r 1  4C rr rr     	jmp     L0003
000174r 1  A5 rr        L0027:	lda     regbank+2
000176r 1  A6 rr        	ldx     regbank+2+1
000178r 1  20 rr rr     	jsr     pushax
00017Br 1  A0 02        	ldy     #$02
00017Dr 1  B1 rr        	lda     (regbank+4),y
00017Fr 1  AA           	tax
000180r 1  88           	dey
000181r 1  B1 rr        	lda     (regbank+4),y
000183r 1  88           	dey
000184r 1  20 rr rr     	jsr     staxspidx
000187r 1  A5 rr        	lda     regbank+2
000189r 1  A6 rr        	ldx     regbank+2+1
00018Br 1  20 rr rr     	jsr     pushax
00018Er 1  A0 02        	ldy     #$02
000190r 1  B1 rr        	lda     (regbank+4),y
000192r 1  AA           	tax
000193r 1  88           	dey
000194r 1  B1 rr        	lda     (regbank+4),y
000196r 1  20 rr rr     	jsr     pushax
000199r 1  A0 05        	ldy     #$05
00019Br 1  B1 rr        	lda     (regbank+4),y
00019Dr 1  AA           	tax
00019Er 1  88           	dey
00019Fr 1  B1 rr        	lda     (regbank+4),y
0001A1r 1  20 rr rr     	jsr     tosaddax
0001A4r 1  A0 02        	ldy     #$02
0001A6r 1  20 rr rr     	jsr     staxspidx
0001A9r 1  C8           	iny
0001AAr 1  B1 rr        	lda     (regbank+4),y
0001ACr 1  C8           	iny
0001ADr 1  91 rr        	sta     (regbank+2),y
0001AFr 1  88           	dey
0001B0r 1  B1 rr        	lda     (regbank+4),y
0001B2r 1  85 rr        	sta     ptr1
0001B4r 1  A0 06        	ldy     #$06
0001B6r 1  B1 rr        	lda     (regbank+4),y
0001B8r 1  18           	clc
0001B9r 1  65 rr        	adc     ptr1
0001BBr 1  88           	dey
0001BCr 1  91 rr        	sta     (regbank+2),y
0001BEr 1  A0 01        	ldy     #$01
0001C0r 1  B1 rr        	lda     (sp),y
0001C2r 1  18           	clc
0001C3r 1  69 01        	adc     #$01
0001C5r 1  A0 06        	ldy     #$06
0001C7r 1  91 rr        	sta     (regbank+2),y
0001C9r 1  C8           	iny
0001CAr 1  B1 rr        	lda     (regbank+4),y
0001CCr 1  91 rr        	sta     (regbank+2),y
0001CEr 1  A9 01        	lda     #$01
0001D0r 1  C8           	iny
0001D1r 1  91 rr        	sta     (regbank+2),y
0001D3r 1  A9 09        	lda     #$09
0001D5r 1  18           	clc
0001D6r 1  65 rr        	adc     regbank+2
0001D8r 1  85 rr        	sta     regbank+2
0001DAr 1  90 02        	bcc     L003C
0001DCr 1  E6 rr        	inc     regbank+2+1
0001DEr 1  A0 00        L003C:	ldy     #$00
0001E0r 1  18           	clc
0001E1r 1  A9 01        	lda     #$01
0001E3r 1  71 rr        	adc     (sp),y
0001E5r 1  91 rr        	sta     (sp),y
0001E7r 1  A0 01        L001B:	ldy     #$01
0001E9r 1  18           	clc
0001EAr 1  98           	tya
0001EBr 1  71 rr        	adc     (sp),y
0001EDr 1  91 rr        	sta     (sp),y
0001EFr 1  A9 08        	lda     #$08
0001F1r 1  18           	clc
0001F2r 1  65 rr        	adc     regbank+4
0001F4r 1  85 rr        	sta     regbank+4
0001F6r 1  B0 03 4C rr  	jcc     L0080
0001FAr 1  rr           
0001FBr 1  E6 rr        	inc     regbank+4+1
0001FDr 1  4C rr rr     	jmp     L0080
000200r 1  20 rr rr     L001A:	jsr     decsp3
000203r 1  A5 rr        	lda     sp
000205r 1  A6 rr        	ldx     sp+1
000207r 1  18           	clc
000208r 1  69 09        	adc     #$09
00020Ar 1  90 01        	bcc     L0083
00020Cr 1  E8           	inx
00020Dr 1  91 rr        L0083:	sta     (sp),y
00020Fr 1  C8           	iny
000210r 1  8A           	txa
000211r 1  91 rr        	sta     (sp),y
000213r 1  C8           	iny
000214r 1  B1 rr        	lda     (sp),y
000216r 1  A0 00        	ldy     #$00
000218r 1  91 rr        	sta     (sp),y
00021Ar 1  A2 F7        	ldx     #$F7
00021Cr 1  A9 B4        	lda     #$B4
00021Er 1  20 rr rr     	jsr     _udeks_lane_peek
000221r 1  48           L0003:	pha
000222r 1  A0 02        	ldy     #$02
000224r 1  B1 rr        L0044:	lda     (sp),y
000226r 1  99 rr rr     	sta     regbank+0,y
000229r 1  C8           	iny
00022Ar 1  C0 06        	cpy     #$06
00022Cr 1  D0 F6        	bne     L0044
00022Er 1  68           	pla
00022Fr 1  A0 2A        	ldy     #$2A
000231r 1  4C rr rr     	jmp     addysp
000234r 1               
000234r 1               .endproc
000234r 1               
000234r 1               
