ca65 V2.18 - Fedora 2.19-15.fc44
Main file   : /var/home/salvogendut/Dev/UDEKS/build/window-manager-bounded-repaint/build/window-repaint-scenes/lane.s
Current file: /var/home/salvogendut/Dev/UDEKS/build/window-manager-bounded-repaint/build/window-repaint-scenes/lane.s

000000r 1               ;
000000r 1               ; File generated by cc65 v 2.18 - Fedora 2.19-15.fc44
000000r 1               ;
000000r 1               	.fopt		compiler,"cc65 v 2.18 - Fedora 2.19-15.fc44"
000000r 1               	.setcpu		"6502"
000000r 1               	.smart		on
000000r 1               	.autoimport	on
000000r 1               	.case		on
000000r 1               	.debuginfo	off
000000r 1               	.importzp	sp, sreg, regsave, regbank
000000r 1               	.importzp	tmp1, tmp2, tmp3, tmp4, ptr1, ptr2, ptr3, ptr4
000000r 1               	.macpack	longbranch
000000r 2               .macro  jeq     Target
000000r 2                       .if     .match(Target, 0)
000000r 2                       bne     *+5
000000r 2                       jmp     Target
000000r 2                       .elseif .def(Target) .and .const((*-2)-(Target)) .and ((*+2)-(Target) <= 127)
000000r 2                               beq     Target
000000r 2                       .else
000000r 2                               bne     *+5
000000r 2                               jmp     Target
000000r 2                       .endif
000000r 2               .endmacro
000000r 2               .macro  jne     Target
000000r 2                       .if     .match(Target, 0)
000000r 2                               beq     *+5
000000r 2                               jmp     Target
000000r 2                       .elseif .def(Target) .and .const((*-2)-(Target)) .and ((*+2)-(Target) <= 127)
000000r 2                               bne     Target
000000r 2                       .else
000000r 2                               beq     *+5
000000r 2                               jmp     Target
000000r 2                       .endif
000000r 2               .endmacro
000000r 2               .macro  jmi     Target
000000r 2                       .if     .match(Target, 0)
000000r 2                               bpl     *+5
000000r 2                               jmp     Target
000000r 2                       .elseif .def(Target) .and .const((*-2)-(Target)) .and ((*+2)-(Target) <= 127)
000000r 2                               bmi     Target
000000r 2                       .else
000000r 2                               bpl     *+5
000000r 2                               jmp     Target
000000r 2                       .endif
000000r 2               .endmacro
000000r 2               .macro  jpl     Target
000000r 2                       .if     .match(Target, 0)
000000r 2                               bmi     *+5
000000r 2                               jmp     Target
000000r 2                       .elseif .def(Target) .and .const((*-2)-(Target)) .and ((*+2)-(Target) <= 127)
000000r 2                               bpl     Target
000000r 2                       .else
000000r 2                               bmi     *+5
000000r 2                               jmp     Target
000000r 2                       .endif
000000r 2               .endmacro
000000r 2               .macro  jcs     Target
000000r 2                       .if     .match(Target, 0)
000000r 2                               bcc     *+5
000000r 2                               jmp     Target
000000r 2                       .elseif .def(Target) .and .const((*-2)-(Target)) .and ((*+2)-(Target) <= 127)
000000r 2                               bcs     Target
000000r 2                       .else
000000r 2                               bcc     *+5
000000r 2                               jmp     Target
000000r 2                       .endif
000000r 2               .endmacro
000000r 2               .macro  jcc     Target
000000r 2                       .if     .match(Target, 0)
000000r 2                               bcs     *+5
000000r 2                               jmp     Target
000000r 2                       .elseif .def(Target) .and .const((*-2)-(Target)) .and ((*+2)-(Target) <= 127)
000000r 2                               bcc     Target
000000r 2                       .else
000000r 2                               bcs     *+5
000000r 2                               jmp     Target
000000r 2                       .endif
000000r 2               .endmacro
000000r 2               .macro  jvs     Target
000000r 2                       .if     .match(Target, 0)
000000r 2                               bvc     *+5
000000r 2                               jmp     Target
000000r 2                       .elseif .def(Target) .and .const((*-2)-(Target)) .and ((*+2)-(Target) <= 127)
000000r 2                               bvs     Target
000000r 2                       .else
000000r 2                               bvc     *+5
000000r 2                               jmp     Target
000000r 2                       .endif
000000r 2               .endmacro
000000r 2               .macro  jvc     Target
000000r 2                       .if     .match(Target, 0)
000000r 2                               bvs     *+5
000000r 2                               jmp     Target
000000r 2                       .elseif .def(Target) .and .const((*-2)-(Target)) .and ((*+2)-(Target) <= 127)
000000r 2                               bvc     Target
000000r 2                       .else
000000r 2                               bvs     *+5
000000r 2                               jmp     Target
000000r 2                       .endif
000000r 2               .endmacro
000000r 2               
000000r 1               	.import		_memset
000000r 1               	.export		_udeks_repaint_lane
000000r 1               	.export		_udeks_lane_init
000000r 1               	.export		_udeks_lane_request
000000r 1               	.export		_udeks_lane_changed
000000r 1               	.export		_udeks_lane_abort
000000r 1               	.export		_udeks_lane_peek
000000r 1               	.export		_udeks_lane_validate
000000r 1               	.export		_udeks_lane_ack
000000r 1               
000000r 1               .segment	"BSS"
000000r 1               
000000r 1               .segment	"HIGHBSS"
000000r 1               _udeks_repaint_lane:
000000r 1  00 00 00 00  	.res	18,$00
000004r 1  00 00 00 00  
000008r 1  00 00 00 00  
000012r 1               
000012r 1               ; ---------------------------------------------------------------
000012r 1               ; void __near__ udeks_lane_init (void)
000012r 1               ; ---------------------------------------------------------------
000012r 1               
000012r 1               .segment	"CODE"
000000r 1               
000000r 1               .proc	_udeks_lane_init: near
000000r 1               
000000r 1               .segment	"CODE"
000000r 1               
000000r 1  A0 11        	ldy     #$11
000002r 1  A9 00        	lda     #$00
000004r 1  99 rr rr     L005C:	sta     _udeks_repaint_lane,y
000007r 1  88           	dey
000008r 1  10 FA        	bpl     L005C
00000Ar 1  A2 00        	ldx     #$00
00000Cr 1  A9 01        	lda     #$01
00000Er 1  8D rr rr     	sta     _udeks_repaint_lane+12
000011r 1  8E rr rr     	stx     _udeks_repaint_lane+12+1
000014r 1  60           	rts
000015r 1               
000015r 1               .endproc
000015r 1               
000015r 1               ; ---------------------------------------------------------------
000015r 1               ; unsigned char __near__ udeks_lane_request (__near__ const struct udeks_repaint_rect *)
000015r 1               ; ---------------------------------------------------------------
000015r 1               
000015r 1               .segment	"CODE"
000015r 1               
000015r 1               .proc	_udeks_lane_request: near
000015r 1               
000015r 1               .segment	"CODE"
000015r 1               
000015r 1  20 rr rr     	jsr     pushax
000018r 1  20 rr rr     	jsr     _live
00001Br 1  20 rr rr     	jsr     pusha
00001Er 1  A0 00        	ldy     #$00
000020r 1  B1 rr        	lda     (sp),y
000022r 1  F0 07        	beq     L0061
000024r 1  A2 00        	ldx     #$00
000026r 1  B1 rr        	lda     (sp),y
000028r 1  4C rr rr     	jmp     incsp3
00002Br 1  A0 02        L0061:	ldy     #$02
00002Dr 1  B1 rr        	lda     (sp),y
00002Fr 1  AA           	tax
000030r 1  88           	dey
000031r 1  B1 rr        	lda     (sp),y
000033r 1  20 rr rr     	jsr     _valid
000036r 1  AA           	tax
000037r 1  D0 05        	bne     L0064
000039r 1  A9 02        	lda     #$02
00003Br 1  4C rr rr     	jmp     incsp3
00003Er 1  AD rr rr     L0064:	lda     _udeks_repaint_lane+16
000041r 1  29 08        	and     #$08
000043r 1  F0 15        	beq     L0068
000045r 1  A9 rr        	lda     #<(_udeks_repaint_lane+6)
000047r 1  A2 rr        	ldx     #>(_udeks_repaint_lane+6)
000049r 1  20 rr rr     	jsr     pushax
00004Cr 1  A0 04        	ldy     #$04
00004Er 1  B1 rr        	lda     (sp),y
000050r 1  AA           	tax
000051r 1  88           	dey
000052r 1  B1 rr        	lda     (sp),y
000054r 1  20 rr rr     	jsr     _unite
000057r 1  4C rr rr     	jmp     L006D
00005Ar 1  A9 rr        L0068:	lda     #<(_udeks_repaint_lane+6)
00005Cr 1  A2 rr        	ldx     #>(_udeks_repaint_lane+6)
00005Er 1  20 rr rr     	jsr     pushax
000061r 1  A0 06        	ldy     #$06
000063r 1  20 rr rr     	jsr     pushwysp
000066r 1  A2 00        	ldx     #$00
000068r 1  A9 06        	lda     #$06
00006Ar 1  20 rr rr     	jsr     _memcpy
00006Dr 1  AD rr rr     L006D:	lda     _udeks_repaint_lane+16
000070r 1  09 08        	ora     #$08
000072r 1  8D rr rr     	sta     _udeks_repaint_lane+16
000075r 1  A2 00        	ldx     #$00
000077r 1  8A           	txa
000078r 1  4C rr rr     	jmp     incsp3
00007Br 1               
00007Br 1               .endproc
00007Br 1               
00007Br 1               ; ---------------------------------------------------------------
00007Br 1               ; unsigned char __near__ udeks_lane_changed (__near__ const struct udeks_repaint_rect *)
00007Br 1               ; ---------------------------------------------------------------
00007Br 1               
00007Br 1               .segment	"CODE"
00007Br 1               
00007Br 1               .proc	_udeks_lane_changed: near
00007Br 1               
00007Br 1               .segment	"CODE"
00007Br 1               
00007Br 1  20 rr rr     	jsr     pushax
00007Er 1  20 rr rr     	jsr     decsp6
000081r 1  20 rr rr     	jsr     _live
000084r 1  20 rr rr     	jsr     pusha
000087r 1  A0 00        	ldy     #$00
000089r 1  B1 rr        	lda     (sp),y
00008Br 1  F0 07        	beq     L0075
00008Dr 1  A2 00        	ldx     #$00
00008Fr 1  B1 rr        	lda     (sp),y
000091r 1  4C rr rr     	jmp     L0073
000094r 1  A0 08        L0075:	ldy     #$08
000096r 1  B1 rr        	lda     (sp),y
000098r 1  AA           	tax
000099r 1  88           	dey
00009Ar 1  B1 rr        	lda     (sp),y
00009Cr 1  20 rr rr     	jsr     _valid
00009Fr 1  AA           	tax
0000A0r 1  D0 05        	bne     L0078
0000A2r 1  A9 02        	lda     #$02
0000A4r 1  4C rr rr     	jmp     L0073
0000A7r 1  A5 rr        L0078:	lda     sp
0000A9r 1  A6 rr        	ldx     sp+1
0000ABr 1  18           	clc
0000ACr 1  69 01        	adc     #$01
0000AEr 1  90 01        	bcc     L007D
0000B0r 1  E8           	inx
0000B1r 1  20 rr rr     L007D:	jsr     pushax
0000B4r 1  A0 0C        	ldy     #$0C
0000B6r 1  20 rr rr     	jsr     pushwysp
0000B9r 1  A2 00        	ldx     #$00
0000BBr 1  A9 06        	lda     #$06
0000BDr 1  20 rr rr     	jsr     _memcpy
0000C0r 1  AD rr rr     	lda     _udeks_repaint_lane+16
0000C3r 1  29 07        	and     #$07
0000C5r 1  F0 14        	beq     L01B5
0000C7r 1  A5 rr        	lda     sp
0000C9r 1  A6 rr        	ldx     sp+1
0000CBr 1  18           	clc
0000CCr 1  69 01        	adc     #$01
0000CEr 1  90 01        	bcc     L0085
0000D0r 1  E8           	inx
0000D1r 1  20 rr rr     L0085:	jsr     pushax
0000D4r 1  A9 rr        	lda     #<(_udeks_repaint_lane)
0000D6r 1  A2 rr        	ldx     #>(_udeks_repaint_lane)
0000D8r 1  20 rr rr     	jsr     _unite
0000DBr 1  AD rr rr     L01B5:	lda     _udeks_repaint_lane+16
0000DEr 1  29 08        	and     #$08
0000E0r 1  F0 14        	beq     L0087
0000E2r 1  A5 rr        	lda     sp
0000E4r 1  A6 rr        	ldx     sp+1
0000E6r 1  18           	clc
0000E7r 1  69 01        	adc     #$01
0000E9r 1  90 01        	bcc     L008B
0000EBr 1  E8           	inx
0000ECr 1  20 rr rr     L008B:	jsr     pushax
0000EFr 1  A9 rr        	lda     #<(_udeks_repaint_lane+6)
0000F1r 1  A2 rr        	ldx     #>(_udeks_repaint_lane+6)
0000F3r 1  20 rr rr     	jsr     _unite
0000F6r 1  20 rr rr     L0087:	jsr     _advance
0000F9r 1  A0 00        	ldy     #$00
0000FBr 1  91 rr        	sta     (sp),y
0000FDr 1  A9 rr        	lda     #<(_udeks_repaint_lane+6)
0000FFr 1  A2 rr        	ldx     #>(_udeks_repaint_lane+6)
000101r 1  20 rr rr     	jsr     pushax
000104r 1  A5 rr        	lda     sp
000106r 1  A6 rr        	ldx     sp+1
000108r 1  18           	clc
000109r 1  69 03        	adc     #$03
00010Br 1  90 01        	bcc     L0091
00010Dr 1  E8           	inx
00010Er 1  20 rr rr     L0091:	jsr     pushax
000111r 1  A2 00        	ldx     #$00
000113r 1  A9 06        	lda     #$06
000115r 1  20 rr rr     	jsr     _memcpy
000118r 1  AD rr rr     	lda     _udeks_repaint_lane+16
00011Br 1  09 08        	ora     #$08
00011Dr 1  8D rr rr     	sta     _udeks_repaint_lane+16
000120r 1  A0 00        	ldy     #$00
000122r 1  B1 rr        	lda     (sp),y
000124r 1  F0 07        	beq     L01B6
000126r 1  A2 00        	ldx     #$00
000128r 1  B1 rr        	lda     (sp),y
00012Ar 1  4C rr rr     	jmp     L0073
00012Dr 1  20 rr rr     L01B6:	jsr     _phase
000130r 1  A9 00        	lda     #$00
000132r 1  8D rr rr     	sta     _udeks_repaint_lane+17
000135r 1  AA           	tax
000136r 1  8D rr rr     	sta     _udeks_repaint_lane+14
000139r 1  8D rr rr     	sta     _udeks_repaint_lane+14+1
00013Cr 1  A0 09        L0073:	ldy     #$09
00013Er 1  4C rr rr     	jmp     addysp
000141r 1               
000141r 1               .endproc
000141r 1               
000141r 1               ; ---------------------------------------------------------------
000141r 1               ; unsigned char __near__ udeks_lane_abort (void)
000141r 1               ; ---------------------------------------------------------------
000141r 1               
000141r 1               .segment	"CODE"
000141r 1               
000141r 1               .proc	_udeks_lane_abort: near
000141r 1               
000141r 1               .segment	"CODE"
000141r 1               
000141r 1  20 rr rr     	jsr     decsp2
000144r 1  20 rr rr     	jsr     _live
000147r 1  20 rr rr     	jsr     pusha
00014Ar 1  A0 00        	ldy     #$00
00014Cr 1  B1 rr        	lda     (sp),y
00014Er 1  F0 07        	beq     L00A0
000150r 1  A2 00        	ldx     #$00
000152r 1  B1 rr        	lda     (sp),y
000154r 1  4C rr rr     	jmp     incsp3
000157r 1  20 rr rr     L00A0:	jsr     _advance
00015Ar 1  A0 00        	ldy     #$00
00015Cr 1  91 rr        	sta     (sp),y
00015Er 1  B1 rr        	lda     (sp),y
000160r 1  F0 07        	beq     L00A5
000162r 1  A2 00        	ldx     #$00
000164r 1  B1 rr        	lda     (sp),y
000166r 1  4C rr rr     	jmp     incsp3
000169r 1  AD rr rr     L00A5:	lda     _udeks_repaint_lane+12
00016Cr 1  AE rr rr     	ldx     _udeks_repaint_lane+12+1
00016Fr 1  C8           	iny
000170r 1  20 rr rr     	jsr     staxysp
000173r 1  A0 11        	ldy     #$11
000175r 1  A9 00        	lda     #$00
000177r 1  99 rr rr     L00AF:	sta     _udeks_repaint_lane,y
00017Ar 1  88           	dey
00017Br 1  10 FA        	bpl     L00AF
00017Dr 1  A0 02        	ldy     #$02
00017Fr 1  B1 rr        	lda     (sp),y
000181r 1  8D rr rr     	sta     _udeks_repaint_lane+12+1
000184r 1  88           	dey
000185r 1  B1 rr        	lda     (sp),y
000187r 1  8D rr rr     	sta     _udeks_repaint_lane+12
00018Ar 1  A2 00        	ldx     #$00
00018Cr 1  8A           	txa
00018Dr 1  4C rr rr     	jmp     incsp3
000190r 1               
000190r 1               .endproc
000190r 1               
000190r 1               ; ---------------------------------------------------------------
000190r 1               ; unsigned char __near__ udeks_lane_peek (__near__ const struct udeks_repaint_window *, unsigned char, __near__ struct udeks_repaint_lane_work *)
000190r 1               ; ---------------------------------------------------------------
000190r 1               
000190r 1               .segment	"CODE"
000190r 1               
000190r 1               .proc	_udeks_lane_peek: near
000190r 1               
000190r 1               .segment	"CODE"
000190r 1               
000190r 1  20 rr rr     	jsr     pushax
000193r 1  A0 10        	ldy     #$10
000195r 1  20 rr rr     	jsr     subysp
000198r 1  20 rr rr     	jsr     _live
00019Br 1  20 rr rr     	jsr     pusha
00019Er 1  A0 00        	ldy     #$00
0001A0r 1  B1 rr        	lda     (sp),y
0001A2r 1  F0 07        	beq     L00B5
0001A4r 1  A2 00        	ldx     #$00
0001A6r 1  B1 rr        	lda     (sp),y
0001A8r 1  4C rr rr     	jmp     L00B3
0001ABr 1  A0 12        L00B5:	ldy     #$12
0001ADr 1  B1 rr        	lda     (sp),y
0001AFr 1  88           	dey
0001B0r 1  11 rr        	ora     (sp),y
0001B2r 1  F0 1A        	beq     L01C4
0001B4r 1  A0 13        	ldy     #$13
0001B6r 1  B1 rr        	lda     (sp),y
0001B8r 1  C9 05        	cmp     #$05
0001BAr 1  A2 00        	ldx     #$00
0001BCr 1  B0 11        	bcs     L01C6
0001BEr 1  B1 rr        	lda     (sp),y
0001C0r 1  F0 12        	beq     L01C7
0001C2r 1  A0 15        	ldy     #$15
0001C4r 1  B1 rr        	lda     (sp),y
0001C6r 1  88           	dey
0001C7r 1  11 rr        	ora     (sp),y
0001C9r 1  F0 04        	beq     L01C6
0001CBr 1  4C rr rr     	jmp     L01C7
0001CEr 1  AA           L01C4:	tax
0001CFr 1  A9 02        L01C6:	lda     #$02
0001D1r 1  4C rr rr     	jmp     L00B3
0001D4r 1  AD rr rr     L01C7:	lda     _udeks_repaint_lane+16
0001D7r 1  29 07        	and     #$07
0001D9r 1  D0 46        	bne     L01C8
0001DBr 1  AD rr rr     	lda     _udeks_repaint_lane+16
0001DEr 1  29 08        	and     #$08
0001E0r 1  D0 05        	bne     L00C3
0001E2r 1  A9 01        	lda     #$01
0001E4r 1  4C rr rr     	jmp     L00B3
0001E7r 1  20 rr rr     L00C3:	jsr     _advance
0001EAr 1  A0 00        	ldy     #$00
0001ECr 1  91 rr        	sta     (sp),y
0001EEr 1  B1 rr        	lda     (sp),y
0001F0r 1  F0 07        	beq     L00C9
0001F2r 1  A2 00        	ldx     #$00
0001F4r 1  B1 rr        	lda     (sp),y
0001F6r 1  4C rr rr     	jmp     L00B3
0001F9r 1  A9 rr        L00C9:	lda     #<(_udeks_repaint_lane)
0001FBr 1  A2 rr        	ldx     #>(_udeks_repaint_lane)
0001FDr 1  20 rr rr     	jsr     pushax
000200r 1  A9 rr        	lda     #<(_udeks_repaint_lane+6)
000202r 1  A2 rr        	ldx     #>(_udeks_repaint_lane+6)
000204r 1  20 rr rr     	jsr     pushax
000207r 1  A2 00        	ldx     #$00
000209r 1  A9 06        	lda     #$06
00020Br 1  20 rr rr     	jsr     _memcpy
00020Er 1  A9 01        	lda     #$01
000210r 1  8D rr rr     	sta     _udeks_repaint_lane+16
000213r 1  A9 00        	lda     #$00
000215r 1  8D rr rr     	sta     _udeks_repaint_lane+17
000218r 1  8D rr rr     	sta     _udeks_repaint_lane+14+1
00021Br 1  AD rr rr     	lda     _udeks_repaint_lane+4
00021Er 1  8D rr rr     	sta     _udeks_repaint_lane+14
000221r 1  AD rr rr     L01C8:	lda     _udeks_repaint_lane+16
000224r 1  29 07        	and     #$07
000226r 1  C9 01        	cmp     #$01
000228r 1  D0 3E        	bne     L01C9
00022Ar 1  A5 rr        	lda     sp
00022Cr 1  A6 rr        	ldx     sp+1
00022Er 1  18           	clc
00022Fr 1  69 09        	adc     #$09
000231r 1  90 01        	bcc     L00D9
000233r 1  E8           	inx
000234r 1  20 rr rr     L00D9:	jsr     pushax
000237r 1  A9 rr        	lda     #<(_udeks_repaint_lane)
000239r 1  A2 rr        	ldx     #>(_udeks_repaint_lane)
00023Br 1  20 rr rr     	jsr     pushax
00023Er 1  A2 00        	ldx     #$00
000240r 1  A9 06        	lda     #$06
000242r 1  20 rr rr     	jsr     _memcpy
000245r 1  AD rr rr     	lda     _udeks_repaint_lane+14
000248r 1  A0 0D        	ldy     #$0D
00024Ar 1  91 rr        	sta     (sp),y
00024Cr 1  18           	clc
00024Dr 1  69 04        	adc     #$04
00024Fr 1  C8           	iny
000250r 1  91 rr        	sta     (sp),y
000252r 1  38           	sec
000253r 1  ED rr rr     	sbc     _udeks_repaint_lane+5
000256r 1  B0 03 4C rr  	jcc     L014E
00025Ar 1  rr           
00025Br 1  D0 03 4C rr  	jeq     L014E
00025Fr 1  rr           
000260r 1  AD rr rr     	lda     _udeks_repaint_lane+5
000263r 1  91 rr        	sta     (sp),y
000265r 1  4C rr rr     	jmp     L014E
000268r 1  AD rr rr     L01C9:	lda     _udeks_repaint_lane+16
00026Br 1  29 07        	and     #$07
00026Dr 1  C9 02        	cmp     #$02
00026Fr 1  F0 03 4C rr  	jne     L01CF
000273r 1  rr           
000274r 1  A0 13        	ldy     #$13
000276r 1  B1 rr        	lda     (sp),y
000278r 1  A0 01        	ldy     #$01
00027Ar 1  91 rr        	sta     (sp),y
00027Cr 1  A9 00        	lda     #$00
00027Er 1  C8           	iny
00027Fr 1  91 rr        L01BC:	sta     (sp),y
000281r 1  A0 13        	ldy     #$13
000283r 1  D1 rr        	cmp     (sp),y
000285r 1  A9 00        	lda     #$00
000287r 1  90 03 4C rr  	jcs     L01D3
00028Br 1  rr           
00028Cr 1  A0 17        	ldy     #$17
00028Er 1  20 rr rr     	jsr     pushwysp
000291r 1  A0 04        	ldy     #$04
000293r 1  A2 00        	ldx     #$00
000295r 1  B1 rr        	lda     (sp),y
000297r 1  20 rr rr     	jsr     mulax9
00029Ar 1  20 rr rr     	jsr     tosaddax
00029Dr 1  A0 0F        	ldy     #$0F
00029Fr 1  20 rr rr     	jsr     staxysp
0002A2r 1  85 rr        	sta     ptr1
0002A4r 1  86 rr        	stx     ptr1+1
0002A6r 1  A0 07        	ldy     #$07
0002A8r 1  B1 rr        	lda     (ptr1),y
0002AAr 1  20 rr rr     	jsr     pusha0
0002ADr 1  AD rr rr     	lda     _udeks_repaint_lane+17
0002B0r 1  4A           	lsr     a
0002B1r 1  4A           	lsr     a
0002B2r 1  4A           	lsr     a
0002B3r 1  20 rr rr     	jsr     tosicmp0
0002B6r 1  90 71        	bcc     L00ED
0002B8r 1  F0 6F        	beq     L00ED
0002BAr 1  A0 10        	ldy     #$10
0002BCr 1  B1 rr        	lda     (sp),y
0002BEr 1  85 rr        	sta     ptr1+1
0002C0r 1  88           	dey
0002C1r 1  B1 rr        	lda     (sp),y
0002C3r 1  85 rr        	sta     ptr1
0002C5r 1  A0 08        	ldy     #$08
0002C7r 1  B1 rr        	lda     (ptr1),y
0002C9r 1  29 01        	and     #$01
0002CBr 1  F0 5C        	beq     L00ED
0002CDr 1  A0 01        	ldy     #$01
0002CFr 1  B1 rr        	lda     (sp),y
0002D1r 1  A0 13        	ldy     #$13
0002D3r 1  D1 rr        	cmp     (sp),y
0002D5r 1  F0 30        	beq     L01CA
0002D7r 1  A0 10        	ldy     #$10
0002D9r 1  B1 rr        	lda     (sp),y
0002DBr 1  85 rr        	sta     ptr1+1
0002DDr 1  88           	dey
0002DEr 1  B1 rr        	lda     (sp),y
0002E0r 1  85 rr        	sta     ptr1
0002E2r 1  A0 07        	ldy     #$07
0002E4r 1  B1 rr        	lda     (ptr1),y
0002E6r 1  20 rr rr     	jsr     pusha0
0002E9r 1  A0 19        	ldy     #$19
0002EBr 1  20 rr rr     	jsr     pushwysp
0002EEr 1  A0 05        	ldy     #$05
0002F0r 1  A2 00        	ldx     #$00
0002F2r 1  B1 rr        	lda     (sp),y
0002F4r 1  20 rr rr     	jsr     mulax9
0002F7r 1  20 rr rr     	jsr     tosaddax
0002FAr 1  85 rr        	sta     ptr1
0002FCr 1  86 rr        	stx     ptr1+1
0002FEr 1  A0 07        	ldy     #$07
000300r 1  B1 rr        	lda     (ptr1),y
000302r 1  20 rr rr     	jsr     tosicmp0
000305r 1  B0 22        	bcs     L00ED
000307r 1  A5 rr        L01CA:	lda     sp
000309r 1  A6 rr        	ldx     sp+1
00030Br 1  18           	clc
00030Cr 1  69 09        	adc     #$09
00030Er 1  90 01        	bcc     L00FF
000310r 1  E8           	inx
000311r 1  20 rr rr     L00FF:	jsr     pushax
000314r 1  A0 12        	ldy     #$12
000316r 1  B1 rr        	lda     (sp),y
000318r 1  AA           	tax
000319r 1  88           	dey
00031Ar 1  B1 rr        	lda     (sp),y
00031Cr 1  20 rr rr     	jsr     _intersect
00031Fr 1  AA           	tax
000320r 1  F0 07        	beq     L00ED
000322r 1  A0 02        	ldy     #$02
000324r 1  B1 rr        	lda     (sp),y
000326r 1  88           	dey
000327r 1  91 rr        	sta     (sp),y
000329r 1  A0 02        L00ED:	ldy     #$02
00032Br 1  18           	clc
00032Cr 1  A9 01        	lda     #$01
00032Er 1  71 rr        	adc     (sp),y
000330r 1  4C rr rr     	jmp     L01BC
000333r 1  8D rr rr     L01D3:	sta     _udeks_repaint_lane+14
000336r 1  8D rr rr     	sta     _udeks_repaint_lane+14+1
000339r 1  A0 01        	ldy     #$01
00033Br 1  B1 rr        	lda     (sp),y
00033Dr 1  A0 13        	ldy     #$13
00033Fr 1  D1 rr        	cmp     (sp),y
000341r 1  D0 0D        	bne     L0106
000343r 1  AD rr rr     	lda     _udeks_repaint_lane+17
000346r 1  29 38        	and     #$38
000348r 1  8D rr rr     	sta     _udeks_repaint_lane+17
00034Br 1  A9 06        	lda     #$06
00034Dr 1  4C rr rr     	jmp     L01BD
000350r 1  A0 17        L0106:	ldy     #$17
000352r 1  20 rr rr     	jsr     pushwysp
000355r 1  A0 03        	ldy     #$03
000357r 1  A2 00        	ldx     #$00
000359r 1  B1 rr        	lda     (sp),y
00035Br 1  20 rr rr     	jsr     mulax9
00035Er 1  20 rr rr     	jsr     tosaddax
000361r 1  A0 0F        	ldy     #$0F
000363r 1  20 rr rr     	jsr     staxysp
000366r 1  85 rr        	sta     ptr1
000368r 1  86 rr        	stx     ptr1+1
00036Ar 1  A0 07        	ldy     #$07
00036Cr 1  A2 00        	ldx     #$00
00036Er 1  B1 rr        	lda     (ptr1),y
000370r 1  20 rr rr     	jsr     aslax3
000373r 1  20 rr rr     	jsr     pushax
000376r 1  A0 12        	ldy     #$12
000378r 1  B1 rr        	lda     (sp),y
00037Ar 1  85 rr        	sta     ptr1+1
00037Cr 1  88           	dey
00037Dr 1  B1 rr        	lda     (sp),y
00037Fr 1  85 rr        	sta     ptr1
000381r 1  A0 06        	ldy     #$06
000383r 1  B1 rr        	lda     (ptr1),y
000385r 1  20 rr rr     	jsr     tosora0
000388r 1  8D rr rr     	sta     _udeks_repaint_lane+17
00038Br 1  A0 10        	ldy     #$10
00038Dr 1  B1 rr        	lda     (sp),y
00038Fr 1  85 rr        	sta     ptr1+1
000391r 1  88           	dey
000392r 1  B1 rr        	lda     (sp),y
000394r 1  85 rr        	sta     ptr1
000396r 1  A0 08        	ldy     #$08
000398r 1  B1 rr        	lda     (ptr1),y
00039Ar 1  29 02        	and     #$02
00039Cr 1  F0 05        	beq     L01CE
00039Er 1  A9 05        	lda     #$05
0003A0r 1  4C rr rr     	jmp     L01BD
0003A3r 1  A9 03        L01CE:	lda     #$03
0003A5r 1  20 rr rr     L01BD:	jsr     _phase
0003A8r 1  AD rr rr     L01CF:	lda     _udeks_repaint_lane+16
0003ABr 1  29 07        	and     #$07
0003ADr 1  C9 06        	cmp     #$06
0003AFr 1  D0 1E        	bne     L01D0
0003B1r 1  A5 rr        	lda     sp
0003B3r 1  A6 rr        	ldx     sp+1
0003B5r 1  18           	clc
0003B6r 1  69 09        	adc     #$09
0003B8r 1  90 01        	bcc     L011E
0003BAr 1  E8           	inx
0003BBr 1  20 rr rr     L011E:	jsr     pushax
0003BEr 1  A9 rr        	lda     #<(_udeks_repaint_lane)
0003C0r 1  A2 rr        	ldx     #>(_udeks_repaint_lane)
0003C2r 1  20 rr rr     	jsr     pushax
0003C5r 1  A2 00        	ldx     #$00
0003C7r 1  A9 06        	lda     #$06
0003C9r 1  20 rr rr     	jsr     _memcpy
0003CCr 1  4C rr rr     	jmp     L014E
0003CFr 1  A9 00        L01D0:	lda     #$00
0003D1r 1  A0 02        	ldy     #$02
0003D3r 1  91 rr        L01BE:	sta     (sp),y
0003D5r 1  A0 13        	ldy     #$13
0003D7r 1  D1 rr        	cmp     (sp),y
0003D9r 1  B0 30        	bcs     L0122
0003DBr 1  A0 17        	ldy     #$17
0003DDr 1  20 rr rr     	jsr     pushwysp
0003E0r 1  A0 04        	ldy     #$04
0003E2r 1  A2 00        	ldx     #$00
0003E4r 1  B1 rr        	lda     (sp),y
0003E6r 1  20 rr rr     	jsr     mulax9
0003E9r 1  20 rr rr     	jsr     tosaddax
0003ECr 1  85 rr        	sta     ptr1
0003EEr 1  86 rr        	stx     ptr1+1
0003F0r 1  A0 06        	ldy     #$06
0003F2r 1  B1 rr        	lda     (ptr1),y
0003F4r 1  20 rr rr     	jsr     pusha0
0003F7r 1  AD rr rr     	lda     _udeks_repaint_lane+17
0003FAr 1  29 07        	and     #$07
0003FCr 1  20 rr rr     	jsr     tosicmp0
0003FFr 1  F0 0A        	beq     L0122
000401r 1  A0 02        	ldy     #$02
000403r 1  18           	clc
000404r 1  A9 01        	lda     #$01
000406r 1  71 rr        	adc     (sp),y
000408r 1  4C rr rr     	jmp     L01BE
00040Br 1  A0 02        L0122:	ldy     #$02
00040Dr 1  A2 00        	ldx     #$00
00040Fr 1  B1 rr        	lda     (sp),y
000411r 1  A0 13        	ldy     #$13
000413r 1  D1 rr        	cmp     (sp),y
000415r 1  D0 05        	bne     L012D
000417r 1  A9 03        	lda     #$03
000419r 1  4C rr rr     	jmp     L00B3
00041Cr 1  A5 rr        L012D:	lda     sp
00041Er 1  A6 rr        	ldx     sp+1
000420r 1  18           	clc
000421r 1  69 03        	adc     #$03
000423r 1  90 01        	bcc     L0131
000425r 1  E8           	inx
000426r 1  20 rr rr     L0131:	jsr     pushax
000429r 1  A0 19        	ldy     #$19
00042Br 1  20 rr rr     	jsr     pushwysp
00042Er 1  A0 06        	ldy     #$06
000430r 1  A2 00        	ldx     #$00
000432r 1  B1 rr        	lda     (sp),y
000434r 1  20 rr rr     	jsr     mulax9
000437r 1  20 rr rr     	jsr     tosaddax
00043Ar 1  20 rr rr     	jsr     pushax
00043Dr 1  A2 00        	ldx     #$00
00043Fr 1  A9 06        	lda     #$06
000441r 1  20 rr rr     	jsr     _memcpy
000444r 1  AD rr rr     	lda     _udeks_repaint_lane+16
000447r 1  29 07        	and     #$07
000449r 1  C9 04        	cmp     #$04
00044Br 1  D0 5A        	bne     L0134
00044Dr 1  A0 03        	ldy     #$03
00044Fr 1  A2 00        	ldx     #$00
000451r 1  98           	tya
000452r 1  20 rr rr     	jsr     addeqysp
000455r 1  A2 00        	ldx     #$00
000457r 1  A9 03        	lda     #$03
000459r 1  A0 05        	ldy     #$05
00045Br 1  20 rr rr     	jsr     subeqysp
00045Er 1  A0 07        	ldy     #$07
000460r 1  18           	clc
000461r 1  A9 0E        	lda     #$0E
000463r 1  71 rr        	adc     (sp),y
000465r 1  91 rr        	sta     (sp),y
000467r 1  C8           	iny
000468r 1  B1 rr        	lda     (sp),y
00046Ar 1  38           	sec
00046Br 1  E9 03        	sbc     #$03
00046Dr 1  91 rr        	sta     (sp),y
00046Fr 1  A5 rr        	lda     sp
000471r 1  A6 rr        	ldx     sp+1
000473r 1  18           	clc
000474r 1  69 09        	adc     #$09
000476r 1  90 01        	bcc     L0143
000478r 1  E8           	inx
000479r 1  20 rr rr     L0143:	jsr     pushax
00047Cr 1  A5 rr        	lda     sp
00047Er 1  A6 rr        	ldx     sp+1
000480r 1  18           	clc
000481r 1  69 05        	adc     #$05
000483r 1  90 01        	bcc     L0145
000485r 1  E8           	inx
000486r 1  20 rr rr     L0145:	jsr     _intersect
000489r 1  AA           	tax
00048Ar 1  D0 3D        	bne     L014E
00048Cr 1  A9 02        	lda     #$02
00048Er 1  20 rr rr     	jsr     _phase
000491r 1  AD rr rr     	lda     _udeks_repaint_lane+17
000494r 1  29 38        	and     #$38
000496r 1  8D rr rr     	sta     _udeks_repaint_lane+17
000499r 1  A2 00        	ldx     #$00
00049Br 1  8A           	txa
00049Cr 1  8D rr rr     	sta     _udeks_repaint_lane+14
00049Fr 1  8D rr rr     	sta     _udeks_repaint_lane+14+1
0004A2r 1  A9 05        	lda     #$05
0004A4r 1  4C rr rr     	jmp     L00B3
0004A7r 1  A5 rr        L0134:	lda     sp
0004A9r 1  A6 rr        	ldx     sp+1
0004ABr 1  18           	clc
0004ACr 1  69 09        	adc     #$09
0004AEr 1  90 01        	bcc     L0151
0004B0r 1  E8           	inx
0004B1r 1  20 rr rr     L0151:	jsr     pushax
0004B4r 1  A5 rr        	lda     sp
0004B6r 1  A6 rr        	ldx     sp+1
0004B8r 1  18           	clc
0004B9r 1  69 05        	adc     #$05
0004BBr 1  90 01        	bcc     L0153
0004BDr 1  E8           	inx
0004BEr 1  20 rr rr     L0153:	jsr     _intersect
0004C1r 1  AA           	tax
0004C2r 1  D0 05        	bne     L014E
0004C4r 1  A9 03        	lda     #$03
0004C6r 1  4C rr rr     	jmp     L00B3
0004C9r 1  A0 12        L014E:	ldy     #$12
0004CBr 1  B1 rr        	lda     (sp),y
0004CDr 1  AA           	tax
0004CEr 1  88           	dey
0004CFr 1  B1 rr        	lda     (sp),y
0004D1r 1  18           	clc
0004D2r 1  69 06        	adc     #$06
0004D4r 1  90 01        	bcc     L0156
0004D6r 1  E8           	inx
0004D7r 1  20 rr rr     L0156:	jsr     pushax
0004DAr 1  A5 rr        	lda     sp
0004DCr 1  A6 rr        	ldx     sp+1
0004DEr 1  18           	clc
0004DFr 1  69 0B        	adc     #$0B
0004E1r 1  90 01        	bcc     L0158
0004E3r 1  E8           	inx
0004E4r 1  20 rr rr     L0158:	jsr     pushax
0004E7r 1  A2 00        	ldx     #$00
0004E9r 1  A9 06        	lda     #$06
0004EBr 1  20 rr rr     	jsr     _memcpy
0004EEr 1  A0 12        	ldy     #$12
0004F0r 1  B1 rr        	lda     (sp),y
0004F2r 1  85 rr        	sta     ptr1+1
0004F4r 1  88           	dey
0004F5r 1  B1 rr        	lda     (sp),y
0004F7r 1  85 rr        	sta     ptr1
0004F9r 1  AD rr rr     	lda     _udeks_repaint_lane+12
0004FCr 1  A0 00        	ldy     #$00
0004FEr 1  91 rr        	sta     (ptr1),y
000500r 1  C8           	iny
000501r 1  AD rr rr     	lda     _udeks_repaint_lane+12+1
000504r 1  91 rr        	sta     (ptr1),y
000506r 1  A0 12        	ldy     #$12
000508r 1  B1 rr        	lda     (sp),y
00050Ar 1  85 rr        	sta     ptr1+1
00050Cr 1  88           	dey
00050Dr 1  B1 rr        	lda     (sp),y
00050Fr 1  85 rr        	sta     ptr1
000511r 1  AD rr rr     	lda     _udeks_repaint_lane+14
000514r 1  A0 02        	ldy     #$02
000516r 1  91 rr        	sta     (ptr1),y
000518r 1  C8           	iny
000519r 1  AD rr rr     	lda     _udeks_repaint_lane+14+1
00051Cr 1  91 rr        	sta     (ptr1),y
00051Er 1  A0 12        	ldy     #$12
000520r 1  B1 rr        	lda     (sp),y
000522r 1  85 rr        	sta     ptr1+1
000524r 1  88           	dey
000525r 1  B1 rr        	lda     (sp),y
000527r 1  85 rr        	sta     ptr1
000529r 1  AD rr rr     	lda     _udeks_repaint_lane+16
00052Cr 1  29 07        	and     #$07
00052Er 1  A0 04        	ldy     #$04
000530r 1  91 rr        	sta     (ptr1),y
000532r 1  A0 12        	ldy     #$12
000534r 1  B1 rr        	lda     (sp),y
000536r 1  85 rr        	sta     ptr1+1
000538r 1  88           	dey
000539r 1  B1 rr        	lda     (sp),y
00053Br 1  85 rr        	sta     ptr1
00053Dr 1  AD rr rr     	lda     _udeks_repaint_lane+17
000540r 1  A0 05        	ldy     #$05
000542r 1  91 rr        	sta     (ptr1),y
000544r 1  A2 00        	ldx     #$00
000546r 1  8A           	txa
000547r 1  A0 16        L00B3:	ldy     #$16
000549r 1  4C rr rr     	jmp     addysp
00054Cr 1               
00054Cr 1               .endproc
00054Cr 1               
00054Cr 1               ; ---------------------------------------------------------------
00054Cr 1               ; unsigned char __near__ udeks_lane_validate (__near__ const struct udeks_repaint_lane_ticket *)
00054Cr 1               ; ---------------------------------------------------------------
00054Cr 1               
00054Cr 1               .segment	"CODE"
00054Cr 1               
00054Cr 1               .proc	_udeks_lane_validate: near
00054Cr 1               
00054Cr 1               .segment	"CODE"
00054Cr 1               
00054Cr 1  20 rr rr     	jsr     pushax
00054Fr 1  20 rr rr     	jsr     _live
000552r 1  20 rr rr     	jsr     pusha
000555r 1  A0 00        	ldy     #$00
000557r 1  B1 rr        	lda     (sp),y
000559r 1  F0 07        	beq     L0165
00055Br 1  A2 00        	ldx     #$00
00055Dr 1  B1 rr        	lda     (sp),y
00055Fr 1  4C rr rr     	jmp     incsp3
000562r 1  A0 02        L0165:	ldy     #$02
000564r 1  B1 rr        	lda     (sp),y
000566r 1  88           	dey
000567r 1  11 rr        	ora     (sp),y
000569r 1  D0 06        	bne     L0168
00056Br 1  AA           	tax
00056Cr 1  A9 02        	lda     #$02
00056Er 1  4C rr rr     	jmp     incsp3
000571r 1  C8           L0168:	iny
000572r 1  B1 rr        	lda     (sp),y
000574r 1  85 rr        	sta     ptr1+1
000576r 1  88           	dey
000577r 1  B1 rr        	lda     (sp),y
000579r 1  85 rr        	sta     ptr1
00057Br 1  B1 rr        	lda     (ptr1),y
00057Dr 1  AA           	tax
00057Er 1  88           	dey
00057Fr 1  B1 rr        	lda     (ptr1),y
000581r 1  EC rr rr     	cpx     _udeks_repaint_lane+12+1
000584r 1  D0 66        	bne     L01D7
000586r 1  CD rr rr     	cmp     _udeks_repaint_lane+12
000589r 1  D0 61        	bne     L01D7
00058Br 1  A0 02        	ldy     #$02
00058Dr 1  B1 rr        	lda     (sp),y
00058Fr 1  85 rr        	sta     ptr1+1
000591r 1  88           	dey
000592r 1  B1 rr        	lda     (sp),y
000594r 1  85 rr        	sta     ptr1
000596r 1  A0 03        	ldy     #$03
000598r 1  B1 rr        	lda     (ptr1),y
00059Ar 1  AA           	tax
00059Br 1  88           	dey
00059Cr 1  B1 rr        	lda     (ptr1),y
00059Er 1  EC rr rr     	cpx     _udeks_repaint_lane+14+1
0005A1r 1  D0 49        	bne     L01D7
0005A3r 1  CD rr rr     	cmp     _udeks_repaint_lane+14
0005A6r 1  D0 44        	bne     L01D7
0005A8r 1  B1 rr        	lda     (sp),y
0005AAr 1  85 rr        	sta     ptr1+1
0005ACr 1  88           	dey
0005ADr 1  B1 rr        	lda     (sp),y
0005AFr 1  85 rr        	sta     ptr1
0005B1r 1  A0 04        	ldy     #$04
0005B3r 1  B1 rr        	lda     (ptr1),y
0005B5r 1  20 rr rr     	jsr     pusha0
0005B8r 1  AD rr rr     	lda     _udeks_repaint_lane+16
0005BBr 1  29 07        	and     #$07
0005BDr 1  20 rr rr     	jsr     tosicmp0
0005C0r 1  D0 2A        	bne     L01D7
0005C2r 1  A0 02        	ldy     #$02
0005C4r 1  B1 rr        	lda     (sp),y
0005C6r 1  85 rr        	sta     ptr1+1
0005C8r 1  88           	dey
0005C9r 1  B1 rr        	lda     (sp),y
0005CBr 1  85 rr        	sta     ptr1
0005CDr 1  A0 05        	ldy     #$05
0005CFr 1  B1 rr        	lda     (ptr1),y
0005D1r 1  CD rr rr     	cmp     _udeks_repaint_lane+17
0005D4r 1  D0 16        	bne     L01D7
0005D6r 1  AD rr rr     	lda     _udeks_repaint_lane+16
0005D9r 1  29 07        	and     #$07
0005DBr 1  F0 0F        	beq     L01D7
0005DDr 1  AD rr rr     	lda     _udeks_repaint_lane+16
0005E0r 1  29 07        	and     #$07
0005E2r 1  C9 02        	cmp     #$02
0005E4r 1  F0 06        	beq     L01D7
0005E6r 1  A2 00        	ldx     #$00
0005E8r 1  8A           	txa
0005E9r 1  4C rr rr     	jmp     incsp3
0005ECr 1  A2 00        L01D7:	ldx     #$00
0005EEr 1  A9 03        	lda     #$03
0005F0r 1  4C rr rr     	jmp     incsp3
0005F3r 1               
0005F3r 1               .endproc
0005F3r 1               
0005F3r 1               ; ---------------------------------------------------------------
0005F3r 1               ; unsigned char __near__ udeks_lane_ack (__near__ const struct udeks_repaint_lane_ticket *, unsigned char)
0005F3r 1               ; ---------------------------------------------------------------
0005F3r 1               
0005F3r 1               .segment	"CODE"
0005F3r 1               
0005F3r 1               .proc	_udeks_lane_ack: near
0005F3r 1               
0005F3r 1               .segment	"CODE"
0005F3r 1               
0005F3r 1  20 rr rr     	jsr     pusha
0005F6r 1  A0 02        	ldy     #$02
0005F8r 1  B1 rr        	lda     (sp),y
0005FAr 1  AA           	tax
0005FBr 1  88           	dey
0005FCr 1  B1 rr        	lda     (sp),y
0005FEr 1  20 rr rr     	jsr     _udeks_lane_validate
000601r 1  20 rr rr     	jsr     pusha
000604r 1  A0 00        	ldy     #$00
000606r 1  B1 rr        	lda     (sp),y
000608r 1  F0 07        	beq     L0178
00060Ar 1  A2 00        	ldx     #$00
00060Cr 1  B1 rr        	lda     (sp),y
00060Er 1  4C rr rr     	jmp     incsp4
000611r 1  C8           L0178:	iny
000612r 1  B1 rr        	lda     (sp),y
000614r 1  C9 02        	cmp     #$02
000616r 1  B0 12        	bcs     L01DF
000618r 1  AD rr rr     	lda     _udeks_repaint_lane+16
00061Br 1  29 07        	and     #$07
00061Dr 1  C9 01        	cmp     #$01
00061Fr 1  D0 10        	bne     L01E2
000621r 1  A2 00        	ldx     #$00
000623r 1  B1 rr        	lda     (sp),y
000625r 1  D0 05        	bne     L01E1
000627r 1  4C rr rr     	jmp     L01E2
00062Ar 1  A2 00        L01DF:	ldx     #$00
00062Cr 1  A9 02        L01E1:	lda     #$02
00062Er 1  4C rr rr     	jmp     incsp4
000631r 1  AD rr rr     L01E2:	lda     _udeks_repaint_lane+16
000634r 1  A2 00        	ldx     #$00
000636r 1  29 07        	and     #$07
000638r 1  C9 01        	cmp     #$01
00063Ar 1  D0 2D        	bne     L01E4
00063Cr 1  A9 04        	lda     #$04
00063Er 1  18           	clc
00063Fr 1  6D rr rr     	adc     _udeks_repaint_lane+14
000642r 1  8D rr rr     	sta     _udeks_repaint_lane+14
000645r 1  90 03        	bcc     L018A
000647r 1  EE rr rr     	inc     _udeks_repaint_lane+14+1
00064Ar 1  AD rr rr     L018A:	lda     _udeks_repaint_lane+14
00064Dr 1  CD rr rr     	cmp     _udeks_repaint_lane+5
000650r 1  AD rr rr     	lda     _udeks_repaint_lane+14+1
000653r 1  E9 00        	sbc     #$00
000655r 1  8A           	txa
000656r 1  90 7D        	bcc     L0175
000658r 1  A9 02        	lda     #$02
00065Ar 1  20 rr rr     	jsr     _phase
00065Dr 1  A2 00        	ldx     #$00
00065Fr 1  8A           	txa
000660r 1  8D rr rr     	sta     _udeks_repaint_lane+14
000663r 1  8D rr rr     	sta     _udeks_repaint_lane+14+1
000666r 1  4C rr rr     	jmp     incsp4
000669r 1  B1 rr        L01E4:	lda     (sp),y
00066Br 1  C9 01        	cmp     #$01
00066Dr 1  D0 34        	bne     L01E5
00066Fr 1  AD rr rr     	lda     _udeks_repaint_lane+14+1
000672r 1  C9 FF        	cmp     #$FF
000674r 1  D0 22        	bne     L0194
000676r 1  AD rr rr     	lda     _udeks_repaint_lane+14
000679r 1  C9 FF        	cmp     #$FF
00067Br 1  D0 1B        	bne     L0194
00067Dr 1  8A           	txa
00067Er 1  8D rr rr     	sta     _udeks_repaint_lane+12
000681r 1  8D rr rr     	sta     _udeks_repaint_lane+12+1
000684r 1  AD rr rr     	lda     _udeks_repaint_lane+17
000687r 1  29 38        	and     #$38
000689r 1  8D rr rr     	sta     _udeks_repaint_lane+17
00068Cr 1  A9 07        	lda     #$07
00068Er 1  20 rr rr     	jsr     _phase
000691r 1  A2 00        	ldx     #$00
000693r 1  A9 04        	lda     #$04
000695r 1  4C rr rr     	jmp     incsp4
000698r 1  EE rr rr     L0194:	inc     _udeks_repaint_lane+14
00069Br 1  D0 37        	bne     L01E9
00069Dr 1  EE rr rr     	inc     _udeks_repaint_lane+14+1
0006A0r 1  4C rr rr     	jmp     L01E9
0006A3r 1  8A           L01E5:	txa
0006A4r 1  8D rr rr     	sta     _udeks_repaint_lane+14
0006A7r 1  8D rr rr     	sta     _udeks_repaint_lane+14+1
0006AAr 1  AD rr rr     	lda     _udeks_repaint_lane+16
0006ADr 1  29 07        	and     #$07
0006AFr 1  C9 03        	cmp     #$03
0006B1r 1  D0 05        	bne     L01E6
0006B3r 1  A9 04        	lda     #$04
0006B5r 1  4C rr rr     	jmp     L01DA
0006B8r 1  AD rr rr     L01E6:	lda     _udeks_repaint_lane+17
0006BBr 1  29 38        	and     #$38
0006BDr 1  8D rr rr     	sta     _udeks_repaint_lane+17
0006C0r 1  AD rr rr     	lda     _udeks_repaint_lane+16
0006C3r 1  29 07        	and     #$07
0006C5r 1  C9 06        	cmp     #$06
0006C7r 1  D0 04        	bne     L01E7
0006C9r 1  8A           	txa
0006CAr 1  4C rr rr     	jmp     L01DA
0006CDr 1  A9 02        L01E7:	lda     #$02
0006CFr 1  20 rr rr     L01DA:	jsr     _phase
0006D2r 1  A2 00        	ldx     #$00
0006D4r 1  8A           L01E9:	txa
0006D5r 1  4C rr rr     L0175:	jmp     incsp4
0006D8r 1               
0006D8r 1               .endproc
0006D8r 1               
0006D8r 1               ; ---------------------------------------------------------------
0006D8r 1               ; unsigned char __near__ live (void)
0006D8r 1               ; ---------------------------------------------------------------
0006D8r 1               
0006D8r 1               .segment	"CODE"
0006D8r 1               
0006D8r 1               .proc	_live: near
0006D8r 1               
0006D8r 1               .segment	"CODE"
0006D8r 1               
0006D8r 1  AD rr rr     	lda     _udeks_repaint_lane+16
0006DBr 1  29 F0        	and     #$F0
0006DDr 1  F0 05        	beq     L0004
0006DFr 1  A2 00        	ldx     #$00
0006E1r 1  A9 02        	lda     #$02
0006E3r 1  60           	rts
0006E4r 1  AD rr rr     L0004:	lda     _udeks_repaint_lane+12
0006E7r 1  0D rr rr     	ora     _udeks_repaint_lane+12+1
0006EAr 1  F0 0D        	beq     L01EA
0006ECr 1  AD rr rr     	lda     _udeks_repaint_lane+16
0006EFr 1  29 07        	and     #$07
0006F1r 1  C9 07        	cmp     #$07
0006F3r 1  F0 04        	beq     L01EA
0006F5r 1  A2 00        	ldx     #$00
0006F7r 1  8A           	txa
0006F8r 1  60           	rts
0006F9r 1  A2 00        L01EA:	ldx     #$00
0006FBr 1  A9 04        	lda     #$04
0006FDr 1  60           	rts
0006FEr 1               
0006FEr 1               .endproc
0006FEr 1               
0006FEr 1               ; ---------------------------------------------------------------
0006FEr 1               ; void __near__ phase (unsigned char)
0006FEr 1               ; ---------------------------------------------------------------
0006FEr 1               
0006FEr 1               .segment	"CODE"
0006FEr 1               
0006FEr 1               .proc	_phase: near
0006FEr 1               
0006FEr 1               .segment	"CODE"
0006FEr 1               
0006FEr 1  20 rr rr     	jsr     pusha
000701r 1  AD rr rr     	lda     _udeks_repaint_lane+16
000704r 1  29 08        	and     #$08
000706r 1  85 rr        	sta     ptr1
000708r 1  A0 00        	ldy     #$00
00070Ar 1  B1 rr        	lda     (sp),y
00070Cr 1  05 rr        	ora     ptr1
00070Er 1  8D rr rr     	sta     _udeks_repaint_lane+16
000711r 1  4C rr rr     	jmp     incsp1
000714r 1               
000714r 1               .endproc
000714r 1               
000714r 1               ; ---------------------------------------------------------------
000714r 1               ; unsigned char __near__ advance (void)
000714r 1               ; ---------------------------------------------------------------
000714r 1               
000714r 1               .segment	"CODE"
000714r 1               
000714r 1               .proc	_advance: near
000714r 1               
000714r 1               .segment	"CODE"
000714r 1               
000714r 1  AD rr rr     	lda     _udeks_repaint_lane+12+1
000717r 1  C9 FF        	cmp     #$FF
000719r 1  D0 27        	bne     L0015
00071Br 1  AD rr rr     	lda     _udeks_repaint_lane+12
00071Er 1  C9 FF        	cmp     #$FF
000720r 1  D0 20        	bne     L0015
000722r 1  A9 00        	lda     #$00
000724r 1  8D rr rr     	sta     _udeks_repaint_lane+14
000727r 1  8D rr rr     	sta     _udeks_repaint_lane+14+1
00072Ar 1  8D rr rr     	sta     _udeks_repaint_lane+12
00072Dr 1  8D rr rr     	sta     _udeks_repaint_lane+12+1
000730r 1  AD rr rr     	lda     _udeks_repaint_lane+17
000733r 1  29 38        	and     #$38
000735r 1  8D rr rr     	sta     _udeks_repaint_lane+17
000738r 1  A9 07        	lda     #$07
00073Ar 1  20 rr rr     	jsr     _phase
00073Dr 1  A2 00        	ldx     #$00
00073Fr 1  A9 04        	lda     #$04
000741r 1  60           	rts
000742r 1  EE rr rr     L0015:	inc     _udeks_repaint_lane+12
000745r 1  D0 03        	bne     L0021
000747r 1  EE rr rr     	inc     _udeks_repaint_lane+12+1
00074Ar 1  A2 00        L0021:	ldx     #$00
00074Cr 1  8A           	txa
00074Dr 1  60           	rts
00074Er 1               
00074Er 1               .endproc
00074Er 1               
00074Er 1               ; ---------------------------------------------------------------
00074Er 1               ; unsigned char __near__ valid (__near__ const struct udeks_repaint_rect *)
00074Er 1               ; ---------------------------------------------------------------
00074Er 1               
00074Er 1               .segment	"CODE"
00074Er 1               
00074Er 1               .proc	_valid: near
00074Er 1               
00074Er 1               .segment	"CODE"
00074Er 1               
00074Er 1  20 rr rr     	jsr     pushax
000751r 1  A0 00        	ldy     #$00
000753r 1  B1 rr        	lda     (sp),y
000755r 1  C8           	iny
000756r 1  11 rr        	ora     (sp),y
000758r 1  F0 7D        	beq     L0026
00075Ar 1  B1 rr        	lda     (sp),y
00075Cr 1  85 rr        	sta     ptr1+1
00075Er 1  88           	dey
00075Fr 1  B1 rr        	lda     (sp),y
000761r 1  85 rr        	sta     ptr1
000763r 1  C8           	iny
000764r 1  B1 rr        	lda     (ptr1),y
000766r 1  AA           	tax
000767r 1  88           	dey
000768r 1  B1 rr        	lda     (ptr1),y
00076Ar 1  20 rr rr     	jsr     pushax
00076Dr 1  A0 03        	ldy     #$03
00076Fr 1  B1 rr        	lda     (sp),y
000771r 1  85 rr        	sta     ptr1+1
000773r 1  88           	dey
000774r 1  B1 rr        	lda     (sp),y
000776r 1  85 rr        	sta     ptr1
000778r 1  C8           	iny
000779r 1  B1 rr        	lda     (ptr1),y
00077Br 1  AA           	tax
00077Cr 1  88           	dey
00077Dr 1  B1 rr        	lda     (ptr1),y
00077Fr 1  20 rr rr     	jsr     tosicmp
000782r 1  B0 53        	bcs     L0026
000784r 1  A0 01        	ldy     #$01
000786r 1  B1 rr        	lda     (sp),y
000788r 1  85 rr        	sta     ptr1+1
00078Ar 1  88           	dey
00078Br 1  B1 rr        	lda     (sp),y
00078Dr 1  85 rr        	sta     ptr1
00078Fr 1  A0 03        	ldy     #$03
000791r 1  B1 rr        	lda     (ptr1),y
000793r 1  AA           	tax
000794r 1  88           	dey
000795r 1  B1 rr        	lda     (ptr1),y
000797r 1  E0 01        	cpx     #$01
000799r 1  D0 02        	bne     L0027
00079Br 1  C9 41        	cmp     #$41
00079Dr 1  B0 38        L0027:	bcs     L0026
00079Fr 1  88           	dey
0007A0r 1  B1 rr        	lda     (sp),y
0007A2r 1  85 rr        	sta     ptr1+1
0007A4r 1  88           	dey
0007A5r 1  B1 rr        	lda     (sp),y
0007A7r 1  85 rr        	sta     ptr1
0007A9r 1  A0 04        	ldy     #$04
0007ABr 1  B1 rr        	lda     (ptr1),y
0007ADr 1  20 rr rr     	jsr     pusha0
0007B0r 1  A0 03        	ldy     #$03
0007B2r 1  B1 rr        	lda     (sp),y
0007B4r 1  85 rr        	sta     ptr1+1
0007B6r 1  88           	dey
0007B7r 1  B1 rr        	lda     (sp),y
0007B9r 1  85 rr        	sta     ptr1
0007BBr 1  A0 05        	ldy     #$05
0007BDr 1  B1 rr        	lda     (ptr1),y
0007BFr 1  20 rr rr     	jsr     tosicmp0
0007C2r 1  B0 13        	bcs     L0026
0007C4r 1  A0 01        	ldy     #$01
0007C6r 1  B1 rr        	lda     (sp),y
0007C8r 1  85 rr        	sta     ptr1+1
0007CAr 1  88           	dey
0007CBr 1  B1 rr        	lda     (sp),y
0007CDr 1  85 rr        	sta     ptr1
0007CFr 1  A0 05        	ldy     #$05
0007D1r 1  B1 rr        	lda     (ptr1),y
0007D3r 1  C9 C9        	cmp     #$C9
0007D5r 1  90 06        	bcc     L01ED
0007D7r 1  A2 00        L0026:	ldx     #$00
0007D9r 1  8A           	txa
0007DAr 1  4C rr rr     	jmp     incsp2
0007DDr 1  A9 01        L01ED:	lda     #$01
0007DFr 1  A2 00        	ldx     #$00
0007E1r 1  4C rr rr     	jmp     incsp2
0007E4r 1               
0007E4r 1               .endproc
0007E4r 1               
0007E4r 1               ; ---------------------------------------------------------------
0007E4r 1               ; void __near__ unite (__near__ struct udeks_repaint_rect *, __near__ const struct udeks_repaint_rect *)
0007E4r 1               ; ---------------------------------------------------------------
0007E4r 1               
0007E4r 1               .segment	"CODE"
0007E4r 1               
0007E4r 1               .proc	_unite: near
0007E4r 1               
0007E4r 1               .segment	"CODE"
0007E4r 1               
0007E4r 1  20 rr rr     	jsr     pushax
0007E7r 1  A0 01        	ldy     #$01
0007E9r 1  B1 rr        	lda     (sp),y
0007EBr 1  85 rr        	sta     ptr1+1
0007EDr 1  88           	dey
0007EEr 1  B1 rr        	lda     (sp),y
0007F0r 1  85 rr        	sta     ptr1
0007F2r 1  C8           	iny
0007F3r 1  B1 rr        	lda     (ptr1),y
0007F5r 1  AA           	tax
0007F6r 1  88           	dey
0007F7r 1  B1 rr        	lda     (ptr1),y
0007F9r 1  20 rr rr     	jsr     pushax
0007FCr 1  A0 05        	ldy     #$05
0007FEr 1  B1 rr        	lda     (sp),y
000800r 1  85 rr        	sta     ptr1+1
000802r 1  88           	dey
000803r 1  B1 rr        	lda     (sp),y
000805r 1  85 rr        	sta     ptr1
000807r 1  A0 01        	ldy     #$01
000809r 1  B1 rr        	lda     (ptr1),y
00080Br 1  AA           	tax
00080Cr 1  88           	dey
00080Dr 1  B1 rr        	lda     (ptr1),y
00080Fr 1  20 rr rr     	jsr     tosicmp
000812r 1  B0 1A        	bcs     L002A
000814r 1  A0 05        	ldy     #$05
000816r 1  20 rr rr     	jsr     pushwysp
000819r 1  A0 03        	ldy     #$03
00081Br 1  B1 rr        	lda     (sp),y
00081Dr 1  85 rr        	sta     ptr1+1
00081Fr 1  88           	dey
000820r 1  B1 rr        	lda     (sp),y
000822r 1  85 rr        	sta     ptr1
000824r 1  88           	dey
000825r 1  B1 rr        	lda     (ptr1),y
000827r 1  AA           	tax
000828r 1  88           	dey
000829r 1  B1 rr        	lda     (ptr1),y
00082Br 1  20 rr rr     	jsr     staxspidx
00082Er 1  A0 01        L002A:	ldy     #$01
000830r 1  B1 rr        	lda     (sp),y
000832r 1  85 rr        	sta     ptr1+1
000834r 1  88           	dey
000835r 1  B1 rr        	lda     (sp),y
000837r 1  85 rr        	sta     ptr1
000839r 1  A0 03        	ldy     #$03
00083Br 1  B1 rr        	lda     (ptr1),y
00083Dr 1  AA           	tax
00083Er 1  88           	dey
00083Fr 1  B1 rr        	lda     (ptr1),y
000841r 1  20 rr rr     	jsr     pushax
000844r 1  A0 05        	ldy     #$05
000846r 1  B1 rr        	lda     (sp),y
000848r 1  85 rr        	sta     ptr1+1
00084Ar 1  88           	dey
00084Br 1  B1 rr        	lda     (sp),y
00084Dr 1  85 rr        	sta     ptr1
00084Fr 1  88           	dey
000850r 1  B1 rr        	lda     (ptr1),y
000852r 1  AA           	tax
000853r 1  88           	dey
000854r 1  B1 rr        	lda     (ptr1),y
000856r 1  20 rr rr     	jsr     tosicmp
000859r 1  90 1C        	bcc     L002E
00085Br 1  F0 1A        	beq     L002E
00085Dr 1  A0 05        	ldy     #$05
00085Fr 1  20 rr rr     	jsr     pushwysp
000862r 1  A0 03        	ldy     #$03
000864r 1  B1 rr        	lda     (sp),y
000866r 1  85 rr        	sta     ptr1+1
000868r 1  88           	dey
000869r 1  B1 rr        	lda     (sp),y
00086Br 1  85 rr        	sta     ptr1
00086Dr 1  C8           	iny
00086Er 1  B1 rr        	lda     (ptr1),y
000870r 1  AA           	tax
000871r 1  88           	dey
000872r 1  B1 rr        	lda     (ptr1),y
000874r 1  20 rr rr     	jsr     staxspidx
000877r 1  A0 01        L002E:	ldy     #$01
000879r 1  B1 rr        	lda     (sp),y
00087Br 1  85 rr        	sta     ptr1+1
00087Dr 1  88           	dey
00087Er 1  B1 rr        	lda     (sp),y
000880r 1  85 rr        	sta     ptr1
000882r 1  A0 04        	ldy     #$04
000884r 1  B1 rr        	lda     (ptr1),y
000886r 1  20 rr rr     	jsr     pusha0
000889r 1  A0 05        	ldy     #$05
00088Br 1  B1 rr        	lda     (sp),y
00088Dr 1  85 rr        	sta     ptr1+1
00088Fr 1  88           	dey
000890r 1  B1 rr        	lda     (sp),y
000892r 1  85 rr        	sta     ptr1
000894r 1  B1 rr        	lda     (ptr1),y
000896r 1  20 rr rr     	jsr     tosicmp0
000899r 1  B0 17        	bcs     L0032
00089Br 1  A0 05        	ldy     #$05
00089Dr 1  20 rr rr     	jsr     pushwysp
0008A0r 1  A0 03        	ldy     #$03
0008A2r 1  B1 rr        	lda     (sp),y
0008A4r 1  85 rr        	sta     ptr1+1
0008A6r 1  88           	dey
0008A7r 1  B1 rr        	lda     (sp),y
0008A9r 1  85 rr        	sta     ptr1
0008ABr 1  A0 04        	ldy     #$04
0008ADr 1  B1 rr        	lda     (ptr1),y
0008AFr 1  20 rr rr     	jsr     staspidx
0008B2r 1  A0 01        L0032:	ldy     #$01
0008B4r 1  B1 rr        	lda     (sp),y
0008B6r 1  85 rr        	sta     ptr1+1
0008B8r 1  88           	dey
0008B9r 1  B1 rr        	lda     (sp),y
0008BBr 1  85 rr        	sta     ptr1
0008BDr 1  A0 05        	ldy     #$05
0008BFr 1  B1 rr        	lda     (ptr1),y
0008C1r 1  20 rr rr     	jsr     pusha0
0008C4r 1  A0 05        	ldy     #$05
0008C6r 1  B1 rr        	lda     (sp),y
0008C8r 1  85 rr        	sta     ptr1+1
0008CAr 1  88           	dey
0008CBr 1  B1 rr        	lda     (sp),y
0008CDr 1  85 rr        	sta     ptr1
0008CFr 1  C8           	iny
0008D0r 1  B1 rr        	lda     (ptr1),y
0008D2r 1  20 rr rr     	jsr     tosicmp0
0008D5r 1  90 19        	bcc     L0036
0008D7r 1  F0 17        	beq     L0036
0008D9r 1  A0 05        	ldy     #$05
0008DBr 1  20 rr rr     	jsr     pushwysp
0008DEr 1  A0 03        	ldy     #$03
0008E0r 1  B1 rr        	lda     (sp),y
0008E2r 1  85 rr        	sta     ptr1+1
0008E4r 1  88           	dey
0008E5r 1  B1 rr        	lda     (sp),y
0008E7r 1  85 rr        	sta     ptr1
0008E9r 1  A0 05        	ldy     #$05
0008EBr 1  B1 rr        	lda     (ptr1),y
0008EDr 1  20 rr rr     	jsr     staspidx
0008F0r 1  4C rr rr     L0036:	jmp     incsp4
0008F3r 1               
0008F3r 1               .endproc
0008F3r 1               
0008F3r 1               ; ---------------------------------------------------------------
0008F3r 1               ; unsigned char __near__ intersect (__near__ struct udeks_repaint_rect *, __near__ const struct udeks_repaint_rect *)
0008F3r 1               ; ---------------------------------------------------------------
0008F3r 1               
0008F3r 1               .segment	"CODE"
0008F3r 1               
0008F3r 1               .proc	_intersect: near
0008F3r 1               
0008F3r 1               .segment	"CODE"
0008F3r 1               
0008F3r 1  20 rr rr     	jsr     pushax
0008F6r 1  A0 03        	ldy     #$03
0008F8r 1  B1 rr        	lda     (sp),y
0008FAr 1  85 rr        	sta     sreg+1
0008FCr 1  88           	dey
0008FDr 1  B1 rr        	lda     (sp),y
0008FFr 1  85 rr        	sta     sreg
000901r 1  88           	dey
000902r 1  B1 rr        	lda     (sp),y
000904r 1  85 rr        	sta     ptr1+1
000906r 1  88           	dey
000907r 1  B1 rr        	lda     (sp),y
000909r 1  85 rr        	sta     ptr1
00090Br 1  C8           	iny
00090Cr 1  B1 rr        	lda     (ptr1),y
00090Er 1  AA           	tax
00090Fr 1  88           	dey
000910r 1  B1 rr        	lda     (ptr1),y
000912r 1  38           	sec
000913r 1  ED rr rr     	sbc     _udeks_repaint_lane
000916r 1  85 rr        	sta     tmp1
000918r 1  8A           	txa
000919r 1  ED rr rr     	sbc     _udeks_repaint_lane+1
00091Cr 1  05 rr        	ora     tmp1
00091Er 1  90 16        	bcc     L003D
000920r 1  F0 14        	beq     L003D
000922r 1  C8           	iny
000923r 1  B1 rr        	lda     (sp),y
000925r 1  85 rr        	sta     ptr1+1
000927r 1  88           	dey
000928r 1  B1 rr        	lda     (sp),y
00092Ar 1  85 rr        	sta     ptr1
00092Cr 1  C8           	iny
00092Dr 1  B1 rr        	lda     (ptr1),y
00092Fr 1  AA           	tax
000930r 1  88           	dey
000931r 1  B1 rr        	lda     (ptr1),y
000933r 1  4C rr rr     	jmp     L01F1
000936r 1  AD rr rr     L003D:	lda     _udeks_repaint_lane
000939r 1  AE rr rr     	ldx     _udeks_repaint_lane+1
00093Cr 1  91 rr        L01F1:	sta     (sreg),y
00093Er 1  C8           	iny
00093Fr 1  8A           	txa
000940r 1  91 rr        	sta     (sreg),y
000942r 1  A0 03        	ldy     #$03
000944r 1  B1 rr        	lda     (sp),y
000946r 1  85 rr        	sta     sreg+1
000948r 1  88           	dey
000949r 1  B1 rr        	lda     (sp),y
00094Br 1  85 rr        	sta     sreg
00094Dr 1  88           	dey
00094Er 1  B1 rr        	lda     (sp),y
000950r 1  85 rr        	sta     ptr1+1
000952r 1  88           	dey
000953r 1  B1 rr        	lda     (sp),y
000955r 1  85 rr        	sta     ptr1
000957r 1  A0 03        	ldy     #$03
000959r 1  B1 rr        	lda     (ptr1),y
00095Br 1  AA           	tax
00095Cr 1  88           	dey
00095Dr 1  B1 rr        	lda     (ptr1),y
00095Fr 1  CD rr rr     	cmp     _udeks_repaint_lane+2
000962r 1  8A           	txa
000963r 1  ED rr rr     	sbc     _udeks_repaint_lane+2+1
000966r 1  B0 15        	bcs     L0043
000968r 1  88           	dey
000969r 1  B1 rr        	lda     (sp),y
00096Br 1  85 rr        	sta     ptr1+1
00096Dr 1  88           	dey
00096Er 1  B1 rr        	lda     (sp),y
000970r 1  85 rr        	sta     ptr1
000972r 1  A0 03        	ldy     #$03
000974r 1  B1 rr        	lda     (ptr1),y
000976r 1  AA           	tax
000977r 1  88           	dey
000978r 1  B1 rr        	lda     (ptr1),y
00097Ar 1  4C rr rr     	jmp     L01F2
00097Dr 1  AD rr rr     L0043:	lda     _udeks_repaint_lane+2
000980r 1  AE rr rr     	ldx     _udeks_repaint_lane+2+1
000983r 1  91 rr        L01F2:	sta     (sreg),y
000985r 1  C8           	iny
000986r 1  8A           	txa
000987r 1  91 rr        	sta     (sreg),y
000989r 1  B1 rr        	lda     (sp),y
00098Br 1  85 rr        	sta     sreg+1
00098Dr 1  88           	dey
00098Er 1  B1 rr        	lda     (sp),y
000990r 1  85 rr        	sta     sreg
000992r 1  88           	dey
000993r 1  B1 rr        	lda     (sp),y
000995r 1  85 rr        	sta     ptr1+1
000997r 1  88           	dey
000998r 1  B1 rr        	lda     (sp),y
00099Ar 1  85 rr        	sta     ptr1
00099Cr 1  A0 04        	ldy     #$04
00099Er 1  B1 rr        	lda     (ptr1),y
0009A0r 1  38           	sec
0009A1r 1  ED rr rr     	sbc     _udeks_repaint_lane+4
0009A4r 1  90 14        	bcc     L01F3
0009A6r 1  F0 12        	beq     L01F3
0009A8r 1  A0 01        	ldy     #$01
0009AAr 1  B1 rr        	lda     (sp),y
0009ACr 1  85 rr        	sta     ptr1+1
0009AEr 1  88           	dey
0009AFr 1  B1 rr        	lda     (sp),y
0009B1r 1  85 rr        	sta     ptr1
0009B3r 1  A0 04        	ldy     #$04
0009B5r 1  B1 rr        	lda     (ptr1),y
0009B7r 1  4C rr rr     	jmp     L01F6
0009BAr 1  AD rr rr     L01F3:	lda     _udeks_repaint_lane+4
0009BDr 1  91 rr        L01F6:	sta     (sreg),y
0009BFr 1  88           	dey
0009C0r 1  B1 rr        	lda     (sp),y
0009C2r 1  85 rr        	sta     sreg+1
0009C4r 1  88           	dey
0009C5r 1  B1 rr        	lda     (sp),y
0009C7r 1  85 rr        	sta     sreg
0009C9r 1  88           	dey
0009CAr 1  B1 rr        	lda     (sp),y
0009CCr 1  85 rr        	sta     ptr1+1
0009CEr 1  88           	dey
0009CFr 1  B1 rr        	lda     (sp),y
0009D1r 1  85 rr        	sta     ptr1
0009D3r 1  A0 05        	ldy     #$05
0009D5r 1  B1 rr        	lda     (ptr1),y
0009D7r 1  CD rr rr     	cmp     _udeks_repaint_lane+5
0009DAr 1  B0 12        	bcs     L01F7
0009DCr 1  A0 01        	ldy     #$01
0009DEr 1  B1 rr        	lda     (sp),y
0009E0r 1  85 rr        	sta     ptr1+1
0009E2r 1  88           	dey
0009E3r 1  B1 rr        	lda     (sp),y
0009E5r 1  85 rr        	sta     ptr1
0009E7r 1  A0 05        	ldy     #$05
0009E9r 1  B1 rr        	lda     (ptr1),y
0009EBr 1  4C rr rr     	jmp     L01FA
0009EEr 1  AD rr rr     L01F7:	lda     _udeks_repaint_lane+5
0009F1r 1  91 rr        L01FA:	sta     (sreg),y
0009F3r 1  A0 03        	ldy     #$03
0009F5r 1  B1 rr        	lda     (sp),y
0009F7r 1  85 rr        	sta     ptr1+1
0009F9r 1  88           	dey
0009FAr 1  B1 rr        	lda     (sp),y
0009FCr 1  85 rr        	sta     ptr1
0009FEr 1  88           	dey
0009FFr 1  B1 rr        	lda     (ptr1),y
000A01r 1  AA           	tax
000A02r 1  88           	dey
000A03r 1  B1 rr        	lda     (ptr1),y
000A05r 1  20 rr rr     	jsr     pushax
000A08r 1  A0 05        	ldy     #$05
000A0Ar 1  B1 rr        	lda     (sp),y
000A0Cr 1  85 rr        	sta     ptr1+1
000A0Er 1  88           	dey
000A0Fr 1  B1 rr        	lda     (sp),y
000A11r 1  85 rr        	sta     ptr1
000A13r 1  88           	dey
000A14r 1  B1 rr        	lda     (ptr1),y
000A16r 1  AA           	tax
000A17r 1  88           	dey
000A18r 1  B1 rr        	lda     (ptr1),y
000A1Ar 1  20 rr rr     	jsr     tosicmp
000A1Dr 1  B0 25        	bcs     L0054
000A1Fr 1  A0 03        	ldy     #$03
000A21r 1  B1 rr        	lda     (sp),y
000A23r 1  85 rr        	sta     ptr1+1
000A25r 1  88           	dey
000A26r 1  B1 rr        	lda     (sp),y
000A28r 1  85 rr        	sta     ptr1
000A2Ar 1  A0 04        	ldy     #$04
000A2Cr 1  B1 rr        	lda     (ptr1),y
000A2Er 1  20 rr rr     	jsr     pusha0
000A31r 1  A0 05        	ldy     #$05
000A33r 1  B1 rr        	lda     (sp),y
000A35r 1  85 rr        	sta     ptr1+1
000A37r 1  88           	dey
000A38r 1  B1 rr        	lda     (sp),y
000A3Ar 1  85 rr        	sta     ptr1
000A3Cr 1  C8           	iny
000A3Dr 1  B1 rr        	lda     (ptr1),y
000A3Fr 1  20 rr rr     	jsr     tosicmp0
000A42r 1  90 06        	bcc     L0053
000A44r 1  A2 00        L0054:	ldx     #$00
000A46r 1  8A           	txa
000A47r 1  4C rr rr     	jmp     incsp4
000A4Ar 1  A9 01        L0053:	lda     #$01
000A4Cr 1  A2 00        	ldx     #$00
000A4Er 1  4C rr rr     	jmp     incsp4
000A51r 1               
000A51r 1               .endproc
000A51r 1               
000A51r 1               
