Gtk-[1;32mMessage[0m: [34m07:55:17.342[0m: Failed to load module "canberra-gtk-module"
Gtk-[1;32mMessage[0m: [34m07:55:17.342[0m: Failed to load module "canberra-gtk-module"
 
[97;40m*** VICE Version 3.10 ***[0m
 
This is the condensed log, for the full log use [97;40m--verbose[0m or [97;40m--debug[0m.
 
[97;40mMain[0m: random seed was: 0x0
[97;40mMain[0m: command line was: x128 -default +sound -warp -seed 0 -remotemonitor -remotemonitoraddress ip4://127.0.0.1:43481 -console -drive8truedrive -drive8type 1571 -jamaction 5 -logfile /var/home/salvogendut/Dev/UDEKS/build/four-apps/native-final-d71/vice.log -8 /var/home/salvogendut/Dev/UDEKS/build/four-apps/native-final-d71/test.d71
[97;40mMain[0m: VICE system file directory: '/app/share/vice'.
[97;40mMain[0m: VICE system file search path: '/var/home/salvogendut/.var/app/net.sf.VICE/data/vice:/app/bin:/app/share/vice'.
[97;40mSysfile[0m: Loading `/app/share/vice/C128/basiclo-318018-04.bin'.
[97;40mSysfile[0m: Loading `/app/share/vice/C128/basichi-318019-04.bin'.
[97;40mSysfile[0m: Loading `/app/share/vice/C128/kernal-318020-05.bin'.
[97;40mC128MEM[0m: Switching ROMs to 'international':
[97;40mC128MEM[0m: BASIC is '86'.
[97;40mC128MEM[0m: Editor is 'international r1' rev #1.
[97;40mC128MEM[0m: Kernal is 'international r1' rev #1.
[97;40mSysfile[0m: Loading `/app/share/vice/C128/chargen-390059-01.bin'.
[97;40mSysfile[0m: Loading `/app/share/vice/C128/kernal64-901227-03.bin'.
[97;40mSysfile[0m: Loading `/app/share/vice/C128/basic64-901226-01.bin'.
[97;40mevdev Joystick[0m: Initializing Linux evdev joystick driver.
[97;40mJoystick[0m: Registered device "Sony PLAYSTATION(R)3 Controller" [054c:0268] (6 axes, 13 buttons, 0 hats)
[97;40mJoystick[0m: [95;40mWarning[0m - using minimal default mapping.
[97;40mDriveROM[0m: [91;40mError[0m - 2000 ROM image not found. Hardware-level 2000 emulation is not available.
[97;40mDriveROM[0m: [91;40mError[0m - 4000 ROM image not found. Hardware-level 4000 emulation is not available.
[97;40mDriveROM[0m: [91;40mError[0m - CMDHD ROM image not found. Hardware-level CMDHD emulation is not available.
[97;40mSysfile[0m: Loading `/app/share/vice/DRIVES/dos1571-310654-05.bin'.
[97;40mSound[0m: Available sound devices: pulse alsa dummy dump fs wav voc iff aiff soundmovie
[97;40mKeymap[0m: Loading keymap `/app/share/vice/C128/gtk3_sym.vkm'.

[97;40mMain CPU[0m: starting at ($FFFC).
[97;40mMain CPU[0m: RESET.
[97;40mVSync[0m: Sync reset
[97;40mUnit 8[0m: RESET.
[97;40mVSync[0m: Sync reset
[97;40mVSync[0m: Sync reset
[97;40mVSync[0m: Sync reset
[97;40mVSync[0m: Sync reset
[97;40mVSync[0m: Sync reset
[97;40mVSync[0m: Sync reset
[97;40mVSync[0m: Sync reset
[97;40mVSync[0m: Sync reset
[97;40mVSync[0m: Sync reset
[97;40mVSync[0m: Sync reset
[97;40mVSync[0m: Sync reset
[97;40mVSync[0m: Sync reset
[97;40mVSync[0m: Sync reset
[97;40mVSync[0m: Sync reset
[97;40mVSync[0m: Sync reset
[97;40mVSync[0m: Sync reset
[97;40mVSync[0m: Sync reset
[97;40mVSync[0m: Sync reset
[97;40mVSync[0m: Sync reset
[97;40mVSync[0m: Sync reset
[97;40mVSync[0m: Sync reset
[97;40mVSync[0m: Sync reset
[97;40mVSync[0m: Sync reset
[97;40mVSync[0m: Sync reset
[97;40mVSync[0m: Sync reset
[97;40mVSync[0m: Sync reset
[97;40mVSync[0m: Sync reset
[97;40mVSync[0m: Sync reset
[97;40mVSync[0m: Sync reset
[97;40mVSync[0m: Sync reset
[97;40mVSync[0m: Sync reset
[97;40mVSync[0m: Sync reset
[97;40mVSync[0m: Sync reset
[97;40mVSync[0m: Sync reset
[97;40mVSync[0m: Sync reset
[97;40mVSync[0m: Sync reset
[97;40mVSync[0m: Sync reset
[97;40mVSync[0m: Sync reset
[97;40mVSync[0m: Sync reset
[97;40mVSync[0m: Sync reset
[97;40mVSync[0m: Sync reset
[97;40mVSync[0m: Sync reset
[97;40mVSync[0m: Sync reset
[97;40mVSync[0m: Sync reset
[97;40mVSync[0m: Sync reset
[97;40mVSync[0m: Sync reset
[97;40mVSync[0m: Sync reset
[97;40mVSync[0m: Sync reset
[97;40mVSync[0m: Sync reset
[97;40mVSync[0m: Sync reset
[97;40mVSync[0m: Sync reset
[97;40mVSync[0m: Sync reset
[97;40mVSync[0m: Sync reset
[97;40mVSync[0m: Sync reset
[97;40mVSync[0m: Sync reset
[97;40mVSync[0m: Sync reset
[97;40mVSync[0m: Sync reset
[97;40mVSync[0m: Sync reset
[97;40mVSync[0m: Sync reset
[97;40mVSync[0m: Sync reset
[97;40mVSync[0m: Sync reset
[97;40mVSync[0m: Sync reset
[97;40mVSync[0m: Sync reset
[97;40mVSync[0m: Sync reset
[97;40mVSync[0m: Sync reset
[97;40mVSync[0m: Sync reset
[97;40mVSync[0m: Sync reset
[97;40mVSync[0m: Sync reset
[97;40mVSync[0m: Sync reset
[97;40mVSync[0m: Sync reset
[97;40mVSync[0m: Sync reset
[97;40mVSync[0m: Sync reset
[97;40mVSync[0m: Sync reset
[97;40mVSync[0m: Sync reset
[97;40mVSync[0m: Sync reset
[97;40mVSync[0m: Sync reset
[97;40mVSync[0m: Sync reset
[97;40mVSync[0m: Sync reset
[97;40mVSync[0m: Sync reset
[97;40mVSync[0m: Sync reset
[97;40mVSync[0m: Sync reset
[97;40mVSync[0m: Sync reset
[97;40mVSync[0m: Sync reset
[97;40mVSync[0m: Sync reset
[97;40mVSync[0m: Sync reset
[97;40mVSync[0m: Sync reset
[97;40mVSync[0m: Sync reset
[97;40mVSync[0m: Sync reset
[97;40mVSync[0m: Sync reset
[97;40mVSync[0m: Sync reset
[97;40mVSync[0m: Sync reset
[97;40mVSync[0m: Sync reset
[97;40mVSync[0m: Sync reset
[97;40mVSync[0m: Sync reset
[97;40mVSync[0m: Sync reset
[97;40mVSync[0m: Sync reset
[97;40mVSync[0m: Sync reset
[97;40mVSync[0m: Sync reset
[97;40mVSync[0m: Sync reset
[97;40mVSync[0m: Sync reset
[97;40mVSync[0m: Sync reset
[97;40mVSync[0m: Sync reset
[97;40mVSync[0m: Sync reset
[97;40mVSync[0m: Sync reset
[97;40mVSync[0m: Sync reset
[97;40mVSync[0m: Sync reset
[97;40mVSync[0m: Sync reset
[97;40mVSync[0m: Sync reset
[97;40mVSync[0m: Sync reset
[97;40mVSync[0m: Sync reset
[97;40mVSync[0m: Sync reset
[97;40mVSync[0m: Sync reset
[97;40mVSync[0m: Sync reset
[97;40mVSync[0m: Sync reset
[97;40mVSync[0m: Sync reset
[97;40mVSync[0m: Sync reset
[97;40mVSync[0m: Sync reset
[97;40mVSync[0m: Sync reset
[97;40mVSync[0m: Sync reset
[97;40mVSync[0m: Sync reset
[97;40mVSync[0m: Sync reset
[97;40mVSync[0m: Sync reset
[97;40mVSync[0m: Sync reset
[97;40mVSync[0m: Sync reset
[97;40mVSync[0m: Sync reset
[97;40mVSync[0m: Sync reset
[97;40mVSync[0m: Sync reset
[97;40mVSync[0m: Sync reset
[97;40mVSync[0m: Sync reset
[97;40mVSync[0m: Sync reset
[97;40mVSync[0m: Sync reset
[97;40mVSync[0m: Sync reset
[97;40mVSync[0m: Sync reset
[97;40mVSync[0m: Sync reset
[97;40mVSync[0m: Sync reset
[97;40mVSync[0m: Sync reset
[97;40mVSync[0m: Sync reset
[97;40mVSync[0m: Sync reset
[97;40mVSync[0m: Sync reset
[97;40mVSync[0m: Sync reset
[97;40mVSync[0m: Sync reset
[97;40mVSync[0m: Sync reset
[97;40mVSync[0m: Sync reset
[97;40mVSync[0m: Sync reset
[97;40mVSync[0m: Sync reset
[97;40mVSync[0m: Sync reset
[97;40mVSync[0m: Sync reset
[97;40mVSync[0m: Sync reset
[97;40mVSync[0m: Sync reset
[97;40mVSync[0m: Sync reset
[97;40mVSync[0m: Sync reset
[97;40mVSync[0m: Sync reset
[97;40mVSync[0m: Sync reset
[97;40mVSync[0m: Sync reset
[97;40mVSync[0m: Sync reset
[97;40mVSync[0m: Sync reset
[97;40mVSync[0m: Sync reset
[97;40mVSync[0m: Sync reset
[97;40mVSync[0m: Sync reset
[97;40mVSync[0m: Sync reset
[97;40mVSync[0m: Sync reset
[97;40mVSync[0m: Sync reset
[97;40mVSync[0m: Sync reset
[97;40mVSync[0m: Sync reset
[97;40mVSync[0m: Sync reset
[97;40mVSync[0m: Sync reset
[97;40mVSync[0m: Sync reset
[97;40mVSync[0m: Sync reset
[97;40mVSync[0m: Sync reset
[97;40mVSync[0m: Sync reset
[97;40mVSync[0m: Sync reset
[97;40mVSync[0m: Sync reset
[97;40mVSync[0m: Sync reset
[97;40mVSync[0m: Sync reset
[97;40mVSync[0m: Sync reset
[97;40mVSync[0m: Sync reset
[97;40mVSync[0m: Sync reset
[97;40mVSync[0m: Sync reset
[97;40mVSync[0m: Sync reset
[97;40mVSync[0m: Sync reset
[97;40mVSync[0m: Sync reset
[97;40mVSync[0m: Sync reset
[97;40mVSync[0m: Sync reset
[97;40mVSync[0m: Sync reset
[97;40mVSync[0m: Sync reset
[97;40mVSync[0m: Sync reset
[97;40mVSync[0m: Sync reset
[97;40mVSync[0m: Sync reset
[97;40mVSync[0m: Sync reset
[97;40mVSync[0m: Sync reset
[97;40mVSync[0m: Sync reset
[97;40mVSync[0m: Sync reset
[97;40mVSync[0m: Sync reset
[97;40mVSync[0m: Sync reset
[97;40mVSync[0m: Sync reset
[97;40mVSync[0m: Sync reset
[97;40mVSync[0m: Sync reset
[97;40mVSync[0m: Sync reset
[97;40mVSync[0m: Sync reset
[97;40mVSync[0m: Sync reset
[97;40mVSync[0m: Sync reset
[97;40mVSync[0m: Sync reset
[97;40mVSync[0m: Sync reset
[97;40mVSync[0m: Sync reset
[97;40mVSync[0m: Sync reset
[97;40mVSync[0m: Sync reset
[97;40mVSync[0m: Sync reset
[97;40mVSync[0m: Sync reset
[97;40mVSync[0m: Sync reset
[97;40mVSync[0m: Sync reset
[97;40mVSync[0m: Sync reset
[97;40mVSync[0m: Sync reset
[97;40mVSync[0m: Sync reset
[97;40mVSync[0m: Sync reset
[97;40mVSync[0m: Sync reset
[97;40mVSync[0m: Sync reset
[97;40mVSync[0m: Sync reset
[97;40mVSync[0m: Sync reset
[97;40mVSync[0m: Sync reset
[97;40mVSync[0m: Sync reset
[97;40mVSync[0m: Sync reset
[97;40mVSync[0m: Sync reset
[97;40mVSync[0m: Sync reset
[97;40mVSync[0m: Sync reset
[97;40mVSync[0m: Sync reset
[97;40mVSync[0m: Sync reset
[97;40mVSync[0m: Sync reset
[97;40mVSync[0m: Sync reset
[97;40mVSync[0m: Sync reset
[97;40mVSync[0m: Sync reset
[97;40mVSync[0m: Sync reset
[97;40mVSync[0m: Sync reset
[97;40mVSync[0m: Sync reset
[97;40mVSync[0m: Sync reset
[97;40mVSync[0m: Sync reset
[97;40mVSync[0m: Sync reset
[97;40mVSync[0m: Sync reset
[97;40mVSync[0m: Sync reset
[97;40mVSync[0m: Sync reset
[97;40mVSync[0m: Sync reset
[97;40mVSync[0m: Sync reset
[97;40mVSync[0m: Sync reset
[97;40mVSync[0m: Sync reset
[97;40mVSync[0m: Sync reset
[97;40mVSync[0m: Sync reset
[97;40mVSync[0m: Sync reset
[97;40mVSync[0m: Sync reset
[97;40mVSync[0m: Sync reset
[97;40mVSync[0m: Sync reset
[97;40mVSync[0m: Sync reset
[97;40mVSync[0m: Sync reset
[97;40mVSync[0m: Sync reset
[97;40mVSync[0m: Sync reset
[97;40mVSync[0m: Sync reset
[97;40mVSync[0m: Sync reset
[97;40mVSync[0m: Sync reset
[97;40mVSync[0m: Sync reset
[97;40mVSync[0m: Sync reset
[97;40mVSync[0m: Sync reset
[97;40mVSync[0m: Sync reset
[97;40mVSync[0m: Sync reset
[97;40mVSync[0m: Sync reset
[97;40mVSync[0m: Sync reset
[97;40mVSync[0m: Sync reset
[97;40mVSync[0m: Sync reset
[97;40mVSync[0m: Sync reset
[97;40mVSync[0m: Sync reset
[97;40mVSync[0m: Sync reset
[97;40mVSync[0m: Sync reset
[97;40mVSync[0m: Sync reset
[97;40mVSync[0m: Sync reset
[97;40mVSync[0m: Sync reset
[97;40mVSync[0m: Sync reset
[97;40mVSync[0m: Sync reset
[97;40mVSync[0m: Sync reset
[97;40mVSync[0m: Sync reset
[97;40mVSync[0m: Sync reset
[97;40mVSync[0m: Sync reset
[97;40mVSync[0m: Sync reset
[97;40mVSync[0m: Sync reset
[97;40mVSync[0m: Sync reset
[97;40mVSync[0m: Sync reset
[97;40mVSync[0m: Sync reset
[97;40mVSync[0m: Sync reset
[97;40mVSync[0m: Sync reset
[97;40mVSync[0m: Sync reset
[97;40mVSync[0m: Sync reset
[97;40mVSync[0m: Sync reset
[97;40mVSync[0m: Sync reset
[97;40mVSync[0m: Sync reset
[97;40mVSync[0m: Sync reset
[97;40mVSync[0m: Sync reset
[97;40mVSync[0m: Sync reset
[97;40mVSync[0m: Sync reset
[97;40mVSync[0m: Sync reset
[97;40mVSync[0m: Sync reset
[97;40mVSync[0m: Sync reset
[97;40mVSync[0m: Sync reset
[97;40mVSync[0m: Sync reset
[97;40mVSync[0m: Sync reset
[97;40mVSync[0m: Sync reset
[97;40mVSync[0m: Sync reset
[97;40mVSync[0m: Sync reset
[97;40mVSync[0m: Sync reset
[97;40mVSync[0m: Sync reset
[97;40mVSync[0m: Sync reset
[97;40mVSync[0m: Sync reset
[97;40mVSync[0m: Sync reset
[97;40mVSync[0m: Sync reset
[97;40mVSync[0m: Sync reset
[97;40mVSync[0m: Sync reset
[97;40mVSync[0m: Sync reset
[97;40mVSync[0m: Sync reset
[97;40mVSync[0m: Sync reset
[97;40mVSync[0m: Sync reset
[97;40mVSync[0m: Sync reset
[97;40mVSync[0m: Sync reset
[97;40mVSync[0m: Sync reset
[97;40mVSync[0m: Sync reset
[97;40mVSync[0m: Sync reset
[97;40mVSync[0m: Sync reset
[97;40mVSync[0m: Sync reset
[97;40mVSync[0m: Sync reset
[97;40mVSync[0m: Sync reset
[97;40mVSync[0m: Sync reset
[97;40mVSync[0m: Sync reset
[97;40mVSync[0m: Sync reset
[97;40mVSync[0m: Sync reset
[97;40mVSync[0m: Sync reset
[97;40mVSync[0m: Sync reset
[97;40mVSync[0m: Sync reset
[97;40mVSync[0m: Sync reset
[97;40mVSync[0m: Sync reset
[97;40mVSync[0m: Sync reset
[97;40mVSync[0m: Sync reset
[97;40mVSync[0m: Sync reset
[97;40mVSync[0m: Sync reset
[97;40mVSync[0m: Sync reset
[97;40mVSync[0m: Sync reset
[97;40mVSync[0m: Sync reset
[97;40mVSync[0m: Sync reset
[97;40mVSync[0m: Sync reset
[97;40mVSync[0m: Sync reset
[97;40mVSync[0m: Sync reset
[97;40mVSync[0m: Sync reset
[97;40mVSync[0m: Sync reset
[97;40mVSync[0m: Sync reset
[97;40mVSync[0m: Sync reset
[97;40mVSync[0m: Sync reset
[97;40mVSync[0m: Sync reset
[97;40mVSync[0m: Sync reset
[97;40mVSync[0m: Sync reset
[97;40mVSync[0m: Sync reset
[97;40mVSync[0m: Sync reset
[97;40mVSync[0m: Sync reset
[97;40mVSync[0m: Sync reset
[97;40mVSync[0m: Sync reset
[97;40mVSync[0m: Sync reset
[97;40mVSync[0m: Sync reset
[97;40mVSync[0m: Sync reset
[97;40mVSync[0m: Sync reset
[97;40mVSync[0m: Sync reset
[97;40mVSync[0m: Sync reset
[97;40mVSync[0m: Sync reset
[97;40mVSync[0m: Sync reset
[97;40mVSync[0m: Sync reset
[97;40mVSync[0m: Sync reset
[97;40mVSync[0m: Sync reset
[97;40mVSync[0m: Sync reset
[97;40mVSync[0m: Sync reset
[97;40mVSync[0m: Sync reset
[97;40mVSync[0m: Sync reset
[97;40mVSync[0m: Sync reset
[97;40mVSync[0m: Sync reset
[97;40mVSync[0m: Sync reset
[97;40mVSync[0m: Sync reset
[97;40mVSync[0m: Sync reset
[97;40mVSync[0m: Sync reset
[97;40mVSync[0m: Sync reset
[97;40mVSync[0m: Sync reset
[97;40mVSync[0m: Sync reset
[97;40mVSync[0m: Sync reset
[97;40mVSync[0m: Sync reset
[97;40mVSync[0m: Sync reset
[97;40mVSync[0m: Sync reset
[97;40mVSync[0m: Sync reset
[97;40mVSync[0m: Sync reset
[97;40mVSync[0m: Sync reset
[97;40mVSync[0m: Sync reset
[97;40mVSync[0m: Sync reset
[97;40mVSync[0m: Sync reset
[97;40mVSync[0m: Sync reset
[97;40mVSync[0m: Sync reset
[97;40mVSync[0m: Sync reset
[97;40mVSync[0m: Sync reset
[97;40mVSync[0m: Sync reset
[97;40mVSync[0m: Sync reset
[97;40mVSync[0m: Sync reset
[97;40mVSync[0m: Sync reset
[97;40mVSync[0m: Sync reset
[97;40mVSync[0m: Sync reset
[97;40mVSync[0m: Sync reset
[97;40mVSync[0m: Sync reset
[97;40mVSync[0m: Sync reset
[97;40mVSync[0m: Sync reset
[97;40mVSync[0m: Sync reset
[97;40mVSync[0m: Sync reset
[97;40mVSync[0m: Sync reset
[97;40mVSync[0m: Sync reset
[97;40mVSync[0m: Sync reset
[97;40mVSync[0m: Sync reset
[97;40mVSync[0m: Sync reset
[97;40mVSync[0m: Sync reset
[97;40mVSync[0m: Sync reset
[97;40mVSync[0m: Sync reset
[97;40mVSync[0m: Sync reset
[97;40mVSync[0m: Sync reset
[97;40mVSync[0m: Sync reset
[97;40mVSync[0m: Sync reset
[97;40mVSync[0m: Sync reset
[97;40mVSync[0m: Sync reset
[97;40mVSync[0m: Sync reset
[97;40mVSync[0m: Sync reset
[97;40mVSync[0m: Sync reset
[97;40mVSync[0m: Sync reset
[97;40mVSync[0m: Sync reset
[97;40mVSync[0m: Sync reset
[97;40mVSync[0m: Sync reset
[97;40mVSync[0m: Sync reset
[97;40mVSync[0m: Sync reset
[97;40mVSync[0m: Sync reset
[97;40mVSync[0m: Sync reset
[97;40mVSync[0m: Sync reset
[97;40mVSync[0m: Sync reset
[97;40mVSync[0m: Sync reset
[97;40mVSync[0m: Sync reset
[97;40mVSync[0m: Sync reset
[97;40mVSync[0m: Sync reset
[97;40mVSync[0m: Sync reset
[97;40mVSync[0m: Sync reset
[97;40mVSync[0m: Sync reset
[97;40mVSync[0m: Sync reset
[97;40mVSync[0m: Sync reset
[97;40mVSync[0m: Sync reset
[97;40mVSync[0m: Sync reset
[97;40mVSync[0m: Sync reset
[97;40mVSync[0m: Sync reset
[97;40mVSync[0m: Sync reset
[97;40mVSync[0m: Sync reset
[97;40mVSync[0m: Sync reset
[97;40mVSync[0m: Sync reset
[97;40mVSync[0m: Sync reset
[97;40mVSync[0m: Sync reset
[97;40mVSync[0m: Sync reset
[97;40mVSync[0m: Sync reset
[97;40mVSync[0m: Sync reset
[97;40mVSync[0m: Sync reset
[97;40mVSync[0m: Sync reset
[97;40mVSync[0m: Sync reset
[97;40mVSync[0m: Sync reset
[97;40mVSync[0m: Sync reset
[97;40mVSync[0m: Sync reset
[97;40mVSync[0m: Sync reset
[97;40mVSync[0m: Sync reset
[97;40mVSync[0m: Sync reset
[97;40mVSync[0m: Sync reset
[97;40mVSync[0m: Sync reset
[97;40mVSync[0m: Sync reset
[97;40mVSync[0m: Sync reset
[97;40mVSync[0m: Sync reset
[97;40mVSync[0m: Sync reset
[97;40mVSync[0m: Sync reset
[97;40mVSync[0m: Sync reset
[97;40mVSync[0m: Sync reset
[97;40mVSync[0m: Sync reset
[97;40mVSync[0m: Sync reset
[97;40mVSync[0m: Sync reset
[97;40mVSync[0m: Sync reset
[97;40mVSync[0m: Sync reset
[97;40mVSync[0m: Sync reset
[97;40mVSync[0m: Sync reset
[97;40mVSync[0m: Sync reset
[97;40mVSync[0m: Sync reset
[97;40mVSync[0m: Sync reset
[97;40mVSync[0m: Sync reset
[97;40mVSync[0m: Sync reset
[97;40mVSync[0m: Sync reset
[97;40mVSync[0m: Sync reset
[97;40mVSync[0m: Sync reset
[97;40mVSync[0m: Sync reset
[97;40mVSync[0m: Sync reset
[97;40mVSync[0m: Sync reset
[97;40mVSync[0m: Sync reset
[97;40mVSync[0m: Sync reset
[97;40mVSync[0m: Sync reset
[97;40mVSync[0m: Sync reset
[97;40mVSync[0m: Sync reset
[97;40mVSync[0m: Sync reset
[97;40mVSync[0m: Sync reset
[97;40mVSync[0m: Sync reset
[97;40mVSync[0m: Sync reset
[97;40mVSync[0m: Sync reset
[97;40mVSync[0m: Sync reset
[97;40mVSync[0m: Sync reset
[97;40mVSync[0m: Sync reset
[97;40mVSync[0m: Sync reset
[97;40mVSync[0m: Sync reset
[97;40mVSync[0m: Sync reset
[97;40mVSync[0m: Sync reset
[97;40mVSync[0m: Sync reset
[97;40mVSync[0m: Sync reset
[97;40mVSync[0m: Sync reset
[97;40mVSync[0m: Sync reset
[97;40mVSync[0m: Sync reset
[97;40mVSync[0m: Sync reset
[97;40mVSync[0m: Sync reset
[97;40mVSync[0m: Sync reset
[97;40mVSync[0m: Sync reset
[97;40mVSync[0m: Sync reset
[97;40mVSync[0m: Sync reset
[97;40mVSync[0m: Sync reset
[97;40mVSync[0m: Sync reset
[97;40mVSync[0m: Sync reset
[97;40mVSync[0m: Sync reset
[97;40mVSync[0m: Sync reset
[97;40mVSync[0m: Sync reset
[97;40mVSync[0m: Sync reset
[97;40mVSync[0m: Sync reset
[97;40mVSync[0m: Sync reset
[97;40mVSync[0m: Sync reset
[97;40mVSync[0m: Sync reset
[97;40mVSync[0m: Sync reset
[97;40mVSync[0m: Sync reset
[97;40mVSync[0m: Sync reset
[97;40mVSync[0m: Sync reset
[97;40mVSync[0m: Sync reset
[97;40mVSync[0m: Sync reset
[97;40mVSync[0m: Sync reset
[97;40mVSync[0m: Sync reset
[97;40mVSync[0m: Sync reset
[97;40mVSync[0m: Sync reset
[97;40mVSync[0m: Sync reset
[97;40mVSync[0m: Sync reset
[97;40mVSync[0m: Sync reset
[97;40mVSync[0m: Sync reset
[97;40mVSync[0m: Sync reset
[97;40mVSync[0m: Sync reset
[97;40mVSync[0m: Sync reset
[97;40mVSync[0m: Sync reset
[97;40mVSync[0m: Sync reset
[97;40mVSync[0m: Sync reset
[97;40mVSync[0m: Sync reset
[97;40mVSync[0m: Sync reset
[97;40mVSync[0m: Sync reset
[97;40mVSync[0m: Sync reset
[97;40mVSync[0m: Sync reset
[97;40mVSync[0m: Sync reset
[97;40mVSync[0m: Sync reset
[97;40mVSync[0m: Sync reset
[97;40mVSync[0m: Sync reset
[97;40mVSync[0m: Sync reset
[97;40mVSync[0m: Sync reset
[97;40mVSync[0m: Sync reset
[97;40mVSync[0m: Sync reset
[97;40mVSync[0m: Sync reset
[97;40mVSync[0m: Sync reset
[97;40mVSync[0m: Sync reset
[97;40mVSync[0m: Sync reset
[97;40mVSync[0m: Sync reset
[97;40mVSync[0m: Sync reset
[97;40mVSync[0m: Sync reset
[97;40mVSync[0m: Sync reset
[97;40mVSync[0m: Sync reset
[97;40mVSync[0m: Sync reset
[97;40mVSync[0m: Sync reset
[97;40mVSync[0m: Sync reset
[97;40mVSync[0m: Sync reset
[97;40mVSync[0m: Sync reset
[97;40mVSync[0m: Sync reset
[97;40mVSync[0m: Sync reset
[97;40mVSync[0m: Sync reset
[97;40mVSync[0m: Sync reset
[97;40mVSync[0m: Sync reset
[97;40mVSync[0m: Sync reset
[97;40mVSync[0m: Sync reset
[97;40mVSync[0m: Sync reset
[97;40mVSync[0m: Sync reset
[97;40mVSync[0m: Sync reset
[97;40mVSync[0m: Sync reset
[97;40mVSync[0m: Sync reset
[97;40mVSync[0m: Sync reset
[97;40mVSync[0m: Sync reset
[97;40mVSync[0m: Sync reset
[97;40mVSync[0m: Sync reset
[97;40mVSync[0m: Sync reset
[97;40mVSync[0m: Sync reset
[97;40mVSync[0m: Sync reset
[97;40mVSync[0m: Sync reset
[97;40mVSync[0m: Sync reset
[97;40mVSync[0m: Sync reset
[97;40mVSync[0m: Sync reset
[97;40mVSync[0m: Sync reset
[97;40mVSync[0m: Sync reset
[97;40mVSync[0m: Sync reset
[97;40mVSync[0m: Sync reset
[97;40mVSync[0m: Sync reset
[97;40mVSync[0m: Sync reset
[97;40mVSync[0m: Sync reset
[97;40mVSync[0m: Sync reset
[97;40mVSync[0m: Sync reset
[97;40mVSync[0m: Sync reset
[97;40mVSync[0m: Sync reset
[97;40mVSync[0m: Sync reset
[97;40mVSync[0m: Sync reset
[97;40mVSync[0m: Sync reset
[97;40mVSync[0m: Sync reset
[97;40mVSync[0m: Sync reset
[97;40mVSync[0m: Sync reset
[97;40mVSync[0m: Sync reset
[97;40mVSync[0m: Sync reset
[97;40mVSync[0m: Sync reset
[97;40mVSync[0m: Sync reset
[97;40mVSync[0m: Sync reset
[97;40mVSync[0m: Sync reset
[97;40mVSync[0m: Sync reset
[97;40mVSync[0m: Sync reset
[97;40mVSync[0m: Sync reset
[97;40mVSync[0m: Sync reset
[97;40mVSync[0m: Sync reset
[97;40mVSync[0m: Sync reset
[97;40mVSync[0m: Sync reset
[97;40mVSync[0m: Sync reset
[97;40mVSync[0m: Sync reset
[97;40mVSync[0m: Sync reset
[97;40mVSync[0m: Sync reset
[97;40mVSync[0m: Sync reset
[97;40mVSync[0m: Sync reset
[97;40mVSync[0m: Sync reset
[97;40mVSync[0m: Sync reset
[97;40mVSync[0m: Sync reset
[97;40mVSync[0m: Sync reset
[97;40mVSync[0m: Sync reset
[97;40mVSync[0m: Sync reset
[97;40mVSync[0m: Sync reset
[97;40mVSync[0m: Sync reset
[97;40mVSync[0m: Sync reset
[97;40mVSync[0m: Sync reset
[97;40mVSync[0m: Sync reset
[97;40mVSync[0m: Sync reset
[97;40mVSync[0m: Sync reset
[97;40mVSync[0m: Sync reset
[97;40mVSync[0m: Sync reset
[97;40mVSync[0m: Sync reset
[97;40mVSync[0m: Sync reset
[97;40mVSync[0m: Sync reset
[97;40mVSync[0m: Sync reset
[97;40mVSync[0m: Sync reset
[97;40mVSync[0m: Sync reset
[97;40mVSync[0m: Sync reset
[97;40mVSync[0m: Sync reset
[97;40mVSync[0m: Sync reset
[97;40mVSync[0m: Sync reset
[97;40mVSync[0m: Sync reset
[97;40mVSync[0m: Sync reset
[97;40mVSync[0m: Sync reset
[97;40mVSync[0m: Sync reset
[97;40mVSync[0m: Sync reset
[97;40mVSync[0m: Sync reset
[97;40mVSync[0m: Sync reset
[97;40mVSync[0m: Sync reset
[97;40mVSync[0m: Sync reset
[97;40mVSync[0m: Sync reset
[97;40mVSync[0m: Sync reset
[97;40mVSync[0m: Sync reset
[97;40mVSync[0m: Sync reset
[97;40mVSync[0m: Sync reset
[97;40mVSync[0m: Sync reset
[97;40mVSync[0m: Sync reset
[97;40mVSync[0m: Sync reset
[97;40mVSync[0m: Sync reset
[97;40mVSync[0m: Sync reset
[97;40mVSync[0m: Sync reset
[97;40mVSync[0m: Sync reset
[97;40mVSync[0m: Sync reset
[97;40mVSync[0m: Sync reset
[97;40mVSync[0m: Sync reset
[97;40mVSync[0m: Sync reset
[97;40mVSync[0m: Sync reset
[97;40mVSync[0m: Sync reset
[97;40mVSync[0m: Sync reset
[97;40mVSync[0m: Sync reset
[97;40mVSync[0m: Sync reset
[97;40mVSync[0m: Sync reset
[97;40mVSync[0m: Sync reset
[97;40mVSync[0m: Sync reset
[97;40mVSync[0m: Sync reset
[97;40mVSync[0m: Sync reset
[97;40mVSync[0m: Sync reset
[97;40mVSync[0m: Sync reset
[97;40mVSync[0m: Sync reset
[97;40mVSync[0m: Sync reset
[97;40mVSync[0m: Sync reset
[97;40mVSync[0m: Sync reset
[97;40mVSync[0m: Sync reset
[97;40mVSync[0m: Sync reset
[97;40mVSync[0m: Sync reset
[97;40mVSync[0m: Sync reset
[97;40mVSync[0m: Sync reset
[97;40mVSync[0m: Sync reset
[97;40mVSync[0m: Sync reset
[97;40mVSync[0m: Sync reset
[97;40mVSync[0m: Sync reset
[97;40mVSync[0m: Sync reset
[97;40mVSync[0m: Sync reset
[97;40mVSync[0m: Sync reset
[97;40mVSync[0m: Sync reset
[97;40mVSync[0m: Sync reset
[97;40mVSync[0m: Sync reset
[97;40mVSync[0m: Sync reset
[97;40mVSync[0m: Sync reset
[97;40mVSync[0m: Sync reset
[97;40mVSync[0m: Sync reset
[97;40mVSync[0m: Sync reset
[97;40mVSync[0m: Sync reset
[97;40mVSync[0m: Sync reset
[97;40mVSync[0m: Sync reset
[97;40mVSync[0m: Sync reset
[97;40mVSync[0m: Sync reset
[97;40mVSync[0m: Sync reset
[97;40mVSync[0m: Sync reset
[97;40mVSync[0m: Sync reset
[97;40mVSync[0m: Sync reset
[97;40mVSync[0m: Sync reset
[97;40mVSync[0m: Sync reset
[97;40mVSync[0m: Sync reset
[97;40mVSync[0m: Sync reset
[97;40mVSync[0m: Sync reset
[97;40mVSync[0m: Sync reset
[97;40mVSync[0m: Sync reset
[97;40mVSync[0m: Sync reset
[97;40mVSync[0m: Sync reset
[97;40mVSync[0m: Sync reset
[97;40mVSync[0m: Sync reset
[97;40mVSync[0m: Sync reset
[97;40mVSync[0m: Sync reset
[97;40mVSync[0m: Sync reset
[97;40mVSync[0m: Sync reset
[97;40mVSync[0m: Sync reset
[97;40mVSync[0m: Sync reset
[97;40mVSync[0m: Sync reset
[97;40mVSync[0m: Sync reset
[97;40mVSync[0m: Sync reset
[97;40mVSync[0m: Sync reset
[97;40mVSync[0m: Sync reset
[97;40mVSync[0m: Sync reset
[97;40mVSync[0m: Sync reset
[97;40mVSync[0m: Sync reset
[97;40mVSync[0m: Sync reset
[97;40mVSync[0m: Sync reset
[97;40mVSync[0m: Sync reset
[97;40mVSync[0m: Sync reset
[97;40mVSync[0m: Sync reset
[97;40mVSync[0m: Sync reset
[97;40mVSync[0m: Sync reset
[97;40mVSync[0m: Sync reset
[97;40mVSync[0m: Sync reset
[97;40mVSync[0m: Sync reset
[97;40mVSync[0m: Sync reset
[97;40mVSync[0m: Sync reset
[97;40mVSync[0m: Sync reset
[97;40mVSync[0m: Sync reset
[97;40mVSync[0m: Sync reset
[97;40mVSync[0m: Sync reset
[97;40mVSync[0m: Sync reset
[97;40mVSync[0m: Sync reset
[97;40mVSync[0m: Sync reset
[97;40mVSync[0m: Sync reset
[97;40mVSync[0m: Sync reset
[97;40mVSync[0m: Sync reset
[97;40mVSync[0m: Sync reset
[97;40mVSync[0m: Sync reset
[97;40mVSync[0m: Sync reset
[97;40mVSync[0m: Sync reset
[97;40mVSync[0m: Sync reset
[97;40mVSync[0m: Sync reset
[97;40mVSync[0m: Sync reset
[97;40mVSync[0m: Sync reset
[97;40mVSync[0m: Sync reset
[97;40mVSync[0m: Sync reset
[97;40mVSync[0m: Sync reset
[97;40mVSync[0m: Sync reset
[97;40mVSync[0m: Sync reset
[97;40mVSync[0m: Sync reset
[97;40mVSync[0m: Sync reset
[97;40mVSync[0m: Sync reset
[97;40mVSync[0m: Sync reset
[97;40mVSync[0m: Sync reset
[97;40mVSync[0m: Sync reset
[97;40mVSync[0m: Sync reset
[97;40mVSync[0m: Sync reset
[97;40mVSync[0m: Sync reset
[97;40mVSync[0m: Sync reset
[97;40mVSync[0m: Sync reset
[97;40mVSync[0m: Sync reset
[97;40mVSync[0m: Sync reset
[97;40mVSync[0m: Sync reset
[97;40mVSync[0m: Sync reset
[97;40mVSync[0m: Sync reset
[97;40mVSync[0m: Sync reset
[97;40mVSync[0m: Sync reset
[97;40mVSync[0m: Sync reset
[97;40mVSync[0m: Sync reset
[97;40mVSync[0m: Sync reset
[97;40mVSync[0m: Sync reset
[97;40mVSync[0m: Sync reset
[97;40mVSync[0m: Sync reset
[97;40mVSync[0m: Sync reset
[97;40mVSync[0m: Sync reset
[97;40mVSync[0m: Sync reset
[97;40mVSync[0m: Sync reset
[97;40mVSync[0m: Sync reset
[97;40mVSync[0m: Sync reset
[97;40mVSync[0m: Sync reset
[97;40mVSync[0m: Sync reset
[97;40mVSync[0m: Sync reset
[97;40mVSync[0m: Sync reset
[97;40mVSync[0m: Sync reset
[97;40mVSync[0m: Sync reset
[97;40mVSync[0m: Sync reset
[97;40mVSync[0m: Sync reset
[97;40mVSync[0m: Sync reset
[97;40mVSync[0m: Sync reset
[97;40mVSync[0m: Sync reset
[97;40mVSync[0m: Sync reset
[97;40mVSync[0m: Sync reset
[97;40mVSync[0m: Sync reset
[97;40mVSync[0m: Sync reset
[97;40mVSync[0m: Sync reset
[97;40mVSync[0m: Sync reset
[97;40mVSync[0m: Sync reset
[97;40mVSync[0m: Sync reset
[97;40mVSync[0m: Sync reset
[97;40mVSync[0m: Sync reset
[97;40mVSync[0m: Sync reset
[97;40mVSync[0m: Sync reset
[97;40mVSync[0m: Sync reset
[97;40mVSync[0m: Sync reset
[97;40mVSync[0m: Sync reset
[97;40mVSync[0m: Sync reset
[97;40mVSync[0m: Sync reset
[97;40mVSync[0m: Sync reset
[97;40mVSync[0m: Sync reset
[97;40mVSync[0m: Sync reset
[97;40mVSync[0m: Sync reset
[97;40mVSync[0m: Sync reset
[97;40mVSync[0m: Sync reset
[97;40mVSync[0m: Sync reset
[97;40mVSync[0m: Sync reset
[97;40mVSync[0m: Sync reset
[97;40mVSync[0m: Sync reset
[97;40mVSync[0m: Sync reset
[97;40mVSync[0m: Sync reset
[97;40mVSync[0m: Sync reset
[97;40mVSync[0m: Sync reset
[97;40mVSync[0m: Sync reset
[97;40mVSync[0m: Sync reset
[97;40mVSync[0m: Sync reset
[97;40mVSync[0m: Sync reset
[97;40mVSync[0m: Sync reset
[97;40mVSync[0m: Sync reset
[97;40mVSync[0m: Sync reset
[97;40mVSync[0m: Sync reset
[97;40mVSync[0m: Sync reset
[97;40mVSync[0m: Sync reset
[97;40mVSync[0m: Sync reset
[97;40mVSync[0m: Sync reset
[97;40mVSync[0m: Sync reset
[97;40mVSync[0m: Sync reset
[97;40mVSync[0m: Sync reset
[97;40mVSync[0m: Sync reset
[97;40mVSync[0m: Sync reset
[97;40mVSync[0m: Sync reset
[97;40mVSync[0m: Sync reset
[97;40mVSync[0m: Sync reset
[97;40mVSync[0m: Sync reset
[97;40mVSync[0m: Sync reset
[97;40mVSync[0m: Sync reset
[97;40mVSync[0m: Sync reset
[97;40mVSync[0m: Sync reset
[97;40mVSync[0m: Sync reset
[97;40mVSync[0m: Sync reset
[97;40mVSync[0m: Sync reset
[97;40mVSync[0m: Sync reset
[97;40mVSync[0m: Sync reset
[97;40mVSync[0m: Sync reset
[97;40mVSync[0m: Sync reset
[97;40mVSync[0m: Sync reset
[97;40mVSync[0m: Sync reset
[97;40mVSync[0m: Sync reset
[97;40mVSync[0m: Sync reset
[97;40mVSync[0m: Sync reset
[97;40mVSync[0m: Sync reset
[97;40mVSync[0m: Sync reset
[97;40mVSync[0m: Sync reset
[97;40mVSync[0m: Sync reset
[97;40mVSync[0m: Sync reset
[97;40mVSync[0m: Sync reset
[97;40mVSync[0m: Sync reset
[97;40mVSync[0m: Sync reset
[97;40mVSync[0m: Sync reset
[97;40mVSync[0m: Sync reset
[97;40mVSync[0m: Sync reset
[97;40mVSync[0m: Sync reset
[97;40mVSync[0m: Sync reset
[97;40mVSync[0m: Sync reset
[97;40mVSync[0m: Sync reset
[97;40mVSync[0m: Sync reset
[97;40mVSync[0m: Sync reset
[97;40mVSync[0m: Sync reset
[97;40mVSync[0m: Sync reset
[97;40mVSync[0m: Sync reset
[97;40mVSync[0m: Sync reset
[97;40mVSync[0m: Sync reset
[97;40mVSync[0m: Sync reset
[97;40mVSync[0m: Sync reset
[97;40mVSync[0m: Sync reset
[97;40mVSync[0m: Sync reset
[97;40mVSync[0m: Sync reset
[97;40mVSync[0m: Sync reset
[97;40mVSync[0m: Sync reset
[97;40mVSync[0m: Sync reset
[97;40mVSync[0m: Sync reset
[97;40mVSync[0m: Sync reset
[97;40mVSync[0m: Sync reset
[97;40mVSync[0m: Sync reset
[97;40mVSync[0m: Sync reset
[97;40mVSync[0m: Sync reset
[97;40mVSync[0m: Sync reset
[97;40mVSync[0m: Sync reset
[97;40mVSync[0m: Sync reset
[97;40mVSync[0m: Sync reset
[97;40mVSync[0m: Sync reset
[97;40mVSync[0m: Sync reset
[97;40mVSync[0m: Sync reset
[97;40mVSync[0m: Sync reset
[97;40mVSync[0m: Sync reset
[97;40mVSync[0m: Sync reset
[97;40mVSync[0m: Sync reset
[97;40mVSync[0m: Sync reset
[97;40mVSync[0m: Sync reset
[97;40mVSync[0m: Sync reset
[97;40mVSync[0m: Sync reset
[97;40mVSync[0m: Sync reset
[97;40mVSync[0m: Sync reset
[97;40mVSync[0m: Sync reset
[97;40mVSync[0m: Sync reset
[97;40mVSync[0m: Sync reset
[97;40mVSync[0m: Sync reset
[97;40mVSync[0m: Sync reset
[97;40mVSync[0m: Sync reset
[97;40mVSync[0m: Sync reset
[97;40mVSync[0m: Sync reset
[97;40mVSync[0m: Sync reset
[97;40mVSync[0m: Sync reset
[97;40mVSync[0m: Sync reset
[97;40mVSync[0m: Sync reset
[97;40mVSync[0m: Sync reset
[97;40mVSync[0m: Sync reset
[97;40mVSync[0m: Sync reset
[97;40mVSync[0m: Sync reset
[97;40mVSync[0m: Sync reset
[97;40mVSync[0m: Sync reset
[97;40mVSync[0m: Sync reset
[97;40mVSync[0m: Sync reset
[97;40mVSync[0m: Sync reset
[97;40mVSync[0m: Sync reset
[97;40mVSync[0m: Sync reset
[97;40mVSync[0m: Sync reset
[97;40mVSync[0m: Sync reset
[97;40mVSync[0m: Sync reset
[97;40mVSync[0m: Sync reset
[97;40mVSync[0m: Sync reset
[97;40mVSync[0m: Sync reset
[97;40mVSync[0m: Sync reset
[97;40mVSync[0m: Sync reset
[97;40mVSync[0m: Sync reset
[97;40mVSync[0m: Sync reset
[97;40mVSync[0m: Sync reset
[97;40mVSync[0m: Sync reset
[97;40mVSync[0m: Sync reset
[97;40mVSync[0m: Sync reset
[97;40mVSync[0m: Sync reset
[97;40mVSync[0m: Sync reset
[97;40mVSync[0m: Sync reset
[97;40mVSync[0m: Sync reset
[97;40mVSync[0m: Sync reset
[97;40mVSync[0m: Sync reset
[97;40mVSync[0m: Sync reset
[97;40mVSync[0m: Sync reset
[97;40mVSync[0m: Sync reset
[97;40mVSync[0m: Sync reset
[97;40mVSync[0m: Sync reset
[97;40mVSync[0m: Sync reset
[97;40mVSync[0m: Sync reset
[97;40mVSync[0m: Sync reset
[97;40mVSync[0m: Sync reset
[97;40mVSync[0m: Sync reset
[97;40mVSync[0m: Sync reset
[97;40mVSync[0m: Sync reset
[97;40mVSync[0m: Sync reset
[97;40mVSync[0m: Sync reset
[97;40mVSync[0m: Sync reset
[97;40mVSync[0m: Sync reset
[97;40mVSync[0m: Sync reset
[97;40mVSync[0m: Sync reset
[97;40mVSync[0m: Sync reset
[97;40mVSync[0m: Sync reset
[97;40mVSync[0m: Sync reset
[97;40mVSync[0m: Sync reset
[97;40mVSync[0m: Sync reset
[97;40mVSync[0m: Sync reset
[97;40mVSync[0m: Sync reset
[97;40mVSync[0m: Sync reset
[97;40mVSync[0m: Sync reset
[97;40mVSync[0m: Sync reset
[97;40mVSync[0m: Sync reset
[97;40mVSync[0m: Sync reset
[97;40mVSync[0m: Sync reset
[97;40mVSync[0m: Sync reset
[97;40mVSync[0m: Sync reset
[97;40mVSync[0m: Sync reset
[97;40mVSync[0m: Sync reset
[97;40mVSync[0m: Sync reset
[97;40mVSync[0m: Sync reset
[97;40mVSync[0m: Sync reset
[97;40mVSync[0m: Sync reset
[97;40mVSync[0m: Sync reset
[97;40mVSync[0m: Sync reset
[97;40mVSync[0m: Sync reset
[97;40mVSync[0m: Sync reset
[97;40mVSync[0m: Sync reset
[97;40mVSync[0m: Sync reset
[97;40mVSync[0m: Sync reset
[97;40mVSync[0m: Sync reset
[97;40mVSync[0m: Sync reset
[97;40mVSync[0m: Sync reset
[97;40mVSync[0m: Sync reset
[97;40mVSync[0m: Sync reset
[97;40mVSync[0m: Sync reset
[97;40mVSync[0m: Sync reset
[97;40mVSync[0m: Sync reset
[97;40mVSync[0m: Sync reset
[97;40mVSync[0m: Sync reset
[97;40mVSync[0m: Sync reset
[97;40mVSync[0m: Sync reset
[97;40mVSync[0m: Sync reset
[97;40mVSync[0m: Sync reset
[97;40mVSync[0m: Sync reset
[97;40mVSync[0m: Sync reset
[97;40mVSync[0m: Sync reset
[97;40mVSync[0m: Sync reset
[97;40mVSync[0m: Sync reset
[97;40mVSync[0m: Sync reset
[97;40mVSync[0m: Sync reset
[97;40mVSync[0m: Sync reset
[97;40mVSync[0m: Sync reset
[97;40mVSync[0m: Sync reset
[97;40mVSync[0m: Sync reset
[97;40mVSync[0m: Sync reset
[97;40mVSync[0m: Sync reset
[97;40mVSync[0m: Sync reset
[97;40mVSync[0m: Sync reset
[97;40mVSync[0m: Sync reset
[97;40mVSync[0m: Sync reset
[97;40mVSync[0m: Sync reset
[97;40mVSync[0m: Sync reset
[97;40mVSync[0m: Sync reset
[97;40mVSync[0m: Sync reset
[97;40mVSync[0m: Sync reset
[97;40mVSync[0m: Sync reset
[97;40mVSync[0m: Sync reset
[97;40mVSync[0m: Sync reset
[97;40mVSync[0m: Sync reset
[97;40mVSync[0m: Sync reset
[97;40mVSync[0m: Sync reset
[97;40mVSync[0m: Sync reset
[97;40mVSync[0m: Sync reset
[97;40mVSync[0m: Sync reset
[97;40mVSync[0m: Sync reset
[97;40mVSync[0m: Sync reset
[97;40mVSync[0m: Sync reset
[97;40mVSync[0m: Sync reset
[97;40mVSync[0m: Sync reset
[97;40mVSync[0m: Sync reset
[97;40mVSync[0m: Sync reset
[97;40mVSync[0m: Sync reset
[97;40mVSync[0m: Sync reset
[97;40mVSync[0m: Sync reset
[97;40mVSync[0m: Sync reset
[97;40mVSync[0m: Sync reset
[97;40mVSync[0m: Sync reset
[97;40mVSync[0m: Sync reset
[97;40mVSync[0m: Sync reset
[97;40mVSync[0m: Sync reset
[97;40mVSync[0m: Sync reset
[97;40mVSync[0m: Sync reset
[97;40mVSync[0m: Sync reset
[97;40mVSync[0m: Sync reset
[97;40mVSync[0m: Sync reset
[97;40mVSync[0m: Sync reset
[97;40mVSync[0m: Sync reset
[97;40mVSync[0m: Sync reset
[97;40mVSync[0m: Sync reset
[97;40mVSync[0m: Sync reset
[97;40mVSync[0m: Sync reset
[97;40mVSync[0m: Sync reset
[97;40mVSync[0m: Sync reset
[97;40mVSync[0m: Sync reset
[97;40mVSync[0m: Sync reset
[97;40mVSync[0m: Sync reset
[97;40mVSync[0m: Sync reset
[97;40mVSync[0m: Sync reset
[97;40mVSync[0m: Sync reset
[97;40mVSync[0m: Sync reset
[97;40mVSync[0m: Sync reset
[97;40mVSync[0m: Sync reset
[97;40mVSync[0m: Sync reset
[97;40mVSync[0m: Sync reset
[97;40mVSync[0m: Sync reset
[97;40mVSync[0m: Sync reset
[97;40mVSync[0m: Sync reset
[97;40mVSync[0m: Sync reset
[97;40mVSync[0m: Sync reset
[97;40mVSync[0m: Sync reset
[97;40mVSync[0m: Sync reset
[97;40mVSync[0m: Sync reset
[97;40mVSync[0m: Sync reset
[97;40mVSync[0m: Sync reset
[97;40mVSync[0m: Sync reset
[97;40mVSync[0m: Sync reset
[97;40mVSync[0m: Sync reset
[97;40mVSync[0m: Sync reset
[97;40mVSync[0m: Sync reset
[97;40mVSync[0m: Sync reset
[97;40mVSync[0m: Sync reset
[97;40mVSync[0m: Sync reset
[97;40mVSync[0m: Sync reset
[97;40mVSync[0m: Sync reset
[97;40mVSync[0m: Sync reset
[97;40mVSync[0m: Sync reset
[97;40mVSync[0m: Sync reset
[97;40mVSync[0m: Sync reset
[97;40mVSync[0m: Sync reset
[97;40mVSync[0m: Sync reset
[97;40mVSync[0m: Sync reset
[97;40mVSync[0m: Sync reset
[97;40mVSync[0m: Sync reset
[97;40mVSync[0m: Sync reset
[97;40mVSync[0m: Sync reset
[97;40mVSync[0m: Sync reset
[97;40mVSync[0m: Sync reset
[97;40mVSync[0m: Sync reset
[97;40mVSync[0m: Sync reset
[97;40mVSync[0m: Sync reset
[97;40mVSync[0m: Sync reset
[97;40mVSync[0m: Sync reset
[97;40mVSync[0m: Sync reset
[97;40mVSync[0m: Sync reset
[97;40mVSync[0m: Sync reset
[97;40mVSync[0m: Sync reset
[97;40mVSync[0m: Sync reset
[97;40mVSync[0m: Sync reset
[97;40mVSync[0m: Sync reset
[97;40mVSync[0m: Sync reset
[97;40mVSync[0m: Sync reset
[97;40mVSync[0m: Sync reset
[97;40mVSync[0m: Sync reset
[97;40mVSync[0m: Sync reset
[97;40mVSync[0m: Sync reset
[97;40mVSync[0m: Sync reset
[97;40mVSync[0m: Sync reset
[97;40mVSync[0m: Sync reset
[97;40mVSync[0m: Sync reset
[97;40mVSync[0m: Sync reset
[97;40mVSync[0m: Sync reset
[97;40mVSync[0m: Sync reset
[97;40mVSync[0m: Sync reset
[97;40mVSync[0m: Sync reset
[97;40mVSync[0m: Sync reset
[97;40mVSync[0m: Sync reset
[97;40mVSync[0m: Sync reset
[97;40mVSync[0m: Sync reset
[97;40mVSync[0m: Sync reset
[97;40mVSync[0m: Sync reset
[97;40mVSync[0m: Sync reset
[97;40mVSync[0m: Sync reset
[97;40mVSync[0m: Sync reset
[97;40mVSync[0m: Sync reset
[97;40mVSync[0m: Sync reset
[97;40mVSync[0m: Sync reset
[97;40mVSync[0m: Sync reset
[97;40mVSync[0m: Sync reset
[97;40mVSync[0m: Sync reset
[97;40mVSync[0m: Sync reset
[97;40mVSync[0m: Sync reset
[97;40mVSync[0m: Sync reset
[97;40mVSync[0m: Sync reset
[97;40mVSync[0m: Sync reset
[97;40mVSync[0m: Sync reset
[97;40mVSync[0m: Sync reset
[97;40mVSync[0m: Sync reset
[97;40mVSync[0m: Sync reset
[97;40mVSync[0m: Sync reset
[97;40mVSync[0m: Sync reset
[97;40mVSync[0m: Sync reset
[97;40mVSync[0m: Sync reset
[97;40mVSync[0m: Sync reset
[97;40mVSync[0m: Sync reset
[97;40mVSync[0m: Sync reset
[97;40mVSync[0m: Sync reset
[97;40mVSync[0m: Sync reset
[97;40mVSync[0m: Sync reset
[97;40mVSync[0m: Sync reset
[97;40mVSync[0m: Sync reset
[97;40mVSync[0m: Sync reset
[97;40mVSync[0m: Sync reset
[97;40mVSync[0m: Sync reset
[97;40mVSync[0m: Sync reset
[97;40mVSync[0m: Sync reset
[97;40mVSync[0m: Sync reset
[97;40mVSync[0m: Sync reset
[97;40mVSync[0m: Sync reset
[97;40mVSync[0m: Sync reset
[97;40mVSync[0m: Sync reset
[97;40mVSync[0m: Sync reset
[97;40mVSync[0m: Sync reset
[97;40mVSync[0m: Sync reset
[97;40mVSync[0m: Sync reset
[97;40mVSync[0m: Sync reset
[97;40mVSync[0m: Sync reset
[97;40mVSync[0m: Sync reset
[97;40mVSync[0m: Sync reset
[97;40mVSync[0m: Sync reset
[97;40mVSync[0m: Sync reset
[97;40mVSync[0m: Sync reset
[97;40mVSync[0m: Sync reset
[97;40mVSync[0m: Sync reset
[97;40mVSync[0m: Sync reset
[97;40mVSync[0m: Sync reset
[97;40mVSync[0m: Sync reset
[97;40mVSync[0m: Sync reset
[97;40mVSync[0m: Sync reset
[97;40mVSync[0m: Sync reset
[97;40mVSync[0m: Sync reset
[97;40mVSync[0m: Sync reset
[97;40mVSync[0m: Sync reset
[97;40mVSync[0m: Sync reset
[97;40mVSync[0m: Sync reset
[97;40mVSync[0m: Sync reset
[97;40mVSync[0m: Sync reset
[97;40mVSync[0m: Sync reset
[97;40mVSync[0m: Sync reset
[97;40mVSync[0m: Sync reset
[97;40mVSync[0m: Sync reset
[97;40mVSync[0m: Sync reset
[97;40mVSync[0m: Sync reset
[97;40mVSync[0m: Sync reset
[97;40mVSync[0m: Sync reset
[97;40mVSync[0m: Sync reset
[97;40mVSync[0m: Sync reset
[97;40mVSync[0m: Sync reset
[97;40mVSync[0m: Sync reset
[97;40mVSync[0m: Sync reset
[97;40mVSync[0m: Sync reset
[97;40mVSync[0m: Sync reset
[97;40mVSync[0m: Sync reset
[97;40mVSync[0m: Sync reset
[97;40mVSync[0m: Sync reset
[97;40mVSync[0m: Sync reset
[97;40mVSync[0m: Sync reset
[97;40mVSync[0m: Sync reset
[97;40mVSync[0m: Sync reset
[97;40mVSync[0m: Sync reset
[97;40mVSync[0m: Sync reset
[97;40mVSync[0m: Sync reset
[97;40mVSync[0m: Sync reset
[97;40mVSync[0m: Sync reset
[97;40mVSync[0m: Sync reset
[97;40mVSync[0m: Sync reset
[97;40mVSync[0m: Sync reset
[97;40mVSync[0m: Sync reset
[97;40mVSync[0m: Sync reset
[97;40mVSync[0m: Sync reset
[97;40mVSync[0m: Sync reset
[97;40mVSync[0m: Sync reset
[97;40mVSync[0m: Sync reset
[97;40mVSync[0m: Sync reset
[97;40mVSync[0m: Sync reset
[97;40mVSync[0m: Sync reset
[97;40mVSync[0m: Sync reset
[97;40mVSync[0m: Sync reset
[97;40mVSync[0m: Sync reset
[97;40mVSync[0m: Sync reset
[97;40mVSync[0m: Sync reset
[97;40mVSync[0m: Sync reset
[97;40mVSync[0m: Sync reset
[97;40mVSync[0m: Sync reset
[97;40mVSync[0m: Sync reset
[97;40mVSync[0m: Sync reset
[97;40mVSync[0m: Sync reset
[97;40mVSync[0m: Sync reset
[97;40mVSync[0m: Sync reset
[97;40mVSync[0m: Sync reset
[97;40mVSync[0m: Sync reset
[97;40mVSync[0m: Sync reset
[97;40mVSync[0m: Sync reset

[97;40mConfigure Flags[0m:
--prefix=/app --enable-native-gtk3ui --enable-external-ffmpeg --disable-pdf-docs --without-oss

[97;40mResources with non default values[0m:
LogFileName="/var/home/salvogendut/Dev/UDEKS/build/four-apps/native-final-d71/vice.log"
JAMAction=5
Sound=0
Drive8Type=1571
MonitorServerAddress="ip4://127.0.0.1:43481"
MonitorServer=1

[97;40mreconstructed commandline options (might be incomplete)[0m:
-default -logfile "/var/home/salvogendut/Dev/UDEKS/build/four-apps/native-final-d71/vice.log" -jamaction "5" +sound -drive8type "1571" -remotemonitor -remotemonitoraddress "ip4://127.0.0.1:43481"

