ca65 V2.18 - Fedora 2.19-15.fc44
Main file   : /var/home/salvogendut/Dev/UDEKS/build/8502/vic_graphics.s
Current file: /var/home/salvogendut/Dev/UDEKS/build/8502/vic_graphics.s

000000r 1               ;
000000r 1               ; File generated by cc65 v 2.18 - Fedora 2.19-15.fc44
000000r 1               ;
000000r 1               	.fopt		compiler,"cc65 v 2.18 - Fedora 2.19-15.fc44"
000000r 1               	.setcpu		"6502"
000000r 1               	.smart		on
000000r 1               	.autoimport	on
000000r 1               	.case		on
000000r 1               	.debuginfo	off
000000r 1               	.importzp	sp, sreg, regsave, regbank
000000r 1               	.importzp	tmp1, tmp2, tmp3, tmp4, ptr1, ptr2, ptr3, ptr4
000000r 1               	.macpack	longbranch
000000r 2               .macro  jeq     Target
000000r 2                       .if     .match(Target, 0)
000000r 2                       bne     *+5
000000r 2                       jmp     Target
000000r 2                       .elseif .def(Target) .and .const((*-2)-(Target)) .and ((*+2)-(Target) <= 127)
000000r 2                               beq     Target
000000r 2                       .else
000000r 2                               bne     *+5
000000r 2                               jmp     Target
000000r 2                       .endif
000000r 2               .endmacro
000000r 2               .macro  jne     Target
000000r 2                       .if     .match(Target, 0)
000000r 2                               beq     *+5
000000r 2                               jmp     Target
000000r 2                       .elseif .def(Target) .and .const((*-2)-(Target)) .and ((*+2)-(Target) <= 127)
000000r 2                               bne     Target
000000r 2                       .else
000000r 2                               beq     *+5
000000r 2                               jmp     Target
000000r 2                       .endif
000000r 2               .endmacro
000000r 2               .macro  jmi     Target
000000r 2                       .if     .match(Target, 0)
000000r 2                               bpl     *+5
000000r 2                               jmp     Target
000000r 2                       .elseif .def(Target) .and .const((*-2)-(Target)) .and ((*+2)-(Target) <= 127)
000000r 2                               bmi     Target
000000r 2                       .else
000000r 2                               bpl     *+5
000000r 2                               jmp     Target
000000r 2                       .endif
000000r 2               .endmacro
000000r 2               .macro  jpl     Target
000000r 2                       .if     .match(Target, 0)
000000r 2                               bmi     *+5
000000r 2                               jmp     Target
000000r 2                       .elseif .def(Target) .and .const((*-2)-(Target)) .and ((*+2)-(Target) <= 127)
000000r 2                               bpl     Target
000000r 2                       .else
000000r 2                               bmi     *+5
000000r 2                               jmp     Target
000000r 2                       .endif
000000r 2               .endmacro
000000r 2               .macro  jcs     Target
000000r 2                       .if     .match(Target, 0)
000000r 2                               bcc     *+5
000000r 2                               jmp     Target
000000r 2                       .elseif .def(Target) .and .const((*-2)-(Target)) .and ((*+2)-(Target) <= 127)
000000r 2                               bcs     Target
000000r 2                       .else
000000r 2                               bcc     *+5
000000r 2                               jmp     Target
000000r 2                       .endif
000000r 2               .endmacro
000000r 2               .macro  jcc     Target
000000r 2                       .if     .match(Target, 0)
000000r 2                               bcs     *+5
000000r 2                               jmp     Target
000000r 2                       .elseif .def(Target) .and .const((*-2)-(Target)) .and ((*+2)-(Target) <= 127)
000000r 2                               bcc     Target
000000r 2                       .else
000000r 2                               bcs     *+5
000000r 2                               jmp     Target
000000r 2                       .endif
000000r 2               .endmacro
000000r 2               .macro  jvs     Target
000000r 2                       .if     .match(Target, 0)
000000r 2                               bvc     *+5
000000r 2                               jmp     Target
000000r 2                       .elseif .def(Target) .and .const((*-2)-(Target)) .and ((*+2)-(Target) <= 127)
000000r 2                               bvs     Target
000000r 2                       .else
000000r 2                               bvc     *+5
000000r 2                               jmp     Target
000000r 2                       .endif
000000r 2               .endmacro
000000r 2               .macro  jvc     Target
000000r 2                       .if     .match(Target, 0)
000000r 2                               bvs     *+5
000000r 2                               jmp     Target
000000r 2                       .elseif .def(Target) .and .const((*-2)-(Target)) .and ((*+2)-(Target) <= 127)
000000r 2                               bvc     Target
000000r 2                       .else
000000r 2                               bvs     *+5
000000r 2                               jmp     Target
000000r 2                       .endif
000000r 2               .endmacro
000000r 2               
000000r 1               	.export		_udeks_vic_graphics_start
000000r 1               	.export		_udeks_vic_graphics_poll
000000r 1               	.export		_udeks_vic_graphics_initialize
000000r 1               	.export		_udeks_vic_graphics_shutdown
000000r 1               	.export		_udeks_vic_graphics_is_active
000000r 1               	.import		_udeks_vic_bitmap_pixel
000000r 1               	.export		_udeks_vic_bitmap_line
000000r 1               	.export		_udeks_vic_bitmap_rectangle
000000r 1               	.export		_udeks_vic_bitmap_fill
000000r 1               	.export		_udeks_vic_bitmap_set_clip
000000r 1               	.export		_udeks_vic_bitmap_reset_clip
000000r 1               	.export		_udeks_vic_bitmap_outline_toggle
000000r 1               	.export		_udeks_vic_bitmap_outline_move
000000r 1               	.export		_udeks_vic_bitmap_commit
000000r 1               	.import		_udeks_pointer_x
000000r 1               	.import		_udeks_pointer_y
000000r 1               	.import		_udeks_vic_graphics_enable
000000r 1               	.import		_udeks_vic_graphics_disable
000000r 1               	.import		_udeks_vic_pointer_set_x
000000r 1               	.import		_udeks_vic_pointer_set_y
000000r 1               	.import		_udeks_vic_pointer_busy_tick
000000r 1               	.import		_udeks_vic_bitmap_commit_page
000000r 1               	.import		_udeks_vic_bitmap_outline_blit
000000r 1               	.export		_udeks_vic_bitmap_shadow
000000r 1               	.export		_udeks_span_offset
000000r 1               	.export		_udeks_span_count
000000r 1               	.export		_udeks_span_first
000000r 1               	.export		_udeks_span_last
000000r 1               	.export		_udeks_span_color
000000r 1               	.import		_udeks_span_fill_row
000000r 1               
000000r 1               .segment	"BSS"
000000r 1               
000000r 1               .segment	"VICSHADOW"
000000r 1               _udeks_vic_bitmap_shadow:
000000r 1  00 00 00 00  	.res	8000,$00
000004r 1  00 00 00 00  
000008r 1  00 00 00 00  
001F40r 1               .segment	"BSS"
000000r 1               _udeks_span_offset:
000000r 1  00 00        	.res	2,$00
000002r 1               _udeks_span_count:
000002r 1  00           	.res	1,$00
000003r 1               _udeks_span_first:
000003r 1  00           	.res	1,$00
000004r 1               _udeks_span_last:
000004r 1  00           	.res	1,$00
000005r 1               _udeks_span_color:
000005r 1  00           	.res	1,$00
000006r 1               
000006r 1               ; ---------------------------------------------------------------
000006r 1               ; unsigned char __near__ udeks_vic_graphics_start (void)
000006r 1               ; ---------------------------------------------------------------
000006r 1               
000006r 1               .segment	"CODE"
000000r 1               
000000r 1               .proc	_udeks_vic_graphics_start: near
000000r 1               
000000r 1               .segment	"CODE"
000000r 1               
000000r 1  20 rr rr     	jsr     decsp2
000003r 1  A9 00        	lda     #$00
000005r 1  A0 01        	ldy     #$01
000007r 1  91 rr        L0318:	sta     (sp),y
000009r 1  C9 18        	cmp     #$18
00000Br 1  B0 1A        	bcs     L031B
00000Dr 1  B1 rr        	lda     (sp),y
00000Fr 1  18           	clc
000010r 1  69 B0        	adc     #$B0
000012r 1  85 rr        	sta     ptr1
000014r 1  A9 00        	lda     #$00
000016r 1  69 F1        	adc     #$F1
000018r 1  85 rr        	sta     ptr1+1
00001Ar 1  A9 00        	lda     #$00
00001Cr 1  88           	dey
00001Dr 1  91 rr        	sta     (ptr1),y
00001Fr 1  C8           	iny
000020r 1  18           	clc
000021r 1  98           	tya
000022r 1  71 rr        	adc     (sp),y
000024r 1  4C rr rr     	jmp     L0318
000027r 1  A9 56        L031B:	lda     #$56
000029r 1  8D B0 F1     	sta     $F1B0
00002Cr 1  A9 49        	lda     #$49
00002Er 1  8D B1 F1     	sta     $F1B1
000031r 1  A9 43        	lda     #$43
000033r 1  8D B2 F1     	sta     $F1B2
000036r 1  A9 47        	lda     #$47
000038r 1  8D B3 F1     	sta     $F1B3
00003Br 1  8C B4 F1     	sty     $F1B4
00003Er 1  A9 02        	lda     #$02
000040r 1  8D B5 F1     	sta     $F1B5
000043r 1  8C B7 F1     	sty     $F1B7
000046r 1  A9 07        	lda     #$07
000048r 1  8D B8 F1     	sta     $F1B8
00004Br 1  A9 00        	lda     #$00
00004Dr 1  8D B9 F1     	sta     $F1B9
000050r 1  A9 AC        	lda     #$AC
000052r 1  8D BA F1     	sta     $F1BA
000055r 1  A9 00        	lda     #$00
000057r 1  8D BB F1     	sta     $F1BB
00005Ar 1  A9 8C        	lda     #$8C
00005Cr 1  8D BC F1     	sta     $F1BC
00005Fr 1  8C BD F1     	sty     $F1BD
000062r 1  A9 60        	lda     #$60
000064r 1  8D BE F1     	sta     $F1BE
000067r 1  A9 5C        	lda     #$5C
000069r 1  8D BF F1     	sta     $F1BF
00006Cr 1  A9 FF        	lda     #$FF
00006Er 1  8D C0 F1     	sta     $F1C0
000071r 1  A9 00        	lda     #$00
000073r 1  91 rr        L0319:	sta     (sp),y
000075r 1  C9 20        	cmp     #$20
000077r 1  B0 11        	bcs     L031C
000079r 1  B1 rr        	lda     (sp),y
00007Br 1  A8           	tay
00007Cr 1  A9 00        	lda     #$00
00007Er 1  99 90 E1     	sta     $E190,y
000081r 1  A0 01        	ldy     #$01
000083r 1  18           	clc
000084r 1  98           	tya
000085r 1  71 rr        	adc     (sp),y
000087r 1  4C rr rr     	jmp     L0319
00008Ar 1  A9 00        L031C:	lda     #$00
00008Cr 1  88           	dey
00008Dr 1  91 rr        L031A:	sta     (sp),y
00008Fr 1  C9 C8        	cmp     #$C8
000091r 1  B0 29        	bcs     L02A8
000093r 1  A2 00        	ldx     #$00
000095r 1  B1 rr        	lda     (sp),y
000097r 1  0A           	asl     a
000098r 1  90 01        	bcc     L0317
00009Ar 1  E8           	inx
00009Br 1  48           L0317:	pha
00009Cr 1  8A           	txa
00009Dr 1  18           	clc
00009Er 1  69 E0        	adc     #$E0
0000A0r 1  AA           	tax
0000A1r 1  68           	pla
0000A2r 1  20 rr rr     	jsr     pushax
0000A5r 1  20 rr rr     	jsr     push0
0000A8r 1  A0 04        	ldy     #$04
0000AAr 1  B1 rr        	lda     (sp),y
0000ACr 1  20 rr rr     	jsr     _bitmap_offset
0000AFr 1  A0 00        	ldy     #$00
0000B1r 1  20 rr rr     	jsr     staxspidx
0000B4r 1  18           	clc
0000B5r 1  A9 01        	lda     #$01
0000B7r 1  71 rr        	adc     (sp),y
0000B9r 1  4C rr rr     	jmp     L031A
0000BCr 1  20 rr rr     L02A8:	jsr     _udeks_vic_bitmap_reset_clip
0000BFr 1  A2 00        	ldx     #$00
0000C1r 1  8A           	txa
0000C2r 1  4C rr rr     	jmp     incsp2
0000C5r 1               
0000C5r 1               .endproc
0000C5r 1               
0000C5r 1               ; ---------------------------------------------------------------
0000C5r 1               ; unsigned char __near__ udeks_vic_graphics_poll (void)
0000C5r 1               ; ---------------------------------------------------------------
0000C5r 1               
0000C5r 1               .segment	"CODE"
0000C5r 1               
0000C5r 1               .proc	_udeks_vic_graphics_poll: near
0000C5r 1               
0000C5r 1               .segment	"CODE"
0000C5r 1               
0000C5r 1  A2 00        	ldx     #$00
0000C7r 1  AD B5 F1     	lda     $F1B5
0000CAr 1  C9 03        	cmp     #$03
0000CCr 1  D0 08        	bne     L031D
0000CEr 1  20 rr rr     	jsr     _udeks_vic_pointer_busy_tick
0000D1r 1  20 rr rr     	jsr     _update_pointer
0000D4r 1  A2 00        	ldx     #$00
0000D6r 1  8A           L031D:	txa
0000D7r 1  60           	rts
0000D8r 1               
0000D8r 1               .endproc
0000D8r 1               
0000D8r 1               ; ---------------------------------------------------------------
0000D8r 1               ; unsigned char __near__ udeks_vic_graphics_initialize (void)
0000D8r 1               ; ---------------------------------------------------------------
0000D8r 1               
0000D8r 1               .segment	"CODE"
0000D8r 1               
0000D8r 1               .proc	_udeks_vic_graphics_initialize: near
0000D8r 1               
0000D8r 1               .segment	"CODE"
0000D8r 1               
0000D8r 1  20 rr rr     	jsr     decsp4
0000DBr 1  AD B5 F1     	lda     $F1B5
0000DEr 1  C9 02        	cmp     #$02
0000E0r 1  F0 0B        	beq     L02CA
0000E2r 1  C9 03        	cmp     #$03
0000E4r 1  F0 07        	beq     L02CA
0000E6r 1  A2 00        	ldx     #$00
0000E8r 1  A9 01        	lda     #$01
0000EAr 1  4C rr rr     	jmp     incsp4
0000EDr 1  20 rr rr     L02CA:	jsr     _udeks_vic_graphics_enable
0000F0r 1  A0 03        	ldy     #$03
0000F2r 1  91 rr        	sta     (sp),y
0000F4r 1  B1 rr        	lda     (sp),y
0000F6r 1  F0 11        	beq     L02D7
0000F8r 1  A9 02        	lda     #$02
0000FAr 1  8D B6 F1     	sta     $F1B6
0000FDr 1  A9 80        	lda     #$80
0000FFr 1  8D B5 F1     	sta     $F1B5
000102r 1  A2 00        	ldx     #$00
000104r 1  A9 02        	lda     #$02
000106r 1  4C rr rr     	jmp     incsp4
000109r 1  A9 11        L02D7:	lda     #$11
00010Br 1  20 rr rr     	jsr     _increment_counter
00010Er 1  A9 03        	lda     #$03
000110r 1  8D B5 F1     	sta     $F1B5
000113r 1  20 rr rr     	jsr     _udeks_pointer_x
000116r 1  A0 01        	ldy     #$01
000118r 1  20 rr rr     	jsr     staxysp
00011Br 1  20 rr rr     	jsr     _udeks_pointer_y
00011Er 1  A0 00        	ldy     #$00
000120r 1  91 rr        	sta     (sp),y
000122r 1  A0 04        	ldy     #$04
000124r 1  20 rr rr     	jsr     pushwysp
000127r 1  A0 02        	ldy     #$02
000129r 1  B1 rr        	lda     (sp),y
00012Br 1  20 rr rr     	jsr     _apply_pointer
00012Er 1  A2 00        	ldx     #$00
000130r 1  8A           	txa
000131r 1  4C rr rr     	jmp     incsp4
000134r 1               
000134r 1               .endproc
000134r 1               
000134r 1               ; ---------------------------------------------------------------
000134r 1               ; unsigned char __near__ udeks_vic_graphics_shutdown (void)
000134r 1               ; ---------------------------------------------------------------
000134r 1               
000134r 1               .segment	"CODE"
000134r 1               
000134r 1               .proc	_udeks_vic_graphics_shutdown: near
000134r 1               
000134r 1               .segment	"CODE"
000134r 1               
000134r 1  20 rr rr     	jsr     decsp1
000137r 1  AD B5 F1     	lda     $F1B5
00013Ar 1  C9 02        	cmp     #$02
00013Cr 1  F0 31        	beq     L0322
00013Er 1  C9 03        	cmp     #$03
000140r 1  F0 07        	beq     L02FA
000142r 1  A2 00        	ldx     #$00
000144r 1  A9 01        	lda     #$01
000146r 1  4C rr rr     	jmp     incsp1
000149r 1  20 rr rr     L02FA:	jsr     _udeks_vic_graphics_disable
00014Cr 1  A0 00        	ldy     #$00
00014Er 1  91 rr        	sta     (sp),y
000150r 1  B1 rr        	lda     (sp),y
000152r 1  F0 11        	beq     L0302
000154r 1  A9 02        	lda     #$02
000156r 1  8D B6 F1     	sta     $F1B6
000159r 1  A9 80        	lda     #$80
00015Br 1  8D B5 F1     	sta     $F1B5
00015Er 1  A2 00        	ldx     #$00
000160r 1  A9 02        	lda     #$02
000162r 1  4C rr rr     	jmp     incsp1
000165r 1  A9 13        L0302:	lda     #$13
000167r 1  20 rr rr     	jsr     _increment_counter
00016Ar 1  A9 02        	lda     #$02
00016Cr 1  8D B5 F1     	sta     $F1B5
00016Fr 1  A2 00        L0322:	ldx     #$00
000171r 1  8A           	txa
000172r 1  4C rr rr     	jmp     incsp1
000175r 1               
000175r 1               .endproc
000175r 1               
000175r 1               ; ---------------------------------------------------------------
000175r 1               ; unsigned char __near__ udeks_vic_graphics_is_active (void)
000175r 1               ; ---------------------------------------------------------------
000175r 1               
000175r 1               .segment	"CODE"
000175r 1               
000175r 1               .proc	_udeks_vic_graphics_is_active: near
000175r 1               
000175r 1               .segment	"CODE"
000175r 1               
000175r 1  AD B5 F1     	lda     $F1B5
000178r 1  C9 03        	cmp     #$03
00017Ar 1  D0 05        	bne     L0323
00017Cr 1  A2 00        	ldx     #$00
00017Er 1  A9 01        	lda     #$01
000180r 1  60           	rts
000181r 1  A9 00        L0323:	lda     #$00
000183r 1  AA           	tax
000184r 1  60           	rts
000185r 1               
000185r 1               .endproc
000185r 1               
000185r 1               ; ---------------------------------------------------------------
000185r 1               ; void __near__ udeks_vic_bitmap_line (int, int, int, int, unsigned char)
000185r 1               ; ---------------------------------------------------------------
000185r 1               
000185r 1               .segment	"CODE"
000185r 1               
000185r 1               .proc	_udeks_vic_bitmap_line: near
000185r 1               
000185r 1               .segment	"BSS"
000006r 1               
000006r 1               L0061:
000006r 1  00 00        	.res	2,$00
000008r 1               L0062:
000008r 1  00 00        	.res	2,$00
00000Ar 1               L0063:
00000Ar 1  00 00        	.res	2,$00
00000Cr 1               L0064:
00000Cr 1  00 00        	.res	2,$00
00000Er 1               L0065:
00000Er 1  00 00        	.res	2,$00
000010r 1               L0066:
000010r 1  00 00        	.res	2,$00
000012r 1               
000012r 1               .segment	"CODE"
000185r 1               
000185r 1  20 rr rr     	jsr     pusha
000188r 1  A0 04        	ldy     #$04
00018Ar 1  B1 rr        	lda     (sp),y
00018Cr 1  AA           	tax
00018Dr 1  88           	dey
00018Er 1  B1 rr        	lda     (sp),y
000190r 1  38           	sec
000191r 1  A0 07        	ldy     #$07
000193r 1  F1 rr        	sbc     (sp),y
000195r 1  48           	pha
000196r 1  8A           	txa
000197r 1  C8           	iny
000198r 1  F1 rr        	sbc     (sp),y
00019Ar 1  AA           	tax
00019Br 1  68           	pla
00019Cr 1  20 rr rr     	jsr     _unsigned_magnitude
00019Fr 1  8D rr rr     	sta     L0061
0001A2r 1  8E rr rr     	stx     L0061+1
0001A5r 1  A0 02        	ldy     #$02
0001A7r 1  B1 rr        	lda     (sp),y
0001A9r 1  AA           	tax
0001AAr 1  88           	dey
0001ABr 1  B1 rr        	lda     (sp),y
0001ADr 1  38           	sec
0001AEr 1  A0 05        	ldy     #$05
0001B0r 1  F1 rr        	sbc     (sp),y
0001B2r 1  48           	pha
0001B3r 1  8A           	txa
0001B4r 1  C8           	iny
0001B5r 1  F1 rr        	sbc     (sp),y
0001B7r 1  AA           	tax
0001B8r 1  68           	pla
0001B9r 1  20 rr rr     	jsr     _unsigned_magnitude
0001BCr 1  20 rr rr     	jsr     negax
0001BFr 1  8D rr rr     	sta     L0062
0001C2r 1  8E rr rr     	stx     L0062+1
0001C5r 1  A0 08        	ldy     #$08
0001C7r 1  B1 rr        	lda     (sp),y
0001C9r 1  AA           	tax
0001CAr 1  88           	dey
0001CBr 1  B1 rr        	lda     (sp),y
0001CDr 1  A0 03        	ldy     #$03
0001CFr 1  D1 rr        	cmp     (sp),y
0001D1r 1  8A           	txa
0001D2r 1  C8           	iny
0001D3r 1  F1 rr        	sbc     (sp),y
0001D5r 1  50 02        	bvc     L0325
0001D7r 1  49 80        	eor     #$80
0001D9r 1  10 07        L0325:	bpl     L006F
0001DBr 1  A2 00        	ldx     #$00
0001DDr 1  A9 01        	lda     #$01
0001DFr 1  4C rr rr     	jmp     L0071
0001E2r 1  A2 FF        L006F:	ldx     #$FF
0001E4r 1  8A           	txa
0001E5r 1  8D rr rr     L0071:	sta     L0065
0001E8r 1  8E rr rr     	stx     L0065+1
0001EBr 1  A0 06        	ldy     #$06
0001EDr 1  B1 rr        	lda     (sp),y
0001EFr 1  AA           	tax
0001F0r 1  88           	dey
0001F1r 1  B1 rr        	lda     (sp),y
0001F3r 1  A0 01        	ldy     #$01
0001F5r 1  D1 rr        	cmp     (sp),y
0001F7r 1  8A           	txa
0001F8r 1  C8           	iny
0001F9r 1  F1 rr        	sbc     (sp),y
0001FBr 1  50 02        	bvc     L0326
0001FDr 1  49 80        	eor     #$80
0001FFr 1  10 07        L0326:	bpl     L0075
000201r 1  A2 00        	ldx     #$00
000203r 1  A9 01        	lda     #$01
000205r 1  4C rr rr     	jmp     L0077
000208r 1  A2 FF        L0075:	ldx     #$FF
00020Ar 1  8A           	txa
00020Br 1  8D rr rr     L0077:	sta     L0066
00020Er 1  8E rr rr     	stx     L0066+1
000211r 1  AD rr rr     	lda     L0061
000214r 1  18           	clc
000215r 1  6D rr rr     	adc     L0062
000218r 1  8D rr rr     	sta     L0063
00021Br 1  AD rr rr     	lda     L0061+1
00021Er 1  6D rr rr     	adc     L0062+1
000221r 1  8D rr rr     	sta     L0063+1
000224r 1  20 rr rr     L007E:	jsr     decsp4
000227r 1  A0 0C        	ldy     #$0C
000229r 1  B1 rr        	lda     (sp),y
00022Br 1  AA           	tax
00022Cr 1  88           	dey
00022Dr 1  B1 rr        	lda     (sp),y
00022Fr 1  A0 02        	ldy     #$02
000231r 1  91 rr        	sta     (sp),y
000233r 1  C8           	iny
000234r 1  8A           	txa
000235r 1  91 rr        	sta     (sp),y
000237r 1  A0 0A        	ldy     #$0A
000239r 1  B1 rr        	lda     (sp),y
00023Br 1  AA           	tax
00023Cr 1  88           	dey
00023Dr 1  B1 rr        	lda     (sp),y
00023Fr 1  A0 00        	ldy     #$00
000241r 1  91 rr        	sta     (sp),y
000243r 1  C8           	iny
000244r 1  8A           	txa
000245r 1  91 rr        	sta     (sp),y
000247r 1  A0 04        	ldy     #$04
000249r 1  B1 rr        	lda     (sp),y
00024Br 1  20 rr rr     	jsr     _udeks_vic_bitmap_pixel
00024Er 1  A0 08        	ldy     #$08
000250r 1  B1 rr        	lda     (sp),y
000252r 1  AA           	tax
000253r 1  88           	dey
000254r 1  B1 rr        	lda     (sp),y
000256r 1  A0 03        	ldy     #$03
000258r 1  D1 rr        	cmp     (sp),y
00025Ar 1  D0 1A        	bne     L0083
00025Cr 1  8A           	txa
00025Dr 1  C8           	iny
00025Er 1  D1 rr        	cmp     (sp),y
000260r 1  D0 14        	bne     L0083
000262r 1  A0 06        	ldy     #$06
000264r 1  B1 rr        	lda     (sp),y
000266r 1  AA           	tax
000267r 1  88           	dey
000268r 1  B1 rr        	lda     (sp),y
00026Ar 1  A0 01        	ldy     #$01
00026Cr 1  D1 rr        	cmp     (sp),y
00026Er 1  D0 06        	bne     L0083
000270r 1  8A           	txa
000271r 1  C8           	iny
000272r 1  D1 rr        	cmp     (sp),y
000274r 1  F0 78        	beq     L007C
000276r 1  AD rr rr     L0083:	lda     L0063
000279r 1  AE rr rr     	ldx     L0063+1
00027Cr 1  86 rr        	stx     tmp1
00027Er 1  0A           	asl     a
00027Fr 1  26 rr        	rol     tmp1
000281r 1  A6 rr        	ldx     tmp1
000283r 1  8D rr rr     	sta     L0064
000286r 1  8E rr rr     	stx     L0064+1
000289r 1  CD rr rr     	cmp     L0062
00028Cr 1  8A           	txa
00028Dr 1  ED rr rr     	sbc     L0062+1
000290r 1  70 02        	bvs     L0329
000292r 1  49 80        	eor     #$80
000294r 1  10 1E        L0329:	bpl     L0089
000296r 1  AD rr rr     	lda     L0062
000299r 1  18           	clc
00029Ar 1  6D rr rr     	adc     L0063
00029Dr 1  8D rr rr     	sta     L0063
0002A0r 1  AD rr rr     	lda     L0062+1
0002A3r 1  6D rr rr     	adc     L0063+1
0002A6r 1  8D rr rr     	sta     L0063+1
0002A9r 1  AD rr rr     	lda     L0065
0002ACr 1  AE rr rr     	ldx     L0065+1
0002AFr 1  A0 07        	ldy     #$07
0002B1r 1  20 rr rr     	jsr     addeqysp
0002B4r 1  AD rr rr     L0089:	lda     L0064
0002B7r 1  AE rr rr     	ldx     L0064+1
0002BAr 1  20 rr rr     	jsr     pushax
0002BDr 1  AD rr rr     	lda     L0061
0002C0r 1  AE rr rr     	ldx     L0061+1
0002C3r 1  20 rr rr     	jsr     tosicmp
0002C6r 1  F0 05        	beq     L032A
0002C8r 1  30 03 4C rr  	jpl     L007E
0002CCr 1  rr           
0002CDr 1  AD rr rr     L032A:	lda     L0061
0002D0r 1  18           	clc
0002D1r 1  6D rr rr     	adc     L0063
0002D4r 1  8D rr rr     	sta     L0063
0002D7r 1  AD rr rr     	lda     L0061+1
0002DAr 1  6D rr rr     	adc     L0063+1
0002DDr 1  8D rr rr     	sta     L0063+1
0002E0r 1  AD rr rr     	lda     L0066
0002E3r 1  AE rr rr     	ldx     L0066+1
0002E6r 1  A0 05        	ldy     #$05
0002E8r 1  20 rr rr     	jsr     addeqysp
0002EBr 1  4C rr rr     	jmp     L007E
0002EEr 1  A0 09        L007C:	ldy     #$09
0002F0r 1  4C rr rr     	jmp     addysp
0002F3r 1               
0002F3r 1               .endproc
0002F3r 1               
0002F3r 1               ; ---------------------------------------------------------------
0002F3r 1               ; void __near__ udeks_vic_bitmap_rectangle (int, int, int, int, unsigned char)
0002F3r 1               ; ---------------------------------------------------------------
0002F3r 1               
0002F3r 1               .segment	"CODE"
0002F3r 1               
0002F3r 1               .proc	_udeks_vic_bitmap_rectangle: near
0002F3r 1               
0002F3r 1               .segment	"CODE"
0002F3r 1               
0002F3r 1  20 rr rr     	jsr     pusha
0002F6r 1  20 rr rr     	jsr     decsp4
0002F9r 1  A0 08        	ldy     #$08
0002FBr 1  B1 rr        	lda     (sp),y
0002FDr 1  AA           	tax
0002FEr 1  88           	dey
0002FFr 1  B1 rr        	lda     (sp),y
000301r 1  C9 01        	cmp     #$01
000303r 1  8A           	txa
000304r 1  E9 00        	sbc     #$00
000306r 1  50 02        	bvc     L0098
000308r 1  49 80        	eor     #$80
00030Ar 1  10 03 4C rr  L0098:	jmi     L0095
00030Er 1  rr           
00030Fr 1  88           	dey
000310r 1  B1 rr        	lda     (sp),y
000312r 1  AA           	tax
000313r 1  88           	dey
000314r 1  B1 rr        	lda     (sp),y
000316r 1  C9 01        	cmp     #$01
000318r 1  8A           	txa
000319r 1  E9 00        	sbc     #$00
00031Br 1  50 02        	bvc     L0099
00031Dr 1  49 80        	eor     #$80
00031Fr 1  10 03 4C rr  L0099:	jmi     L0095
000323r 1  rr           
000324r 1  A0 0B        	ldy     #$0B
000326r 1  B1 rr        	lda     (sp),y
000328r 1  A0 07        	ldy     #$07
00032Ar 1  18           	clc
00032Br 1  71 rr        	adc     (sp),y
00032Dr 1  48           	pha
00032Er 1  A0 0C        	ldy     #$0C
000330r 1  B1 rr        	lda     (sp),y
000332r 1  A0 08        	ldy     #$08
000334r 1  71 rr        	adc     (sp),y
000336r 1  AA           	tax
000337r 1  68           	pla
000338r 1  38           	sec
000339r 1  E9 01        	sbc     #$01
00033Br 1  B0 01        	bcs     L009D
00033Dr 1  CA           	dex
00033Er 1  A0 02        L009D:	ldy     #$02
000340r 1  20 rr rr     	jsr     staxysp
000343r 1  A0 09        	ldy     #$09
000345r 1  B1 rr        	lda     (sp),y
000347r 1  A0 05        	ldy     #$05
000349r 1  18           	clc
00034Ar 1  71 rr        	adc     (sp),y
00034Cr 1  48           	pha
00034Dr 1  A0 0A        	ldy     #$0A
00034Fr 1  B1 rr        	lda     (sp),y
000351r 1  A0 06        	ldy     #$06
000353r 1  71 rr        	adc     (sp),y
000355r 1  AA           	tax
000356r 1  68           	pla
000357r 1  38           	sec
000358r 1  E9 01        	sbc     #$01
00035Ar 1  B0 01        	bcs     L00A0
00035Cr 1  CA           	dex
00035Dr 1  20 rr rr     L00A0:	jsr     stax0sp
000360r 1  20 rr rr     	jsr     decsp8
000363r 1  A0 14        	ldy     #$14
000365r 1  B1 rr        	lda     (sp),y
000367r 1  AA           	tax
000368r 1  88           	dey
000369r 1  B1 rr        	lda     (sp),y
00036Br 1  A0 06        	ldy     #$06
00036Dr 1  91 rr        	sta     (sp),y
00036Fr 1  C8           	iny
000370r 1  8A           	txa
000371r 1  91 rr        	sta     (sp),y
000373r 1  A0 12        	ldy     #$12
000375r 1  B1 rr        	lda     (sp),y
000377r 1  AA           	tax
000378r 1  88           	dey
000379r 1  B1 rr        	lda     (sp),y
00037Br 1  A0 04        	ldy     #$04
00037Dr 1  91 rr        	sta     (sp),y
00037Fr 1  C8           	iny
000380r 1  8A           	txa
000381r 1  91 rr        	sta     (sp),y
000383r 1  A0 10        	ldy     #$10
000385r 1  B1 rr        	lda     (sp),y
000387r 1  AA           	tax
000388r 1  88           	dey
000389r 1  B1 rr        	lda     (sp),y
00038Br 1  A0 02        	ldy     #$02
00038Dr 1  91 rr        	sta     (sp),y
00038Fr 1  C8           	iny
000390r 1  8A           	txa
000391r 1  91 rr        	sta     (sp),y
000393r 1  A9 01        	lda     #$01
000395r 1  A0 00        	ldy     #$00
000397r 1  91 rr        	sta     (sp),y
000399r 1  C8           	iny
00039Ar 1  A9 00        	lda     #$00
00039Cr 1  91 rr        	sta     (sp),y
00039Er 1  A0 0C        	ldy     #$0C
0003A0r 1  B1 rr        	lda     (sp),y
0003A2r 1  20 rr rr     	jsr     _udeks_vic_bitmap_fill
0003A5r 1  20 rr rr     	jsr     decsp8
0003A8r 1  A0 14        	ldy     #$14
0003AAr 1  B1 rr        	lda     (sp),y
0003ACr 1  AA           	tax
0003ADr 1  88           	dey
0003AEr 1  B1 rr        	lda     (sp),y
0003B0r 1  A0 06        	ldy     #$06
0003B2r 1  91 rr        	sta     (sp),y
0003B4r 1  C8           	iny
0003B5r 1  8A           	txa
0003B6r 1  91 rr        	sta     (sp),y
0003B8r 1  A0 09        	ldy     #$09
0003BAr 1  B1 rr        	lda     (sp),y
0003BCr 1  AA           	tax
0003BDr 1  88           	dey
0003BEr 1  B1 rr        	lda     (sp),y
0003C0r 1  A0 04        	ldy     #$04
0003C2r 1  91 rr        	sta     (sp),y
0003C4r 1  C8           	iny
0003C5r 1  8A           	txa
0003C6r 1  91 rr        	sta     (sp),y
0003C8r 1  A0 10        	ldy     #$10
0003CAr 1  B1 rr        	lda     (sp),y
0003CCr 1  AA           	tax
0003CDr 1  88           	dey
0003CEr 1  B1 rr        	lda     (sp),y
0003D0r 1  A0 02        	ldy     #$02
0003D2r 1  91 rr        	sta     (sp),y
0003D4r 1  C8           	iny
0003D5r 1  8A           	txa
0003D6r 1  91 rr        	sta     (sp),y
0003D8r 1  A9 01        	lda     #$01
0003DAr 1  A0 00        	ldy     #$00
0003DCr 1  91 rr        	sta     (sp),y
0003DEr 1  C8           	iny
0003DFr 1  A9 00        	lda     #$00
0003E1r 1  91 rr        	sta     (sp),y
0003E3r 1  A0 0C        	ldy     #$0C
0003E5r 1  B1 rr        	lda     (sp),y
0003E7r 1  20 rr rr     	jsr     _udeks_vic_bitmap_fill
0003EAr 1  20 rr rr     	jsr     decsp8
0003EDr 1  A0 14        	ldy     #$14
0003EFr 1  B1 rr        	lda     (sp),y
0003F1r 1  AA           	tax
0003F2r 1  88           	dey
0003F3r 1  B1 rr        	lda     (sp),y
0003F5r 1  A0 06        	ldy     #$06
0003F7r 1  91 rr        	sta     (sp),y
0003F9r 1  C8           	iny
0003FAr 1  8A           	txa
0003FBr 1  91 rr        	sta     (sp),y
0003FDr 1  A0 12        	ldy     #$12
0003FFr 1  B1 rr        	lda     (sp),y
000401r 1  AA           	tax
000402r 1  88           	dey
000403r 1  B1 rr        	lda     (sp),y
000405r 1  A0 04        	ldy     #$04
000407r 1  91 rr        	sta     (sp),y
000409r 1  C8           	iny
00040Ar 1  8A           	txa
00040Br 1  91 rr        	sta     (sp),y
00040Dr 1  A9 01        	lda     #$01
00040Fr 1  A0 02        	ldy     #$02
000411r 1  91 rr        	sta     (sp),y
000413r 1  C8           	iny
000414r 1  A9 00        	lda     #$00
000416r 1  91 rr        	sta     (sp),y
000418r 1  A0 0E        	ldy     #$0E
00041Ar 1  B1 rr        	lda     (sp),y
00041Cr 1  AA           	tax
00041Dr 1  88           	dey
00041Er 1  B1 rr        	lda     (sp),y
000420r 1  A0 00        	ldy     #$00
000422r 1  91 rr        	sta     (sp),y
000424r 1  C8           	iny
000425r 1  8A           	txa
000426r 1  91 rr        	sta     (sp),y
000428r 1  A0 0C        	ldy     #$0C
00042Ar 1  B1 rr        	lda     (sp),y
00042Cr 1  20 rr rr     	jsr     _udeks_vic_bitmap_fill
00042Fr 1  20 rr rr     	jsr     decsp8
000432r 1  A0 0B        	ldy     #$0B
000434r 1  B1 rr        	lda     (sp),y
000436r 1  AA           	tax
000437r 1  88           	dey
000438r 1  B1 rr        	lda     (sp),y
00043Ar 1  A0 06        	ldy     #$06
00043Cr 1  91 rr        	sta     (sp),y
00043Er 1  C8           	iny
00043Fr 1  8A           	txa
000440r 1  91 rr        	sta     (sp),y
000442r 1  A0 12        	ldy     #$12
000444r 1  B1 rr        	lda     (sp),y
000446r 1  AA           	tax
000447r 1  88           	dey
000448r 1  B1 rr        	lda     (sp),y
00044Ar 1  A0 04        	ldy     #$04
00044Cr 1  91 rr        	sta     (sp),y
00044Er 1  C8           	iny
00044Fr 1  8A           	txa
000450r 1  91 rr        	sta     (sp),y
000452r 1  A9 01        	lda     #$01
000454r 1  A0 02        	ldy     #$02
000456r 1  91 rr        	sta     (sp),y
000458r 1  C8           	iny
000459r 1  A9 00        	lda     #$00
00045Br 1  91 rr        	sta     (sp),y
00045Dr 1  A0 0E        	ldy     #$0E
00045Fr 1  B1 rr        	lda     (sp),y
000461r 1  AA           	tax
000462r 1  88           	dey
000463r 1  B1 rr        	lda     (sp),y
000465r 1  A0 00        	ldy     #$00
000467r 1  91 rr        	sta     (sp),y
000469r 1  C8           	iny
00046Ar 1  8A           	txa
00046Br 1  91 rr        	sta     (sp),y
00046Dr 1  A0 0C        	ldy     #$0C
00046Fr 1  B1 rr        	lda     (sp),y
000471r 1  20 rr rr     	jsr     _udeks_vic_bitmap_fill
000474r 1  A0 0D        L0095:	ldy     #$0D
000476r 1  4C rr rr     	jmp     addysp
000479r 1               
000479r 1               .endproc
000479r 1               
000479r 1               ; ---------------------------------------------------------------
000479r 1               ; void __near__ udeks_vic_bitmap_fill (int, int, int, int, unsigned char)
000479r 1               ; ---------------------------------------------------------------
000479r 1               
000479r 1               .segment	"CODE"
000479r 1               
000479r 1               .proc	_udeks_vic_bitmap_fill: near
000479r 1               
000479r 1               .segment	"BSS"
000012r 1               
000012r 1               L00BA:
000012r 1  00 00        	.res	2,$00
000014r 1               L00BB:
000014r 1  00 00        	.res	2,$00
000016r 1               L00BC:
000016r 1  00 00        	.res	2,$00
000018r 1               L00BD:
000018r 1  00 00        	.res	2,$00
00001Ar 1               
00001Ar 1               .segment	"CODE"
000479r 1               
000479r 1  20 rr rr     	jsr     pusha
00047Cr 1  A0 04        	ldy     #$04
00047Er 1  B1 rr        	lda     (sp),y
000480r 1  AA           	tax
000481r 1  88           	dey
000482r 1  B1 rr        	lda     (sp),y
000484r 1  C9 01        	cmp     #$01
000486r 1  8A           	txa
000487r 1  E9 00        	sbc     #$00
000489r 1  50 02        	bvc     L00C0
00048Br 1  49 80        	eor     #$80
00048Dr 1  10 03 4C rr  L00C0:	jmi     L0103
000491r 1  rr           
000492r 1  88           	dey
000493r 1  B1 rr        	lda     (sp),y
000495r 1  AA           	tax
000496r 1  88           	dey
000497r 1  B1 rr        	lda     (sp),y
000499r 1  C9 01        	cmp     #$01
00049Br 1  8A           	txa
00049Cr 1  E9 00        	sbc     #$00
00049Er 1  50 02        	bvc     L00C1
0004A0r 1  49 80        	eor     #$80
0004A2r 1  10 03 4C rr  L00C1:	jmi     L0103
0004A6r 1  rr           
0004A7r 1  A0 07        	ldy     #$07
0004A9r 1  B1 rr        	lda     (sp),y
0004ABr 1  A0 03        	ldy     #$03
0004ADr 1  18           	clc
0004AEr 1  71 rr        	adc     (sp),y
0004B0r 1  8D rr rr     	sta     L00BB
0004B3r 1  A0 08        	ldy     #$08
0004B5r 1  B1 rr        	lda     (sp),y
0004B7r 1  A0 04        	ldy     #$04
0004B9r 1  71 rr        	adc     (sp),y
0004BBr 1  8D rr rr     	sta     L00BB+1
0004BEr 1  C8           	iny
0004BFr 1  B1 rr        	lda     (sp),y
0004C1r 1  A0 01        	ldy     #$01
0004C3r 1  18           	clc
0004C4r 1  71 rr        	adc     (sp),y
0004C6r 1  8D rr rr     	sta     L00BC
0004C9r 1  A0 06        	ldy     #$06
0004CBr 1  B1 rr        	lda     (sp),y
0004CDr 1  A0 02        	ldy     #$02
0004CFr 1  71 rr        	adc     (sp),y
0004D1r 1  8D rr rr     	sta     L00BC+1
0004D4r 1  A0 08        	ldy     #$08
0004D6r 1  B1 rr        	lda     (sp),y
0004D8r 1  AA           	tax
0004D9r 1  88           	dey
0004DAr 1  B1 rr        	lda     (sp),y
0004DCr 1  CD B0 E1     	cmp     $E1B0
0004DFr 1  8A           	txa
0004E0r 1  ED B1 E1     	sbc     $E1B0+1
0004E3r 1  50 02        	bvc     L032D
0004E5r 1  49 80        	eor     #$80
0004E7r 1  10 09        L032D:	bpl     L00C7
0004E9r 1  AD B0 E1     	lda     $E1B0
0004ECr 1  AE B1 E1     	ldx     $E1B0+1
0004EFr 1  20 rr rr     	jsr     staxysp
0004F2r 1  A0 06        L00C7:	ldy     #$06
0004F4r 1  B1 rr        	lda     (sp),y
0004F6r 1  AA           	tax
0004F7r 1  88           	dey
0004F8r 1  B1 rr        	lda     (sp),y
0004FAr 1  CD B2 E1     	cmp     $E1B2
0004FDr 1  8A           	txa
0004FEr 1  ED B3 E1     	sbc     $E1B2+1
000501r 1  50 02        	bvc     L032E
000503r 1  49 80        	eor     #$80
000505r 1  10 09        L032E:	bpl     L00CF
000507r 1  AD B2 E1     	lda     $E1B2
00050Ar 1  AE B3 E1     	ldx     $E1B2+1
00050Dr 1  20 rr rr     	jsr     staxysp
000510r 1  AD rr rr     L00CF:	lda     L00BB
000513r 1  AE rr rr     	ldx     L00BB+1
000516r 1  20 rr rr     	jsr     pushax
000519r 1  AD B4 E1     	lda     $E1B4
00051Cr 1  AE B5 E1     	ldx     $E1B4+1
00051Fr 1  20 rr rr     	jsr     tosicmp
000522r 1  30 0E        	bmi     L00D7
000524r 1  F0 0C        	beq     L00D7
000526r 1  AD B5 E1     	lda     $E1B4+1
000529r 1  8D rr rr     	sta     L00BB+1
00052Cr 1  AD B4 E1     	lda     $E1B4
00052Fr 1  8D rr rr     	sta     L00BB
000532r 1  AD rr rr     L00D7:	lda     L00BC
000535r 1  AE rr rr     	ldx     L00BC+1
000538r 1  20 rr rr     	jsr     pushax
00053Br 1  AD B6 E1     	lda     $E1B6
00053Er 1  AE B7 E1     	ldx     $E1B6+1
000541r 1  20 rr rr     	jsr     tosicmp
000544r 1  30 0E        	bmi     L00DF
000546r 1  F0 0C        	beq     L00DF
000548r 1  AD B7 E1     	lda     $E1B6+1
00054Br 1  8D rr rr     	sta     L00BC+1
00054Er 1  AD B6 E1     	lda     $E1B6
000551r 1  8D rr rr     	sta     L00BC
000554r 1  A0 08        L00DF:	ldy     #$08
000556r 1  B1 rr        	lda     (sp),y
000558r 1  AA           	tax
000559r 1  88           	dey
00055Ar 1  B1 rr        	lda     (sp),y
00055Cr 1  CD rr rr     	cmp     L00BB
00055Fr 1  8A           	txa
000560r 1  ED rr rr     	sbc     L00BB+1
000563r 1  70 02        	bvs     L032F
000565r 1  49 80        	eor     #$80
000567r 1  10 03 4C rr  L032F:	jmi     L0103
00056Br 1  rr           
00056Cr 1  88           	dey
00056Dr 1  B1 rr        	lda     (sp),y
00056Fr 1  AA           	tax
000570r 1  88           	dey
000571r 1  B1 rr        	lda     (sp),y
000573r 1  CD rr rr     	cmp     L00BC
000576r 1  8A           	txa
000577r 1  ED rr rr     	sbc     L00BC+1
00057Ar 1  70 02        	bvs     L0330
00057Cr 1  49 80        	eor     #$80
00057Er 1  10 03 4C rr  L0330:	jmi     L0103
000582r 1  rr           
000583r 1  A0 08        	ldy     #$08
000585r 1  B1 rr        	lda     (sp),y
000587r 1  8D rr rr     	sta     L00BD+1
00058Ar 1  88           	dey
00058Br 1  B1 rr        	lda     (sp),y
00058Dr 1  8D rr rr     	sta     L00BD
000590r 1  AD rr rr     	lda     L00BB
000593r 1  AE rr rr     	ldx     L00BB+1
000596r 1  38           	sec
000597r 1  E9 01        	sbc     #$01
000599r 1  B0 01        	bcs     L00F1
00059Br 1  CA           	dex
00059Cr 1  20 rr rr     L00F1:	jsr     shrax3
00059Fr 1  20 rr rr     	jsr     pushax
0005A2r 1  AD rr rr     	lda     L00BD
0005A5r 1  AE rr rr     	ldx     L00BD+1
0005A8r 1  20 rr rr     	jsr     shrax3
0005ABr 1  20 rr rr     	jsr     tossubax
0005AEr 1  18           	clc
0005AFr 1  69 01        	adc     #$01
0005B1r 1  8D rr rr     	sta     _udeks_span_count
0005B4r 1  AD rr rr     	lda     L00BD
0005B7r 1  29 07        	and     #$07
0005B9r 1  A8           	tay
0005BAr 1  A9 FF        	lda     #$FF
0005BCr 1  4A           L0334:	lsr     a
0005BDr 1  88           	dey
0005BEr 1  10 FC        	bpl     L0334
0005C0r 1  2A           	rol     a
0005C1r 1  8D rr rr     	sta     _udeks_span_first
0005C4r 1  AD rr rr     	lda     L00BB
0005C7r 1  38           	sec
0005C8r 1  E9 01        	sbc     #$01
0005CAr 1  29 07        	and     #$07
0005CCr 1  A8           	tay
0005CDr 1  A9 7F        	lda     #$7F
0005CFr 1  4A           L0335:	lsr     a
0005D0r 1  88           	dey
0005D1r 1  10 FC        	bpl     L0335
0005D3r 1  2A           	rol     a
0005D4r 1  49 FF        	eor     #$FF
0005D6r 1  8D rr rr     	sta     _udeks_span_last
0005D9r 1  A0 00        	ldy     #$00
0005DBr 1  B1 rr        	lda     (sp),y
0005DDr 1  8D rr rr     	sta     _udeks_span_color
0005E0r 1  AD rr rr     	lda     L00BD
0005E3r 1  AE rr rr     	ldx     L00BD+1
0005E6r 1  29 F8        	and     #$F8
0005E8r 1  8D rr rr     	sta     L00BD
0005EBr 1  8E rr rr     	stx     L00BD+1
0005EEr 1  A0 06        	ldy     #$06
0005F0r 1  B1 rr        	lda     (sp),y
0005F2r 1  8D rr rr     	sta     L00BA+1
0005F5r 1  88           	dey
0005F6r 1  B1 rr        	lda     (sp),y
0005F8r 1  8D rr rr     	sta     L00BA
0005FBr 1  AD rr rr     L0102:	lda     L00BA
0005FEr 1  CD rr rr     	cmp     L00BC
000601r 1  AD rr rr     	lda     L00BA+1
000604r 1  ED rr rr     	sbc     L00BC+1
000607r 1  50 02        	bvc     L0331
000609r 1  49 80        	eor     #$80
00060Br 1  10 35        L0331:	bpl     L0103
00060Dr 1  A2 00        	ldx     #$00
00060Fr 1  AD rr rr     	lda     L00BA
000612r 1  0A           	asl     a
000613r 1  90 01        	bcc     L032C
000615r 1  E8           	inx
000616r 1  85 rr        L032C:	sta     ptr1
000618r 1  8A           	txa
000619r 1  18           	clc
00061Ar 1  69 E0        	adc     #$E0
00061Cr 1  85 rr        	sta     ptr1+1
00061Er 1  A0 01        	ldy     #$01
000620r 1  B1 rr        	lda     (ptr1),y
000622r 1  AA           	tax
000623r 1  88           	dey
000624r 1  B1 rr        	lda     (ptr1),y
000626r 1  18           	clc
000627r 1  6D rr rr     	adc     L00BD
00062Ar 1  8D rr rr     	sta     _udeks_span_offset
00062Dr 1  8A           	txa
00062Er 1  6D rr rr     	adc     L00BD+1
000631r 1  8D rr rr     	sta     _udeks_span_offset+1
000634r 1  20 rr rr     	jsr     _udeks_span_fill_row
000637r 1  EE rr rr     	inc     L00BA
00063Ar 1  D0 BF        	bne     L0102
00063Cr 1  EE rr rr     	inc     L00BA+1
00063Fr 1  4C rr rr     	jmp     L0102
000642r 1  A0 09        L0103:	ldy     #$09
000644r 1  4C rr rr     	jmp     addysp
000647r 1               
000647r 1               .endproc
000647r 1               
000647r 1               ; ---------------------------------------------------------------
000647r 1               ; void __near__ udeks_vic_bitmap_set_clip (int, int, int, int)
000647r 1               ; ---------------------------------------------------------------
000647r 1               
000647r 1               .segment	"CODE"
000647r 1               
000647r 1               .proc	_udeks_vic_bitmap_set_clip: near
000647r 1               
000647r 1               .segment	"CODE"
000647r 1               
000647r 1  20 rr rr     	jsr     pushax
00064Ar 1  20 rr rr     	jsr     decsp4
00064Dr 1  A0 07        	ldy     #$07
00064Fr 1  B1 rr        	lda     (sp),y
000651r 1  AA           	tax
000652r 1  88           	dey
000653r 1  B1 rr        	lda     (sp),y
000655r 1  C9 01        	cmp     #$01
000657r 1  8A           	txa
000658r 1  E9 00        	sbc     #$00
00065Ar 1  50 02        	bvc     L0113
00065Cr 1  49 80        	eor     #$80
00065Er 1  30 12        L0113:	bmi     L0338
000660r 1  88           	dey
000661r 1  B1 rr        	lda     (sp),y
000663r 1  AA           	tax
000664r 1  88           	dey
000665r 1  B1 rr        	lda     (sp),y
000667r 1  C9 01        	cmp     #$01
000669r 1  8A           	txa
00066Ar 1  E9 00        	sbc     #$00
00066Cr 1  50 02        	bvc     L0114
00066Er 1  49 80        	eor     #$80
000670r 1  10 1D        L0114:	bpl     L0111
000672r 1  A9 00        L0338:	lda     #$00
000674r 1  8D B0 E1     	sta     $E1B0
000677r 1  8D B1 E1     	sta     $E1B0+1
00067Ar 1  8D B2 E1     	sta     $E1B2
00067Dr 1  8D B3 E1     	sta     $E1B2+1
000680r 1  8D B4 E1     	sta     $E1B4
000683r 1  8D B5 E1     	sta     $E1B4+1
000686r 1  8D B6 E1     	sta     $E1B6
000689r 1  8D B7 E1     	sta     $E1B6+1
00068Cr 1  4C rr rr     	jmp     L0158
00068Fr 1  A0 0A        L0111:	ldy     #$0A
000691r 1  B1 rr        	lda     (sp),y
000693r 1  A0 06        	ldy     #$06
000695r 1  18           	clc
000696r 1  71 rr        	adc     (sp),y
000698r 1  48           	pha
000699r 1  A0 0B        	ldy     #$0B
00069Br 1  B1 rr        	lda     (sp),y
00069Dr 1  A0 07        	ldy     #$07
00069Fr 1  71 rr        	adc     (sp),y
0006A1r 1  AA           	tax
0006A2r 1  68           	pla
0006A3r 1  A0 02        	ldy     #$02
0006A5r 1  20 rr rr     	jsr     staxysp
0006A8r 1  A0 08        	ldy     #$08
0006AAr 1  B1 rr        	lda     (sp),y
0006ACr 1  A0 04        	ldy     #$04
0006AEr 1  18           	clc
0006AFr 1  71 rr        	adc     (sp),y
0006B1r 1  48           	pha
0006B2r 1  A0 09        	ldy     #$09
0006B4r 1  B1 rr        	lda     (sp),y
0006B6r 1  A0 05        	ldy     #$05
0006B8r 1  71 rr        	adc     (sp),y
0006BAr 1  AA           	tax
0006BBr 1  68           	pla
0006BCr 1  20 rr rr     	jsr     stax0sp
0006BFr 1  A0 0B        	ldy     #$0B
0006C1r 1  B1 rr        	lda     (sp),y
0006C3r 1  AA           	tax
0006C4r 1  E0 80        	cpx     #$80
0006C6r 1  90 06        	bcc     L012E
0006C8r 1  A2 00        	ldx     #$00
0006CAr 1  8A           	txa
0006CBr 1  4C rr rr     	jmp     L0130
0006CEr 1  A0 0B        L012E:	ldy     #$0B
0006D0r 1  B1 rr        	lda     (sp),y
0006D2r 1  AA           	tax
0006D3r 1  88           	dey
0006D4r 1  B1 rr        	lda     (sp),y
0006D6r 1  8D B0 E1     L0130:	sta     $E1B0
0006D9r 1  8E B1 E1     	stx     $E1B0+1
0006DCr 1  A0 09        	ldy     #$09
0006DEr 1  B1 rr        	lda     (sp),y
0006E0r 1  AA           	tax
0006E1r 1  E0 80        	cpx     #$80
0006E3r 1  90 06        	bcc     L0136
0006E5r 1  A2 00        	ldx     #$00
0006E7r 1  8A           	txa
0006E8r 1  4C rr rr     	jmp     L0138
0006EBr 1  A0 09        L0136:	ldy     #$09
0006EDr 1  B1 rr        	lda     (sp),y
0006EFr 1  AA           	tax
0006F0r 1  88           	dey
0006F1r 1  B1 rr        	lda     (sp),y
0006F3r 1  8D B2 E1     L0138:	sta     $E1B2
0006F6r 1  8E B3 E1     	stx     $E1B2+1
0006F9r 1  A0 03        	ldy     #$03
0006FBr 1  B1 rr        	lda     (sp),y
0006FDr 1  AA           	tax
0006FEr 1  88           	dey
0006FFr 1  B1 rr        	lda     (sp),y
000701r 1  C9 41        	cmp     #$41
000703r 1  8A           	txa
000704r 1  E9 01        	sbc     #$01
000706r 1  70 02        	bvs     L013E
000708r 1  49 80        	eor     #$80
00070Ar 1  10 07        L013E:	bpl     L013F
00070Cr 1  A2 01        	ldx     #$01
00070Er 1  A9 40        	lda     #$40
000710r 1  4C rr rr     	jmp     L0141
000713r 1  C8           L013F:	iny
000714r 1  B1 rr        	lda     (sp),y
000716r 1  AA           	tax
000717r 1  88           	dey
000718r 1  B1 rr        	lda     (sp),y
00071Ar 1  8D B4 E1     L0141:	sta     $E1B4
00071Dr 1  8E B5 E1     	stx     $E1B4+1
000720r 1  88           	dey
000721r 1  B1 rr        	lda     (sp),y
000723r 1  AA           	tax
000724r 1  88           	dey
000725r 1  B1 rr        	lda     (sp),y
000727r 1  C9 C9        	cmp     #$C9
000729r 1  8A           	txa
00072Ar 1  E9 00        	sbc     #$00
00072Cr 1  70 02        	bvs     L0147
00072Er 1  49 80        	eor     #$80
000730r 1  10 07        L0147:	bpl     L0148
000732r 1  A2 00        	ldx     #$00
000734r 1  A9 C8        	lda     #$C8
000736r 1  4C rr rr     	jmp     L014A
000739r 1  C8           L0148:	iny
00073Ar 1  B1 rr        	lda     (sp),y
00073Cr 1  AA           	tax
00073Dr 1  88           	dey
00073Er 1  B1 rr        	lda     (sp),y
000740r 1  8D B6 E1     L014A:	sta     $E1B6
000743r 1  8E B7 E1     	stx     $E1B6+1
000746r 1  AD B4 E1     	lda     $E1B4
000749r 1  CD B0 E1     	cmp     $E1B0
00074Cr 1  AD B5 E1     	lda     $E1B4+1
00074Fr 1  ED B1 E1     	sbc     $E1B0+1
000752r 1  50 02        	bvc     L0336
000754r 1  49 80        	eor     #$80
000756r 1  10 0C        L0336:	bpl     L014C
000758r 1  AD B1 E1     	lda     $E1B0+1
00075Br 1  8D B5 E1     	sta     $E1B4+1
00075Er 1  AD B0 E1     	lda     $E1B0
000761r 1  8D B4 E1     	sta     $E1B4
000764r 1  AD B6 E1     L014C:	lda     $E1B6
000767r 1  CD B2 E1     	cmp     $E1B2
00076Ar 1  AD B7 E1     	lda     $E1B6+1
00076Dr 1  ED B3 E1     	sbc     $E1B2+1
000770r 1  50 02        	bvc     L0337
000772r 1  49 80        	eor     #$80
000774r 1  10 0C        L0337:	bpl     L0158
000776r 1  AD B3 E1     	lda     $E1B2+1
000779r 1  8D B7 E1     	sta     $E1B6+1
00077Cr 1  AD B2 E1     	lda     $E1B2
00077Fr 1  8D B6 E1     	sta     $E1B6
000782r 1  A0 0C        L0158:	ldy     #$0C
000784r 1  4C rr rr     	jmp     addysp
000787r 1               
000787r 1               .endproc
000787r 1               
000787r 1               ; ---------------------------------------------------------------
000787r 1               ; void __near__ udeks_vic_bitmap_reset_clip (void)
000787r 1               ; ---------------------------------------------------------------
000787r 1               
000787r 1               .segment	"CODE"
000787r 1               
000787r 1               .proc	_udeks_vic_bitmap_reset_clip: near
000787r 1               
000787r 1               .segment	"CODE"
000787r 1               
000787r 1  A9 00        	lda     #$00
000789r 1  8D B0 E1     	sta     $E1B0
00078Cr 1  8D B1 E1     	sta     $E1B0+1
00078Fr 1  8D B2 E1     	sta     $E1B2
000792r 1  8D B3 E1     	sta     $E1B2+1
000795r 1  A2 01        	ldx     #$01
000797r 1  A9 40        	lda     #$40
000799r 1  8D B4 E1     	sta     $E1B4
00079Cr 1  8E B5 E1     	stx     $E1B4+1
00079Fr 1  CA           	dex
0007A0r 1  A9 C8        	lda     #$C8
0007A2r 1  8D B6 E1     	sta     $E1B6
0007A5r 1  8E B7 E1     	stx     $E1B6+1
0007A8r 1  60           	rts
0007A9r 1               
0007A9r 1               .endproc
0007A9r 1               
0007A9r 1               ; ---------------------------------------------------------------
0007A9r 1               ; void __near__ udeks_vic_bitmap_outline_toggle (unsigned int, unsigned char, unsigned int, unsigned char)
0007A9r 1               ; ---------------------------------------------------------------
0007A9r 1               
0007A9r 1               .segment	"CODE"
0007A9r 1               
0007A9r 1               .proc	_udeks_vic_bitmap_outline_toggle: near
0007A9r 1               
0007A9r 1               .segment	"CODE"
0007A9r 1               
0007A9r 1  20 rr rr     	jsr     pusha
0007ACr 1  AD B5 F1     	lda     $F1B5
0007AFr 1  C9 03        	cmp     #$03
0007B1r 1  D0 7B        	bne     L01E8
0007B3r 1  20 rr rr     	jsr     decsp5
0007B6r 1  A0 0A        	ldy     #$0A
0007B8r 1  B1 rr        	lda     (sp),y
0007BAr 1  AA           	tax
0007BBr 1  88           	dey
0007BCr 1  B1 rr        	lda     (sp),y
0007BEr 1  A0 03        	ldy     #$03
0007C0r 1  91 rr        	sta     (sp),y
0007C2r 1  C8           	iny
0007C3r 1  8A           	txa
0007C4r 1  91 rr        	sta     (sp),y
0007C6r 1  A0 08        	ldy     #$08
0007C8r 1  B1 rr        	lda     (sp),y
0007CAr 1  A0 02        	ldy     #$02
0007CCr 1  91 rr        	sta     (sp),y
0007CEr 1  A0 07        	ldy     #$07
0007D0r 1  B1 rr        	lda     (sp),y
0007D2r 1  AA           	tax
0007D3r 1  88           	dey
0007D4r 1  B1 rr        	lda     (sp),y
0007D6r 1  A0 00        	ldy     #$00
0007D8r 1  91 rr        	sta     (sp),y
0007DAr 1  C8           	iny
0007DBr 1  8A           	txa
0007DCr 1  91 rr        	sta     (sp),y
0007DEr 1  A0 05        	ldy     #$05
0007E0r 1  B1 rr        	lda     (sp),y
0007E2r 1  20 rr rr     	jsr     _outline_valid
0007E5r 1  C9 00        	cmp     #$00
0007E7r 1  F0 45        	beq     L01E8
0007E9r 1  20 rr rr     	jsr     decsp6
0007ECr 1  A9 00        	lda     #$00
0007EEr 1  A0 05        	ldy     #$05
0007F0r 1  91 rr        	sta     (sp),y
0007F2r 1  A0 0B        	ldy     #$0B
0007F4r 1  B1 rr        	lda     (sp),y
0007F6r 1  AA           	tax
0007F7r 1  88           	dey
0007F8r 1  B1 rr        	lda     (sp),y
0007FAr 1  A0 03        	ldy     #$03
0007FCr 1  91 rr        	sta     (sp),y
0007FEr 1  C8           	iny
0007FFr 1  8A           	txa
000800r 1  91 rr        	sta     (sp),y
000802r 1  A0 09        	ldy     #$09
000804r 1  B1 rr        	lda     (sp),y
000806r 1  A0 02        	ldy     #$02
000808r 1  91 rr        	sta     (sp),y
00080Ar 1  A0 08        	ldy     #$08
00080Cr 1  B1 rr        	lda     (sp),y
00080Er 1  AA           	tax
00080Fr 1  88           	dey
000810r 1  B1 rr        	lda     (sp),y
000812r 1  A0 00        	ldy     #$00
000814r 1  91 rr        	sta     (sp),y
000816r 1  C8           	iny
000817r 1  8A           	txa
000818r 1  91 rr        	sta     (sp),y
00081Ar 1  A0 06        	ldy     #$06
00081Cr 1  B1 rr        	lda     (sp),y
00081Er 1  20 rr rr     	jsr     _prepare_outline
000821r 1  A9 01        	lda     #$01
000823r 1  8D 7F F3     	sta     $F37F
000826r 1  20 rr rr     	jsr     _udeks_vic_bitmap_outline_blit
000829r 1  A9 15        	lda     #$15
00082Br 1  20 rr rr     	jsr     _increment_counter
00082Er 1  4C rr rr     L01E8:	jmp     incsp6
000831r 1               
000831r 1               .endproc
000831r 1               
000831r 1               ; ---------------------------------------------------------------
000831r 1               ; void __near__ udeks_vic_bitmap_outline_move (unsigned int, unsigned char, unsigned int, unsigned char, unsigned int, unsigned char)
000831r 1               ; ---------------------------------------------------------------
000831r 1               
000831r 1               .segment	"CODE"
000831r 1               
000831r 1               .proc	_udeks_vic_bitmap_outline_move: near
000831r 1               
000831r 1               .segment	"CODE"
000831r 1               
000831r 1  20 rr rr     	jsr     pusha
000834r 1  AD B5 F1     	lda     $F1B5
000837r 1  C9 03        	cmp     #$03
000839r 1  F0 03 4C rr  	jne     L01FF
00083Dr 1  rr           
00083Er 1  20 rr rr     	jsr     decsp5
000841r 1  A0 0D        	ldy     #$0D
000843r 1  B1 rr        	lda     (sp),y
000845r 1  AA           	tax
000846r 1  88           	dey
000847r 1  B1 rr        	lda     (sp),y
000849r 1  A0 03        	ldy     #$03
00084Br 1  91 rr        	sta     (sp),y
00084Dr 1  C8           	iny
00084Er 1  8A           	txa
00084Fr 1  91 rr        	sta     (sp),y
000851r 1  A0 0B        	ldy     #$0B
000853r 1  B1 rr        	lda     (sp),y
000855r 1  A0 02        	ldy     #$02
000857r 1  91 rr        	sta     (sp),y
000859r 1  A0 07        	ldy     #$07
00085Br 1  B1 rr        	lda     (sp),y
00085Dr 1  AA           	tax
00085Er 1  88           	dey
00085Fr 1  B1 rr        	lda     (sp),y
000861r 1  A0 00        	ldy     #$00
000863r 1  91 rr        	sta     (sp),y
000865r 1  C8           	iny
000866r 1  8A           	txa
000867r 1  91 rr        	sta     (sp),y
000869r 1  A0 05        	ldy     #$05
00086Br 1  B1 rr        	lda     (sp),y
00086Dr 1  20 rr rr     	jsr     _outline_valid
000870r 1  C9 00        	cmp     #$00
000872r 1  D0 03 4C rr  	jeq     L01FF
000876r 1  rr           
000877r 1  20 rr rr     	jsr     decsp5
00087Ar 1  A0 0A        	ldy     #$0A
00087Cr 1  B1 rr        	lda     (sp),y
00087Er 1  AA           	tax
00087Fr 1  88           	dey
000880r 1  B1 rr        	lda     (sp),y
000882r 1  A0 03        	ldy     #$03
000884r 1  91 rr        	sta     (sp),y
000886r 1  C8           	iny
000887r 1  8A           	txa
000888r 1  91 rr        	sta     (sp),y
00088Ar 1  A0 08        	ldy     #$08
00088Cr 1  B1 rr        	lda     (sp),y
00088Er 1  A0 02        	ldy     #$02
000890r 1  91 rr        	sta     (sp),y
000892r 1  A0 07        	ldy     #$07
000894r 1  B1 rr        	lda     (sp),y
000896r 1  AA           	tax
000897r 1  88           	dey
000898r 1  B1 rr        	lda     (sp),y
00089Ar 1  A0 00        	ldy     #$00
00089Cr 1  91 rr        	sta     (sp),y
00089Er 1  C8           	iny
00089Fr 1  8A           	txa
0008A0r 1  91 rr        	sta     (sp),y
0008A2r 1  A0 05        	ldy     #$05
0008A4r 1  B1 rr        	lda     (sp),y
0008A6r 1  20 rr rr     	jsr     _outline_valid
0008A9r 1  C9 00        	cmp     #$00
0008ABr 1  F0 7D        	beq     L01FF
0008ADr 1  20 rr rr     	jsr     decsp6
0008B0r 1  A9 00        	lda     #$00
0008B2r 1  A0 05        	ldy     #$05
0008B4r 1  91 rr        	sta     (sp),y
0008B6r 1  A0 0E        	ldy     #$0E
0008B8r 1  B1 rr        	lda     (sp),y
0008BAr 1  AA           	tax
0008BBr 1  88           	dey
0008BCr 1  B1 rr        	lda     (sp),y
0008BEr 1  A0 03        	ldy     #$03
0008C0r 1  91 rr        	sta     (sp),y
0008C2r 1  C8           	iny
0008C3r 1  8A           	txa
0008C4r 1  91 rr        	sta     (sp),y
0008C6r 1  A0 0C        	ldy     #$0C
0008C8r 1  B1 rr        	lda     (sp),y
0008CAr 1  A0 02        	ldy     #$02
0008CCr 1  91 rr        	sta     (sp),y
0008CEr 1  A0 08        	ldy     #$08
0008D0r 1  B1 rr        	lda     (sp),y
0008D2r 1  AA           	tax
0008D3r 1  88           	dey
0008D4r 1  B1 rr        	lda     (sp),y
0008D6r 1  A0 00        	ldy     #$00
0008D8r 1  91 rr        	sta     (sp),y
0008DAr 1  C8           	iny
0008DBr 1  8A           	txa
0008DCr 1  91 rr        	sta     (sp),y
0008DEr 1  A0 06        	ldy     #$06
0008E0r 1  B1 rr        	lda     (sp),y
0008E2r 1  20 rr rr     	jsr     _prepare_outline
0008E5r 1  20 rr rr     	jsr     decsp6
0008E8r 1  A9 0F        	lda     #$0F
0008EAr 1  A0 05        	ldy     #$05
0008ECr 1  91 rr        	sta     (sp),y
0008EEr 1  A0 0B        	ldy     #$0B
0008F0r 1  B1 rr        	lda     (sp),y
0008F2r 1  AA           	tax
0008F3r 1  88           	dey
0008F4r 1  B1 rr        	lda     (sp),y
0008F6r 1  A0 03        	ldy     #$03
0008F8r 1  91 rr        	sta     (sp),y
0008FAr 1  C8           	iny
0008FBr 1  8A           	txa
0008FCr 1  91 rr        	sta     (sp),y
0008FEr 1  A0 09        	ldy     #$09
000900r 1  B1 rr        	lda     (sp),y
000902r 1  A0 02        	ldy     #$02
000904r 1  91 rr        	sta     (sp),y
000906r 1  A0 08        	ldy     #$08
000908r 1  B1 rr        	lda     (sp),y
00090Ar 1  AA           	tax
00090Br 1  88           	dey
00090Cr 1  B1 rr        	lda     (sp),y
00090Er 1  A0 00        	ldy     #$00
000910r 1  91 rr        	sta     (sp),y
000912r 1  C8           	iny
000913r 1  8A           	txa
000914r 1  91 rr        	sta     (sp),y
000916r 1  A0 06        	ldy     #$06
000918r 1  B1 rr        	lda     (sp),y
00091Ar 1  20 rr rr     	jsr     _prepare_outline
00091Dr 1  A9 02        	lda     #$02
00091Fr 1  8D 7F F3     	sta     $F37F
000922r 1  20 rr rr     	jsr     _udeks_vic_bitmap_outline_blit
000925r 1  A9 15        	lda     #$15
000927r 1  20 rr rr     	jsr     _increment_counter
00092Ar 1  A0 09        L01FF:	ldy     #$09
00092Cr 1  4C rr rr     	jmp     addysp
00092Fr 1               
00092Fr 1               .endproc
00092Fr 1               
00092Fr 1               ; ---------------------------------------------------------------
00092Fr 1               ; void __near__ udeks_vic_bitmap_commit (void)
00092Fr 1               ; ---------------------------------------------------------------
00092Fr 1               
00092Fr 1               .segment	"CODE"
00092Fr 1               
00092Fr 1               .proc	_udeks_vic_bitmap_commit: near
00092Fr 1               
00092Fr 1               .segment	"CODE"
00092Fr 1               
00092Fr 1  20 rr rr     	jsr     decsp1
000932r 1  AD B5 F1     	lda     $F1B5
000935r 1  C9 03        	cmp     #$03
000937r 1  D0 38        	bne     L0220
000939r 1  A9 00        	lda     #$00
00093Br 1  A8           	tay
00093Cr 1  91 rr        L033B:	sta     (sp),y
00093Er 1  C9 20        	cmp     #$20
000940r 1  B0 2A        	bcs     L0227
000942r 1  A2 E1        	ldx     #$E1
000944r 1  A9 90        	lda     #$90
000946r 1  18           	clc
000947r 1  71 rr        	adc     (sp),y
000949r 1  90 01        	bcc     L0232
00094Br 1  E8           	inx
00094Cr 1  85 rr        L0232:	sta     ptr1
00094Er 1  86 rr        	stx     ptr1+1
000950r 1  B1 rr        	lda     (ptr1),y
000952r 1  F0 10        	beq     L033D
000954r 1  B1 rr        	lda     (sp),y
000956r 1  20 rr rr     	jsr     _udeks_vic_bitmap_commit_page
000959r 1  A0 00        	ldy     #$00
00095Br 1  B1 rr        	lda     (sp),y
00095Dr 1  A8           	tay
00095Er 1  A9 00        	lda     #$00
000960r 1  99 90 E1     	sta     $E190,y
000963r 1  A8           	tay
000964r 1  18           L033D:	clc
000965r 1  A9 01        	lda     #$01
000967r 1  71 rr        	adc     (sp),y
000969r 1  4C rr rr     	jmp     L033B
00096Cr 1  A9 15        L0227:	lda     #$15
00096Er 1  20 rr rr     	jsr     _increment_counter
000971r 1  4C rr rr     L0220:	jmp     incsp1
000974r 1               
000974r 1               .endproc
000974r 1               
000974r 1               ; ---------------------------------------------------------------
000974r 1               ; void __near__ increment_counter (unsigned char)
000974r 1               ; ---------------------------------------------------------------
000974r 1               
000974r 1               .segment	"CODE"
000974r 1               
000974r 1               .proc	_increment_counter: near
000974r 1               
000974r 1               .segment	"CODE"
000974r 1               
000974r 1  20 rr rr     	jsr     pusha
000977r 1  A0 00        	ldy     #$00
000979r 1  B1 rr        	lda     (sp),y
00097Br 1  18           	clc
00097Cr 1  69 B0        	adc     #$B0
00097Er 1  85 rr        	sta     ptr1
000980r 1  98           	tya
000981r 1  69 F1        	adc     #$F1
000983r 1  85 rr        	sta     ptr1+1
000985r 1  A9 01        	lda     #$01
000987r 1  18           	clc
000988r 1  71 rr        	adc     (ptr1),y
00098Ar 1  91 rr        	sta     (ptr1),y
00098Cr 1  B1 rr        	lda     (sp),y
00098Er 1  18           	clc
00098Fr 1  69 B0        	adc     #$B0
000991r 1  85 rr        	sta     ptr1
000993r 1  98           	tya
000994r 1  69 F1        	adc     #$F1
000996r 1  85 rr        	sta     ptr1+1
000998r 1  B1 rr        	lda     (ptr1),y
00099Ar 1  D0 1A        	bne     L0009
00099Cr 1  AA           	tax
00099Dr 1  B1 rr        	lda     (sp),y
00099Fr 1  18           	clc
0009A0r 1  69 01        	adc     #$01
0009A2r 1  90 02        	bcc     L033E
0009A4r 1  E8           	inx
0009A5r 1  18           	clc
0009A6r 1  69 B0        L033E:	adc     #$B0
0009A8r 1  85 rr        	sta     ptr1
0009AAr 1  8A           	txa
0009ABr 1  69 F1        	adc     #$F1
0009ADr 1  85 rr        	sta     ptr1+1
0009AFr 1  A9 01        	lda     #$01
0009B1r 1  18           	clc
0009B2r 1  71 rr        	adc     (ptr1),y
0009B4r 1  91 rr        	sta     (ptr1),y
0009B6r 1  4C rr rr     L0009:	jmp     incsp1
0009B9r 1               
0009B9r 1               .endproc
0009B9r 1               
0009B9r 1               ; ---------------------------------------------------------------
0009B9r 1               ; void __near__ apply_pointer (unsigned int, unsigned char)
0009B9r 1               ; ---------------------------------------------------------------
0009B9r 1               
0009B9r 1               .segment	"CODE"
0009B9r 1               
0009B9r 1               .proc	_apply_pointer: near
0009B9r 1               
0009B9r 1               .segment	"CODE"
0009B9r 1               
0009B9r 1  20 rr rr     	jsr     pusha
0009BCr 1  A0 02        	ldy     #$02
0009BEr 1  B1 rr        	lda     (sp),y
0009C0r 1  AA           	tax
0009C1r 1  88           	dey
0009C2r 1  B1 rr        	lda     (sp),y
0009C4r 1  20 rr rr     	jsr     _udeks_vic_pointer_set_x
0009C7r 1  A0 00        	ldy     #$00
0009C9r 1  B1 rr        	lda     (sp),y
0009CBr 1  20 rr rr     	jsr     _udeks_vic_pointer_set_y
0009CEr 1  A0 01        	ldy     #$01
0009D0r 1  B1 rr        	lda     (sp),y
0009D2r 1  8D BA F1     	sta     $F1BA
0009D5r 1  C8           	iny
0009D6r 1  B1 rr        	lda     (sp),y
0009D8r 1  8D BB F1     	sta     $F1BB
0009DBr 1  A0 00        	ldy     #$00
0009DDr 1  B1 rr        	lda     (sp),y
0009DFr 1  8D BC F1     	sta     $F1BC
0009E2r 1  4C rr rr     	jmp     incsp3
0009E5r 1               
0009E5r 1               .endproc
0009E5r 1               
0009E5r 1               ; ---------------------------------------------------------------
0009E5r 1               ; void __near__ update_pointer (void)
0009E5r 1               ; ---------------------------------------------------------------
0009E5r 1               
0009E5r 1               .segment	"CODE"
0009E5r 1               
0009E5r 1               .proc	_update_pointer: near
0009E5r 1               
0009E5r 1               .segment	"CODE"
0009E5r 1               
0009E5r 1  20 rr rr     	jsr     decsp3
0009E8r 1  20 rr rr     	jsr     _udeks_pointer_x
0009EBr 1  A0 01        	ldy     #$01
0009EDr 1  20 rr rr     	jsr     staxysp
0009F0r 1  20 rr rr     	jsr     _udeks_pointer_y
0009F3r 1  A0 00        	ldy     #$00
0009F5r 1  91 rr        	sta     (sp),y
0009F7r 1  C8           	iny
0009F8r 1  B1 rr        	lda     (sp),y
0009FAr 1  CD BA F1     	cmp     $F1BA
0009FDr 1  D0 0F        	bne     L0341
0009FFr 1  AD BB F1     	lda     $F1BB
000A02r 1  20 rr rr     	jsr     pusha0
000A05r 1  A0 04        	ldy     #$04
000A07r 1  B1 rr        	lda     (sp),y
000A09r 1  20 rr rr     	jsr     tosicmp0
000A0Cr 1  F0 18        	beq     L002D
000A0Er 1  A0 02        L0341:	ldy     #$02
000A10r 1  B1 rr        	lda     (sp),y
000A12r 1  AA           	tax
000A13r 1  88           	dey
000A14r 1  B1 rr        	lda     (sp),y
000A16r 1  20 rr rr     	jsr     _udeks_vic_pointer_set_x
000A19r 1  A0 01        	ldy     #$01
000A1Br 1  B1 rr        	lda     (sp),y
000A1Dr 1  8D BA F1     	sta     $F1BA
000A20r 1  C8           	iny
000A21r 1  B1 rr        	lda     (sp),y
000A23r 1  8D BB F1     	sta     $F1BB
000A26r 1  A0 00        L002D:	ldy     #$00
000A28r 1  B1 rr        	lda     (sp),y
000A2Ar 1  CD BC F1     	cmp     $F1BC
000A2Dr 1  F0 0A        	beq     L0044
000A2Fr 1  20 rr rr     	jsr     _udeks_vic_pointer_set_y
000A32r 1  A0 00        	ldy     #$00
000A34r 1  B1 rr        	lda     (sp),y
000A36r 1  8D BC F1     	sta     $F1BC
000A39r 1  4C rr rr     L0044:	jmp     incsp3
000A3Cr 1               
000A3Cr 1               .endproc
000A3Cr 1               
000A3Cr 1               ; ---------------------------------------------------------------
000A3Cr 1               ; unsigned int __near__ bitmap_offset (unsigned int, unsigned char)
000A3Cr 1               ; ---------------------------------------------------------------
000A3Cr 1               
000A3Cr 1               .segment	"CODE"
000A3Cr 1               
000A3Cr 1               .proc	_bitmap_offset: near
000A3Cr 1               
000A3Cr 1               .segment	"CODE"
000A3Cr 1               
000A3Cr 1  20 rr rr     	jsr     pusha
000A3Fr 1  20 rr rr     	jsr     decsp2
000A42r 1  A0 02        	ldy     #$02
000A44r 1  B1 rr        	lda     (sp),y
000A46r 1  A2 00        	ldx     #$00
000A48r 1  29 F8        	and     #$F8
000A4Ar 1  20 rr rr     	jsr     stax0sp
000A4Dr 1  20 rr rr     	jsr     shlax4
000A50r 1  86 rr        	stx     tmp1
000A52r 1  0A           	asl     a
000A53r 1  26 rr        	rol     tmp1
000A55r 1  A6 rr        	ldx     tmp1
000A57r 1  85 rr        	sta     ptr1
000A59r 1  86 rr        	stx     ptr1+1
000A5Br 1  A0 01        	ldy     #$01
000A5Dr 1  B1 rr        	lda     (sp),y
000A5Fr 1  AA           	tax
000A60r 1  88           	dey
000A61r 1  B1 rr        	lda     (sp),y
000A63r 1  20 rr rr     	jsr     shlax3
000A66r 1  18           	clc
000A67r 1  65 rr        	adc     ptr1
000A69r 1  85 rr        	sta     ptr1
000A6Br 1  8A           	txa
000A6Cr 1  65 rr        	adc     ptr1+1
000A6Er 1  85 rr        	sta     ptr1+1
000A70r 1  A0 04        	ldy     #$04
000A72r 1  B1 rr        	lda     (sp),y
000A74r 1  AA           	tax
000A75r 1  88           	dey
000A76r 1  B1 rr        	lda     (sp),y
000A78r 1  29 F8        	and     #$F8
000A7Ar 1  18           	clc
000A7Br 1  65 rr        	adc     ptr1
000A7Dr 1  85 rr        	sta     ptr1
000A7Fr 1  8A           	txa
000A80r 1  65 rr        	adc     ptr1+1
000A82r 1  85 rr        	sta     ptr1+1
000A84r 1  88           	dey
000A85r 1  B1 rr        	lda     (sp),y
000A87r 1  29 07        	and     #$07
000A89r 1  18           	clc
000A8Ar 1  65 rr        	adc     ptr1
000A8Cr 1  A6 rr        	ldx     ptr1+1
000A8Er 1  90 01        	bcc     L0342
000A90r 1  E8           	inx
000A91r 1  4C rr rr     L0342:	jmp     incsp5
000A94r 1               
000A94r 1               .endproc
000A94r 1               
000A94r 1               ; ---------------------------------------------------------------
000A94r 1               ; unsigned int __near__ unsigned_magnitude (int)
000A94r 1               ; ---------------------------------------------------------------
000A94r 1               
000A94r 1               .segment	"CODE"
000A94r 1               
000A94r 1               .proc	_unsigned_magnitude: near
000A94r 1               
000A94r 1               .segment	"CODE"
000A94r 1               
000A94r 1  20 rr rr     	jsr     pushax
000A97r 1  A0 01        	ldy     #$01
000A99r 1  B1 rr        	lda     (sp),y
000A9Br 1  AA           	tax
000A9Cr 1  88           	dey
000A9Dr 1  E0 80        	cpx     #$80
000A9Fr 1  90 0D        	bcc     L005C
000AA1r 1  C8           	iny
000AA2r 1  B1 rr        	lda     (sp),y
000AA4r 1  AA           	tax
000AA5r 1  88           	dey
000AA6r 1  B1 rr        	lda     (sp),y
000AA8r 1  20 rr rr     	jsr     negax
000AABr 1  4C rr rr     	jmp     incsp2
000AAEr 1  C8           L005C:	iny
000AAFr 1  B1 rr        	lda     (sp),y
000AB1r 1  AA           	tax
000AB2r 1  88           	dey
000AB3r 1  B1 rr        	lda     (sp),y
000AB5r 1  4C rr rr     	jmp     incsp2
000AB8r 1               
000AB8r 1               .endproc
000AB8r 1               
000AB8r 1               ; ---------------------------------------------------------------
000AB8r 1               ; void __near__ outline_word (unsigned char, unsigned char, unsigned int)
000AB8r 1               ; ---------------------------------------------------------------
000AB8r 1               
000AB8r 1               .segment	"CODE"
000AB8r 1               
000AB8r 1               .proc	_outline_word: near
000AB8r 1               
000AB8r 1               .segment	"CODE"
000AB8r 1               
000AB8r 1  20 rr rr     	jsr     pushax
000ABBr 1  A2 00        	ldx     #$00
000ABDr 1  A0 02        	ldy     #$02
000ABFr 1  B1 rr        	lda     (sp),y
000AC1r 1  18           	clc
000AC2r 1  C8           	iny
000AC3r 1  71 rr        	adc     (sp),y
000AC5r 1  90 02        	bcc     L0345
000AC7r 1  E8           	inx
000AC8r 1  18           	clc
000AC9r 1  69 80        L0345:	adc     #$80
000ACBr 1  85 rr        	sta     ptr1
000ACDr 1  8A           	txa
000ACEr 1  69 F3        	adc     #$F3
000AD0r 1  85 rr        	sta     ptr1+1
000AD2r 1  A0 00        	ldy     #$00
000AD4r 1  B1 rr        	lda     (sp),y
000AD6r 1  91 rr        	sta     (ptr1),y
000AD8r 1  A2 00        	ldx     #$00
000ADAr 1  A0 02        	ldy     #$02
000ADCr 1  B1 rr        	lda     (sp),y
000ADEr 1  18           	clc
000ADFr 1  C8           	iny
000AE0r 1  71 rr        	adc     (sp),y
000AE2r 1  90 02        	bcc     L0346
000AE4r 1  E8           	inx
000AE5r 1  18           	clc
000AE6r 1  69 01        L0346:	adc     #$01
000AE8r 1  90 02        	bcc     L0347
000AEAr 1  E8           	inx
000AEBr 1  18           	clc
000AECr 1  69 80        L0347:	adc     #$80
000AEEr 1  85 rr        	sta     ptr1
000AF0r 1  8A           	txa
000AF1r 1  69 F3        	adc     #$F3
000AF3r 1  85 rr        	sta     ptr1+1
000AF5r 1  A0 01        	ldy     #$01
000AF7r 1  B1 rr        	lda     (sp),y
000AF9r 1  88           	dey
000AFAr 1  91 rr        	sta     (ptr1),y
000AFCr 1  4C rr rr     	jmp     incsp4
000AFFr 1               
000AFFr 1               .endproc
000AFFr 1               
000AFFr 1               ; ---------------------------------------------------------------
000AFFr 1               ; void __near__ prepare_outline (unsigned char, unsigned int, unsigned char, unsigned int, unsigned char)
000AFFr 1               ; ---------------------------------------------------------------
000AFFr 1               
000AFFr 1               .segment	"CODE"
000AFFr 1               
000AFFr 1               .proc	_prepare_outline: near
000AFFr 1               
000AFFr 1               .segment	"CODE"
000AFFr 1               
000AFFr 1  20 rr rr     	jsr     pusha
000B02r 1  20 rr rr     	jsr     decsp5
000B05r 1  A0 09        	ldy     #$09
000B07r 1  B1 rr        	lda     (sp),y
000B09r 1  A0 06        	ldy     #$06
000B0Br 1  18           	clc
000B0Cr 1  71 rr        	adc     (sp),y
000B0Er 1  48           	pha
000B0Fr 1  A0 0A        	ldy     #$0A
000B11r 1  B1 rr        	lda     (sp),y
000B13r 1  A0 07        	ldy     #$07
000B15r 1  71 rr        	adc     (sp),y
000B17r 1  AA           	tax
000B18r 1  68           	pla
000B19r 1  38           	sec
000B1Ar 1  E9 01        	sbc     #$01
000B1Cr 1  B0 01        	bcs     L0183
000B1Er 1  CA           	dex
000B1Fr 1  A0 03        L0183:	ldy     #$03
000B21r 1  20 rr rr     	jsr     staxysp
000B24r 1  A0 05        	ldy     #$05
000B26r 1  B1 rr        	lda     (sp),y
000B28r 1  18           	clc
000B29r 1  A0 08        	ldy     #$08
000B2Br 1  71 rr        	adc     (sp),y
000B2Dr 1  38           	sec
000B2Er 1  E9 01        	sbc     #$01
000B30r 1  A0 02        	ldy     #$02
000B32r 1  91 rr        	sta     (sp),y
000B34r 1  A0 0C        	ldy     #$0C
000B36r 1  20 rr rr     	jsr     pushwysp
000B39r 1  A0 0A        	ldy     #$0A
000B3Br 1  B1 rr        	lda     (sp),y
000B3Dr 1  20 rr rr     	jsr     _bitmap_offset
000B40r 1  48           	pha
000B41r 1  8A           	txa
000B42r 1  18           	clc
000B43r 1  69 60        	adc     #$60
000B45r 1  AA           	tax
000B46r 1  68           	pla
000B47r 1  20 rr rr     	jsr     stax0sp
000B4Ar 1  20 rr rr     	jsr     decsp2
000B4Dr 1  A0 0D        	ldy     #$0D
000B4Fr 1  B1 rr        	lda     (sp),y
000B51r 1  A0 01        	ldy     #$01
000B53r 1  91 rr        	sta     (sp),y
000B55r 1  A9 00        	lda     #$00
000B57r 1  88           	dey
000B58r 1  91 rr        	sta     (sp),y
000B5Ar 1  A0 03        	ldy     #$03
000B5Cr 1  B1 rr        	lda     (sp),y
000B5Er 1  AA           	tax
000B5Fr 1  88           	dey
000B60r 1  B1 rr        	lda     (sp),y
000B62r 1  20 rr rr     	jsr     _outline_word
000B65r 1  A0 0C        	ldy     #$0C
000B67r 1  20 rr rr     	jsr     pushwysp
000B6Ar 1  A0 04        	ldy     #$04
000B6Cr 1  B1 rr        	lda     (sp),y
000B6Er 1  20 rr rr     	jsr     _bitmap_offset
000B71r 1  48           	pha
000B72r 1  8A           	txa
000B73r 1  18           	clc
000B74r 1  69 60        	adc     #$60
000B76r 1  AA           	tax
000B77r 1  68           	pla
000B78r 1  20 rr rr     	jsr     stax0sp
000B7Br 1  20 rr rr     	jsr     decsp2
000B7Er 1  A0 0D        	ldy     #$0D
000B80r 1  B1 rr        	lda     (sp),y
000B82r 1  A0 01        	ldy     #$01
000B84r 1  91 rr        	sta     (sp),y
000B86r 1  A9 02        	lda     #$02
000B88r 1  88           	dey
000B89r 1  91 rr        	sta     (sp),y
000B8Br 1  A0 03        	ldy     #$03
000B8Dr 1  B1 rr        	lda     (sp),y
000B8Fr 1  AA           	tax
000B90r 1  88           	dey
000B91r 1  B1 rr        	lda     (sp),y
000B93r 1  20 rr rr     	jsr     _outline_word
000B96r 1  A0 0B        	ldy     #$0B
000B98r 1  A2 00        	ldx     #$00
000B9Ar 1  B1 rr        	lda     (sp),y
000B9Cr 1  18           	clc
000B9Dr 1  69 04        	adc     #$04
000B9Fr 1  90 02        	bcc     L0349
000BA1r 1  E8           	inx
000BA2r 1  18           	clc
000BA3r 1  69 80        L0349:	adc     #$80
000BA5r 1  48           	pha
000BA6r 1  8A           	txa
000BA7r 1  69 F3        	adc     #$F3
000BA9r 1  AA           	tax
000BAAr 1  68           	pla
000BABr 1  20 rr rr     	jsr     pushax
000BAEr 1  A0 06        	ldy     #$06
000BB0r 1  B1 rr        	lda     (sp),y
000BB2r 1  AA           	tax
000BB3r 1  88           	dey
000BB4r 1  B1 rr        	lda     (sp),y
000BB6r 1  20 rr rr     	jsr     shrax3
000BB9r 1  20 rr rr     	jsr     pushax
000BBCr 1  A0 0E        	ldy     #$0E
000BBEr 1  B1 rr        	lda     (sp),y
000BC0r 1  AA           	tax
000BC1r 1  88           	dey
000BC2r 1  B1 rr        	lda     (sp),y
000BC4r 1  20 rr rr     	jsr     shrax3
000BC7r 1  20 rr rr     	jsr     tossubax
000BCAr 1  18           	clc
000BCBr 1  69 01        	adc     #$01
000BCDr 1  A0 00        	ldy     #$00
000BCFr 1  20 rr rr     	jsr     staspidx
000BD2r 1  A0 0B        	ldy     #$0B
000BD4r 1  A2 00        	ldx     #$00
000BD6r 1  B1 rr        	lda     (sp),y
000BD8r 1  18           	clc
000BD9r 1  69 05        	adc     #$05
000BDBr 1  90 02        	bcc     L034A
000BDDr 1  E8           	inx
000BDEr 1  18           	clc
000BDFr 1  69 80        L034A:	adc     #$80
000BE1r 1  85 rr        	sta     ptr1
000BE3r 1  8A           	txa
000BE4r 1  69 F3        	adc     #$F3
000BE6r 1  85 rr        	sta     ptr1+1
000BE8r 1  A0 09        	ldy     #$09
000BEAr 1  B1 rr        	lda     (sp),y
000BECr 1  29 07        	and     #$07
000BEEr 1  A8           	tay
000BEFr 1  A9 FF        	lda     #$FF
000BF1r 1  4A           L0350:	lsr     a
000BF2r 1  88           	dey
000BF3r 1  10 FC        	bpl     L0350
000BF5r 1  2A           	rol     a
000BF6r 1  A0 00        	ldy     #$00
000BF8r 1  91 rr        	sta     (ptr1),y
000BFAr 1  A0 0B        	ldy     #$0B
000BFCr 1  A2 00        	ldx     #$00
000BFEr 1  B1 rr        	lda     (sp),y
000C00r 1  18           	clc
000C01r 1  69 06        	adc     #$06
000C03r 1  90 02        	bcc     L034B
000C05r 1  E8           	inx
000C06r 1  18           	clc
000C07r 1  69 80        L034B:	adc     #$80
000C09r 1  85 rr        	sta     ptr1
000C0Br 1  8A           	txa
000C0Cr 1  69 F3        	adc     #$F3
000C0Er 1  85 rr        	sta     ptr1+1
000C10r 1  A0 03        	ldy     #$03
000C12r 1  B1 rr        	lda     (sp),y
000C14r 1  29 07        	and     #$07
000C16r 1  A8           	tay
000C17r 1  A9 7F        	lda     #$7F
000C19r 1  4A           L0351:	lsr     a
000C1Ar 1  88           	dey
000C1Br 1  10 FC        	bpl     L0351
000C1Dr 1  2A           	rol     a
000C1Er 1  49 FF        	eor     #$FF
000C20r 1  A0 00        	ldy     #$00
000C22r 1  91 rr        	sta     (ptr1),y
000C24r 1  A0 0C        	ldy     #$0C
000C26r 1  20 rr rr     	jsr     pushwysp
000C29r 1  A0 0A        	ldy     #$0A
000C2Br 1  B1 rr        	lda     (sp),y
000C2Dr 1  18           	clc
000C2Er 1  69 01        	adc     #$01
000C30r 1  20 rr rr     	jsr     _bitmap_offset
000C33r 1  48           	pha
000C34r 1  8A           	txa
000C35r 1  18           	clc
000C36r 1  69 60        	adc     #$60
000C38r 1  AA           	tax
000C39r 1  68           	pla
000C3Ar 1  20 rr rr     	jsr     stax0sp
000C3Dr 1  20 rr rr     	jsr     decsp2
000C40r 1  A0 0D        	ldy     #$0D
000C42r 1  B1 rr        	lda     (sp),y
000C44r 1  A0 01        	ldy     #$01
000C46r 1  91 rr        	sta     (sp),y
000C48r 1  A9 07        	lda     #$07
000C4Ar 1  88           	dey
000C4Br 1  91 rr        	sta     (sp),y
000C4Dr 1  A0 03        	ldy     #$03
000C4Fr 1  B1 rr        	lda     (sp),y
000C51r 1  AA           	tax
000C52r 1  88           	dey
000C53r 1  B1 rr        	lda     (sp),y
000C55r 1  20 rr rr     	jsr     _outline_word
000C58r 1  A0 0B        	ldy     #$0B
000C5Ar 1  A2 00        	ldx     #$00
000C5Cr 1  B1 rr        	lda     (sp),y
000C5Er 1  18           	clc
000C5Fr 1  69 09        	adc     #$09
000C61r 1  90 02        	bcc     L034C
000C63r 1  E8           	inx
000C64r 1  18           	clc
000C65r 1  69 80        L034C:	adc     #$80
000C67r 1  85 rr        	sta     ptr1
000C69r 1  8A           	txa
000C6Ar 1  69 F3        	adc     #$F3
000C6Cr 1  85 rr        	sta     ptr1+1
000C6Er 1  A0 09        	ldy     #$09
000C70r 1  B1 rr        	lda     (sp),y
000C72r 1  29 07        	and     #$07
000C74r 1  A8           	tay
000C75r 1  A9 80        	lda     #$80
000C77r 1  4A           L0352:	lsr     a
000C78r 1  88           	dey
000C79r 1  10 FC        	bpl     L0352
000C7Br 1  2A           	rol     a
000C7Cr 1  A0 00        	ldy     #$00
000C7Er 1  91 rr        	sta     (ptr1),y
000C80r 1  A0 06        	ldy     #$06
000C82r 1  20 rr rr     	jsr     pushwysp
000C85r 1  A0 0A        	ldy     #$0A
000C87r 1  B1 rr        	lda     (sp),y
000C89r 1  18           	clc
000C8Ar 1  69 01        	adc     #$01
000C8Cr 1  20 rr rr     	jsr     _bitmap_offset
000C8Fr 1  48           	pha
000C90r 1  8A           	txa
000C91r 1  18           	clc
000C92r 1  69 60        	adc     #$60
000C94r 1  AA           	tax
000C95r 1  68           	pla
000C96r 1  20 rr rr     	jsr     stax0sp
000C99r 1  20 rr rr     	jsr     decsp2
000C9Cr 1  A0 0D        	ldy     #$0D
000C9Er 1  B1 rr        	lda     (sp),y
000CA0r 1  A0 01        	ldy     #$01
000CA2r 1  91 rr        	sta     (sp),y
000CA4r 1  A9 0A        	lda     #$0A
000CA6r 1  88           	dey
000CA7r 1  91 rr        	sta     (sp),y
000CA9r 1  A0 03        	ldy     #$03
000CABr 1  B1 rr        	lda     (sp),y
000CADr 1  AA           	tax
000CAEr 1  88           	dey
000CAFr 1  B1 rr        	lda     (sp),y
000CB1r 1  20 rr rr     	jsr     _outline_word
000CB4r 1  A0 0B        	ldy     #$0B
000CB6r 1  A2 00        	ldx     #$00
000CB8r 1  B1 rr        	lda     (sp),y
000CBAr 1  18           	clc
000CBBr 1  69 0C        	adc     #$0C
000CBDr 1  90 02        	bcc     L034D
000CBFr 1  E8           	inx
000CC0r 1  18           	clc
000CC1r 1  69 80        L034D:	adc     #$80
000CC3r 1  85 rr        	sta     ptr1
000CC5r 1  8A           	txa
000CC6r 1  69 F3        	adc     #$F3
000CC8r 1  85 rr        	sta     ptr1+1
000CCAr 1  A0 03        	ldy     #$03
000CCCr 1  B1 rr        	lda     (sp),y
000CCEr 1  29 07        	and     #$07
000CD0r 1  A8           	tay
000CD1r 1  A9 80        	lda     #$80
000CD3r 1  4A           L0353:	lsr     a
000CD4r 1  88           	dey
000CD5r 1  10 FC        	bpl     L0353
000CD7r 1  2A           	rol     a
000CD8r 1  A0 00        	ldy     #$00
000CDAr 1  91 rr        	sta     (ptr1),y
000CDCr 1  A0 0B        	ldy     #$0B
000CDEr 1  A2 00        	ldx     #$00
000CE0r 1  B1 rr        	lda     (sp),y
000CE2r 1  18           	clc
000CE3r 1  69 0D        	adc     #$0D
000CE5r 1  90 02        	bcc     L034E
000CE7r 1  E8           	inx
000CE8r 1  18           	clc
000CE9r 1  69 80        L034E:	adc     #$80
000CEBr 1  85 rr        	sta     ptr1
000CEDr 1  8A           	txa
000CEEr 1  69 F3        	adc     #$F3
000CF0r 1  85 rr        	sta     ptr1+1
000CF2r 1  A0 05        	ldy     #$05
000CF4r 1  B1 rr        	lda     (sp),y
000CF6r 1  38           	sec
000CF7r 1  E9 02        	sbc     #$02
000CF9r 1  A0 00        	ldy     #$00
000CFBr 1  91 rr        	sta     (ptr1),y
000CFDr 1  A0 0B        	ldy     #$0B
000CFFr 1  A2 00        	ldx     #$00
000D01r 1  B1 rr        	lda     (sp),y
000D03r 1  18           	clc
000D04r 1  69 0E        	adc     #$0E
000D06r 1  90 02        	bcc     L034F
000D08r 1  E8           	inx
000D09r 1  18           	clc
000D0Ar 1  69 80        L034F:	adc     #$80
000D0Cr 1  85 rr        	sta     ptr1
000D0Er 1  8A           	txa
000D0Fr 1  69 F3        	adc     #$F3
000D11r 1  85 rr        	sta     ptr1+1
000D13r 1  A0 08        	ldy     #$08
000D15r 1  B1 rr        	lda     (sp),y
000D17r 1  18           	clc
000D18r 1  69 01        	adc     #$01
000D1Ar 1  29 07        	and     #$07
000D1Cr 1  A0 00        	ldy     #$00
000D1Er 1  91 rr        	sta     (ptr1),y
000D20r 1  A0 0C        	ldy     #$0C
000D22r 1  4C rr rr     	jmp     addysp
000D25r 1               
000D25r 1               .endproc
000D25r 1               
000D25r 1               ; ---------------------------------------------------------------
000D25r 1               ; unsigned char __near__ outline_valid (unsigned int, unsigned char, unsigned int, unsigned char)
000D25r 1               ; ---------------------------------------------------------------
000D25r 1               
000D25r 1               .segment	"CODE"
000D25r 1               
000D25r 1               .proc	_outline_valid: near
000D25r 1               
000D25r 1               .segment	"CODE"
000D25r 1               
000D25r 1  20 rr rr     	jsr     pusha
000D28r 1  A0 02        	ldy     #$02
000D2Ar 1  B1 rr        	lda     (sp),y
000D2Cr 1  AA           	tax
000D2Dr 1  88           	dey
000D2Er 1  B1 rr        	lda     (sp),y
000D30r 1  C9 02        	cmp     #$02
000D32r 1  8A           	txa
000D33r 1  E9 00        	sbc     #$00
000D35r 1  A9 00        	lda     #$00
000D37r 1  AA           	tax
000D38r 1  90 40        	bcc     L0357
000D3Ar 1  A1 rr        	lda     (sp,x)
000D3Cr 1  C9 03        	cmp     #$03
000D3Er 1  8A           	txa
000D3Fr 1  90 39        	bcc     L0357
000D41r 1  A0 04        	ldy     #$04
000D43r 1  B1 rr        	lda     (sp),y
000D45r 1  A0 01        	ldy     #$01
000D47r 1  18           	clc
000D48r 1  71 rr        	adc     (sp),y
000D4Ar 1  48           	pha
000D4Br 1  A0 05        	ldy     #$05
000D4Dr 1  B1 rr        	lda     (sp),y
000D4Fr 1  A0 02        	ldy     #$02
000D51r 1  71 rr        	adc     (sp),y
000D53r 1  AA           	tax
000D54r 1  68           	pla
000D55r 1  E0 01        	cpx     #$01
000D57r 1  D0 02        	bne     L01E5
000D59r 1  C9 41        	cmp     #$41
000D5Br 1  B0 13        L01E5:	bcs     L01E4
000D5Dr 1  A2 00        	ldx     #$00
000D5Fr 1  A1 rr        	lda     (sp,x)
000D61r 1  18           	clc
000D62r 1  C8           	iny
000D63r 1  71 rr        	adc     (sp),y
000D65r 1  90 01        	bcc     L0354
000D67r 1  E8           	inx
000D68r 1  E0 00        L0354:	cpx     #$00
000D6Ar 1  D0 02        	bne     L01E6
000D6Cr 1  C9 C9        	cmp     #$C9
000D6Er 1  90 06        L01E6:	bcc     L01E3
000D70r 1  A2 00        L01E4:	ldx     #$00
000D72r 1  8A           	txa
000D73r 1  4C rr rr     	jmp     incsp6
000D76r 1  A9 01        L01E3:	lda     #$01
000D78r 1  A2 00        	ldx     #$00
000D7Ar 1  4C rr rr     L0357:	jmp     incsp6
000D7Dr 1               
000D7Dr 1               .endproc
000D7Dr 1               
000D7Dr 1               
