PC=FF74 1581=AF5F jam=0 rawIEC=1 fdc=00 track=0 sector=0 request=00/00/00 exit=0
PC=E4AE 1581=AD37 jam=0 rawIEC=1 fdc=80 track=3 sector=7 request=00/00/00 exit=0
PC=E498 1581=AD2F jam=0 rawIEC=1 fdc=00 track=6 sector=7 request=00/00/00 exit=0
PC=E3BC 1581=CD1D jam=0 rawIEC=1 fdc=81 track=0 sector=0 request=00/00/00 exit=0
PC=E498 1581=AE1B jam=0 rawIEC=1 fdc=80 track=4 sector=10 request=00/00/00 exit=0
PC=E49D 1581=AD37 jam=0 rawIEC=1 fdc=00 track=8 sector=8 request=00/00/00 exit=0
PC=E6F8 1581=ACF9 jam=0 rawIEC=1 fdc=80 track=10 sector=2 request=01/01/00 exit=0
PC=F4C8 1581=B11E jam=0 rawIEC=1 fdc=00 track=11 sector=8 request=01/06/00 exit=0
command xview: PC=7318 1581=B11E jam=0 rawIEC=1 fdc=00 track=17 sector=5 request=00/10/00 exit=0
VDC RAM : 64 KB                                           [ OK ]
INITIALIZING CONSOLE ...                                  [ OK ]
VIDEO : PAL / VDC 8568                                    [ OK ]
REU : NOT PRESENT                                         [ -- ]
GEORAM : NOT PRESENT                                      [ -- ]
8502 EXECUTIVE : 1 MHZ                                    [ OK ]
Z80 WORKER : READY                                        [ OK ]
IEC DRIVER HEADER ...                                     [ OK ]
BOOTFS HEADER ...                                         [ OK ]
                                                                
SYSTEM READY.                                                   
                                                                
WELCOME TO UDEKS.                                               
                                                                
                                                                
svc load /TIME.SVC                                              
                                                                
UDEKS:~> time: ready                                            
UDEKS:~> xview                                                  
xview FILE.CBM                                                  
UDEKS:~>                                                        
command xview /missing.cbm: PC=732D 1581=B126 jam=0 rawIEC=1 fdc=00 track=39 sector=1 request=00/10/00 exit=0
VIDEO : PAL / VDC 8568                                    [ OK ]
REU : NOT PRESENT                                         [ -- ]
GEORAM : NOT PRESENT                                      [ -- ]
8502 EXECUTIVE : 1 MHZ                                    [ OK ]
Z80 WORKER : READY                                        [ OK ]
IEC DRIVER HEADER ...                                     [ OK ]
BOOTFS HEADER ...                                         [ OK ]
                                                                
SYSTEM READY.                                                   
                                                                
WELCOME TO UDEKS.                                               
                                                                
                                                                
svc load /TIME.SVC                                              
                                                                
UDEKS:~> time: ready                                            
UDEKS:~> xview                                                  
xview FILE.CBM                                                  
UDEKS:~> xview /missing.cbm                                     
xview: No such file or directory                                
UDEKS:~>                                                        
command xview /bad.cbm: PC=94D9 1581=B11E jam=0 rawIEC=1 fdc=80 track=17 sector=10 request=00/10/00 exit=0
GEORAM : NOT PRESENT                                      [ -- ]
8502 EXECUTIVE : 1 MHZ                                    [ OK ]
Z80 WORKER : READY                                        [ OK ]
IEC DRIVER HEADER ...                                     [ OK ]
BOOTFS HEADER ...                                         [ OK ]
                                                                
SYSTEM READY.                                                   
                                                                
WELCOME TO UDEKS.                                               
                                                                
                                                                
svc load /TIME.SVC                                              
                                                                
UDEKS:~> time: ready                                            
UDEKS:~> xview                                                  
xview FILE.CBM                                                  
UDEKS:~> xview /missing.cbm                                     
xview: No such file or directory                                
UDEKS:~> xview /bad.cbm                                         
xview: Invalid CBM picture                                      
UDEKS:~>                                                        
command xview /trail.cbm: PC=6959 1581=B11D jam=0 rawIEC=1 fdc=80 track=17 sector=9 request=00/10/00 exit=0
Z80 WORKER : READY                                        [ OK ]
IEC DRIVER HEADER ...                                     [ OK ]
BOOTFS HEADER ...                                         [ OK ]
                                                                
SYSTEM READY.                                                   
                                                                
WELCOME TO UDEKS.                                               
                                                                
                                                                
svc load /TIME.SVC                                              
                                                                
UDEKS:~> time: ready                                            
UDEKS:~> xview                                                  
xview FILE.CBM                                                  
UDEKS:~> xview /missing.cbm                                     
xview: No such file or directory                                
UDEKS:~> xview /bad.cbm                                         
xview: Invalid CBM picture                                      
UDEKS:~> xview /trail.cbm                                       
xview: Invalid CBM picture                                      
UDEKS:~>                                                        
command xview /pad.cbm: PC=A15E 1581=B11B jam=0 rawIEC=1 fdc=80 track=17 sector=8 request=00/10/00 exit=0
BOOTFS HEADER ...                                         [ OK ]
                                                                
SYSTEM READY.                                                   
                                                                
WELCOME TO UDEKS.                                               
                                                                
                                                                
svc load /TIME.SVC                                              
                                                                
UDEKS:~> time: ready                                            
UDEKS:~> xview                                                  
xview FILE.CBM                                                  
UDEKS:~> xview /missing.cbm                                     
xview: No such file or directory                                
UDEKS:~> xview /bad.cbm                                         
xview: Invalid CBM picture                                      
UDEKS:~> xview /trail.cbm                                       
xview: Invalid CBM picture                                      
UDEKS:~> xview /pad.cbm                                         
xview: Invalid CBM picture                                      
UDEKS:~>                                                        
command xview /trunc.cbm: PC=7329 1581=B119 jam=0 rawIEC=1 fdc=00 track=18 sector=2 request=00/10/00 exit=0
SYSTEM READY.                                                   
                                                                
WELCOME TO UDEKS.                                               
                                                                
                                                                
svc load /TIME.SVC                                              
                                                                
UDEKS:~> time: ready                                            
UDEKS:~> xview                                                  
xview FILE.CBM                                                  
UDEKS:~> xview /missing.cbm                                     
xview: No such file or directory                                
UDEKS:~> xview /bad.cbm                                         
xview: Invalid CBM picture                                      
UDEKS:~> xview /trail.cbm                                       
xview: Invalid CBM picture                                      
UDEKS:~> xview /pad.cbm                                         
xview: Invalid CBM picture                                      
UDEKS:~> xview /trunc.cbm                                       
xview: Invalid CBM picture                                      
UDEKS:~>                                                        
command xview /big.cbm: PC=8796 1581=B117 jam=0 rawIEC=1 fdc=80 track=17 sector=10 request=00/10/00 exit=0
WELCOME TO UDEKS.                                               
                                                                
                                                                
svc load /TIME.SVC                                              
                                                                
UDEKS:~> time: ready                                            
UDEKS:~> xview                                                  
xview FILE.CBM                                                  
UDEKS:~> xview /missing.cbm                                     
xview: No such file or directory                                
UDEKS:~> xview /bad.cbm                                         
xview: Invalid CBM picture                                      
UDEKS:~> xview /trail.cbm                                       
xview: Invalid CBM picture                                      
UDEKS:~> xview /pad.cbm                                         
xview: Invalid CBM picture                                      
UDEKS:~> xview /trunc.cbm                                       
xview: Invalid CBM picture                                      
UDEKS:~> xview /big.cbm                                         
xview: Picture exceeds viewer limits                            
UDEKS:~>                                                        
command: xview /alex128.cbm & -> accepted (Return release=2629 frames)
PASS pixels initial 128x80 at 24,18
command xview /clock160.cbm: PC=66FE 1581=B119 jam=0 rawIEC=1 fdc=00 track=17 sector=7 request=00/10/00 exit=0
svc load /TIME.SVC                                              
                                                                
UDEKS:~> time: ready                                            
UDEKS:~> xview                                                  
xview FILE.CBM                                                  
UDEKS:~> xview /missing.cbm                                     
xview: No such file or directory                                
UDEKS:~> xview /bad.cbm                                         
xview: Invalid CBM picture                                      
UDEKS:~> xview /trail.cbm                                       
xview: Invalid CBM picture                                      
UDEKS:~> xview /pad.cbm                                         
xview: Invalid CBM picture                                      
UDEKS:~> xview /trunc.cbm                                       
xview: Invalid CBM picture                                      
UDEKS:~> xview /big.cbm                                         
xview: Picture exceeds viewer limits                            
UDEKS:~> xview /alex128.cbm &                                   
UDEKS:~> xview /clock160.cbm                                    
xview: Not enough display memory                                
UDEKS:~>                                                        
PASS pixels dragged 128x80 at 54,48
command: xclock & -> accepted (Return release=2137 frames)
command: xclock -q -> accepted (Return release=46 frames)
PASS pixels uncovered 128x80 at 54,48
command: xview -q -> accepted (Return release=71 frames)
command: xview /clock160.cbm & -> accepted (Return release=3122 frames)
PASS pixels CLOCK160 160x100 at 24,18
command: xview -q -> accepted (Return release=72 frames)
command: xview /odd.cbm & -> accepted (Return release=3097 frames)
PASS pixels ODD 9x7 at 24,18
command: xview -q -> accepted (Return release=55 frames)
command: xview /dense.cbm & -> accepted (Return release=2680 frames)
PASS pixels DENSE 128x51 at 24,18
command: xview -q -> accepted (Return release=66 frames)
command: xview /alex128.cbm & -> accepted (Return release=2680 frames)
PASS pixels aside 128x80 at 184,18
command: xview /clockwork.cbm -> accepted (Return release=3448 frames)
PASS pixels second 96x58 at 24,18
PASS pixels pair 128x80 at 184,18
PASS pixels survivor 128x80 at 184,18
command: xview -q -> accepted (Return release=67 frames)
command: xview /alex2.cbm & -> accepted (Return release=2615 frames)
command: xclock & -> accepted (Return release=1745 frames)
command: xwave & -> accepted (Return release=1783 frames)
command: xwave -q -> accepted (Return release=163 frames)
command: xclock -q -> accepted (Return release=64 frames)
PASS pixels small-uncovered 56x61 at 24,18
command: xview -q -> accepted (Return release=61 frames)
command: xview /alex128.cbm -> accepted (Return release=3890 frames)
PASS active upload 988 bytes
command cat /hello: PC=649F 1581=B10F jam=0 rawIEC=1 fdc=80 track=10 sector=5 request=00/10/00 exit=0
UDEKS:~> xview /clock160.cbm &                                  
UDEKS:~> xview -q                                               
UDEKS:~> xview /odd.cbm &                                       
UDEKS:~> xview -q                                               
UDEKS:~> xview /dense.cbm &                                     
UDEKS:~> xview -q                                               
UDEKS:~> xview /alex128.cbm &                                   
UDEKS:~> xview /clockwork.cbm                                   
Interrupted                                                     
UDEKS:~> xview -q                                               
UDEKS:~> xview /alex2.cbm &                                     
UDEKS:~> xclock &                                               
UDEKS:~> xwave &                                                
UDEKS:~> xwave -q                                               
UDEKS:~> xclock -q                                              
UDEKS:~> xview -q                                               
UDEKS:~> xview /alex128.cbm                                     
Interrupted                                                     
UDEKS:~> cat /hello                                             
HELLO UDEKS                                                     
UDEKS:~>                                                        
command: xview /alex128.cbm -> accepted (Return release=3841 frames)
PASS active upload 969 bytes
command cat /hello: PC=94D7 1581=B125 jam=0 rawIEC=1 fdc=80 track=10 sector=2 request=00/10/00 exit=0
UDEKS:~> xview -q                                               
UDEKS:~> xview /dense.cbm &                                     
UDEKS:~> xview -q                                               
UDEKS:~> xview /alex128.cbm &                                   
UDEKS:~> xview /clockwork.cbm                                   
Interrupted                                                     
UDEKS:~> xview -q                                               
UDEKS:~> xview /alex2.cbm &                                     
UDEKS:~> xclock &                                               
UDEKS:~> xwave &                                                
UDEKS:~> xwave -q                                               
UDEKS:~> xclock -q                                              
UDEKS:~> xview -q                                               
UDEKS:~> xview /alex128.cbm                                     
Interrupted                                                     
UDEKS:~> cat /hello                                             
HELLO UDEKS                                                     
UDEKS:~> xview /alex128.cbm                                     
UDEKS:~> cat /hello                                             
HELLO UDEKS                                                     
UDEKS:~>                                                        
command: echo packed viewer passed -> accepted (Return release=46 frames)
PASS packed xview: large/odd/dense files, errors, OOM isolation, native drag/uncover, peers, pending Ctrl+C/close, stream reuse, guards
