command: echo smoke -> accepted (Return release=188 frames)
history: count=1 recalls=0 -> 1 scan=83
command: xinit -> accepted (Return release=200 frames)
command: xclock & -> accepted (Return release=248 frames)
command: xwave -> accepted (Return release=334 frames)
stress 0: x=3 y=1 row=0 column=12 PC=$2188 release=279 frames
stress 1: x=40 y=24 row=0 column=4 PC=$45FD release=210 frames
stress 2: x=77 y=47 row=0 column=4 PC=$44F0 release=218 frames
stress 3: x=114 y=70 row=0 column=4 PC=$91F7 release=219 frames
stress 4: x=151 y=93 row=0 column=4 PC=$91A2 release=212 frames
stress 5: x=35 y=19 row=0 column=4 PC=$5D7D release=266 frames
stress 6: x=72 y=42 row=0 column=4 PC=$0A95 release=217 frames
stress 7: x=109 y=65 row=0 column=4 PC=$91A7 release=217 frames
stress 8: x=146 y=88 row=0 column=4 PC=$9009 release=215 frames
stress 9: x=30 y=14 row=0 column=4 PC=$919F release=268 frames
stress 10: x=67 y=37 row=0 column=4 PC=$618F release=219 frames
stress 11: x=104 y=60 row=0 column=4 PC=$8EF6 release=216 frames
stress 12: x=141 y=83 row=0 column=4 PC=$5DD2 release=217 frames
stress 13: x=25 y=9 row=0 column=4 PC=$91A0 release=265 frames
stress 14: x=62 y=32 row=0 column=4 PC=$21E8 release=214 frames
stress 15: x=99 y=55 row=0 column=4 PC=$5F03 release=218 frames
stress 16: x=136 y=78 row=21 column=0 PC=$8F71 release=217 frames
stress 17: x=20 y=4 row=0 column=4 PC=$9193 release=266 frames
stress 18: x=57 y=27 row=0 column=4 PC=$9314 release=215 frames
stress 19: x=94 y=50 row=0 column=4 PC=$91A2 release=217 frames
stress 20: x=131 y=73 row=0 column=4 PC=$5DD6 release=220 frames
stress 21: x=15 y=96 row=0 column=4 PC=$0ABF release=230 frames
stress 22: x=52 y=22 row=0 column=4 PC=$220D release=243 frames
stress 23: x=89 y=45 row=0 column=4 PC=$5E16 release=219 frames
stress 24: x=126 y=68 row=0 column=4 PC=$5D2F release=218 frames
stress 25: x=10 y=91 row=0 column=4 PC=$91A3 release=230 frames
stress 26: x=47 y=17 row=0 column=4 PC=$444F release=242 frames
stress 27: x=84 y=40 row=0 column=4 PC=$9309 release=219 frames
stress 28: x=121 y=63 row=0 column=4 PC=$90E0 release=218 frames
stress 29: x=5 y=86 row=0 column=4 PC=$919F release=236 frames
stress 30: x=42 y=12 row=0 column=4 PC=$91DE release=243 frames
stress 31: x=79 y=35 row=0 column=4 PC=$8F64 release=218 frames
replay: completed in 674 PAL frames after last release; leases=21
latency: drag release max partial=279 cached=266; completed-wave cancellation=174 PAL frames
command: echo console alive -> accepted (Return release=190 frames)
PASS: repeated native wave drags and console cancellation
