cc65 -t none --cpu 6502 --standard c99 -Os -I include -o build/8502/root_terminal.s src/services/terminal/root_terminal.c
cc65 -t none --cpu 6502 --standard c99 -Os -I include -o build/8502/shell.s src/services/shell/shell.c
ca65 --cpu 6502 -D UDEKS_USH_BSS=368 -o build/user/ush_bounds.o user/lib/ush_bounds.s
python3 tools/build_bootfs.py --max-size 0x1000 \
	--entry mount=build/user/mount-recovery.udx --entry umount=build/user/mount-recovery.udx \
	--entry ush=build/user/ush-recovery.udx build/user/bootfs.img
python3 tools/build_graphical_example.py --source user/bin/xclock_native.c --source user/lib/clock_face.c \
	--name XCLOCK --output build/user/native-clock --graphics-abi 10 --static-locals --capacity 2816 \
	--export _udeks_native_clock_commands --export _udeks_native_clock_presents
python3 tools/build_graphical_example.py --source user/bin/xwave_native.c --source user/lib/wave_paths.c \
	--name XWAVE --output build/user/native-wave --graphics-abi 12 --static-locals --capacity 4096 \
	--export _native_wave_samples --export _native_wave_paths --export _native_wave_rows \
	--export _native_wave_presents --export _native_wave_failure --export _native_wave_width --export _native_wave_height
python3 tools/build_graphical_example.py --source user/bin/xcalc_native.c --source src/apps/calc.c \
	--name XCALC --output build/user/native-calc --capacity 4608 --export _udeks_calc_value --export _udeks_calc_error
python3 tools/build_graphical_example.py --source user/bin/xdraw.c --name XDRAW \
	--output build/user/native-draw --capacity 2560 --export _udeks_xdraw_cells
python3 tools/build_graphical_example.py --source user/bin/xsprdef.c --source user/bin/xspr_file.c --name XSPRDEF \
	--graphics-abi 17 --output build/user/native-xsprdef --static-locals --capacity 7424 \
	--export _udeks_xsprdef_pixels --export _udeks_xsprdef_bank --export _udeks_xsprdef_dialog --export _udeks_xsprdef_file_error
python3 tools/check_service_request.py
python3 tools/check_console_parser.py
ca65 --cpu 6502 -I src/8502 -o build/8502/root_terminal.o build/8502/root_terminal.s
ca65 --cpu 6502 -I src/8502 -o build/8502/shell.o build/8502/shell.s
cl65 -t none --cpu 6502 -C cfg/8502-user-bank1.cfg \
	-m build/user/ush.map -o build/user/ush.bin build/user/poll_entry.o build/user/task_stream.o build/user/ush.o build/user/startup.o build/user/ush_bounds.o
Independent XDRAW.BIN: 1781 bytes
cl65 -t none --cpu 6502 -C cfg/8502-bootstrap.cfg -m build/8502/udeks-8502.map \
	$(cat build/8502/capability-force-imports.txt) \
	$(cat build/8502/boot-console-force-imports.txt) \
	-u _udeks_bootfs_finish_error -u _udeks_bootfs_finish_ok \
	-u _udeks_line_editor_get_line -u _udeks_banked_pages_init \
	-u _udeks_time_slot_request -u _udeks_time_slot_state -u _udeks_service_start_phase -u _udeks_service_start_result \
	-o build/8502/udeks-8502.bin \
	build/8502/banked_graphics.o build/8502/graphics_event.o build/8502/banked_access.o build/8502/retained_paths.o build/8502/kernel_entry.o build/8502/crt0.o build/8502/vdc.o build/8502/keyboard_scan.o build/8502/control_ports.o build/8502/line_editor_read.o build/8502/z80_handoff.o build/8502/vic_graphics_transport.o build/8502/panic.o build/8502/probe.o build/8502/clock.o build/8502/syscall_gate.o build/8502/task_bank_gateway.o build/8502/kernel.o build/8502/service_start.o build/8502/boot_console_entry.o build/8502/service_registry.o build/8502/service_table.o build/8502/capability_descriptor.o build/8502/time_descriptor.o build/8502/clock_descriptor.o build/8502/console_descriptor.o build/8502/pointer_descriptor.o build/8502/keyboard_descriptor.o build/8502/root_terminal_descriptor.o build/8502/init_descriptor.o build/8502/z80_worker_descriptor.o build/8502/vic_graphics_descriptor.o build/8502/window_descriptor.o build/8502/managed_apps_descriptor.o build/8502/bootfs_request.o build/8502/time-slot.o build/8502/time-resident.o build/8502/vdc_console.o build/8502/app_panel.o build/8502/root_console.o build/8502/window_manager.o build/8502/cache_transport.o build/8502/keyboard.o build/8502/pointer.o build/8502/nmi.o build/8502/line_editor.o build/8502/root_terminal.o build/8502/terminal_stream.o build/8502/shell_parser.o build/8502/shell.o build/8502/z80_worker.o build/8502/task_worker.o build/8502/vic_graphics.o build/8502/vic_span.o build/8502/vic_pixel.o build/8502/vic_rectangle.o build/8502/vic_clear.o build/8502/managed_apps.o build/8502/vdc_text_assets.o
Independent XCLOCK.BIN: 2775 bytes
cp build/user/native-draw/XDRAW.BIN build/user/xdraw.udx
Independent XSPRDEF.BIN: 6920 bytes
Independent XWAVE.BIN: 2483 bytes
python3 tools/build_udex.py --cpu 8502 --load-address 0x9000 \
	--entry-address 0x9000 --bss-size 0x0170 --flags 0x01 build/user/ush.bin build/user/ush.udx
cp build/user/native-clock/XCLOCK.BIN build/user/xclock.udx
cl65 -t sim6502 --standard c99 -Os -I include -c -o build/8502/rectangle-test.o bench/graphics-delta/rectangle.c
Independent XCALC.BIN: 4599 bytes
cp build/user/native-xsprdef/XSPRDEF.BIN build/user/xsprdef.udx
cl65 -t sim6502 --standard c99 -Os -I include -c -o build/8502/input-test.o bench/graphics-input/check.c
cp build/user/native-wave/XWAVE.BIN build/user/xwave.udx
ca65 -o build/8502/rectangle-test-stack.o bench/graphics-delta/stack.s
cl65 -t none --cpu 6502 -C cfg/8502-panic-probe.cfg \
	$(cat build/8502/capability-force-imports.txt) \
	$(cat build/8502/boot-console-force-imports.txt) \
	-u _udeks_bootfs_finish_error -u _udeks_bootfs_finish_ok \
	-u _udeks_line_editor_get_line -u _udeks_banked_pages_init \
	-u _udeks_time_slot_request -u _udeks_time_slot_state -u _udeks_service_start_phase -u _udeks_service_start_result \
	-m build/8502/udeks-8502-panic-probe.map \
	-o build/8502/udeks-8502-panic-probe.bin \
	build/8502/banked_graphics.o build/8502/graphics_event.o build/8502/banked_access.o build/8502/retained_paths.o build/8502/kernel_entry.o build/8502/crt0.o build/8502/vdc.o build/8502/keyboard_scan.o build/8502/control_ports.o build/8502/line_editor_read.o build/8502/z80_handoff.o build/8502/vic_graphics_transport.o build/8502/panic.o build/8502/probe.o build/8502/clock.o build/8502/syscall_gate.o build/8502/task_bank_gateway.o build/8502/kernel.o build/8502/service_start.o build/8502/boot_console_entry.o build/8502/service_registry.o build/8502/service_table.o build/8502/capability_descriptor.o build/8502/time_descriptor.o build/8502/clock_descriptor.o build/8502/console_descriptor_fault.o build/8502/pointer_descriptor.o build/8502/keyboard_descriptor.o build/8502/root_terminal_descriptor.o build/8502/init_descriptor.o build/8502/z80_worker_descriptor.o build/8502/vic_graphics_descriptor.o build/8502/window_descriptor.o build/8502/managed_apps_descriptor.o build/8502/bootfs_request.o build/8502/time-slot.o build/8502/time-resident.o build/8502/vdc_console.o build/8502/app_panel.o build/8502/root_console.o build/8502/window_manager.o build/8502/cache_transport.o build/8502/keyboard.o build/8502/pointer.o build/8502/nmi.o build/8502/line_editor.o build/8502/root_terminal.o build/8502/terminal_stream.o build/8502/shell_parser.o build/8502/shell.o build/8502/z80_worker.o build/8502/task_worker.o build/8502/vic_graphics.o build/8502/vic_span.o build/8502/vic_pixel.o build/8502/vic_rectangle.o build/8502/vic_clear.o build/8502/managed_apps.o build/8502/vdc_text_assets.o
python3 tools/check_console_input.py
ca65 -o build/8502/rectangle-test-asm.o src/services/display/vic_rectangle.s
cp build/user/native-calc/XCALC.BIN build/user/xcalc.udx
cl65 -t sim6502 -o build/8502/rectangle-test build/8502/rectangle-test.o \
	build/8502/rectangle-test-stack.o build/8502/rectangle-test-asm.o
test -s build/8502/udeks-module.bin
ca65 -D UDEKS_INPUT_TEST -o build/8502/input-test-asm.o src/services/window/graphics_event.s
test -s build/boot/task-request-gateway.bin
test -s build/boot/bootfs-request-service.bin
cl65 -t sim6502 -o build/8502/input-test build/8502/input-test.o build/8502/input-test-asm.o
test -s build/boot/task-bank-gateway.bin
sim65 build/8502/rectangle-test
sim65 build/8502/input-test
python3 tools/gen_capability_imports.py bridge build/8502/hardware_capability.o \
	build/8502/udeks-8502.map build/8502/udeks-8502-panic-probe.map build/8502/capability-bridge.s
python3 tools/gen_scheduler_overlay_imports.py bridge \
	build/8502/task_state.o \
	build/8502/task_scheduler.o build/8502/task-wait-state.o \
	build/8502/scheduler-runtime/and.o build/8502/scheduler-runtime/aslax2.o \
	--maps build/8502/udeks-8502.map build/8502/udeks-8502-panic-probe.map build/8502/scheduler-overlay-bridge.s
PASS 1028 production rectangle calls: arguments and cc65 stack
python3 tools/gen_boot_console_imports.py bridge build/8502/boot_console.o \
	build/8502/udeks-8502.map build/8502/udeks-8502-panic-probe.map build/8502/boot-console-bridge.s
PASS 2048 real-6502 input cases, geometry, copy and request guards
python3 tools/build_window_cache.py layout build/8502/udeks-8502.map build/8502/udeks-8502-panic-probe.map build/window-cache/layout.json
python3 tools/default_service_layout.py
ca65 --cpu 6502 -I src/8502 -o build/8502/capability-bridge.o build/8502/capability-bridge.s
ld65 -C cfg/8502-boot-capability.cfg -m build/8502/8502-capability.map \
	-o build/boot/8502-capability.bin build/8502/hardware_capability.o \
	build/8502/capability-bridge.o
python3 tools/gen_capability_imports.py constants build/boot/8502-capability.bin \
	build/boot/8502-boot-delivery.bin \
	build/8502/udeks-8502.map build/8502/udeks-8502-panic-probe.map build/8502/capability-delivery.inc \
	build/8502/capability-installer.cfg
ca65 --cpu 6502 -I src/8502 -o build/8502/boot-console-bridge.o build/8502/boot-console-bridge.s
ca65 --cpu 6502 -I src/8502 -o build/8502/scheduler-overlay-bridge.o build/8502/scheduler-overlay-bridge.s
ld65 -C cfg/8502-boot-console.cfg -m build/8502/8502-boot-console.map \
	-o build/boot/8502-boot-console.bin build/8502/boot_console.o \
	build/8502/boot-console-bridge.o
ld65 -C cfg/8502-scheduler-overlay.cfg \
	-m build/8502/udeks-scheduler-overlay.map -o build/8502/udeks-scheduler-overlay-page.bin \
	-u _udeks_lifecycle_apply -u _udeks_scheduler_select_next \
	-u _udeks_lifecycle_slots_private \
	-u _udeks_lifecycle_current_private \
	-u _udeks_lifecycle_last_event_private \
	-u _udeks_lifecycle_rejected_private \
	-u _udeks_task_wait_reset \
	-u _udeks_task_wait_publish_current \
	-u _udeks_task_wait_state_private \
	-u _udeks_task_wait_operation_private \
	-u _udeks_task_wait_sequence_private \
	-u _udeks_task_wait_descriptor_private \
	-u _udeks_task_wait_count_private \
	-u _udeks_task_wait_flags_private \
	-u _udeks_task_wait_selector_private \
	-u _udeks_task_wait_selector_high_private \
	-u _udeks_task_wait_child_private \
	-u _udeks_task_wait_status_private \
	-u _udeks_task_cancel_request \
	-u _udeks_task_poll_request \
	-u _udeks_task_console_get_line \
	-u _udeks_task_sleep_poll \
	-u _udeks_task_tick_advance \
	-u _udeks_monotonic_ticks_low -u _udeks_monotonic_ticks_high \
	build/8502/scheduler.o build/8502/task_state.o \
	build/8502/task_scheduler.o build/8502/task-wait-state.o \
	build/8502/scheduler-runtime/and.o \
	build/8502/scheduler-runtime/aslax2.o build/8502/scheduler-overlay-bridge.o
python3 tools/gen_disk_loader_bindings.py build/8502/udeks-scheduler-overlay.map build/8502/disk-loader-bindings.inc --kernel-map build/8502/udeks-8502.map
python3 tools/gen_task_context_imports.py \
	build/8502/task_context.o build/8502/udeks-scheduler-overlay.map build/8502/task-context-bridge.s
{
  "variants": {
    "normal": {
      "live_end": 37800,
      "remaining_before_slot": 40,
      "startup_bytes": 518,
      "slot_base": 37840,
      "slot_limit": 38568
    },
    "panic": {
      "live_end": 37800,
      "remaining_before_slot": 40,
      "startup_bytes": 518,
      "slot_base": 37840,
      "slot_limit": 38568
    }
  },
  "module": {
    "base": 37840,
    "image_size": 710,
    "bss_size": 7,
    "allocation": 717,
    "spare": 11,
    "revision": 1,
    "request": 37888,
    "start": 38136,
    "poll": 38267,
    "stop": 38506,
    "checksum": 16217
  }
}
ca65 --cpu 6502 -I build/8502 -o build/boot/capability-installer.o src/boot/capability-installer.s
ld65 -C build/8502/capability-installer.cfg -o build/boot/capability-installer.bin build/boot/capability-installer.o
ca65 --cpu 6502 -I src/8502 -o build/8502/task-context-bridge.o build/8502/task-context-bridge.s
ld65 -C cfg/8502-task-context.cfg -m build/8502/task-context-binding.map \
	-u _udeks_task_context_save_current \
	-u _udeks_task_contexts_private \
	-u _udeks_task_context_current_private \
	-o build/8502/task-context-binding.bin build/8502/task_context.o \
	build/8502/task-context-bridge.o build/8502/task_context_vectors.o
python3 tools/gen_task_yield_imports.py build/8502/task-yield-handler.o \
	build/8502/udeks-scheduler-overlay.map build/8502/task-context-binding.map \
	build/8502/udeks-8502.map build/8502/udeks-8502-panic-probe.map build/8502/task-yield-bridge.s
ca65 --cpu 6502 -I build/8502 -o build/boot/stage1-gateway.o src/boot/stage1-gateway.s
ca65 --cpu 6502 -D UDEKS_DISK_TIME -I build/8502 -o build/storage/router.o src/services/filesystem/iec_router.s
ld65 -C cfg/8502-storage-router.cfg -o build/storage/router.bin build/storage/router.o
ld65 -C cfg/8502-stage1-gateway.cfg \
	-m build/boot/stage1-gateway.map -u banked_access -o build/boot/stage1-gateway.bin build/boot/stage1-gateway.o
python3 tools/gen_banked_bindings.py build/boot/stage1-gateway.map build/8502/udeks-scheduler-overlay.map build/8502/task-context-binding.map build/8502/udeks-8502.map build/boot/banked-bindings.inc
PASS 2048 owner checks (all task ids); 6270 guarded whole-line reads
FAIL owner 3/0: 0/1
PASS negative control: background ownership bypass rejected
PASS real request envelope, reserved fields, startup and trusted caller rejection (no module/snapshot/CIA mutation)
PASS abandoned foreground lease cleanup; other retirements leave it alone; bad COMMIT goes offline
PASS private console ZP, live software stack and decimal flag restored; real TIME.SVC start/poll/stop/reload; 1832 calls
PASS negative control: missing private/root software-stack bridge detected
ca65 --cpu 6502 -I src/8502 -o build/8502/task-yield-bridge.o build/8502/task-yield-bridge.s
ld65 -C cfg/8502-task-yield-handler.cfg -o build/8502/task-yield-handler.bin \
	build/8502/task-yield-handler.o build/8502/task-yield-bridge.o
ca65 --cpu 6502 -I build/boot -o build/boot/banked-loader.o src/services/app/banked_loader.s
ld65 -C cfg/8502-banked-loader.cfg -m build/boot/banked-loader.map \
	-u banked_owned -u banked_headers -u banked_end -o build/boot/banked-loader.bin build/boot/banked-loader.o
python3 tools/build_scheduler_overlay.py \
	build/8502/udeks-scheduler-overlay-page.bin build/8502/udeks-scheduler-overlay-tail.bin \
	build/8502/udeks-scheduler-overlay.map build/boot/scheduler-overlay.prg \
	build/8502/scheduler-overlay-delivery.inc \
	--activation-context build/8502/task-context-binding.bin \
	--activation-context-map build/8502/task-context-binding.map \
	--activation-tail build/8502/task-switch-tail.bin \
	--activation-yield-handler build/8502/task-yield-handler.bin \
	--activation-vectors build/8502/task-context-vectors.bin --window-cache build/window-cache/module.bin \
	--storage build/storage --ush build/user/ush.bin --task-lookup build/boot/task-lookup.bin \
	--banked-loader build/boot/banked-loader.bin --banked-reloc build/boot/banked-reloc.bin \
	--banked-access build/boot/banked-access.bin \
	--banked-graphics build/8502/banked-graphics.bin --retained-paths build/8502/retained-paths.bin
ca65 --cpu 6502 -D UDEKS_WINDOW_CACHE -I build/8502 -o build/boot/stage1.o src/boot/stage1.s
ca65 --cpu 6502 -I build/8502 -o build/boot/task-switch-activation.o src/boot/task-switch-activation.s
ca65 --cpu 6502 -I build/8502 -o build/boot/scheduler-tail-installer.o src/boot/scheduler-tail-installer.s
python3 tools/placement_audit.py --verify
ld65 -C cfg/8502-task-switch-activation.cfg -o build/boot/task-switch-activation.bin build/boot/task-switch-activation.o
ld65 -C cfg/8502-stage1.cfg -o build/boot/stage1.bin build/boot/stage1.o
ld65 -C cfg/8502-scheduler-tail-installer.cfg -o build/boot/scheduler-tail-installer.bin build/boot/scheduler-tail-installer.o
python3 tools/gen_boot_console_imports.py constants \
	build/boot/8502-boot-console.bin build/boot/8502-boot-delivery.bin \
	build/boot/8502-capability.bin build/boot/capability-installer.bin \
	build/boot/task-switch-activation.bin \
	build/8502/udeks-8502.map build/8502/udeks-8502-panic-probe.map build/8502/boot-console-delivery.inc
ca65 --cpu 6502 -I build/8502 -o build/boot/boot-console-installer.o src/boot/boot-console-installer.s
ld65 -C cfg/8502-boot-console-installer.cfg -o build/boot/boot-console-installer.bin build/boot/boot-console-installer.o
python3 tools/build_d71.py --stage0 build/boot/stage0.bin \
	--stage1 build/boot/stage1.bin --kernel build/8502/udeks-8502.bin --z80 build/z80/udeks-z80.bin \
	--boot-delivery build/boot/8502-boot-delivery.bin \
	--crt0 build/boot/8502-crt0.bin --probe build/boot/8502-probe.bin \
	--map build/8502/udeks-8502.map \
	--scheduler-overlay build/boot/scheduler-overlay.prg --secondary-bootfs \
	--scheduler-tail-installer build/boot/scheduler-tail-installer.bin \
	--busy-sprite build/assets/24x21-pipe-sprite.vic \
	--capability build/boot/8502-capability.bin \
	--capability-installer build/boot/capability-installer.bin \
	--boot-console build/boot/8502-boot-console.bin \
	--task-switch-activation build/boot/task-switch-activation.bin \
	--boot-console-installer build/boot/boot-console-installer.bin \
	--bootfs build/user/bootfs.img \
	--module build/8502/udeks-module.bin \
	--ush build/user/ush.udx \
	--task-loader build/boot/task-loader.bin \
	--task-request-gateway build/boot/task-request-gateway.bin \
	--bootfs-request-service build/boot/bootfs-request-service.bin \
	--task-bank-gateway build/boot/task-bank-gateway.bin \
	--hello bench/iec-directory/hello.txt \
	--rc user/etc/rc --sysinfo build/user/sysinfo.udx --command SVC=build/services/command/SVC.BIN --data-file TIME.SVC=build/services/time/TIME.SVC --d71-full-capacity \
	--xclock build/user/xclock.udx --xwave build/user/xwave.udx --xcalc build/user/xcalc.udx --xdraw build/user/xdraw.udx --xsprdef build/user/xsprdef.udx \
	--command COWSAY=build/user/cowsay.udx --command DATE=build/user/date.udx \
	--command LS=build/user/filetools.udx --command CAT=build/user/filetools.udx \
	--command UNAME=build/user/diagnostics.udx --command LSHW=build/user/diagnostics.udx \
	--command LSMOD=build/user/diagnostics.udx --command LSCPU=build/user/diagnostics.udx \
	--command Z80CTL=build/user/diagnostics.udx \
	--command MOUNT=build/user/mount.udx --command UMOUNT=build/user/mount.udx \
	--command SAVE=build/user/save.udx \
	--command CP=build/file-commands/cp/CP.BIN --command MV=build/file-commands/mv/MV.BIN --command RM=build/file-commands/rm/RM.BIN \
	--d64-no-xsprdef --d64-output build/boot/udeks.d64 build/boot/udeks.d71
placement audit OK
PASS tokenizer: 11520 CPU comparisons, exact mutation and guards
PASS negative control: incorrect tab splitting rejected
PASS argument copy/entry: counts 0/1/3/8, length 54, guards, padding, calling convention, fail-closed ABI
python3 tools/build_d81.py build/boot/udeks.d71 build/boot/udeks.d81
python3 tools/graphics_app_layout.py --build build \
	--output build/four-apps/layout.json
{
  "status": "four independent graphical executables; placement verified",
  "baseline_apps": {
    "xclock": {
      "file": 2775,
      "image": 2189,
      "bss": 369,
      "allocation": 2558,
      "fits": [
        3,
        4,
        5
      ]
    },
    "xwave": {
      "file": 2483,
      "image": 1891,
      "bss": 1857,
      "allocation": 3748,
      "fits": [
        3,
        5
      ]
    },
    "xcalc": {
      "file": 4599,
      "image": 3747,
      "bss": 412,
      "allocation": 4159,
      "fits": [
        3
      ]
    },
    "xdraw": {
      "file": 1781,
      "image": 1479,
      "bss": 354,
      "allocation": 1833,
      "fits": [
        3,
        4,
        5,
        6
      ]
    }
  },
  "coexistence_launch_orders": 24,
  "proposed": [
    {
      "name": "app 3 image+BSS",
      "bank": 1,
      "start": 8960,
      "limit": 13312
    },
    {
      "name": "app 3 software stack/guards/exit",
      "bank": 1,
      "start": 13312,
      "limit": 13568
    },
    {
      "name": "app 3 zero page",
      "bank": 1,
      "start": 54528,
      "limit": 54784
    },
    {
      "name": "app 3 hardware stack",
      "bank": 1,
      "start": 54784,
      "limit": 55040
    },
    {
      "name": "app 4 image+BSS",
      "bank": 1,
      "start": 13568,
      "limit": 16128
    },
    {
      "name": "app 4 software stack/guards/exit",
      "bank": 1,
      "start": 16128,
      "limit": 16384
    },
    {
      "name": "app 4 zero page",
      "bank": 1,
      "start": 55040,
      "limit": 55296
    },
    {
      "name": "app 4 hardware stack",
      "bank": 1,
      "start": 55296,
      "limit": 55552
    },
    {
      "name": "app 5 image+BSS",
      "bank": 1,
      "start": 32768,
      "limit": 36608
    },
    {
      "name": "app 5 software stack/guards/exit",
      "bank": 1,
      "start": 36608,
      "limit": 36864
    },
    {
      "name": "app 5 zero page",
      "bank": 1,
      "start": 53248,
      "limit": 53504
    },
    {
      "name": "app 5 hardware stack",
      "bank": 1,
      "start": 57856,
      "limit": 58112
    },
    {
      "name": "app 6 image+BSS",
      "bank": 1,
      "start": 50688,
      "limit": 52992
    },
    {
      "name": "app 6 software stack/guards/exit",
      "bank": 1,
      "start": 52992,
      "limit": 53248
    },
    {
      "name": "app 6 zero page",
      "bank": 1,
      "start": 0,
      "limit": 256
    },
    {
      "name": "app 6 hardware stack",
      "bank": 1,
      "start": 256,
      "limit": 512
    }
  ],
  "existing": [
    {
      "name": "kernel pages",
      "bank": 0,
      "start": 0,
      "limit": 512
    },
    {
      "name": "transient console slot",
      "bank": 0,
      "start": 512,
      "limit": 3072
    },
    {
      "name": "banked graphics service",
      "bank": 0,
      "start": 3072,
      "limit": 4864
    },
    {
      "name": "retained drawing pool",
      "bank": 0,
      "start": 4864,
      "limit": 7168
    },
    {
      "name": "scheduler page",
      "bank": 0,
      "start": 7168,
      "limit": 8192
    },
    {
      "name": "resident and scheduler tail",
      "bank": 0,
      "start": 8192,
      "limit": 53248
    },
    {
      "name": "resident high state and C stack",
      "bank": 0,
      "start": 57344,
      "limit": 61440
    },
    {
      "name": "common RAM",
      "bank": 0,
      "start": 61440,
      "limit": 65536
    },
    {
      "name": "native child and disk staging/stack",
      "bank": 1,
      "start": 512,
      "limit": 4608
    },
    {
      "name": "storage module",
      "bank": 1,
      "start": 4608,
      "limit": 6272
    },
    {
      "name": "relocation module",
      "bank": 1,
      "start": 6272,
      "limit": 6656
    },
    {
      "name": "task lookup module",
      "bank": 1,
      "start": 6656,
      "limit": 7936
    },
    {
      "name": "banked access module",
      "bank": 1,
      "start": 7936,
      "limit": 8192
    },
    {
      "name": "display/cache/bitmap/sprite",
      "bank": 1,
      "start": 16384,
      "limit": 32768
    },
    {
      "name": "ush",
      "bank": 1,
      "start": 36864,
      "limit": 40960
    },
    {
      "name": "recovery bootfs",
      "bank": 1,
      "start": 40960,
      "limit": 45056
    },
    {
      "name": "filesystem policy",
      "bank": 1,
      "start": 45056,
      "limit": 50688
    },
    {
      "name": "banked image loader",
      "bank": 1,
      "start": 55552,
      "limit": 57344
    },
    {
      "name": "storage state/software stack",
      "bank": 1,
      "start": 57344,
      "limit": 57856
    },
    {
      "name": "IEC driver and ush stack",
      "bank": 1,
      "start": 58112,
      "limit": 61440
    },
    {
      "name": "guarded storage high",
      "bank": 1,
      "start": 61440,
      "limit": 65280
    },
    {
      "name": "TASK zero page",
      "bank": 1,
      "start": 53504,
      "limit": 53760
    },
    {
      "name": "TASK hardware stack",
      "bank": 1,
      "start": 53760,
      "limit": 54016
    },
    {
      "name": "TASK2 zero page",
      "bank": 1,
      "start": 54016,
      "limit": 54272
    },
    {
      "name": "TASK2 hardware stack",
      "bank": 1,
      "start": 54272,
      "limit": 54528
    },
    {
      "name": "Z80 CODE",
      "bank": 1,
      "start": 8192,
      "limit": 8855
    }
  ],
  "calculator_current_allocation_spare": 193,
  "fourth_app_capacity": 2560,
  "fourth_app_allocation_spare": 471,
  "private_stack_reservation_per_banked_app": 256,
  "private_usable_stack_bytes": 160,
  "shared_retained_capacity": 2304,
  "resident_bridge_headroom": 768,
  "graphics_delivery_and_retention_lifetimes": {
    "before_first_native_launch": [
      {
        "name": "base graphics delivery",
        "bank": 1,
        "start": 50688,
        "limit": 52480
      },
      {
        "name": "paths delivery/container",
        "bank": 1,
        "start": 52480,
        "limit": 53504
      },
      {
        "name": "retired bootstrap context",
        "bank": 1,
        "start": 58082,
        "limit": 58112
      }
    ],
    "after_both_modules_installed": [
      {
        "name": "app 3 image+BSS",
        "bank": 1,
        "start": 8960,
        "limit": 13312
      },
      {
        "name": "app 3 software stack/guards/exit",
        "bank": 1,
        "start": 13312,
        "limit": 13568
      },
      {
        "name": "app 3 zero page",
        "bank": 1,
        "start": 54528,
        "limit": 54784
      },
      {
        "name": "app 3 hardware stack",
        "bank": 1,
        "start": 54784,
        "limit": 55040
      },
      {
        "name": "app 4 image+BSS",
        "bank": 1,
        "start": 13568,
        "limit": 16128
      },
      {
        "name": "app 4 software stack/guards/exit",
        "bank": 1,
        "start": 16128,
        "limit": 16384
      },
      {
        "name": "app 4 zero page",
        "bank": 1,
        "start": 55040,
        "limit": 55296
      },
      {
        "name": "app 4 hardware stack",
        "bank": 1,
        "start": 55296,
        "limit": 55552
      },
      {
        "name": "app 5 image+BSS",
        "bank": 1,
        "start": 32768,
        "limit": 36608
      },
      {
        "name": "app 5 software stack/guards/exit",
        "bank": 1,
        "start": 36608,
        "limit": 36864
      },
      {
        "name": "app 5 zero page",
        "bank": 1,
        "start": 53248,
        "limit": 53504
      },
      {
        "name": "app 5 hardware stack",
        "bank": 1,
        "start": 57856,
        "limit": 58112
      },
      {
        "name": "app 6 image+BSS",
        "bank": 1,
        "start": 50688,
        "limit": 52992
      },
      {
        "name": "app 6 software stack/guards/exit",
        "bank": 1,
        "start": 52992,
        "limit": 53248
      },
      {
        "name": "app 6 zero page",
        "bank": 1,
        "start": 0,
        "limit": 256
      },
      {
        "name": "app 6 hardware stack",
        "bank": 1,
        "start": 256,
        "limit": 512
      }
    ],
    "joined_3_4_excludes_donor": [
      {
        "name": "app 3 image+BSS",
        "bank": 1,
        "start": 8960,
        "limit": 16128
      },
      {
        "name": "app 3 software stack/guards/exit",
        "bank": 1,
        "start": 16128,
        "limit": 16384
      },
      {
        "name": "app 3 zero page",
        "bank": 1,
        "start": 54528,
        "limit": 54784
      },
      {
        "name": "app 3 hardware stack",
        "bank": 1,
        "start": 54784,
        "limit": 55040
      },
      {
        "name": "app 5 image+BSS",
        "bank": 1,
        "start": 32768,
        "limit": 36608
      },
      {
        "name": "app 5 software stack/guards/exit",
        "bank": 1,
        "start": 36608,
        "limit": 36864
      },
      {
        "name": "app 5 zero page",
        "bank": 1,
        "start": 53248,
        "limit": 53504
      },
      {
        "name": "app 5 hardware stack",
        "bank": 1,
        "start": 57856,
        "limit": 58112
      },
      {
        "name": "app 6 image+BSS",
        "bank": 1,
        "start": 50688,
        "limit": 52992
      },
      {
        "name": "app 6 software stack/guards/exit",
        "bank": 1,
        "start": 52992,
        "limit": 53248
      },
      {
        "name": "app 6 zero page",
        "bank": 1,
        "start": 0,
        "limit": 256
      },
      {
        "name": "app 6 hardware stack",
        "bank": 1,
        "start": 256,
        "limit": 512
      },
      {
        "name": "parked donor zero page",
        "bank": 1,
        "start": 55040,
        "limit": 55296
      },
      {
        "name": "parked donor hardware stack",
        "bank": 1,
        "start": 55296,
        "limit": 55552
      }
    ]
  },
  "glyph_overlay": {
    "start": 38584,
    "bytes": 1008,
    "live_header": 16,
    "live_tile_maps": 88
  },
  "source_sha256": {
    "include/udeks/memory.h": "a56a603ae2e1e4219c15a0bbe35dc674489933bd1a707444ad7662ed8213e74f",
    "src/scheduler/task_context.s": "7240bf5fb75522a051ee37fa0b6d1f0555b967950b49b6ddfe4be6845e4cf871",
    "src/scheduler/task_yield_handler.s": "8bbd5d1916957d8e6617f09bcba1fd5bbc94e323b17299da40a6b3f4950e471c",
    "tools/graphics_app_layout.py": "c07af58bf3b46674d4c6fb81bf12b7ffb31e4a5affc8f411194436c980353718",
    "src/services/app/banked_loader.s": "31d95a97061c22764d496426981084d0f0647a60bd66354350216617cf15c86c",
    "src/boot/stage1-gateway.s": "7c6c70240f5bc80b134bdcf9520b25b8a9e0705f8d202283f79b9b442b8c799e",
    "src/services/window/banked_graphics.c": "12bfc205e5fc6cd250d257008efba67342dbd5246f42c905dd002d38f361b2b2",
    "src/services/window/banked_access.s": "9a80724b79a3a3535852cbb3d613647ba58311bbfe44628bbad5ec9b6535c2a7",
    "src/services/window/retained_paths.c": "e09492275a9144371851fbe1d2282e437acdce854db66e0bb21f3d7dd34ae6fa",
    "include/udeks/retained_paths.h": "9c0fae5ab43e1a3598f4e09658b826e6f82d013d7da81a3e22f61d45579e2d79",
    "user/bin/xcalc_native.c": "272bbbeea82f28254c6f7ca7456145d7736877e008e643ea368c3c10b89799f9",
    "user/bin/xdraw.c": "c81cfcf34b2b85d80543e3e7b7e69011ba95aa08796f49ee99c0441d9bfa0d08",
    "user/lib/graphics_request.s": "48c48a98ccace6ab8a9f6d048cb6dee829c628f61b8350ca86c979c7306ad067"
  },
  "input_sha256": {
    "8502/udeks-8502.map": "f999095f5ee53ce073a359d27b052558fdaecc01e74da2020ccdfd1c94d2321f",
    "8502/udeks-8502-panic-probe.map": "a156f67db1cbfe8a2a185bb702e247c1da8be42a137d8fb0c7de18c1557da1d3",
    "storage/module.map": "7db347ed7b1eeea687d119690c25f9c89cc97d411b692817c32a6f90f5c552d9",
    "z80/udeks-z80.map": "522aa699273bbcd3103e2cf42fe05f610d5743166fc6f22e6c9ba3e7cdb5b250",
    "z80/udeks-z80.bin": "2e755ea96ae87507fd7c21199db117f99dbcbf223e58afd29d1613668469516f",
    "z80/udeks-z80.ihx": "0425524e4393fedfb78dd60825b283ab03283e740f7defe3ca5d089acd89244e",
    "boot/task-lookup.bin": "1c3ca1c606c93e16a3caa76b5ea599c89f3fb26c761d75fc097b9030868e7123",
    "boot/banked-loader.bin": "86f50995d812545a33ec0ec88f52e44b8c87b4edf38ae97870a8f6a01edc7b06",
    "boot/banked-loader.map": "1073eacc2cfa10014c382568149087c6639d567307a44269823bc908a9299f8b",
    "boot/banked-reloc.bin": "a4e9c3a3996546bd4d89540d6cec1b7a17e1f8089a01a735fea12b821eedf762",
    "boot/banked-access.bin": "b8bab1925d528d50f589904d0b58660ab8144006cb4981de78d58df3e4da4f3c",
    "8502/banked-graphics.bin": "14feb4998a128f9f7a0f5d0c80892743beae2e07dc889ecc9b4d9d6e46bf846d",
    "8502/retained-paths.bin": "27bfb054bf249ee175860489a42e37ea022fd30eeea6123f156e6e63089b2be1",
    "assets/udeks-vdc-text.bin": "9495ff45ad086e50b8824fe7dc93480efb88cfdf40adb7cb369c52248f63420a",
    "boot/scheduler-overlay.prg": "026a6d8941a5843c5fe9e5dd128c83d85dedfe1edd1e64579408e19378b3c542",
    "8502/banked-graphics-panic.bin": "14feb4998a128f9f7a0f5d0c80892743beae2e07dc889ecc9b4d9d6e46bf846d",
    "user/xclock.udx": "f44a740aeb49d7e2bc4172bcbdf91b20134cb7d478f83954feb2bd3128ac5968",
    "user/xwave.udx": "80e97883ff8b796501a4efae76f0bb0bcc3bbb8fc4bf513ab3a60a173e5c37f2",
    "user/xcalc.udx": "30e83b911cbe17c8f5d1062a96e53e6c1f1ddc8e0a64d897a2ffff663cd77b0c",
    "user/xdraw.udx": "49bd1da2105e6da906354ad5c42692ff97eea964e4115b35bb0399ae4e07502b"
  }
}
