Modules list:
-------------
check.o:
    CODE              Offs=000000  Size=000AD7  Align=00001  Fill=0000
    RODATA            Offs=000000  Size=0002A8  Align=00001  Fill=0000
    BSS               Offs=000000  Size=0000B5  Align=00001  Fill=0000
    DATA              Offs=000000  Size=000002  Align=00001  Fill=0000
namespace.o:
    CODE              Offs=000AD7  Size=00051C  Align=00001  Fill=0000
    BSS               Offs=0000B5  Size=000016  Align=00001  Fill=0000
reference.o:
    CODE              Offs=000FF3  Size=000B40  Align=00001  Fill=0000
    RODATA            Offs=0002A8  Size=00000E  Align=00001  Fill=0000
    BSS               Offs=0000CB  Size=00004C  Align=00001  Fill=0000
/usr/share/cc65/lib/sim6502.lib(_file.o):
    DATA              Offs=000002  Size=00001E  Align=00001  Fill=0000
/usr/share/cc65/lib/sim6502.lib(_hextab.o):
    RODATA            Offs=0002B6  Size=000010  Align=00001  Fill=0000
/usr/share/cc65/lib/sim6502.lib(_longminstr.o):
    RODATA            Offs=0002C6  Size=00000C  Align=00001  Fill=0000
/usr/share/cc65/lib/sim6502.lib(_printf.o):
    CODE              Offs=001B33  Size=0003A5  Align=00001  Fill=0000
    BSS               Offs=000117  Size=00002B  Align=00001  Fill=0000
    DATA              Offs=000020  Size=000003  Align=00001  Fill=0000
/usr/share/cc65/lib/sim6502.lib(_seterrno.o):
    CODE              Offs=001ED8  Size=000009  Align=00001  Fill=0000
/usr/share/cc65/lib/sim6502.lib(add.o):
    CODE              Offs=001EE1  Size=00001C  Align=00001  Fill=0000
/usr/share/cc65/lib/sim6502.lib(addysp.o):
    CODE              Offs=001EFD  Size=00000E  Align=00001  Fill=0000
/usr/share/cc65/lib/sim6502.lib(aslax1.o):
    CODE              Offs=001F0B  Size=000008  Align=00001  Fill=0000
/usr/share/cc65/lib/sim6502.lib(axlong.o):
    CODE              Offs=001F13  Size=00000D  Align=00001  Fill=0000
/usr/share/cc65/lib/sim6502.lib(callmain.o):
    CODE              Offs=001F20  Size=000017  Align=00001  Fill=0000
    DATA              Offs=000023  Size=000004  Align=00001  Fill=0000
/usr/share/cc65/lib/sim6502.lib(condes.o):
    CODE              Offs=001F37  Size=00000C  Align=00001  Fill=0000
    DATA              Offs=000027  Size=000025  Align=00001  Fill=0000
    ONCE              Offs=000000  Size=00000C  Align=00001  Fill=0000
/usr/share/cc65/lib/sim6502.lib(crt0.o):
    STARTUP           Offs=000000  Size=00001D  Align=00001  Fill=0000
/usr/share/cc65/lib/sim6502.lib(ctype.o):
    RODATA            Offs=0002D2  Size=00008B  Align=00001  Fill=0000
/usr/share/cc65/lib/sim6502.lib(ctypemask.o):
    CODE              Offs=001F43  Size=00001E  Align=00001  Fill=0000
/usr/share/cc65/lib/sim6502.lib(decax1.o):
    CODE              Offs=001F61  Size=000007  Align=00001  Fill=0000
/usr/share/cc65/lib/sim6502.lib(decax2.o):
    CODE              Offs=001F68  Size=000007  Align=00001  Fill=0000
/usr/share/cc65/lib/sim6502.lib(decax3.o):
    CODE              Offs=001F6F  Size=000007  Align=00001  Fill=0000
/usr/share/cc65/lib/sim6502.lib(decax4.o):
    CODE              Offs=001F76  Size=000007  Align=00001  Fill=0000
/usr/share/cc65/lib/sim6502.lib(decaxy.o):
    CODE              Offs=001F7D  Size=000009  Align=00001  Fill=0000
/usr/share/cc65/lib/sim6502.lib(decsp4.o):
    CODE              Offs=001F86  Size=00000D  Align=00001  Fill=0000
/usr/share/cc65/lib/sim6502.lib(decsp6.o):
    CODE              Offs=001F93  Size=00000D  Align=00001  Fill=0000
/usr/share/cc65/lib/sim6502.lib(errno.o):
    BSS               Offs=000142  Size=000002  Align=00001  Fill=0000
/usr/share/cc65/lib/sim6502.lib(exehdr.o):
    EXEHDR            Offs=000000  Size=00000C  Align=00001  Fill=0000
/usr/share/cc65/lib/sim6502.lib(fwrite.o):
    CODE              Offs=001FA0  Size=00007B  Align=00001  Fill=0000
    BSS               Offs=000144  Size=000002  Align=00001  Fill=0000
/usr/share/cc65/lib/sim6502.lib(icmp.o):
    CODE              Offs=00201B  Size=00002E  Align=00001  Fill=0000
/usr/share/cc65/lib/sim6502.lib(incax1.o):
    CODE              Offs=002049  Size=000007  Align=00001  Fill=0000
/usr/share/cc65/lib/sim6502.lib(incax2.o):
    CODE              Offs=002050  Size=000007  Align=00001  Fill=0000
/usr/share/cc65/lib/sim6502.lib(incsp1.o):
    CODE              Offs=002057  Size=000007  Align=00001  Fill=0000
/usr/share/cc65/lib/sim6502.lib(incsp2.o):
    CODE              Offs=00205E  Size=000016  Align=00001  Fill=0000
/usr/share/cc65/lib/sim6502.lib(incsp3.o):
    CODE              Offs=002074  Size=000005  Align=00001  Fill=0000
/usr/share/cc65/lib/sim6502.lib(incsp4.o):
    CODE              Offs=002079  Size=000005  Align=00001  Fill=0000
/usr/share/cc65/lib/sim6502.lib(incsp5.o):
    CODE              Offs=00207E  Size=000005  Align=00001  Fill=0000
/usr/share/cc65/lib/sim6502.lib(incsp6.o):
    CODE              Offs=002083  Size=000005  Align=00001  Fill=0000
/usr/share/cc65/lib/sim6502.lib(incsp7.o):
    CODE              Offs=002088  Size=000005  Align=00001  Fill=0000
/usr/share/cc65/lib/sim6502.lib(ldaxi.o):
    CODE              Offs=00208D  Size=00000D  Align=00001  Fill=0000
/usr/share/cc65/lib/sim6502.lib(ldaxsp.o):
    CODE              Offs=00209A  Size=000009  Align=00001  Fill=0000
/usr/share/cc65/lib/sim6502.lib(lneg.o):
    CODE              Offs=0020A3  Size=00001E  Align=00001  Fill=0000
/usr/share/cc65/lib/sim6502.lib(lpush.o):
    CODE              Offs=0020C1  Size=000021  Align=00001  Fill=0000
/usr/share/cc65/lib/sim6502.lib(ltoa.o):
    CODE              Offs=0020E2  Size=000095  Align=00001  Fill=0000
/usr/share/cc65/lib/sim6502.lib(makebool.o):
    CODE              Offs=002177  Size=00002C  Align=00001  Fill=0000
/usr/share/cc65/lib/sim6502.lib(memcmp.o):
    CODE              Offs=0021A3  Size=000036  Align=00001  Fill=0000
/usr/share/cc65/lib/sim6502.lib(memcpy.o):
    CODE              Offs=0021D9  Size=00003C  Align=00001  Fill=0000
/usr/share/cc65/lib/sim6502.lib(mul.o):
    CODE              Offs=002215  Size=000045  Align=00001  Fill=0000
/usr/share/cc65/lib/sim6502.lib(mul8.o):
    CODE              Offs=00225A  Size=00003A  Align=00001  Fill=0000
/usr/share/cc65/lib/sim6502.lib(paravirt.o):
/usr/share/cc65/lib/sim6502.lib(popptr1.o):
    CODE              Offs=002294  Size=00000E  Align=00001  Fill=0000
/usr/share/cc65/lib/sim6502.lib(printf.o):
    CODE              Offs=0022A2  Size=000033  Align=00001  Fill=0000
    BSS               Offs=000146  Size=000001  Align=00001  Fill=0000
/usr/share/cc65/lib/sim6502.lib(push1.o):
    CODE              Offs=0022D5  Size=000005  Align=00001  Fill=0000
/usr/share/cc65/lib/sim6502.lib(pusha.o):
    CODE              Offs=0022DA  Size=000016  Align=00001  Fill=0000
/usr/share/cc65/lib/sim6502.lib(pushax.o):
    CODE              Offs=0022F0  Size=00001A  Align=00001  Fill=0000
/usr/share/cc65/lib/sim6502.lib(pushw.o):
    CODE              Offs=00230A  Size=00000F  Align=00001  Fill=0000
/usr/share/cc65/lib/sim6502.lib(pushwsp.o):
    CODE              Offs=002319  Size=00001C  Align=00001  Fill=0000
/usr/share/cc65/lib/sim6502.lib(puts.o):
    CODE              Offs=002335  Size=000069  Align=00001  Fill=0000
    DATA              Offs=00004C  Size=000001  Align=00001  Fill=0000
/usr/share/cc65/lib/sim6502.lib(return0.o):
    CODE              Offs=00239E  Size=000004  Align=00001  Fill=0000
/usr/share/cc65/lib/sim6502.lib(staspidx.o):
    CODE              Offs=0023A2  Size=000016  Align=00001  Fill=0000
/usr/share/cc65/lib/sim6502.lib(strlen.o):
    CODE              Offs=0023B8  Size=000016  Align=00001  Fill=0000
/usr/share/cc65/lib/sim6502.lib(strlower.o):
    CODE              Offs=0023CE  Size=000027  Align=00001  Fill=0000
/usr/share/cc65/lib/sim6502.lib(udiv.o):
    CODE              Offs=0023F5  Size=00004F  Align=00001  Fill=0000
/usr/share/cc65/lib/sim6502.lib(umod.o):
    CODE              Offs=002444  Size=000011  Align=00001  Fill=0000
/usr/share/cc65/lib/sim6502.lib(vfprintf.o):
    CODE              Offs=002455  Size=000061  Align=00001  Fill=0000
    DATA              Offs=00004D  Size=000008  Align=00001  Fill=0000
/usr/share/cc65/lib/sim6502.lib(zerobss.o):
    CODE              Offs=0024B6  Size=000023  Align=00001  Fill=0000
/usr/share/cc65/lib/sim6502.lib(zeropage.o):
    ZEROPAGE          Offs=000000  Size=00001A  Align=00001  Fill=0000


Segment list:
-------------
Name                   Start     End    Size  Align
----------------------------------------------------
EXEHDR                000000  00000B  00000C  00001
ZEROPAGE              000000  000019  00001A  00001
STARTUP               000200  00021C  00001D  00001
ONCE                  00021D  000228  00000C  00001
CODE                  000229  002701  0024D9  00001
RODATA                002702  002A5E  00035D  00001
DATA                  002A5F  002AB3  000055  00001
BSS                   002AB4  002BFA  000147  00001


Exports list by name:
---------------------
__BSS_RUN__               002AB4 RLA    __BSS_SIZE__              000147 REA    
__CONSTRUCTOR_COUNT__     000000 REA    __CONSTRUCTOR_TABLE__     000229 RLA    
__DESTRUCTOR_COUNT__      000000 REA    __DESTRUCTOR_TABLE__      002A5F RLA    
__EXEHDR__                000001 REA    __MAIN_SIZE__             00F5F0 REA    
__MAIN_START__            000200 RLA    __STACKSIZE__             000800 REA    
__STARTUP__               000001 REA    __ctype                   0029D4 RLA    
__ctypeidx                0029DF RLA    __errno                   002BF6 RLA    
__hextab                  0029B8 RLA    __longminstr              0029C8 RLA    
__printf                  001E4F RLA    __seterrno                002101 RLA    
_fwrite                   0021C9 RLA    _ltoa                     002323 RLA    
_main                     00056A RLA    _memcmp                   0023CC RLA    
_memcpy                   002402 RLA    _printf                   0024CB RLA    
_puts                     00255E RLA    _reference_classify       0014AE RLA    
_reference_consider       0018D8 RLA    _reference_device         001435 RLA    
_reference_physical       00163D RLA    _reference_resolve        00121C RLA    
_stdout                   002A7B RLA    _strlen                   0025E1 RLA    
_strlower                 0025F7 RLA    _udeks_fs_classify        000FA9 RLA    
_udeks_fs_consider        0010AB RLA    _udeks_fs_device          000F55 RLA    
_udeks_fs_physical        001129 RLA    _udeks_fs_resolve         000E4F RLA    
_ultoa                    002364 RLA    _vfprintf                 0026B6 RLA    
_write                    00FFF7 RLA    addysp                    002127 RLA    
aslax1                    002134 RLA    axlong                    00213C RLA    
axulong                   002142 RLA    booleq                    0023A6 RLA    
boolne                    0023A0 RLA    callmain                  002149 RLA    
ctypemaskdirect           002170 RLA    decax1                    00218A RLA    
decax2                    002191 RLA    decax3                    002198 RLA    
decax4                    00219F RLA    decaxy                    0021A6 RLA    
decsp4                    0021AF RLA    decsp6                    0021BC RLA    
donelib                   002160 RLA    exit                      00FFF9 RLA    
incax1                    002272 RLA    incax2                    002279 RLA    
incsp1                    002280 RLA    incsp2                    00228F RLA    
incsp3                    00229D RLA    incsp4                    0022A2 RLA    
incsp5                    0022A7 RLA    incsp6                    0022AC RLA    
incsp7                    0022B1 RLA    initlib                   00021D RLA    
ldax0sp                   0022C3 RLA    ldaxi                     0022B6 RLA    
ldaxysp                   0022C5 RLA    mul8x16                   002485 RLA    
mul8x16a                  00248F RLA    negeax                    0022CC RLA    
popax                     002287 RLA    popptr1                   0024BD RLA    
ptr1                      000008 RLZ    ptr2                      00000A RLZ    
ptr3                      00000C RLZ    ptr4                      00000E RLZ    
push0                     002519 RLA    push1                     0024FE RLA    
pusha                     002507 RLA    pusha0                    00251B RLA    
pushax                    00251D RLA    pusheax                   0022F3 RLA    
pushw                     002533 RLA    pushw0sp                  002542 RLA    
pushwysp                  002544 RLA    regbank                   000014 RLZ    
return0                   0025C7 RLA    sp                        000000 RLZ    
sreg                      000002 RLZ    startup                   000200 RLA    
staspidx                  0025CB RLA    tmp1                      000010 RLZ    
tosadda0                  00210A RLA    tosicmp0                  002244 RLA    
tosudivax                 002620 RLA    tosumoda0                 00266D RLA    
tosumulax                 00243E RLA    udiv16                    00262F RLA    
zerobss                   0026DF RLA    


Exports list by value:
----------------------
__CONSTRUCTOR_COUNT__     000000 REA    __DESTRUCTOR_COUNT__      000000 REA    
sp                        000000 RLZ    __EXEHDR__                000001 REA    
__STARTUP__               000001 REA    sreg                      000002 RLZ    
ptr1                      000008 RLZ    ptr2                      00000A RLZ    
ptr3                      00000C RLZ    ptr4                      00000E RLZ    
tmp1                      000010 RLZ    regbank                   000014 RLZ    
__BSS_SIZE__              000147 REA    __MAIN_START__            000200 RLA    
startup                   000200 RLA    initlib                   00021D RLA    
__CONSTRUCTOR_TABLE__     000229 RLA    _main                     00056A RLA    
__STACKSIZE__             000800 REA    _udeks_fs_resolve         000E4F RLA    
_udeks_fs_device          000F55 RLA    _udeks_fs_classify        000FA9 RLA    
_udeks_fs_consider        0010AB RLA    _udeks_fs_physical        001129 RLA    
_reference_resolve        00121C RLA    _reference_device         001435 RLA    
_reference_classify       0014AE RLA    _reference_physical       00163D RLA    
_reference_consider       0018D8 RLA    __printf                  001E4F RLA    
__seterrno                002101 RLA    tosadda0                  00210A RLA    
addysp                    002127 RLA    aslax1                    002134 RLA    
axlong                    00213C RLA    axulong                   002142 RLA    
callmain                  002149 RLA    donelib                   002160 RLA    
ctypemaskdirect           002170 RLA    decax1                    00218A RLA    
decax2                    002191 RLA    decax3                    002198 RLA    
decax4                    00219F RLA    decaxy                    0021A6 RLA    
decsp4                    0021AF RLA    decsp6                    0021BC RLA    
_fwrite                   0021C9 RLA    tosicmp0                  002244 RLA    
incax1                    002272 RLA    incax2                    002279 RLA    
incsp1                    002280 RLA    popax                     002287 RLA    
incsp2                    00228F RLA    incsp3                    00229D RLA    
incsp4                    0022A2 RLA    incsp5                    0022A7 RLA    
incsp6                    0022AC RLA    incsp7                    0022B1 RLA    
ldaxi                     0022B6 RLA    ldax0sp                   0022C3 RLA    
ldaxysp                   0022C5 RLA    negeax                    0022CC RLA    
pusheax                   0022F3 RLA    _ltoa                     002323 RLA    
_ultoa                    002364 RLA    boolne                    0023A0 RLA    
booleq                    0023A6 RLA    _memcmp                   0023CC RLA    
_memcpy                   002402 RLA    tosumulax                 00243E RLA    
mul8x16                   002485 RLA    mul8x16a                  00248F RLA    
popptr1                   0024BD RLA    _printf                   0024CB RLA    
push1                     0024FE RLA    pusha                     002507 RLA    
push0                     002519 RLA    pusha0                    00251B RLA    
pushax                    00251D RLA    pushw                     002533 RLA    
pushw0sp                  002542 RLA    pushwysp                  002544 RLA    
_puts                     00255E RLA    return0                   0025C7 RLA    
staspidx                  0025CB RLA    _strlen                   0025E1 RLA    
_strlower                 0025F7 RLA    tosudivax                 002620 RLA    
udiv16                    00262F RLA    tosumoda0                 00266D RLA    
_vfprintf                 0026B6 RLA    zerobss                   0026DF RLA    
__hextab                  0029B8 RLA    __longminstr              0029C8 RLA    
__ctype                   0029D4 RLA    __ctypeidx                0029DF RLA    
__DESTRUCTOR_TABLE__      002A5F RLA    _stdout                   002A7B RLA    
__BSS_RUN__               002AB4 RLA    __errno                   002BF6 RLA    
__MAIN_SIZE__             00F5F0 REA    _write                    00FFF7 RLA    
exit                      00FFF9 RLA    


Imports list:
-------------
__BSS_RUN__ ([linker generated]):
    zerobss.o                 common/zerobss.s(8)
__BSS_SIZE__ ([linker generated]):
    zerobss.o                 common/zerobss.s(8)
__CONSTRUCTOR_COUNT__ ([linker generated]):
    condes.o                  runtime/condes.s(18)
__CONSTRUCTOR_TABLE__ ([linker generated]):
    condes.o                  runtime/condes.s(18)
__DESTRUCTOR_COUNT__ ([linker generated]):
    condes.o                  runtime/condes.s(19)
__DESTRUCTOR_TABLE__ ([linker generated]):
    condes.o                  runtime/condes.s(19)
__EXEHDR__ (exehdr.o):
    [linker generated]        /usr/share/cc65/cfg/sim6502.cfg(2)
__MAIN_SIZE__ ([linker generated]):
    crt0.o                    sim6502/crt0.s(13)
__MAIN_START__ ([linker generated]):
    exehdr.o                  sim6502/exehdr.s(9)
    crt0.o                    sim6502/crt0.s(13)
__STACKSIZE__ ([linker generated]):
    crt0.o                    sim6502/crt0.s(14)
    [linker generated]        /usr/share/cc65/cfg/sim6502.cfg(8)
__STARTUP__ (crt0.o):
    check.o                   bench/storage-namespace/check.s(13)
__ctype (ctype.o):
    ctypemask.o               common/ctypemask.s(23)
__ctypeidx (ctype.o):
    ctypemask.o               common/ctypemask.s(24)
__errno (errno.o):
    _seterrno.o               /builddir/build/BUILD/cc65-2.19-build/cc65-2.19/asminc/errno.inc(7)
__hextab (_hextab.o):
    ltoa.o                    common/ltoa.s(10)
__longminstr (_longminstr.o):
    ltoa.o                    common/ltoa.s(10)
__printf (_printf.o):
    vfprintf.o                common/vfprintf.s(10)
__seterrno (_seterrno.o):
    fwrite.o                  /builddir/build/BUILD/cc65-2.19-build/cc65-2.19/asminc/errno.inc(9)
_fwrite (fwrite.o):
    vfprintf.o                common/vfprintf.s(10)
_ltoa (ltoa.o):
    _printf.o                 common/_printf.s(12)
_main (check.o):
    callmain.o                runtime/callmain.s(11)
_memcmp (memcmp.o):
    check.o                   bench/storage-namespace/check.s(17)
_memcpy (memcpy.o):
    reference.o               src/services/filesystem/fs_namespace.s(1508)
    reference.o               src/services/filesystem/fs_namespace.s(1508)
    check.o                   bench/storage-namespace/check.s(18)
_printf (printf.o):
    check.o                   bench/storage-namespace/check.s(14)
_puts (puts.o):
    check.o                   bench/storage-namespace/check.s(15)
_reference_classify (reference.o):
    check.o                   bench/storage-namespace/check.s(27)
_reference_consider (reference.o):
    check.o                   bench/storage-namespace/check.s(29)
_reference_device (reference.o):
    check.o                   bench/storage-namespace/check.s(26)
_reference_physical (reference.o):
    check.o                   bench/storage-namespace/check.s(28)
_reference_resolve (reference.o):
    check.o                   bench/storage-namespace/check.s(25)
_stdout (_file.o):
    puts.o                    ../libwrk/sim6502/puts.s(13)
    printf.o                  common/printf.s(8)
_strlen (strlen.o):
    _printf.o                 common/_printf.s(13)
    puts.o                    ../libwrk/sim6502/puts.s(15)
    check.o                   bench/storage-namespace/check.s(16)
_strlower (strlower.o):
    _printf.o                 common/_printf.s(13)
_udeks_fs_classify (namespace.o):
    check.o                   bench/storage-namespace/check.s(22)
_udeks_fs_consider (namespace.o):
    check.o                   bench/storage-namespace/check.s(24)
_udeks_fs_device (namespace.o):
    check.o                   bench/storage-namespace/check.s(21)
_udeks_fs_physical (namespace.o):
    check.o                   bench/storage-namespace/check.s(23)
_udeks_fs_resolve (namespace.o):
    check.o                   bench/storage-namespace/check.s(20)
_ultoa (ltoa.o):
    _printf.o                 common/_printf.s(12)
_vfprintf (vfprintf.o):
    printf.o                  common/printf.s(8)
_write (paravirt.o):
    fwrite.o                  common/fwrite.s(10)
    puts.o                    ../libwrk/sim6502/puts.s(16)
addysp (addysp.o):
    fwrite.o                  common/fwrite.s(11)
    printf.o                  common/printf.s(8)
    incsp7.o                  runtime/incsp7.s(8)
    incsp6.o                  runtime/incsp6.s(8)
    incsp5.o                  runtime/incsp5.s(8)
    incsp4.o                  runtime/incsp4.s(8)
    incsp3.o                  runtime/incsp3.s(8)
aslax1 (aslax1.o):
    check.o                   bench/storage-namespace/check.s(1612)
axlong (axlong.o):
    _printf.o                 common/_printf.s(11)
axulong (axlong.o):
    _printf.o                 common/_printf.s(11)
booleq (makebool.o):
    reference.o               src/services/filesystem/fs_namespace.s(1508)
boolne (makebool.o):
    check.o                   bench/storage-namespace/check.s(1612)
    check.o                   bench/storage-namespace/check.s(1612)
    check.o                   bench/storage-namespace/check.s(1612)
    check.o                   bench/storage-namespace/check.s(1612)
callmain (callmain.o):
    crt0.o                    sim6502/crt0.s(10)
ctypemaskdirect (ctypemask.o):
    strlower.o                common/strlower.s(14)
decax1 (decax1.o):
    reference.o               src/services/filesystem/fs_namespace.s(1508)
decax2 (decax2.o):
    reference.o               src/services/filesystem/fs_namespace.s(1508)
decax3 (decax3.o):
    reference.o               src/services/filesystem/fs_namespace.s(1508)
decax4 (decax4.o):
    reference.o               src/services/filesystem/fs_namespace.s(1508)
decaxy (decaxy.o):
    reference.o               src/services/filesystem/fs_namespace.s(1508)
decsp4 (decsp4.o):
    lpush.o                   runtime/lpush.s(12)
decsp6 (decsp6.o):
    _printf.o                 common/_printf.s(11)
donelib (condes.o):
    crt0.o                    sim6502/crt0.s(11)
exit (paravirt.o):
    crt0.o                    sim6502/crt0.s(12)
incax1 (incax1.o):
    reference.o               src/services/filesystem/fs_namespace.s(1508)
incax2 (incax2.o):
    reference.o               src/services/filesystem/fs_namespace.s(1508)
    reference.o               src/services/filesystem/fs_namespace.s(1508)
incsp1 (incsp1.o):
    reference.o               src/services/filesystem/fs_namespace.s(1508)
    reference.o               src/services/filesystem/fs_namespace.s(1508)
incsp2 (incsp2.o):
    staspidx.o                runtime/staspidx.s(8)
    puts.o                    ../libwrk/sim6502/puts.s(80)
    popptr1.o                 runtime/popptr1.s(8)
incsp3 (incsp3.o):
    reference.o               src/services/filesystem/fs_namespace.s(1508)
    reference.o               src/services/filesystem/fs_namespace.s(1508)
    reference.o               src/services/filesystem/fs_namespace.s(1508)
    namespace.o               src/services/filesystem/namespace_6502.s(11)
    check.o                   bench/storage-namespace/check.s(1612)
incsp4 (incsp4.o):
    namespace.o               src/services/filesystem/namespace_6502.s(11)
    check.o                   bench/storage-namespace/check.s(1612)
    check.o                   bench/storage-namespace/check.s(1612)
incsp5 (incsp5.o):
    reference.o               src/services/filesystem/fs_namespace.s(1508)
    reference.o               src/services/filesystem/fs_namespace.s(1508)
    namespace.o               src/services/filesystem/namespace_6502.s(11)
    check.o                   bench/storage-namespace/check.s(1612)
    check.o                   bench/storage-namespace/check.s(1612)
incsp6 (incsp6.o):
    fwrite.o                  common/fwrite.s(11)
    vfprintf.o                common/vfprintf.s(9)
    reference.o               src/services/filesystem/fs_namespace.s(1508)
    reference.o               src/services/filesystem/fs_namespace.s(1508)
    check.o                   bench/storage-namespace/check.s(1612)
incsp7 (incsp7.o):
    reference.o               src/services/filesystem/fs_namespace.s(1508)
initlib (condes.o):
    crt0.o                    sim6502/crt0.s(11)
ldax0sp (ldaxsp.o):
    reference.o               src/services/filesystem/fs_namespace.s(1508)
    reference.o               src/services/filesystem/fs_namespace.s(1508)
    reference.o               src/services/filesystem/fs_namespace.s(1508)
    reference.o               src/services/filesystem/fs_namespace.s(1508)
ldaxi (ldaxi.o):
    check.o                   bench/storage-namespace/check.s(1612)
ldaxysp (ldaxsp.o):
    fwrite.o                  common/fwrite.s(11)
    puts.o                    ../libwrk/sim6502/puts.s(80)
    reference.o               src/services/filesystem/fs_namespace.s(1508)
    reference.o               src/services/filesystem/fs_namespace.s(1508)
    reference.o               src/services/filesystem/fs_namespace.s(1508)
    reference.o               src/services/filesystem/fs_namespace.s(1508)
    reference.o               src/services/filesystem/fs_namespace.s(1508)
    reference.o               src/services/filesystem/fs_namespace.s(1508)
    reference.o               src/services/filesystem/fs_namespace.s(1508)
mul8x16 (mul8.o):
    mul.o                     runtime/mul.s(8)
mul8x16a (mul8.o):
    mul.o                     runtime/mul.s(8)
negeax (lneg.o):
    ltoa.o                    common/ltoa.s(9)
popax (incsp2.o):
    ltoa.o                    common/ltoa.s(9)
    _printf.o                 common/_printf.s(11)
    memcpy.o                  common/memcpy.s(14)
    memcmp.o                  common/memcmp.s(8)
popptr1 (popptr1.o):
    udiv.o                    runtime/udiv.s(9)
    ltoa.o                    common/ltoa.s(9)
    umod.o                    runtime/umod.s(8)
    mul8.o                    runtime/mul8.s(9)
    mul.o                     runtime/mul.s(9)
    memcpy.o                  common/memcpy.s(14)
    memcmp.o                  common/memcmp.s(8)
ptr1 (zeropage.o):
    udiv.o                    runtime/udiv.s(10)
    strlower.o                common/strlower.s(13)
    ltoa.o                    common/ltoa.s(11)
    fwrite.o                  common/fwrite.s(14)
    _printf.o                 /builddir/build/BUILD/cc65-2.19-build/cc65-2.19/asminc/zeropage.inc(12)
    zerobss.o                 common/zerobss.s(9)
    vfprintf.o                common/vfprintf.s(11)
    staspidx.o                runtime/staspidx.s(9)
    puts.o                    ../libwrk/sim6502/puts.s(11)
    pushw.o                   runtime/pushw.s(9)
    printf.o                  common/printf.s(9)
    popptr1.o                 runtime/popptr1.s(9)
    mul8.o                    runtime/mul8.s(10)
    mul.o                     runtime/mul.s(10)
    memcpy.o                  common/memcpy.s(15)
    memcmp.o                  common/memcmp.s(9)
    ldaxi.o                   runtime/ldaxi.s(8)
    reference.o               src/services/filesystem/fs_namespace.s(11)
    namespace.o               src/services/filesystem/namespace_6502.s(10)
    check.o                   bench/storage-namespace/check.s(11)
ptr2 (zeropage.o):
    strlower.o                common/strlower.s(13)
    ltoa.o                    common/ltoa.s(11)
    _printf.o                 /builddir/build/BUILD/cc65-2.19-build/cc65-2.19/asminc/zeropage.inc(12)
    strlen.o                  common/strlen.s(12)
    memcpy.o                  common/memcpy.s(15)
    memcmp.o                  common/memcmp.s(9)
    namespace.o               src/services/filesystem/namespace_6502.s(10)
ptr3 (zeropage.o):
    ltoa.o                    common/ltoa.s(11)
    memcpy.o                  common/memcpy.s(15)
    memcmp.o                  common/memcmp.s(9)
    namespace.o               src/services/filesystem/namespace_6502.s(10)
ptr4 (zeropage.o):
    udiv.o                    runtime/udiv.s(10)
    umod.o                    runtime/umod.s(9)
    mul8.o                    runtime/mul8.s(10)
    mul.o                     runtime/mul.s(10)
    namespace.o               src/services/filesystem/namespace_6502.s(10)
push0 (pushax.o):
    check.o                   bench/storage-namespace/check.s(1612)
push1 (push1.o):
    _printf.o                 common/_printf.s(11)
    vfprintf.o                common/vfprintf.s(9)
pusha (pusha.o):
    reference.o               src/services/filesystem/fs_namespace.s(1508)
    reference.o               src/services/filesystem/fs_namespace.s(1508)
    reference.o               src/services/filesystem/fs_namespace.s(1508)
    reference.o               src/services/filesystem/fs_namespace.s(1508)
    reference.o               src/services/filesystem/fs_namespace.s(1508)
    reference.o               src/services/filesystem/fs_namespace.s(1508)
    check.o                   bench/storage-namespace/check.s(1612)
    check.o                   bench/storage-namespace/check.s(1612)
    check.o                   bench/storage-namespace/check.s(1612)
    check.o                   bench/storage-namespace/check.s(1612)
    check.o                   bench/storage-namespace/check.s(1612)
    check.o                   bench/storage-namespace/check.s(1612)
    check.o                   bench/storage-namespace/check.s(1612)
pusha0 (pushax.o):
    push1.o                   runtime/push1.s(8)
    puts.o                    ../libwrk/sim6502/puts.s(80)
    reference.o               src/services/filesystem/fs_namespace.s(1508)
    check.o                   bench/storage-namespace/check.s(1612)
    check.o                   bench/storage-namespace/check.s(1612)
pushax (pushax.o):
    fwrite.o                  common/fwrite.s(11)
    callmain.o                runtime/callmain.s(11)
    _printf.o                 common/_printf.s(11)
    puts.o                    ../libwrk/sim6502/puts.s(80)
    pushw.o                   runtime/pushw.s(8)
    printf.o                  common/printf.s(8)
    reference.o               src/services/filesystem/fs_namespace.s(1508)
    reference.o               src/services/filesystem/fs_namespace.s(1508)
    reference.o               src/services/filesystem/fs_namespace.s(1508)
    reference.o               src/services/filesystem/fs_namespace.s(1508)
    reference.o               src/services/filesystem/fs_namespace.s(1508)
    check.o                   bench/storage-namespace/check.s(1612)
    check.o                   bench/storage-namespace/check.s(1612)
    check.o                   bench/storage-namespace/check.s(1612)
    check.o                   bench/storage-namespace/check.s(1612)
    check.o                   bench/storage-namespace/check.s(1612)
    check.o                   bench/storage-namespace/check.s(1612)
    check.o                   bench/storage-namespace/check.s(1612)
    check.o                   bench/storage-namespace/check.s(1612)
pusheax (lpush.o):
    _printf.o                 common/_printf.s(11)
pushw (pushw.o):
    check.o                   bench/storage-namespace/check.s(1612)
pushw0sp (pushwsp.o):
    reference.o               src/services/filesystem/fs_namespace.s(1508)
pushwysp (pushwsp.o):
    fwrite.o                  common/fwrite.s(11)
    vfprintf.o                common/vfprintf.s(9)
    puts.o                    ../libwrk/sim6502/puts.s(80)
    reference.o               src/services/filesystem/fs_namespace.s(1508)
    reference.o               src/services/filesystem/fs_namespace.s(1508)
    check.o                   bench/storage-namespace/check.s(1612)
    check.o                   bench/storage-namespace/check.s(1612)
    check.o                   bench/storage-namespace/check.s(1612)
    check.o                   bench/storage-namespace/check.s(1612)
    check.o                   bench/storage-namespace/check.s(1612)
    check.o                   bench/storage-namespace/check.s(1612)
regbank (zeropage.o):
    _printf.o                 /builddir/build/BUILD/cc65-2.19-build/cc65-2.19/asminc/zeropage.inc(14)
return0 (return0.o):
    memcmp.o                  common/memcmp.s(8)
sp (zeropage.o):
    decsp4.o                  runtime/decsp4.s(8)
    lpush.o                   runtime/lpush.s(13)
    incsp2.o                  runtime/incsp2.s(8)
    decsp6.o                  runtime/decsp6.s(8)
    addysp.o                  runtime/addysp.s(8)
    _printf.o                 /builddir/build/BUILD/cc65-2.19-build/cc65-2.19/asminc/zeropage.inc(11)
    vfprintf.o                common/vfprintf.s(11)
    staspidx.o                runtime/staspidx.s(9)
    pushwsp.o                 runtime/pushwsp.s(8)
    pushax.o                  runtime/pushax.s(8)
    pusha.o                   runtime/pusha.s(8)
    printf.o                  common/printf.s(9)
    popptr1.o                 runtime/popptr1.s(9)
    memcpy.o                  common/memcpy.s(15)
    ldaxsp.o                  runtime/ldaxsp.s(8)
    incsp1.o                  runtime/incsp1.s(8)
    icmp.o                    runtime/icmp.s(9)
    exehdr.o                  sim6502/exehdr.s(8)
    crt0.o                    /builddir/build/BUILD/cc65-2.19-build/cc65-2.19/asminc/zeropage.inc(11)
    add.o                     runtime/add.s(12)
    reference.o               src/services/filesystem/fs_namespace.s(10)
    namespace.o               src/services/filesystem/namespace_6502.s(10)
    check.o                   bench/storage-namespace/check.s(10)
sreg (zeropage.o):
    lneg.o                    runtime/lneg.s(11)
    udiv.o                    runtime/udiv.s(10)
    ltoa.o                    common/ltoa.s(11)
    lpush.o                   runtime/lpush.s(13)
    axlong.o                  runtime/axlong.s(9)
    _printf.o                 /builddir/build/BUILD/cc65-2.19-build/cc65-2.19/asminc/zeropage.inc(11)
    umod.o                    runtime/umod.s(9)
    icmp.o                    runtime/icmp.s(9)
    reference.o               src/services/filesystem/fs_namespace.s(10)
startup (crt0.o):
    exehdr.o                  sim6502/exehdr.s(10)
staspidx (staspidx.o):
    reference.o               src/services/filesystem/fs_namespace.s(1508)
    check.o                   bench/storage-namespace/check.s(1612)
tmp1 (zeropage.o):
    ltoa.o                    common/ltoa.s(11)
    _printf.o                 /builddir/build/BUILD/cc65-2.19-build/cc65-2.19/asminc/zeropage.inc(13)
    staspidx.o                runtime/staspidx.s(9)
    mul.o                     runtime/mul.s(10)
    decaxy.o                  runtime/decaxy.s(8)
    aslax1.o                  runtime/aslax1.s(8)
    add.o                     runtime/add.s(12)
tosadda0 (add.o):
    reference.o               src/services/filesystem/fs_namespace.s(1508)
tosicmp0 (icmp.o):
    reference.o               src/services/filesystem/fs_namespace.s(1508)
tosudivax (udiv.o):
    fwrite.o                  common/fwrite.s(12)
tosumoda0 (umod.o):
    check.o                   bench/storage-namespace/check.s(1612)
tosumulax (mul.o):
    fwrite.o                  common/fwrite.s(12)
    check.o                   bench/storage-namespace/check.s(1612)
udiv16 (udiv.o):
    umod.o                    runtime/umod.s(8)
zerobss (zerobss.o):
    crt0.o                    sim6502/crt0.s(10)

