Modules list:
-------------
iec_lease.o:
    CODE              Offs=000000  Size=00000F  Align=00001  Fill=0000
    BSS               Offs=000000  Size=00002A  Align=00001  Fill=0000
    STARTUP           Offs=000000  Size=000015  Align=00001  Fill=0000
    IECCODE           Offs=000000  Size=0000AB  Align=00001  Fill=0000
    STORAGECODE       Offs=000000  Size=000054  Align=00001  Fill=0000
iec_context.o:
    IECCODE           Offs=0000AB  Size=00000C  Align=00001  Fill=0000
    STORAGECODE       Offs=000054  Size=00002F  Align=00001  Fill=0000
iec_service.o:
    RODATA            Offs=000000  Size=000019  Align=00001  Fill=0000
    BSS               Offs=00002A  Size=000071  Align=00001  Fill=0000
    STORAGECODE       Offs=000083  Size=000E61  Align=00001  Fill=0000
fs_namespace.o:
    BSS               Offs=00009B  Size=000016  Align=00001  Fill=0000
    STORAGEHIGH       Offs=000000  Size=00051C  Align=00001  Fill=0000
cbm_file.o:
    CODE              Offs=00000F  Size=0003CD  Align=00001  Fill=0000
    RODATA            Offs=000019  Size=00003E  Align=00001  Fill=0000
    BSS               Offs=0000B1  Size=00004E  Align=00001  Fill=0000
    STORAGECODE       Offs=000EE4  Size=0002A9  Align=00001  Fill=0000
    STORAGEHIGH       Offs=00051C  Size=00035F  Align=00001  Fill=0000
cbm_write.o:
    BSS               Offs=0000FF  Size=000023  Align=00001  Fill=0000
    STORAGECODE       Offs=00118D  Size=00042C  Align=00001  Fill=0000
    IECCODE           Offs=0000B7  Size=00004B  Align=00001  Fill=0000
iec_slow.o:
    BSS               Offs=000122  Size=000038  Align=00001  Fill=0000
    IECCODE           Offs=000102  Size=0004EB  Align=00001  Fill=0000
cbm_mutate.o:
    RODATA            Offs=000057  Size=000004  Align=00001  Fill=0000
    BSS               Offs=00015A  Size=000013  Align=00001  Fill=0000
    STORAGEHIGH       Offs=00087B  Size=0004B9  Align=00001  Fill=0000
/usr/share/cc65/lib/none.lib(addysp.o):
    CODE              Offs=0003DC  Size=00000E  Align=00001  Fill=0000
/usr/share/cc65/lib/none.lib(bneg.o):
    CODE              Offs=0003EA  Size=00000E  Align=00001  Fill=0000
/usr/share/cc65/lib/none.lib(compl.o):
    CODE              Offs=0003F8  Size=000009  Align=00001  Fill=0000
/usr/share/cc65/lib/none.lib(decax1.o):
    CODE              Offs=000401  Size=000007  Align=00001  Fill=0000
/usr/share/cc65/lib/none.lib(decaxy.o):
    CODE              Offs=000408  Size=000009  Align=00001  Fill=0000
/usr/share/cc65/lib/none.lib(decsp3.o):
    CODE              Offs=000411  Size=00000D  Align=00001  Fill=0000
/usr/share/cc65/lib/none.lib(decsp4.o):
    CODE              Offs=00041E  Size=00000D  Align=00001  Fill=0000
/usr/share/cc65/lib/none.lib(decsp5.o):
    CODE              Offs=00042B  Size=00000D  Align=00001  Fill=0000
/usr/share/cc65/lib/none.lib(icmp.o):
    CODE              Offs=000438  Size=00002E  Align=00001  Fill=0000
/usr/share/cc65/lib/none.lib(incax2.o):
    CODE              Offs=000466  Size=000007  Align=00001  Fill=0000
/usr/share/cc65/lib/none.lib(incax3.o):
    CODE              Offs=00046D  Size=000005  Align=00001  Fill=0000
/usr/share/cc65/lib/none.lib(incax5.o):
    CODE              Offs=000472  Size=000005  Align=00001  Fill=0000
/usr/share/cc65/lib/none.lib(incaxy.o):
    CODE              Offs=000477  Size=00000B  Align=00001  Fill=0000
/usr/share/cc65/lib/none.lib(incsp1.o):
    CODE              Offs=000482  Size=000007  Align=00001  Fill=0000
/usr/share/cc65/lib/none.lib(incsp2.o):
    CODE              Offs=000489  Size=000016  Align=00001  Fill=0000
/usr/share/cc65/lib/none.lib(incsp3.o):
    CODE              Offs=00049F  Size=000005  Align=00001  Fill=0000
/usr/share/cc65/lib/none.lib(incsp4.o):
    CODE              Offs=0004A4  Size=000005  Align=00001  Fill=0000
/usr/share/cc65/lib/none.lib(incsp5.o):
    CODE              Offs=0004A9  Size=000005  Align=00001  Fill=0000
/usr/share/cc65/lib/none.lib(incsp6.o):
    CODE              Offs=0004AE  Size=000005  Align=00001  Fill=0000
/usr/share/cc65/lib/none.lib(ldaxsp.o):
    CODE              Offs=0004B3  Size=000009  Align=00001  Fill=0000
/usr/share/cc65/lib/none.lib(makebool.o):
    CODE              Offs=0004BC  Size=00002C  Align=00001  Fill=0000
/usr/share/cc65/lib/none.lib(memcpy.o):
    CODE              Offs=0004E8  Size=00003C  Align=00001  Fill=0000
/usr/share/cc65/lib/none.lib(mulax10.o):
    CODE              Offs=000524  Size=000019  Align=00001  Fill=0000
/usr/share/cc65/lib/none.lib(or.o):
    CODE              Offs=00053D  Size=000012  Align=00001  Fill=0000
/usr/share/cc65/lib/none.lib(popptr1.o):
    CODE              Offs=00054F  Size=00000E  Align=00001  Fill=0000
/usr/share/cc65/lib/none.lib(pusha.o):
    CODE              Offs=00055D  Size=000016  Align=00001  Fill=0000
/usr/share/cc65/lib/none.lib(pushax.o):
    CODE              Offs=000573  Size=00001A  Align=00001  Fill=0000
/usr/share/cc65/lib/none.lib(staspidx.o):
    CODE              Offs=00058D  Size=000016  Align=00001  Fill=0000
/usr/share/cc65/lib/none.lib(udiv.o):
    CODE              Offs=0005A3  Size=00004F  Align=00001  Fill=0000
/usr/share/cc65/lib/none.lib(umod.o):
    CODE              Offs=0005F2  Size=000011  Align=00001  Fill=0000
/usr/share/cc65/lib/none.lib(zeropage.o):
    ZEROPAGE          Offs=000000  Size=00001A  Align=00001  Fill=0000


Segment list:
-------------
Name                   Start     End    Size  Align
----------------------------------------------------
ZEROPAGE              000002  00001B  00001A  00001
STARTUP               001200  001214  000015  00001
CODE                  001215  001817  000603  00001
STORAGECODE           00B000  00C5B8  0015B9  00001
BSS                   00E000  00E16C  00016D  00001
IECCODE               00E300  00E8EC  0005ED  00001
RODATA                00F000  00F05A  00005B  00001
STORAGEHIGH           00F05B  00FD8E  000D34  00001


Exports list by name:
---------------------
__BSS_RUN__               00E000 RLA    __BSS_SIZE__              00016D REA    
_memcpy                   0016FD RLA    _udeks_cbm_begin          00BEE4 RLA    
_udeks_cbm_close          001410 RLA    _udeks_cbm_create         00C18D RLA    
_udeks_cbm_entry          00E0B1 RLA    _udeks_cbm_finish_empty   00F577 RLA    
_udeks_cbm_free_blocks    00E0D1 RLA    _udeks_cbm_next           001224 RLA    
_udeks_cbm_read           001369 RLA    _udeks_cbm_select         0012EF RLA    
_udeks_cbm_space          00BF94 RLA    _udeks_cbm_total_blocks   00E0CF RLA    
_udeks_cbm_write          00C3D9 RLA    _udeks_cbm_write_close    00C496 RLA    
_udeks_cbm_written        00E0FF RLA    _udeks_fs_classify        00F304 RLA    
_udeks_fs_consider        00F406 RLA    _udeks_fs_device          00F2B0 RLA    
_udeks_fs_physical        00F484 RLA    _udeks_fs_resolve         00F1AA RLA    
_udeks_iec_begin_command  00E85E RLA    _udeks_iec_close          00E7A5 RLA    
_udeks_iec_command        00E810 RLA    _udeks_iec_filename       00E129 RLA    
_udeks_iec_filename_length 00E128 RLA    _udeks_iec_finish         00E8D8 RLA    
_udeks_iec_listen_file    00E897 RLA    _udeks_iec_open_status    00E694 RLA    
_udeks_iec_prepare_file   00E58F RLA    _udeks_iec_read_byte      00E6E9 RLA    
_udeks_iec_talk_file      00E698 RLA    _udeks_iec_unlisten       00E8C5 RLA    
_udeks_iec_untalk         00E7F8 RLA    _udeks_iec_write_byte     00E8C0 RLA    
_udeks_storage_boot_source 00E027 RLA    _udeks_storage_caller     001215 RLA    
_udeks_storage_cleanup    00B083 RLA    _udeks_storage_context_request 00B054 RLA    
_udeks_storage_context_retire 00B05C RLA    _udeks_storage_cwd        00E026 RLA    
_udeks_storage_dispatch   00B514 RLA    _udeks_storage_request    00E000 RLA    
addysp                    0015F2 RLA    addysp1                   0015F1 RLA    
bnega                     001603 RLA    bnegax                    0015FF RLA    
booleq                    0016D7 RLA    boolne                    0016D1 RLA    
complax                   00160D RLA    decax1                    001616 RLA    
decaxy                    00161D RLA    decsp3                    001626 RLA    
decsp4                    001633 RLA    decsp5                    001640 RLA    
incax2                    00167B RLA    incax3                    001682 RLA    
incax4                    00168C RLA    incax5                    001687 RLA    
incaxy                    00168E RLA    incsp1                    001697 RLA    
incsp2                    0016A6 RLA    incsp3                    0016B4 RLA    
incsp4                    0016B9 RLA    incsp5                    0016BE RLA    
incsp6                    0016C3 RLA    ldax0sp                   0016C8 RLA    
ldaxysp                   0016CA RLA    mulax10                   001739 RLA    
popax                     00169E RLA    popptr1                   001764 RLA    
ptr1                      00000A RLZ    ptr2                      00000C RLZ    
ptr3                      00000E RLZ    ptr4                      000010 RLZ    
pusha                     001776 RLA    pusha0                    00178A RLA    
pushax                    00178C RLA    sp                        000002 RLZ    
sreg                      000004 RLZ    staspidx                  0017A2 RLA    
tmp1                      000012 RLZ    tosicmp                   00164F RLA    
tosicmp0                  00164D RLA    tosorax                   001754 RLA    
tosudiva0                 0017B8 RLA    tosumoda0                 001807 RLA    
udiv16                    0017C9 RLA    


Exports list by value:
----------------------
sp                        000002 RLZ    sreg                      000004 RLZ    
ptr1                      00000A RLZ    ptr2                      00000C RLZ    
ptr3                      00000E RLZ    ptr4                      000010 RLZ    
tmp1                      000012 RLZ    __BSS_SIZE__              00016D REA    
_udeks_storage_caller     001215 RLA    _udeks_cbm_next           001224 RLA    
_udeks_cbm_select         0012EF RLA    _udeks_cbm_read           001369 RLA    
_udeks_cbm_close          001410 RLA    addysp1                   0015F1 RLA    
addysp                    0015F2 RLA    bnegax                    0015FF RLA    
bnega                     001603 RLA    complax                   00160D RLA    
decax1                    001616 RLA    decaxy                    00161D RLA    
decsp3                    001626 RLA    decsp4                    001633 RLA    
decsp5                    001640 RLA    tosicmp0                  00164D RLA    
tosicmp                   00164F RLA    incax2                    00167B RLA    
incax3                    001682 RLA    incax5                    001687 RLA    
incax4                    00168C RLA    incaxy                    00168E RLA    
incsp1                    001697 RLA    popax                     00169E RLA    
incsp2                    0016A6 RLA    incsp3                    0016B4 RLA    
incsp4                    0016B9 RLA    incsp5                    0016BE RLA    
incsp6                    0016C3 RLA    ldax0sp                   0016C8 RLA    
ldaxysp                   0016CA RLA    boolne                    0016D1 RLA    
booleq                    0016D7 RLA    _memcpy                   0016FD RLA    
mulax10                   001739 RLA    tosorax                   001754 RLA    
popptr1                   001764 RLA    pusha                     001776 RLA    
pusha0                    00178A RLA    pushax                    00178C RLA    
staspidx                  0017A2 RLA    tosudiva0                 0017B8 RLA    
udiv16                    0017C9 RLA    tosumoda0                 001807 RLA    
_udeks_storage_context_request 00B054 RLA    _udeks_storage_context_retire 00B05C RLA    
_udeks_storage_cleanup    00B083 RLA    _udeks_storage_dispatch   00B514 RLA    
_udeks_cbm_begin          00BEE4 RLA    _udeks_cbm_space          00BF94 RLA    
_udeks_cbm_create         00C18D RLA    _udeks_cbm_write          00C3D9 RLA    
_udeks_cbm_write_close    00C496 RLA    __BSS_RUN__               00E000 RLA    
_udeks_storage_request    00E000 RLA    _udeks_storage_cwd        00E026 RLA    
_udeks_storage_boot_source 00E027 RLA    _udeks_cbm_entry          00E0B1 RLA    
_udeks_cbm_total_blocks   00E0CF RLA    _udeks_cbm_free_blocks    00E0D1 RLA    
_udeks_cbm_written        00E0FF RLA    _udeks_iec_filename_length 00E128 RLA    
_udeks_iec_filename       00E129 RLA    _udeks_iec_prepare_file   00E58F RLA    
_udeks_iec_open_status    00E694 RLA    _udeks_iec_talk_file      00E698 RLA    
_udeks_iec_read_byte      00E6E9 RLA    _udeks_iec_close          00E7A5 RLA    
_udeks_iec_untalk         00E7F8 RLA    _udeks_iec_command        00E810 RLA    
_udeks_iec_begin_command  00E85E RLA    _udeks_iec_listen_file    00E897 RLA    
_udeks_iec_write_byte     00E8C0 RLA    _udeks_iec_unlisten       00E8C5 RLA    
_udeks_iec_finish         00E8D8 RLA    _udeks_fs_resolve         00F1AA RLA    
_udeks_fs_device          00F2B0 RLA    _udeks_fs_classify        00F304 RLA    
_udeks_fs_consider        00F406 RLA    _udeks_fs_physical        00F484 RLA    
_udeks_cbm_finish_empty   00F577 RLA    


Imports list:
-------------
__BSS_RUN__ ([linker generated]):
    iec_lease.o               src/services/filesystem/iec_lease.s(8)
__BSS_SIZE__ ([linker generated]):
    iec_lease.o               src/services/filesystem/iec_lease.s(8)
_memcpy (memcpy.o):
    iec_service.o             src/services/filesystem/iec_service.s(1844)
_udeks_cbm_begin (cbm_file.o):
    iec_service.o             src/services/filesystem/iec_service.s(14)
_udeks_cbm_close (cbm_file.o):
    iec_service.o             src/services/filesystem/iec_service.s(18)
_udeks_cbm_create (cbm_write.o):
    iec_service.o             src/services/filesystem/iec_service.s(27)
_udeks_cbm_entry (cbm_file.o):
    iec_service.o             src/services/filesystem/iec_service.s(13)
_udeks_cbm_finish_empty (cbm_file.o):
    cbm_write.o               src/services/filesystem/cbm_write.s(18)
_udeks_cbm_free_blocks (cbm_file.o):
    iec_service.o             src/services/filesystem/iec_service.s(20)
_udeks_cbm_next (cbm_file.o):
    iec_service.o             src/services/filesystem/iec_service.s(15)
_udeks_cbm_read (cbm_file.o):
    iec_service.o             src/services/filesystem/iec_service.s(17)
_udeks_cbm_select (cbm_file.o):
    iec_service.o             src/services/filesystem/iec_service.s(16)
_udeks_cbm_space (cbm_file.o):
    iec_service.o             src/services/filesystem/iec_service.s(21)
_udeks_cbm_total_blocks (cbm_file.o):
    iec_service.o             src/services/filesystem/iec_service.s(19)
_udeks_cbm_write (cbm_write.o):
    iec_service.o             src/services/filesystem/iec_service.s(28)
_udeks_cbm_write_close (cbm_write.o):
    iec_service.o             src/services/filesystem/iec_service.s(29)
_udeks_cbm_written (cbm_write.o):
    iec_service.o             src/services/filesystem/iec_service.s(30)
_udeks_fs_classify (fs_namespace.o):
    iec_service.o             src/services/filesystem/iec_service.s(24)
_udeks_fs_consider (fs_namespace.o):
    iec_service.o             src/services/filesystem/iec_service.s(26)
_udeks_fs_device (fs_namespace.o):
    iec_service.o             src/services/filesystem/iec_service.s(23)
_udeks_fs_physical (fs_namespace.o):
    iec_service.o             src/services/filesystem/iec_service.s(25)
_udeks_fs_resolve (fs_namespace.o):
    iec_service.o             src/services/filesystem/iec_service.s(22)
_udeks_iec_begin_command (iec_slow.o):
    cbm_mutate.o              src/services/filesystem/cbm_mutate.s(14)
_udeks_iec_close (iec_slow.o):
    cbm_write.o               src/services/filesystem/cbm_write.s(25)
    cbm_file.o                src/services/filesystem/cbm_file.s(32)
_udeks_iec_command (iec_slow.o):
    cbm_mutate.o              src/services/filesystem/cbm_mutate.s(19)
    cbm_file.o                src/services/filesystem/cbm_file.s(30)
_udeks_iec_filename (iec_slow.o):
    cbm_mutate.o              src/services/filesystem/cbm_mutate.s(15)
    cbm_write.o               src/services/filesystem/cbm_write.s(19)
    cbm_file.o                src/services/filesystem/cbm_file.s(24)
_udeks_iec_filename_length (iec_slow.o):
    cbm_mutate.o              src/services/filesystem/cbm_mutate.s(16)
    cbm_write.o               src/services/filesystem/cbm_write.s(20)
    cbm_file.o                src/services/filesystem/cbm_file.s(25)
_udeks_iec_finish (iec_slow.o):
    cbm_mutate.o              src/services/filesystem/cbm_mutate.s(22)
    cbm_write.o               src/services/filesystem/cbm_write.s(29)
_udeks_iec_listen_file (iec_slow.o):
    cbm_write.o               src/services/filesystem/cbm_write.s(26)
    cbm_file.o                src/services/filesystem/cbm_file.s(33)
_udeks_iec_open_status (iec_slow.o):
    cbm_mutate.o              src/services/filesystem/cbm_mutate.s(17)
    cbm_write.o               src/services/filesystem/cbm_write.s(22)
    cbm_file.o                src/services/filesystem/cbm_file.s(27)
_udeks_iec_prepare_file (iec_slow.o):
    cbm_write.o               src/services/filesystem/cbm_write.s(21)
    cbm_file.o                src/services/filesystem/cbm_file.s(26)
_udeks_iec_read_byte (iec_slow.o):
    cbm_mutate.o              src/services/filesystem/cbm_mutate.s(20)
    cbm_write.o               src/services/filesystem/cbm_write.s(24)
    cbm_file.o                src/services/filesystem/cbm_file.s(31)
_udeks_iec_talk_file (iec_slow.o):
    cbm_file.o                src/services/filesystem/cbm_file.s(29)
_udeks_iec_unlisten (iec_slow.o):
    cbm_mutate.o              src/services/filesystem/cbm_mutate.s(21)
    cbm_write.o               src/services/filesystem/cbm_write.s(28)
    cbm_file.o                src/services/filesystem/cbm_file.s(35)
_udeks_iec_untalk (iec_slow.o):
    cbm_mutate.o              src/services/filesystem/cbm_mutate.s(18)
    cbm_write.o               src/services/filesystem/cbm_write.s(23)
    cbm_file.o                src/services/filesystem/cbm_file.s(28)
_udeks_iec_write_byte (iec_slow.o):
    cbm_write.o               src/services/filesystem/cbm_write.s(27)
    cbm_file.o                src/services/filesystem/cbm_file.s(34)
_udeks_storage_boot_source (iec_lease.o):
    iec_service.o             src/services/filesystem/iec_service.s(35)
_udeks_storage_caller (iec_lease.o):
    iec_service.o             src/services/filesystem/iec_service.s(31)
_udeks_storage_cleanup (iec_service.o):
    iec_lease.o               src/services/filesystem/iec_lease.s(7)
_udeks_storage_context_request (iec_context.o):
    iec_lease.o               src/services/filesystem/iec_lease.s(23)
_udeks_storage_context_retire (iec_context.o):
    iec_lease.o               src/services/filesystem/iec_lease.s(23)
_udeks_storage_cwd (iec_lease.o):
    iec_service.o             src/services/filesystem/iec_service.s(34)
_udeks_storage_dispatch (iec_service.o):
    iec_lease.o               src/services/filesystem/iec_lease.s(7)
_udeks_storage_request (iec_lease.o):
    iec_service.o             src/services/filesystem/iec_service.s(33)
addysp (addysp.o):
    incsp6.o                  runtime/incsp6.s(8)
    incsp5.o                  runtime/incsp5.s(8)
    incsp4.o                  runtime/incsp4.s(8)
    incsp3.o                  runtime/incsp3.s(8)
addysp1 (addysp.o):
    or.o                      runtime/or.s(9)
bnega (bneg.o):
    cbm_mutate.o              src/services/filesystem/cbm_mutate.s(625)
    cbm_write.o               src/services/filesystem/cbm_write.s(654)
    cbm_file.o                src/services/filesystem/cbm_file.s(1359)
    cbm_file.o                src/services/filesystem/cbm_file.s(1359)
    iec_service.o             src/services/filesystem/iec_service.s(1844)
bnegax (bneg.o):
    cbm_file.o                src/services/filesystem/cbm_file.s(1359)
booleq (makebool.o):
    cbm_file.o                src/services/filesystem/cbm_file.s(1359)
    iec_service.o             src/services/filesystem/iec_service.s(1844)
boolne (makebool.o):
    iec_service.o             src/services/filesystem/iec_service.s(1844)
    iec_service.o             src/services/filesystem/iec_service.s(1844)
complax (compl.o):
    iec_service.o             src/services/filesystem/iec_service.s(1844)
decax1 (decax1.o):
    cbm_mutate.o              src/services/filesystem/cbm_mutate.s(625)
    cbm_write.o               src/services/filesystem/cbm_write.s(654)
    cbm_write.o               src/services/filesystem/cbm_write.s(654)
decaxy (decaxy.o):
    cbm_mutate.o              src/services/filesystem/cbm_mutate.s(625)
    cbm_write.o               src/services/filesystem/cbm_write.s(654)
    cbm_file.o                src/services/filesystem/cbm_file.s(1359)
    cbm_file.o                src/services/filesystem/cbm_file.s(1359)
    cbm_file.o                src/services/filesystem/cbm_file.s(1359)
decsp3 (decsp3.o):
    iec_service.o             src/services/filesystem/iec_service.s(1844)
    iec_service.o             src/services/filesystem/iec_service.s(1844)
decsp4 (decsp4.o):
    iec_service.o             src/services/filesystem/iec_service.s(1844)
    iec_service.o             src/services/filesystem/iec_service.s(1844)
    iec_service.o             src/services/filesystem/iec_service.s(1844)
decsp5 (decsp5.o):
    iec_service.o             src/services/filesystem/iec_service.s(1844)
incax2 (incax2.o):
    cbm_write.o               src/services/filesystem/cbm_write.s(654)
incax3 (incax3.o):
    cbm_write.o               src/services/filesystem/cbm_write.s(654)
    cbm_file.o                src/services/filesystem/cbm_file.s(1359)
incax4 (incaxy.o):
    cbm_write.o               src/services/filesystem/cbm_write.s(654)
incax5 (incax5.o):
    cbm_write.o               src/services/filesystem/cbm_write.s(654)
incaxy (incaxy.o):
    incax5.o                  runtime/incax5.s(8)
    incax3.o                  runtime/incax3.s(8)
incsp1 (incsp1.o):
    cbm_mutate.o              src/services/filesystem/cbm_mutate.s(625)
    cbm_write.o               src/services/filesystem/cbm_write.s(654)
    cbm_file.o                src/services/filesystem/cbm_file.s(1359)
    cbm_file.o                src/services/filesystem/cbm_file.s(1359)
    cbm_file.o                src/services/filesystem/cbm_file.s(1359)
    iec_service.o             src/services/filesystem/iec_service.s(1844)
    iec_service.o             src/services/filesystem/iec_service.s(1844)
    iec_service.o             src/services/filesystem/iec_service.s(1844)
incsp2 (incsp2.o):
    staspidx.o                runtime/staspidx.s(8)
    popptr1.o                 runtime/popptr1.s(8)
    cbm_mutate.o              src/services/filesystem/cbm_mutate.s(625)
    iec_service.o             src/services/filesystem/iec_service.s(1844)
    iec_service.o             src/services/filesystem/iec_service.s(1844)
    iec_service.o             src/services/filesystem/iec_service.s(1844)
incsp3 (incsp3.o):
    cbm_write.o               src/services/filesystem/cbm_write.s(654)
    cbm_file.o                src/services/filesystem/cbm_file.s(1359)
    fs_namespace.o            src/services/filesystem/namespace_6502.s(11)
incsp4 (incsp4.o):
    fs_namespace.o            src/services/filesystem/namespace_6502.s(11)
incsp5 (incsp5.o):
    cbm_write.o               src/services/filesystem/cbm_write.s(654)
    fs_namespace.o            src/services/filesystem/namespace_6502.s(11)
incsp6 (incsp6.o):
    cbm_mutate.o              src/services/filesystem/cbm_mutate.s(625)
ldax0sp (ldaxsp.o):
    cbm_mutate.o              src/services/filesystem/cbm_mutate.s(625)
    cbm_mutate.o              src/services/filesystem/cbm_mutate.s(625)
ldaxysp (ldaxsp.o):
    cbm_mutate.o              src/services/filesystem/cbm_mutate.s(625)
    cbm_write.o               src/services/filesystem/cbm_write.s(654)
    cbm_write.o               src/services/filesystem/cbm_write.s(654)
    cbm_file.o                src/services/filesystem/cbm_file.s(1359)
mulax10 (mulax10.o):
    cbm_mutate.o              src/services/filesystem/cbm_mutate.s(625)
    cbm_write.o               src/services/filesystem/cbm_write.s(654)
    cbm_file.o                src/services/filesystem/cbm_file.s(1359)
popax (incsp2.o):
    memcpy.o                  common/memcpy.s(14)
popptr1 (popptr1.o):
    umod.o                    runtime/umod.s(8)
    udiv.o                    runtime/udiv.s(9)
    memcpy.o                  common/memcpy.s(14)
ptr1 (zeropage.o):
    udiv.o                    runtime/udiv.s(10)
    staspidx.o                runtime/staspidx.s(9)
    popptr1.o                 runtime/popptr1.s(9)
    mulax10.o                 runtime/mulax10.s(9)
    memcpy.o                  common/memcpy.s(15)
    cbm_mutate.o              src/services/filesystem/cbm_mutate.s(11)
    cbm_write.o               src/services/filesystem/cbm_write.s(11)
    cbm_file.o                src/services/filesystem/cbm_file.s(11)
    fs_namespace.o            src/services/filesystem/namespace_6502.s(10)
    iec_service.o             src/services/filesystem/iec_service.s(11)
ptr2 (zeropage.o):
    memcpy.o                  common/memcpy.s(15)
    fs_namespace.o            src/services/filesystem/namespace_6502.s(10)
ptr3 (zeropage.o):
    memcpy.o                  common/memcpy.s(15)
    fs_namespace.o            src/services/filesystem/namespace_6502.s(10)
ptr4 (zeropage.o):
    umod.o                    runtime/umod.s(9)
    udiv.o                    runtime/udiv.s(10)
    fs_namespace.o            src/services/filesystem/namespace_6502.s(10)
pusha (pusha.o):
    cbm_mutate.o              src/services/filesystem/cbm_mutate.s(625)
    cbm_write.o               src/services/filesystem/cbm_write.s(654)
    cbm_write.o               src/services/filesystem/cbm_write.s(654)
    cbm_write.o               src/services/filesystem/cbm_write.s(654)
    cbm_write.o               src/services/filesystem/cbm_write.s(654)
    cbm_file.o                src/services/filesystem/cbm_file.s(1359)
    cbm_file.o                src/services/filesystem/cbm_file.s(1359)
    cbm_file.o                src/services/filesystem/cbm_file.s(1359)
    iec_service.o             src/services/filesystem/iec_service.s(1844)
    iec_service.o             src/services/filesystem/iec_service.s(1844)
    iec_service.o             src/services/filesystem/iec_service.s(1844)
    iec_service.o             src/services/filesystem/iec_service.s(1844)
    iec_service.o             src/services/filesystem/iec_service.s(1844)
    iec_service.o             src/services/filesystem/iec_service.s(1844)
    iec_service.o             src/services/filesystem/iec_service.s(1844)
pusha0 (pushax.o):
    cbm_mutate.o              src/services/filesystem/cbm_mutate.s(625)
    cbm_write.o               src/services/filesystem/cbm_write.s(654)
    cbm_file.o                src/services/filesystem/cbm_file.s(1359)
    cbm_file.o                src/services/filesystem/cbm_file.s(1359)
    cbm_file.o                src/services/filesystem/cbm_file.s(1359)
    cbm_file.o                src/services/filesystem/cbm_file.s(1359)
    iec_service.o             src/services/filesystem/iec_service.s(1844)
pushax (pushax.o):
    cbm_mutate.o              src/services/filesystem/cbm_mutate.s(625)
    cbm_mutate.o              src/services/filesystem/cbm_mutate.s(625)
    cbm_write.o               src/services/filesystem/cbm_write.s(654)
    cbm_file.o                src/services/filesystem/cbm_file.s(1359)
    cbm_file.o                src/services/filesystem/cbm_file.s(1359)
    iec_service.o             src/services/filesystem/iec_service.s(1844)
    iec_service.o             src/services/filesystem/iec_service.s(1844)
    iec_service.o             src/services/filesystem/iec_service.s(1844)
sp (zeropage.o):
    addysp.o                  runtime/addysp.s(8)
    staspidx.o                runtime/staspidx.s(9)
    pushax.o                  runtime/pushax.s(8)
    pusha.o                   runtime/pusha.s(8)
    popptr1.o                 runtime/popptr1.s(9)
    or.o                      runtime/or.s(10)
    memcpy.o                  common/memcpy.s(15)
    ldaxsp.o                  runtime/ldaxsp.s(8)
    incsp2.o                  runtime/incsp2.s(8)
    incsp1.o                  runtime/incsp1.s(8)
    icmp.o                    runtime/icmp.s(9)
    decsp5.o                  runtime/decsp5.s(8)
    decsp4.o                  runtime/decsp4.s(8)
    decsp3.o                  runtime/decsp3.s(8)
    cbm_mutate.o              src/services/filesystem/cbm_mutate.s(10)
    cbm_write.o               src/services/filesystem/cbm_write.s(10)
    cbm_file.o                src/services/filesystem/cbm_file.s(10)
    fs_namespace.o            src/services/filesystem/namespace_6502.s(10)
    iec_service.o             src/services/filesystem/iec_service.s(10)
sreg (zeropage.o):
    umod.o                    runtime/umod.s(9)
    udiv.o                    runtime/udiv.s(10)
    icmp.o                    runtime/icmp.s(9)
    cbm_write.o               src/services/filesystem/cbm_write.s(10)
    iec_service.o             src/services/filesystem/iec_service.s(10)
staspidx (staspidx.o):
    cbm_mutate.o              src/services/filesystem/cbm_mutate.s(625)
    cbm_write.o               src/services/filesystem/cbm_write.s(654)
    iec_service.o             src/services/filesystem/iec_service.s(1844)
tmp1 (zeropage.o):
    staspidx.o                runtime/staspidx.s(9)
    or.o                      runtime/or.s(10)
    incaxy.o                  runtime/incaxy.s(8)
    decaxy.o                  runtime/decaxy.s(8)
    iec_service.o             src/services/filesystem/iec_service.s(11)
tosicmp (icmp.o):
    cbm_file.o                src/services/filesystem/cbm_file.s(1359)
    cbm_file.o                src/services/filesystem/cbm_file.s(1359)
    cbm_file.o                src/services/filesystem/cbm_file.s(1359)
    iec_service.o             src/services/filesystem/iec_service.s(1844)
tosicmp0 (icmp.o):
    cbm_mutate.o              src/services/filesystem/cbm_mutate.s(625)
    cbm_file.o                src/services/filesystem/cbm_file.s(1359)
    cbm_file.o                src/services/filesystem/cbm_file.s(1359)
    cbm_file.o                src/services/filesystem/cbm_file.s(1359)
    iec_service.o             src/services/filesystem/iec_service.s(1844)
tosorax (or.o):
    cbm_write.o               src/services/filesystem/cbm_write.s(654)
tosudiva0 (udiv.o):
    cbm_file.o                src/services/filesystem/cbm_file.s(1359)
    cbm_file.o                src/services/filesystem/cbm_file.s(1359)
tosumoda0 (umod.o):
    cbm_file.o                src/services/filesystem/cbm_file.s(1359)
    cbm_file.o                src/services/filesystem/cbm_file.s(1359)
udiv16 (udiv.o):
    umod.o                    runtime/umod.s(8)

