command: echo smoke -> accepted (Return release=147 frames)
history: count=1 recalls=0 -> 1 scan=83
command: xinit -> accepted (Return release=158 frames)
command: xclock & -> accepted (Return release=272 frames)
command: xwave -> accepted (Return release=289 frames)
stress 0: x=3 y=1 row=0 column=16 PC=$918C release=171 frames
stress 1: x=40 y=24 row=0 column=4 PC=$5DDF release=144 frames
stress 2: x=77 y=47 row=0 column=4 PC=$9109 release=150 frames
stress 3: x=114 y=70 row=0 column=4 PC=$15BA release=151 frames
stress 4: x=151 y=93 row=0 column=4 PC=$CFC3 release=146 frames
stress 5: x=35 y=19 row=0 column=4 PC=$9190 release=167 frames
stress 6: x=72 y=42 row=0 column=4 PC=$2138 release=149 frames
stress 7: x=109 y=65 row=0 column=4 PC=$9318 release=150 frames
stress 8: x=146 y=88 row=0 column=4 PC=$CFB7 release=146 frames
stress 9: x=30 y=14 row=0 column=4 PC=$86E4 release=168 frames
stress 10: x=67 y=37 row=0 column=4 PC=$8F20 release=150 frames
stress 11: x=104 y=60 row=0 column=4 PC=$930C release=149 frames
stress 12: x=141 y=83 row=0 column=4 PC=$901D release=150 frames
stress 13: x=25 y=9 row=0 column=4 PC=$132F release=167 frames
stress 14: x=62 y=32 row=0 column=4 PC=$5FBB release=147 frames
stress 15: x=99 y=55 row=0 column=4 PC=$5EC3 release=149 frames
stress 16: x=136 y=78 row=21 column=0 PC=$8F76 release=150 frames
stress 17: x=20 y=4 row=0 column=4 PC=$5E47 release=167 frames
stress 18: x=57 y=27 row=0 column=4 PC=$44B6 release=146 frames
stress 19: x=94 y=50 row=0 column=4 PC=$9311 release=150 frames
stress 20: x=131 y=73 row=0 column=4 PC=$5D72 release=150 frames
stress 21: x=15 y=96 row=0 column=4 PC=$166C release=150 frames
stress 22: x=52 y=22 row=0 column=4 PC=$86A3 release=161 frames
stress 23: x=89 y=45 row=0 column=4 PC=$5E4D release=150 frames
stress 24: x=126 y=68 row=0 column=4 PC=$5E47 release=150 frames
stress 25: x=10 y=91 row=0 column=4 PC=$618B release=151 frames
stress 26: x=47 y=17 row=0 column=4 PC=$2B0F release=160 frames
stress 27: x=84 y=40 row=0 column=4 PC=$904D release=150 frames
stress 28: x=121 y=63 row=0 column=4 PC=$5EC3 release=150 frames
stress 29: x=5 y=86 row=0 column=4 PC=$211E release=153 frames
stress 30: x=42 y=12 row=0 column=4 PC=$6BAF release=161 frames
stress 31: x=79 y=35 row=0 column=4 PC=$5FB9 release=150 frames
replay: completed in 970 PAL frames after last release; leases=21
latency: drag release max partial=171 cached=167; completed-wave cancellation=140 PAL frames
command: echo console alive -> accepted (Return release=191 frames)
PASS: repeated native wave drags and console cancellation
