Modules list:
-------------
iec_lease.o:
    CODE              Offs=000000  Size=00000F  Align=00001  Fill=0000
    BSS               Offs=000000  Size=00002A  Align=00001  Fill=0000
    STARTUP           Offs=000000  Size=000015  Align=00001  Fill=0000
    IECCODE           Offs=000000  Size=0000AB  Align=00001  Fill=0000
    STORAGECODE       Offs=000000  Size=000054  Align=00001  Fill=0000
iec_context.o:
    IECCODE           Offs=0000AB  Size=00000C  Align=00001  Fill=0000
    STORAGECODE       Offs=000054  Size=00002F  Align=00001  Fill=0000
iec_service.o:
    RODATA            Offs=000000  Size=000019  Align=00001  Fill=0000
    BSS               Offs=00002A  Size=000071  Align=00001  Fill=0000
    STORAGECODE       Offs=000083  Size=000E42  Align=00001  Fill=0000
fs_namespace.o:
    RODATA            Offs=000019  Size=00000E  Align=00001  Fill=0000
    BSS               Offs=00009B  Size=00004C  Align=00001  Fill=0000
    STORAGEHIGH       Offs=000000  Size=000B40  Align=00001  Fill=0000
cbm_file.o:
    CODE              Offs=00000F  Size=0003CD  Align=00001  Fill=0000
    RODATA            Offs=000027  Size=00003E  Align=00001  Fill=0000
    BSS               Offs=0000E7  Size=00004E  Align=00001  Fill=0000
    STORAGECODE       Offs=000EC5  Size=0002A9  Align=00001  Fill=0000
    STORAGEHIGH       Offs=000B40  Size=000359  Align=00001  Fill=0000
cbm_write.o:
    BSS               Offs=000135  Size=000023  Align=00001  Fill=0000
    STORAGECODE       Offs=00116E  Size=00045C  Align=00001  Fill=0000
iec_slow.o:
    BSS               Offs=000158  Size=000028  Align=00001  Fill=0000
    IECCODE           Offs=0000B7  Size=0004A6  Align=00001  Fill=0000
/usr/share/cc65/lib/none.lib(add.o):
    CODE              Offs=0003DC  Size=00001C  Align=00001  Fill=0000
/usr/share/cc65/lib/none.lib(addysp.o):
    CODE              Offs=0003F8  Size=00000E  Align=00001  Fill=0000
/usr/share/cc65/lib/none.lib(bneg.o):
    CODE              Offs=000406  Size=00000E  Align=00001  Fill=0000
/usr/share/cc65/lib/none.lib(compl.o):
    CODE              Offs=000414  Size=000009  Align=00001  Fill=0000
/usr/share/cc65/lib/none.lib(decax1.o):
    CODE              Offs=00041D  Size=000007  Align=00001  Fill=0000
/usr/share/cc65/lib/none.lib(decax2.o):
    CODE              Offs=000424  Size=000007  Align=00001  Fill=0000
/usr/share/cc65/lib/none.lib(decax3.o):
    CODE              Offs=00042B  Size=000007  Align=00001  Fill=0000
/usr/share/cc65/lib/none.lib(decax4.o):
    CODE              Offs=000432  Size=000007  Align=00001  Fill=0000
/usr/share/cc65/lib/none.lib(decaxy.o):
    CODE              Offs=000439  Size=000009  Align=00001  Fill=0000
/usr/share/cc65/lib/none.lib(decsp3.o):
    CODE              Offs=000442  Size=00000D  Align=00001  Fill=0000
/usr/share/cc65/lib/none.lib(decsp4.o):
    CODE              Offs=00044F  Size=00000D  Align=00001  Fill=0000
/usr/share/cc65/lib/none.lib(decsp5.o):
    CODE              Offs=00045C  Size=00000D  Align=00001  Fill=0000
/usr/share/cc65/lib/none.lib(icmp.o):
    CODE              Offs=000469  Size=00002E  Align=00001  Fill=0000
/usr/share/cc65/lib/none.lib(incax1.o):
    CODE              Offs=000497  Size=000007  Align=00001  Fill=0000
/usr/share/cc65/lib/none.lib(incax2.o):
    CODE              Offs=00049E  Size=000007  Align=00001  Fill=0000
/usr/share/cc65/lib/none.lib(incax3.o):
    CODE              Offs=0004A5  Size=000005  Align=00001  Fill=0000
/usr/share/cc65/lib/none.lib(incax5.o):
    CODE              Offs=0004AA  Size=000005  Align=00001  Fill=0000
/usr/share/cc65/lib/none.lib(incaxy.o):
    CODE              Offs=0004AF  Size=00000B  Align=00001  Fill=0000
/usr/share/cc65/lib/none.lib(incsp1.o):
    CODE              Offs=0004BA  Size=000007  Align=00001  Fill=0000
/usr/share/cc65/lib/none.lib(incsp2.o):
    CODE              Offs=0004C1  Size=000016  Align=00001  Fill=0000
/usr/share/cc65/lib/none.lib(incsp3.o):
    CODE              Offs=0004D7  Size=000005  Align=00001  Fill=0000
/usr/share/cc65/lib/none.lib(incsp4.o):
    CODE              Offs=0004DC  Size=000005  Align=00001  Fill=0000
/usr/share/cc65/lib/none.lib(incsp5.o):
    CODE              Offs=0004E1  Size=000005  Align=00001  Fill=0000
/usr/share/cc65/lib/none.lib(incsp6.o):
    CODE              Offs=0004E6  Size=000005  Align=00001  Fill=0000
/usr/share/cc65/lib/none.lib(incsp7.o):
    CODE              Offs=0004EB  Size=000005  Align=00001  Fill=0000
/usr/share/cc65/lib/none.lib(ldaxsp.o):
    CODE              Offs=0004F0  Size=000009  Align=00001  Fill=0000
/usr/share/cc65/lib/none.lib(makebool.o):
    CODE              Offs=0004F9  Size=00002C  Align=00001  Fill=0000
/usr/share/cc65/lib/none.lib(memcpy.o):
    CODE              Offs=000525  Size=00003C  Align=00001  Fill=0000
/usr/share/cc65/lib/none.lib(mulax10.o):
    CODE              Offs=000561  Size=000019  Align=00001  Fill=0000
/usr/share/cc65/lib/none.lib(or.o):
    CODE              Offs=00057A  Size=000012  Align=00001  Fill=0000
/usr/share/cc65/lib/none.lib(popptr1.o):
    CODE              Offs=00058C  Size=00000E  Align=00001  Fill=0000
/usr/share/cc65/lib/none.lib(pusha.o):
    CODE              Offs=00059A  Size=000016  Align=00001  Fill=0000
/usr/share/cc65/lib/none.lib(pushax.o):
    CODE              Offs=0005B0  Size=00001A  Align=00001  Fill=0000
/usr/share/cc65/lib/none.lib(pushwsp.o):
    CODE              Offs=0005CA  Size=00001C  Align=00001  Fill=0000
/usr/share/cc65/lib/none.lib(staspidx.o):
    CODE              Offs=0005E6  Size=000016  Align=00001  Fill=0000
/usr/share/cc65/lib/none.lib(udiv.o):
    CODE              Offs=0005FC  Size=00004F  Align=00001  Fill=0000
/usr/share/cc65/lib/none.lib(umod.o):
    CODE              Offs=00064B  Size=000011  Align=00001  Fill=0000
/usr/share/cc65/lib/none.lib(zeropage.o):
    ZEROPAGE          Offs=000000  Size=00001A  Align=00001  Fill=0000


Segment list:
-------------
Name                   Start     End    Size  Align
----------------------------------------------------
ZEROPAGE              000002  00001B  00001A  00001
STARTUP               001200  001214  000015  00001
CODE                  001215  001870  00065C  00001
STORAGECODE           00B000  00C5C9  0015CA  00001
BSS                   00E000  00E17F  000180  00001
IECCODE               00E300  00E85C  00055D  00001
RODATA                00F000  00F064  000065  00001
STORAGEHIGH           00F065  00FEFD  000E99  00001


Exports list by name:
---------------------
__BSS_RUN__               00E000 RLA    __BSS_SIZE__              000180 REA    
_memcpy                   00173A RLA    _udeks_cbm_begin          00BEC5 RLA    
_udeks_cbm_close          001410 RLA    _udeks_cbm_create         00C16E RLA    
_udeks_cbm_dos_error      00E109 RLA    _udeks_cbm_entry          00E0E7 RLA    
_udeks_cbm_finish_empty   00FBA5 RLA    _udeks_cbm_free_blocks    00E107 RLA    
_udeks_cbm_next           001224 RLA    _udeks_cbm_read           001369 RLA    
_udeks_cbm_select         0012EF RLA    _udeks_cbm_space          00BF75 RLA    
_udeks_cbm_total_blocks   00E105 RLA    _udeks_cbm_write          00C39F RLA    
_udeks_cbm_write_close    00C45C RLA    _udeks_cbm_written        00E135 RLA    
_udeks_fs_classify        00F2F7 RLA    _udeks_fs_consider        00F721 RLA    
_udeks_fs_device          00F27E RLA    _udeks_fs_physical        00F486 RLA    
_udeks_fs_resolve         00F065 RLA    _udeks_iec_close          00E751 RLA    
_udeks_iec_command        00E7BC RLA    _udeks_iec_filename       00E15F RLA    
_udeks_iec_filename_length 00E15E RLA    _udeks_iec_finish         00E84B RLA    
_udeks_iec_listen_file    00E80A RLA    _udeks_iec_open_status    00E640 RLA    
_udeks_iec_prepare_file   00E53B RLA    _udeks_iec_read_byte      00E695 RLA    
_udeks_iec_talk_file      00E644 RLA    _udeks_iec_unlisten       00E838 RLA    
_udeks_iec_untalk         00E7A4 RLA    _udeks_iec_write_byte     00E833 RLA    
_udeks_storage_boot_source 00E027 RLA    _udeks_storage_caller     001215 RLA    
_udeks_storage_cleanup    00B083 RLA    _udeks_storage_cleanup_error 00E3B6 RLA    
_udeks_storage_context_request 00B054 RLA    _udeks_storage_context_retire 00B05C RLA    
_udeks_storage_cwd        00E026 RLA    _udeks_storage_dispatch   00B514 RLA    
_udeks_storage_generations 00E3AB RLA    _udeks_storage_request    00E000 RLA    
addysp                    00160E RLA    addysp1                   00160D RLA    
bnega                     00161F RLA    bnegax                    00161B RLA    
booleq                    001714 RLA    boolne                    00170E RLA    
complax                   001629 RLA    decax1                    001632 RLA    
decax2                    001639 RLA    decax3                    001640 RLA    
decax4                    001647 RLA    decaxy                    00164E RLA    
decsp3                    001657 RLA    decsp4                    001664 RLA    
decsp5                    001671 RLA    incax1                    0016AC RLA    
incax2                    0016B3 RLA    incax3                    0016BA RLA    
incax4                    0016C4 RLA    incax5                    0016BF RLA    
incaxy                    0016C6 RLA    incsp1                    0016CF RLA    
incsp2                    0016DE RLA    incsp3                    0016EC RLA    
incsp4                    0016F1 RLA    incsp5                    0016F6 RLA    
incsp6                    0016FB RLA    incsp7                    001700 RLA    
ldax0sp                   001705 RLA    ldaxysp                   001707 RLA    
mulax10                   001776 RLA    popax                     0016D6 RLA    
popptr1                   0017A1 RLA    ptr1                      00000A RLZ    
ptr2                      00000C RLZ    ptr3                      00000E RLZ    
ptr4                      000010 RLZ    pusha                     0017B3 RLA    
pusha0                    0017C7 RLA    pushax                    0017C9 RLA    
pushw0sp                  0017DF RLA    pushwysp                  0017E1 RLA    
sp                        000002 RLZ    sreg                      000004 RLZ    
staspidx                  0017FB RLA    tmp1                      000012 RLZ    
tosadda0                  0015F1 RLA    tosicmp                   001680 RLA    
tosicmp0                  00167E RLA    tosorax                   001791 RLA    
tosudiva0                 001811 RLA    tosumoda0                 001860 RLA    
udiv16                    001822 RLA    


Exports list by value:
----------------------
sp                        000002 RLZ    sreg                      000004 RLZ    
ptr1                      00000A RLZ    ptr2                      00000C RLZ    
ptr3                      00000E RLZ    ptr4                      000010 RLZ    
tmp1                      000012 RLZ    __BSS_SIZE__              000180 REA    
_udeks_storage_caller     001215 RLA    _udeks_cbm_next           001224 RLA    
_udeks_cbm_select         0012EF RLA    _udeks_cbm_read           001369 RLA    
_udeks_cbm_close          001410 RLA    tosadda0                  0015F1 RLA    
addysp1                   00160D RLA    addysp                    00160E RLA    
bnegax                    00161B RLA    bnega                     00161F RLA    
complax                   001629 RLA    decax1                    001632 RLA    
decax2                    001639 RLA    decax3                    001640 RLA    
decax4                    001647 RLA    decaxy                    00164E RLA    
decsp3                    001657 RLA    decsp4                    001664 RLA    
decsp5                    001671 RLA    tosicmp0                  00167E RLA    
tosicmp                   001680 RLA    incax1                    0016AC RLA    
incax2                    0016B3 RLA    incax3                    0016BA RLA    
incax5                    0016BF RLA    incax4                    0016C4 RLA    
incaxy                    0016C6 RLA    incsp1                    0016CF RLA    
popax                     0016D6 RLA    incsp2                    0016DE RLA    
incsp3                    0016EC RLA    incsp4                    0016F1 RLA    
incsp5                    0016F6 RLA    incsp6                    0016FB RLA    
incsp7                    001700 RLA    ldax0sp                   001705 RLA    
ldaxysp                   001707 RLA    boolne                    00170E RLA    
booleq                    001714 RLA    _memcpy                   00173A RLA    
mulax10                   001776 RLA    tosorax                   001791 RLA    
popptr1                   0017A1 RLA    pusha                     0017B3 RLA    
pusha0                    0017C7 RLA    pushax                    0017C9 RLA    
pushw0sp                  0017DF RLA    pushwysp                  0017E1 RLA    
staspidx                  0017FB RLA    tosudiva0                 001811 RLA    
udiv16                    001822 RLA    tosumoda0                 001860 RLA    
_udeks_storage_context_request 00B054 RLA    _udeks_storage_context_retire 00B05C RLA    
_udeks_storage_cleanup    00B083 RLA    _udeks_storage_dispatch   00B514 RLA    
_udeks_cbm_begin          00BEC5 RLA    _udeks_cbm_space          00BF75 RLA    
_udeks_cbm_create         00C16E RLA    _udeks_cbm_write          00C39F RLA    
_udeks_cbm_write_close    00C45C RLA    __BSS_RUN__               00E000 RLA    
_udeks_storage_request    00E000 RLA    _udeks_storage_cwd        00E026 RLA    
_udeks_storage_boot_source 00E027 RLA    _udeks_cbm_entry          00E0E7 RLA    
_udeks_cbm_total_blocks   00E105 RLA    _udeks_cbm_free_blocks    00E107 RLA    
_udeks_cbm_dos_error      00E109 RLA    _udeks_cbm_written        00E135 RLA    
_udeks_iec_filename_length 00E15E RLA    _udeks_iec_filename       00E15F RLA    
_udeks_storage_generations 00E3AB RLA    _udeks_storage_cleanup_error 00E3B6 RLA    
_udeks_iec_prepare_file   00E53B RLA    _udeks_iec_open_status    00E640 RLA    
_udeks_iec_talk_file      00E644 RLA    _udeks_iec_read_byte      00E695 RLA    
_udeks_iec_close          00E751 RLA    _udeks_iec_untalk         00E7A4 RLA    
_udeks_iec_command        00E7BC RLA    _udeks_iec_listen_file    00E80A RLA    
_udeks_iec_write_byte     00E833 RLA    _udeks_iec_unlisten       00E838 RLA    
_udeks_iec_finish         00E84B RLA    _udeks_fs_resolve         00F065 RLA    
_udeks_fs_device          00F27E RLA    _udeks_fs_classify        00F2F7 RLA    
_udeks_fs_physical        00F486 RLA    _udeks_fs_consider        00F721 RLA    
_udeks_cbm_finish_empty   00FBA5 RLA    


Imports list:
-------------
__BSS_RUN__ ([linker generated]):
    iec_lease.o               src/services/filesystem/iec_lease.s(8)
__BSS_SIZE__ ([linker generated]):
    iec_lease.o               src/services/filesystem/iec_lease.s(8)
_memcpy (memcpy.o):
    fs_namespace.o            src/services/filesystem/fs_namespace.s(1508)
    fs_namespace.o            src/services/filesystem/fs_namespace.s(1508)
    iec_service.o             src/services/filesystem/iec_service.s(1830)
_udeks_cbm_begin (cbm_file.o):
    iec_service.o             src/services/filesystem/iec_service.s(14)
_udeks_cbm_close (cbm_file.o):
    iec_service.o             src/services/filesystem/iec_service.s(18)
_udeks_cbm_create (cbm_write.o):
    iec_service.o             src/services/filesystem/iec_service.s(27)
_udeks_cbm_dos_error (cbm_file.o):
    [linker generated]       
_udeks_cbm_entry (cbm_file.o):
    iec_service.o             src/services/filesystem/iec_service.s(13)
_udeks_cbm_finish_empty (cbm_file.o):
    cbm_write.o               src/services/filesystem/cbm_write.s(18)
_udeks_cbm_free_blocks (cbm_file.o):
    iec_service.o             src/services/filesystem/iec_service.s(20)
_udeks_cbm_next (cbm_file.o):
    iec_service.o             src/services/filesystem/iec_service.s(15)
_udeks_cbm_read (cbm_file.o):
    iec_service.o             src/services/filesystem/iec_service.s(17)
_udeks_cbm_select (cbm_file.o):
    iec_service.o             src/services/filesystem/iec_service.s(16)
_udeks_cbm_space (cbm_file.o):
    iec_service.o             src/services/filesystem/iec_service.s(21)
_udeks_cbm_total_blocks (cbm_file.o):
    iec_service.o             src/services/filesystem/iec_service.s(19)
_udeks_cbm_write (cbm_write.o):
    iec_service.o             src/services/filesystem/iec_service.s(28)
_udeks_cbm_write_close (cbm_write.o):
    iec_service.o             src/services/filesystem/iec_service.s(29)
_udeks_cbm_written (cbm_write.o):
    iec_service.o             src/services/filesystem/iec_service.s(30)
_udeks_fs_classify (fs_namespace.o):
    iec_service.o             src/services/filesystem/iec_service.s(24)
_udeks_fs_consider (fs_namespace.o):
    iec_service.o             src/services/filesystem/iec_service.s(26)
_udeks_fs_device (fs_namespace.o):
    iec_service.o             src/services/filesystem/iec_service.s(23)
_udeks_fs_physical (fs_namespace.o):
    iec_service.o             src/services/filesystem/iec_service.s(25)
_udeks_fs_resolve (fs_namespace.o):
    iec_service.o             src/services/filesystem/iec_service.s(22)
_udeks_iec_close (iec_slow.o):
    cbm_write.o               src/services/filesystem/cbm_write.s(25)
    cbm_file.o                src/services/filesystem/cbm_file.s(32)
_udeks_iec_command (iec_slow.o):
    cbm_file.o                src/services/filesystem/cbm_file.s(30)
_udeks_iec_filename (iec_slow.o):
    cbm_write.o               src/services/filesystem/cbm_write.s(19)
    cbm_file.o                src/services/filesystem/cbm_file.s(24)
_udeks_iec_filename_length (iec_slow.o):
    cbm_write.o               src/services/filesystem/cbm_write.s(20)
    cbm_file.o                src/services/filesystem/cbm_file.s(25)
_udeks_iec_finish (iec_slow.o):
    cbm_write.o               src/services/filesystem/cbm_write.s(29)
_udeks_iec_listen_file (iec_slow.o):
    cbm_write.o               src/services/filesystem/cbm_write.s(26)
    cbm_file.o                src/services/filesystem/cbm_file.s(33)
_udeks_iec_open_status (iec_slow.o):
    cbm_write.o               src/services/filesystem/cbm_write.s(22)
    cbm_file.o                src/services/filesystem/cbm_file.s(27)
_udeks_iec_prepare_file (iec_slow.o):
    cbm_write.o               src/services/filesystem/cbm_write.s(21)
    cbm_file.o                src/services/filesystem/cbm_file.s(26)
_udeks_iec_read_byte (iec_slow.o):
    cbm_write.o               src/services/filesystem/cbm_write.s(24)
    cbm_file.o                src/services/filesystem/cbm_file.s(31)
_udeks_iec_talk_file (iec_slow.o):
    cbm_file.o                src/services/filesystem/cbm_file.s(29)
_udeks_iec_unlisten (iec_slow.o):
    cbm_write.o               src/services/filesystem/cbm_write.s(28)
    cbm_file.o                src/services/filesystem/cbm_file.s(35)
_udeks_iec_untalk (iec_slow.o):
    cbm_write.o               src/services/filesystem/cbm_write.s(23)
    cbm_file.o                src/services/filesystem/cbm_file.s(28)
_udeks_iec_write_byte (iec_slow.o):
    cbm_write.o               src/services/filesystem/cbm_write.s(27)
    cbm_file.o                src/services/filesystem/cbm_file.s(34)
_udeks_storage_boot_source (iec_lease.o):
    iec_service.o             src/services/filesystem/iec_service.s(35)
_udeks_storage_caller (iec_lease.o):
    iec_service.o             src/services/filesystem/iec_service.s(31)
_udeks_storage_cleanup (iec_service.o):
    iec_lease.o               src/services/filesystem/iec_lease.s(7)
_udeks_storage_cleanup_error (iec_context.o):
    [linker generated]       
_udeks_storage_context_request (iec_context.o):
    iec_lease.o               src/services/filesystem/iec_lease.s(23)
_udeks_storage_context_retire (iec_context.o):
    iec_lease.o               src/services/filesystem/iec_lease.s(23)
_udeks_storage_cwd (iec_lease.o):
    iec_service.o             src/services/filesystem/iec_service.s(34)
_udeks_storage_dispatch (iec_service.o):
    iec_lease.o               src/services/filesystem/iec_lease.s(7)
_udeks_storage_generations (iec_context.o):
    [linker generated]       
_udeks_storage_request (iec_lease.o):
    iec_service.o             src/services/filesystem/iec_service.s(33)
addysp (addysp.o):
    incsp7.o                  runtime/incsp7.s(8)
    incsp6.o                  runtime/incsp6.s(8)
    incsp5.o                  runtime/incsp5.s(8)
    incsp4.o                  runtime/incsp4.s(8)
    incsp3.o                  runtime/incsp3.s(8)
addysp1 (addysp.o):
    or.o                      runtime/or.s(9)
bnega (bneg.o):
    cbm_write.o               src/services/filesystem/cbm_write.s(639)
    cbm_file.o                src/services/filesystem/cbm_file.s(1356)
    cbm_file.o                src/services/filesystem/cbm_file.s(1356)
    iec_service.o             src/services/filesystem/iec_service.s(1830)
bnegax (bneg.o):
    cbm_file.o                src/services/filesystem/cbm_file.s(1356)
booleq (makebool.o):
    cbm_file.o                src/services/filesystem/cbm_file.s(1356)
    fs_namespace.o            src/services/filesystem/fs_namespace.s(1508)
    iec_service.o             src/services/filesystem/iec_service.s(1830)
boolne (makebool.o):
    iec_service.o             src/services/filesystem/iec_service.s(1830)
    iec_service.o             src/services/filesystem/iec_service.s(1830)
complax (compl.o):
    iec_service.o             src/services/filesystem/iec_service.s(1830)
decax1 (decax1.o):
    cbm_write.o               src/services/filesystem/cbm_write.s(639)
    cbm_write.o               src/services/filesystem/cbm_write.s(639)
    fs_namespace.o            src/services/filesystem/fs_namespace.s(1508)
decax2 (decax2.o):
    fs_namespace.o            src/services/filesystem/fs_namespace.s(1508)
decax3 (decax3.o):
    fs_namespace.o            src/services/filesystem/fs_namespace.s(1508)
decax4 (decax4.o):
    fs_namespace.o            src/services/filesystem/fs_namespace.s(1508)
decaxy (decaxy.o):
    cbm_write.o               src/services/filesystem/cbm_write.s(639)
    cbm_file.o                src/services/filesystem/cbm_file.s(1356)
    cbm_file.o                src/services/filesystem/cbm_file.s(1356)
    fs_namespace.o            src/services/filesystem/fs_namespace.s(1508)
decsp3 (decsp3.o):
    iec_service.o             src/services/filesystem/iec_service.s(1830)
    iec_service.o             src/services/filesystem/iec_service.s(1830)
decsp4 (decsp4.o):
    iec_service.o             src/services/filesystem/iec_service.s(1830)
    iec_service.o             src/services/filesystem/iec_service.s(1830)
decsp5 (decsp5.o):
    iec_service.o             src/services/filesystem/iec_service.s(1830)
incax1 (incax1.o):
    fs_namespace.o            src/services/filesystem/fs_namespace.s(1508)
incax2 (incax2.o):
    cbm_write.o               src/services/filesystem/cbm_write.s(639)
    fs_namespace.o            src/services/filesystem/fs_namespace.s(1508)
    fs_namespace.o            src/services/filesystem/fs_namespace.s(1508)
incax3 (incax3.o):
    cbm_write.o               src/services/filesystem/cbm_write.s(639)
    cbm_file.o                src/services/filesystem/cbm_file.s(1356)
incax4 (incaxy.o):
    cbm_write.o               src/services/filesystem/cbm_write.s(639)
incax5 (incax5.o):
    cbm_write.o               src/services/filesystem/cbm_write.s(639)
incaxy (incaxy.o):
    incax5.o                  runtime/incax5.s(8)
    incax3.o                  runtime/incax3.s(8)
incsp1 (incsp1.o):
    cbm_write.o               src/services/filesystem/cbm_write.s(639)
    cbm_file.o                src/services/filesystem/cbm_file.s(1356)
    cbm_file.o                src/services/filesystem/cbm_file.s(1356)
    cbm_file.o                src/services/filesystem/cbm_file.s(1356)
    fs_namespace.o            src/services/filesystem/fs_namespace.s(1508)
    fs_namespace.o            src/services/filesystem/fs_namespace.s(1508)
    iec_service.o             src/services/filesystem/iec_service.s(1830)
    iec_service.o             src/services/filesystem/iec_service.s(1830)
    iec_service.o             src/services/filesystem/iec_service.s(1830)
incsp2 (incsp2.o):
    staspidx.o                runtime/staspidx.s(8)
    popptr1.o                 runtime/popptr1.s(8)
    iec_service.o             src/services/filesystem/iec_service.s(1830)
    iec_service.o             src/services/filesystem/iec_service.s(1830)
    iec_service.o             src/services/filesystem/iec_service.s(1830)
incsp3 (incsp3.o):
    cbm_write.o               src/services/filesystem/cbm_write.s(639)
    cbm_file.o                src/services/filesystem/cbm_file.s(1356)
    fs_namespace.o            src/services/filesystem/fs_namespace.s(1508)
    fs_namespace.o            src/services/filesystem/fs_namespace.s(1508)
    fs_namespace.o            src/services/filesystem/fs_namespace.s(1508)
incsp4 (incsp4.o):
    cbm_write.o               src/services/filesystem/cbm_write.s(639)
incsp5 (incsp5.o):
    fs_namespace.o            src/services/filesystem/fs_namespace.s(1508)
    fs_namespace.o            src/services/filesystem/fs_namespace.s(1508)
incsp6 (incsp6.o):
    fs_namespace.o            src/services/filesystem/fs_namespace.s(1508)
    fs_namespace.o            src/services/filesystem/fs_namespace.s(1508)
incsp7 (incsp7.o):
    fs_namespace.o            src/services/filesystem/fs_namespace.s(1508)
ldax0sp (ldaxsp.o):
    fs_namespace.o            src/services/filesystem/fs_namespace.s(1508)
    fs_namespace.o            src/services/filesystem/fs_namespace.s(1508)
    fs_namespace.o            src/services/filesystem/fs_namespace.s(1508)
    fs_namespace.o            src/services/filesystem/fs_namespace.s(1508)
ldaxysp (ldaxsp.o):
    cbm_write.o               src/services/filesystem/cbm_write.s(639)
    cbm_write.o               src/services/filesystem/cbm_write.s(639)
    cbm_file.o                src/services/filesystem/cbm_file.s(1356)
    fs_namespace.o            src/services/filesystem/fs_namespace.s(1508)
    fs_namespace.o            src/services/filesystem/fs_namespace.s(1508)
    fs_namespace.o            src/services/filesystem/fs_namespace.s(1508)
    fs_namespace.o            src/services/filesystem/fs_namespace.s(1508)
    fs_namespace.o            src/services/filesystem/fs_namespace.s(1508)
    fs_namespace.o            src/services/filesystem/fs_namespace.s(1508)
    fs_namespace.o            src/services/filesystem/fs_namespace.s(1508)
mulax10 (mulax10.o):
    cbm_write.o               src/services/filesystem/cbm_write.s(639)
    cbm_file.o                src/services/filesystem/cbm_file.s(1356)
popax (incsp2.o):
    memcpy.o                  common/memcpy.s(14)
popptr1 (popptr1.o):
    umod.o                    runtime/umod.s(8)
    udiv.o                    runtime/udiv.s(9)
    memcpy.o                  common/memcpy.s(14)
ptr1 (zeropage.o):
    udiv.o                    runtime/udiv.s(10)
    staspidx.o                runtime/staspidx.s(9)
    popptr1.o                 runtime/popptr1.s(9)
    mulax10.o                 runtime/mulax10.s(9)
    memcpy.o                  common/memcpy.s(15)
    cbm_write.o               src/services/filesystem/cbm_write.s(11)
    cbm_file.o                src/services/filesystem/cbm_file.s(11)
    fs_namespace.o            src/services/filesystem/fs_namespace.s(11)
    iec_service.o             src/services/filesystem/iec_service.s(11)
ptr2 (zeropage.o):
    memcpy.o                  common/memcpy.s(15)
ptr3 (zeropage.o):
    memcpy.o                  common/memcpy.s(15)
ptr4 (zeropage.o):
    umod.o                    runtime/umod.s(9)
    udiv.o                    runtime/udiv.s(10)
pusha (pusha.o):
    cbm_write.o               src/services/filesystem/cbm_write.s(639)
    cbm_write.o               src/services/filesystem/cbm_write.s(639)
    cbm_write.o               src/services/filesystem/cbm_write.s(639)
    cbm_write.o               src/services/filesystem/cbm_write.s(639)
    cbm_file.o                src/services/filesystem/cbm_file.s(1356)
    cbm_file.o                src/services/filesystem/cbm_file.s(1356)
    cbm_file.o                src/services/filesystem/cbm_file.s(1356)
    fs_namespace.o            src/services/filesystem/fs_namespace.s(1508)
    fs_namespace.o            src/services/filesystem/fs_namespace.s(1508)
    fs_namespace.o            src/services/filesystem/fs_namespace.s(1508)
    fs_namespace.o            src/services/filesystem/fs_namespace.s(1508)
    fs_namespace.o            src/services/filesystem/fs_namespace.s(1508)
    fs_namespace.o            src/services/filesystem/fs_namespace.s(1508)
    iec_service.o             src/services/filesystem/iec_service.s(1830)
    iec_service.o             src/services/filesystem/iec_service.s(1830)
    iec_service.o             src/services/filesystem/iec_service.s(1830)
    iec_service.o             src/services/filesystem/iec_service.s(1830)
    iec_service.o             src/services/filesystem/iec_service.s(1830)
    iec_service.o             src/services/filesystem/iec_service.s(1830)
    iec_service.o             src/services/filesystem/iec_service.s(1830)
pusha0 (pushax.o):
    cbm_write.o               src/services/filesystem/cbm_write.s(639)
    cbm_file.o                src/services/filesystem/cbm_file.s(1356)
    cbm_file.o                src/services/filesystem/cbm_file.s(1356)
    cbm_file.o                src/services/filesystem/cbm_file.s(1356)
    cbm_file.o                src/services/filesystem/cbm_file.s(1356)
    fs_namespace.o            src/services/filesystem/fs_namespace.s(1508)
    iec_service.o             src/services/filesystem/iec_service.s(1830)
pushax (pushax.o):
    cbm_write.o               src/services/filesystem/cbm_write.s(639)
    cbm_file.o                src/services/filesystem/cbm_file.s(1356)
    cbm_file.o                src/services/filesystem/cbm_file.s(1356)
    fs_namespace.o            src/services/filesystem/fs_namespace.s(1508)
    fs_namespace.o            src/services/filesystem/fs_namespace.s(1508)
    fs_namespace.o            src/services/filesystem/fs_namespace.s(1508)
    fs_namespace.o            src/services/filesystem/fs_namespace.s(1508)
    fs_namespace.o            src/services/filesystem/fs_namespace.s(1508)
    iec_service.o             src/services/filesystem/iec_service.s(1830)
    iec_service.o             src/services/filesystem/iec_service.s(1830)
    iec_service.o             src/services/filesystem/iec_service.s(1830)
pushw0sp (pushwsp.o):
    fs_namespace.o            src/services/filesystem/fs_namespace.s(1508)
pushwysp (pushwsp.o):
    fs_namespace.o            src/services/filesystem/fs_namespace.s(1508)
    fs_namespace.o            src/services/filesystem/fs_namespace.s(1508)
sp (zeropage.o):
    addysp.o                  runtime/addysp.s(8)
    staspidx.o                runtime/staspidx.s(9)
    pushwsp.o                 runtime/pushwsp.s(8)
    pushax.o                  runtime/pushax.s(8)
    pusha.o                   runtime/pusha.s(8)
    popptr1.o                 runtime/popptr1.s(9)
    or.o                      runtime/or.s(10)
    memcpy.o                  common/memcpy.s(15)
    ldaxsp.o                  runtime/ldaxsp.s(8)
    incsp2.o                  runtime/incsp2.s(8)
    incsp1.o                  runtime/incsp1.s(8)
    icmp.o                    runtime/icmp.s(9)
    decsp5.o                  runtime/decsp5.s(8)
    decsp4.o                  runtime/decsp4.s(8)
    decsp3.o                  runtime/decsp3.s(8)
    add.o                     runtime/add.s(12)
    cbm_write.o               src/services/filesystem/cbm_write.s(10)
    cbm_file.o                src/services/filesystem/cbm_file.s(10)
    fs_namespace.o            src/services/filesystem/fs_namespace.s(10)
    iec_service.o             src/services/filesystem/iec_service.s(10)
sreg (zeropage.o):
    umod.o                    runtime/umod.s(9)
    udiv.o                    runtime/udiv.s(10)
    icmp.o                    runtime/icmp.s(9)
    cbm_write.o               src/services/filesystem/cbm_write.s(10)
    fs_namespace.o            src/services/filesystem/fs_namespace.s(10)
    iec_service.o             src/services/filesystem/iec_service.s(10)
staspidx (staspidx.o):
    cbm_write.o               src/services/filesystem/cbm_write.s(639)
    fs_namespace.o            src/services/filesystem/fs_namespace.s(1508)
    iec_service.o             src/services/filesystem/iec_service.s(1830)
tmp1 (zeropage.o):
    staspidx.o                runtime/staspidx.s(9)
    or.o                      runtime/or.s(10)
    incaxy.o                  runtime/incaxy.s(8)
    decaxy.o                  runtime/decaxy.s(8)
    add.o                     runtime/add.s(12)
    iec_service.o             src/services/filesystem/iec_service.s(11)
tosadda0 (add.o):
    fs_namespace.o            src/services/filesystem/fs_namespace.s(1508)
tosicmp (icmp.o):
    cbm_file.o                src/services/filesystem/cbm_file.s(1356)
    cbm_file.o                src/services/filesystem/cbm_file.s(1356)
    cbm_file.o                src/services/filesystem/cbm_file.s(1356)
    iec_service.o             src/services/filesystem/iec_service.s(1830)
tosicmp0 (icmp.o):
    cbm_file.o                src/services/filesystem/cbm_file.s(1356)
    cbm_file.o                src/services/filesystem/cbm_file.s(1356)
    cbm_file.o                src/services/filesystem/cbm_file.s(1356)
    fs_namespace.o            src/services/filesystem/fs_namespace.s(1508)
    iec_service.o             src/services/filesystem/iec_service.s(1830)
tosorax (or.o):
    cbm_write.o               src/services/filesystem/cbm_write.s(639)
tosudiva0 (udiv.o):
    cbm_file.o                src/services/filesystem/cbm_file.s(1356)
    cbm_file.o                src/services/filesystem/cbm_file.s(1356)
tosumoda0 (umod.o):
    cbm_file.o                src/services/filesystem/cbm_file.s(1356)
    cbm_file.o                src/services/filesystem/cbm_file.s(1356)
udiv16 (udiv.o):
    umod.o                    runtime/umod.s(8)

