PC=FF74 1581=AF5F jam=0 rawIEC=1 fdc=00 track=0 sector=0 request=00/00/00 exit=0
PC=E4AB 1581=AD37 jam=0 rawIEC=1 fdc=00 track=3 sector=4 request=00/00/00 exit=0
PC=E4A0 1581=AE26 jam=0 rawIEC=1 fdc=00 track=6 sector=7 request=00/00/00 exit=0
PC=E3C4 1581=CD1A jam=0 rawIEC=1 fdc=81 track=0 sector=0 request=00/00/00 exit=0
PC=E496 1581=AD08 jam=0 rawIEC=1 fdc=80 track=4 sector=1 request=00/00/00 exit=0
PC=E48D 1581=AD37 jam=0 rawIEC=1 fdc=00 track=8 sector=8 request=00/00/00 exit=0
PC=E6F2 1581=AD3A jam=0 rawIEC=1 fdc=00 track=10 sector=2 request=01/01/00 exit=0
PC=F4FF 1581=B11B jam=0 rawIEC=1 fdc=00 track=11 sector=8 request=01/06/00 exit=0
command: xclock & -> accepted (Return release=1596 frames)
command: xwave & -> accepted (Return release=1652 frames)
resize progress: 100 frames, projected 916 bytes, done 0, drag 0, focused 2, time 2:17, compositions 12
resize progress: 200 frames, projected 1128 bytes, done 1, drag 0, focused 2, time 2:17, compositions 12
resize progress: 300 frames, projected 1128 bytes, done 1, drag 0, focused 2, time 2:17, compositions 12
resize progress: 400 frames, projected 1128 bytes, done 1, drag 0, focused 2, time 2:17, compositions 12
resize published without further input after 419 PAL frames (projection 127, maximum input-poll gap 7)
command: xcalc & -> accepted (Return release=2635 frames)
calculator 1.25+2.75= => 400 (expected 400)
command: xdraw & -> accepted (Return release=752 frames)
resize progress: 100 frames, projected 488 bytes, done 0, drag 0, focused 2, time 5:50, compositions 34
resize progress: 200 frames, projected 981 bytes, done 0, drag 0, focused 2, time 5:52, compositions 34
resize progress: 300 frames, projected 1128 bytes, done 1, drag 0, focused 2, time 5:53, compositions 34
resize progress: 400 frames, projected 1128 bytes, done 1, drag 0, focused 2, time 5:53, compositions 34
resize progress: 500 frames, projected 1128 bytes, done 1, drag 0, focused 2, time 5:53, compositions 34
resize published without further input after 589 PAL frames (projection 231, maximum input-poll gap 6)
command: cowsay four native -> accepted (Return release=47 frames)
command: xclock & -> accepted (Return release=47 frames)
command: xclock -q -> accepted (Return release=48 frames)
command: xclock & -> accepted (Return release=1389 frames)
command: xwave -q -> accepted (Return release=224 frames)
command: xwave & -> accepted (Return release=881 frames)
command: xcalc -q -> accepted (Return release=48 frames)
command: xcalc & -> accepted (Return release=48 frames)
command: xdraw -q -> accepted (Return release=69 frames)
command: xdraw & -> accepted (Return release=48 frames)
command: xdraw -q -> accepted (Return release=50 frames)
command: xdraw -> accepted (Return release=48 frames)
command: xdraw & -> accepted (Return release=744 frames)
command: xinit -q -> accepted (Return release=49 frames)
command: echo input survived -> accepted (Return release=90 frames)
PASS four native: mouse drag/resize, held outline, worker reuse, arithmetic, drawing, console, capacity, reload, Ctrl+C, guards, canvas
